I0109 18:24:47.046969  1940 master_component.cc:1391] NormalizeModelArgs: pwt_target_name=pwt, nwt_source_name=nwt, rwt_source_name=
I0109 18:24:47.046969  1940 master_component.cc:952] MasterComponent: start normalizing model nwt
I0109 18:24:47.078222  1940 master_component.cc:980] MasterComponent: complete normalizing model nwt
I0109 18:24:47.109465  1940 master_component.cc:1415] DisposeModel rwt
I0109 18:24:47.109465  1940 master_component.cc:1005] FitOffline: ItemsProcessed, num_items=476, num_batches=5, token_weight=160411, token_weight_in_effect=160411
I0109 18:24:47.156337  5440 c_interface.cc:559] Pass GetScoreValueArgs, score_name=^^^ItemsProcessedScore^^^ to MasterComponent::Request
I0109 18:24:47.156337  5440 c_interface.cc:230] ArtmCopyRequestedMessage is copying 46 bytes...
I0109 18:24:47.156337  1940 c_interface.cc:386] Pass FitOfflineMasterModelArgs, batch_filename_size=5, batch_weight_size=5, num_collection_passes=1 to void (__cdecl artm::core::MasterComponent::*)(class artm::FitOfflineMasterModelArgs const & __ptr64) __ptr64
I0109 18:24:47.156337  1940 master_component.cc:1340] ProcessBatchesArgs: nwt_target_name=nwt, batch_filename_size=5, batch_size=0, batch_weight_size=5, pwt_source_name=pwt, num_document_passes=1, class=(text:1), reuse_theta=yes, opt_for_avx=yes, predict_class_id=
I0109 18:24:47.187592  5816 processor.cc:802] Processor: start processing batch 4729d100-f53e-48c3-89cb-4d3e205e9eed into model nwt
I0109 18:24:47.187592  2736 processor.cc:802] Processor: start processing batch b0448279-06b5-49f1-82f2-95c1522f2aff into model nwt
I0109 18:24:47.187592  4924 processor.cc:802] Processor: start processing batch 32f93f35-a377-4827-8aac-063681623107 into model nwt
I0109 18:24:47.187592  5212 processor.cc:802] Processor: start processing batch 29fcf790-858c-4b01-aaab-046a783ef997 into model nwt
I0109 18:24:47.218833  5212 processor.cc:898] Processor: complete processing batch 29fcf790-858c-4b01-aaab-046a783ef997 into model nwt
I0109 18:24:47.218833  5212 cuckoo_watch.h:45] 36ms in ProcessBatch(school_batches\aaaaaa.batch) [including 2ms in LoadMessage; 1ms in InitializeSparseNdw; 10ms in InferThetaAndUpdateNwtSparse; 10ms in CalculateScore(PerplexityScore); 2ms in CalculateScore(SparsityThetaScore); 8ms in CalculateScore(^^^ItemsProcessedScore^^^); ]
I0109 18:24:47.218833  2736 processor.cc:898] Processor: complete processing batch b0448279-06b5-49f1-82f2-95c1522f2aff into model nwt
I0109 18:24:47.218833  5816 processor.cc:898] Processor: complete processing batch 4729d100-f53e-48c3-89cb-4d3e205e9eed into model nwt
I0109 18:24:47.218833  2736 cuckoo_watch.h:45] 37ms in ProcessBatch(school_batches\aaaaab.batch) [including 2ms in LoadMessage; 1ms in InitializeSparseNdw; 10ms in InferThetaAndUpdateNwtSparse; 10ms in CalculateScore(PerplexityScore); 2ms in CalculateScore(SparsityThetaScore); 9ms in CalculateScore(^^^ItemsProcessedScore^^^); ]
I0109 18:24:47.218833  4924 processor.cc:898] Processor: complete processing batch 32f93f35-a377-4827-8aac-063681623107 into model nwt
I0109 18:24:47.218833  5816 cuckoo_watch.h:45] 37ms in ProcessBatch(school_batches\aaaaad.batch) [including 1ms in LoadMessage; 1ms in InitializeSparseNdw; 10ms in InferThetaAndUpdateNwtSparse; 10ms in CalculateScore(PerplexityScore); 2ms in CalculateScore(SparsityThetaScore); 9ms in CalculateScore(^^^ItemsProcessedScore^^^); ]
I0109 18:24:47.218833  4924 cuckoo_watch.h:45] 38ms in ProcessBatch(school_batches\aaaaac.batch) [including 2ms in LoadMessage; 1ms in InitializeSparseNdw; 10ms in InferThetaAndUpdateNwtSparse; 10ms in CalculateScore(PerplexityScore); 2ms in CalculateScore(SparsityThetaScore); 9ms in CalculateScore(^^^ItemsProcessedScore^^^); ]
I0109 18:24:47.218833  5212 processor.cc:802] Processor: start processing batch 8b59829b-225f-49e3-8299-16261b88a607 into model nwt
I0109 18:24:47.250087  5212 processor.cc:898] Processor: complete processing batch 8b59829b-225f-49e3-8299-16261b88a607 into model nwt
I0109 18:24:47.250087  5212 cuckoo_watch.h:45] 33ms in ProcessBatch(school_batches\aaaaae.batch) [including 1ms in LoadMessage; 1ms in InitializeSparseNdw; 9ms in InferThetaAndUpdateNwtSparse; 9ms in CalculateScore(PerplexityScore); 2ms in CalculateScore(SparsityThetaScore); 7ms in CalculateScore(^^^ItemsProcessedScore^^^); ]
I0109 18:24:47.265709  1940 master_component.cc:1391] NormalizeModelArgs: pwt_target_name=pwt, nwt_source_name=nwt, rwt_source_name=
I0109 18:24:47.265709  1940 master_component.cc:952] MasterComponent: start normalizing model nwt
I0109 18:24:47.296958  1940 master_component.cc:980] MasterComponent: complete normalizing model nwt
I0109 18:24:47.312587  1940 master_component.cc:1415] DisposeModel rwt
I0109 18:24:47.312587  1940 master_component.cc:1005] FitOffline: ItemsProcessed, num_items=476, num_batches=5, token_weight=160411, token_weight_in_effect=160411
I0109 18:24:47.375083  5440 c_interface.cc:559] Pass GetScoreValueArgs, score_name=^^^ItemsProcessedScore^^^ to MasterComponent::Request
I0109 18:24:47.375083  5440 c_interface.cc:230] ArtmCopyRequestedMessage is copying 46 bytes...
I0109 18:24:47.375083  1940 c_interface.cc:386] Pass FitOfflineMasterModelArgs, batch_filename_size=5, batch_weight_size=5, num_collection_passes=1 to void (__cdecl artm::core::MasterComponent::*)(class artm::FitOfflineMasterModelArgs const & __ptr64) __ptr64
I0109 18:24:47.375083  1940 master_component.cc:1340] ProcessBatchesArgs: nwt_target_name=nwt, batch_filename_size=5, batch_size=0, batch_weight_size=5, pwt_source_name=pwt, num_document_passes=1, class=(text:1), reuse_theta=yes, opt_for_avx=yes, predict_class_id=
I0109 18:24:47.406337  5212 processor.cc:802] Processor: start processing batch 4729d100-f53e-48c3-89cb-4d3e205e9eed into model nwt
I0109 18:24:47.406337  5816 processor.cc:802] Processor: start processing batch 32f93f35-a377-4827-8aac-063681623107 into model nwt
I0109 18:24:47.406337  4924 processor.cc:802] Processor: start processing batch b0448279-06b5-49f1-82f2-95c1522f2aff into model nwt
I0109 18:24:47.406337  2736 processor.cc:802] Processor: start processing batch 29fcf790-858c-4b01-aaab-046a783ef997 into model nwt
I0109 18:24:47.437583  5212 processor.cc:898] Processor: complete processing batch 4729d100-f53e-48c3-89cb-4d3e205e9eed into model nwt
I0109 18:24:47.437583  5212 cuckoo_watch.h:45] 37ms in ProcessBatch(school_batches\aaaaad.batch) [including 1ms in LoadMessage; 1ms in InitializeSparseNdw; 10ms in InferThetaAndUpdateNwtSparse; 10ms in CalculateScore(PerplexityScore); 2ms in CalculateScore(SparsityThetaScore); 8ms in CalculateScore(^^^ItemsProcessedScore^^^); ]
I0109 18:24:47.437583  4924 processor.cc:898] Processor: complete processing batch b0448279-06b5-49f1-82f2-95c1522f2aff into model nwt
I0109 18:24:47.437583  2736 processor.cc:898] Processor: complete processing batch 29fcf790-858c-4b01-aaab-046a783ef997 into model nwt
I0109 18:24:47.437583  4924 cuckoo_watch.h:45] 38ms in ProcessBatch(school_batches\aaaaab.batch) [including 2ms in LoadMessage; 1ms in InitializeSparseNdw; 11ms in InferThetaAndUpdateNwtSparse; 10ms in CalculateScore(PerplexityScore); 2ms in CalculateScore(SparsityThetaScore); 8ms in CalculateScore(^^^ItemsProcessedScore^^^); ]
I0109 18:24:47.437583  2736 cuckoo_watch.h:45] 38ms in ProcessBatch(school_batches\aaaaaa.batch) [including 2ms in LoadMessage; 1ms in InitializeSparseNdw; 10ms in InferThetaAndUpdateNwtSparse; 11ms in CalculateScore(PerplexityScore); 2ms in CalculateScore(SparsityThetaScore); 8ms in CalculateScore(^^^ItemsProcessedScore^^^); ]
I0109 18:24:47.437583  5816 processor.cc:898] Processor: complete processing batch 32f93f35-a377-4827-8aac-063681623107 into model nwt
I0109 18:24:47.437583  5816 cuckoo_watch.h:45] 39ms in ProcessBatch(school_batches\aaaaac.batch) [including 2ms in LoadMessage; 1ms in InitializeSparseNdw; 11ms in InferThetaAndUpdateNwtSparse; 11ms in CalculateScore(PerplexityScore); 3ms in CalculateScore(SparsityThetaScore); 8ms in CalculateScore(^^^ItemsProcessedScore^^^); ]
I0109 18:24:47.437583  5212 processor.cc:802] Processor: start processing batch 8b59829b-225f-49e3-8299-16261b88a607 into model nwt
I0109 18:24:47.468832  5212 processor.cc:898] Processor: complete processing batch 8b59829b-225f-49e3-8299-16261b88a607 into model nwt
I0109 18:24:47.468832  5212 cuckoo_watch.h:45] 34ms in ProcessBatch(school_batches\aaaaae.batch) [including 1ms in LoadMessage; 1ms in InitializeSparseNdw; 10ms in InferThetaAndUpdateNwtSparse; 9ms in CalculateScore(PerplexityScore); 2ms in CalculateScore(SparsityThetaScore); 8ms in CalculateScore(^^^ItemsProcessedScore^^^); ]
I0109 18:24:47.484550  1940 master_component.cc:1391] NormalizeModelArgs: pwt_target_name=pwt, nwt_source_name=nwt, rwt_source_name=
I0109 18:24:47.484550  1940 master_component.cc:952] MasterComponent: start normalizing model nwt
I0109 18:24:47.515704  1940 master_component.cc:980] MasterComponent: complete normalizing model nwt
I0109 18:24:47.531327  1940 master_component.cc:1415] DisposeModel rwt
I0109 18:24:47.531327  1940 master_component.cc:1005] FitOffline: ItemsProcessed, num_items=476, num_batches=5, token_weight=160411, token_weight_in_effect=160411
I0109 18:24:47.578204  5440 c_interface.cc:559] Pass GetScoreValueArgs, score_name=^^^ItemsProcessedScore^^^ to MasterComponent::Request
I0109 18:24:47.578204  5440 c_interface.cc:230] ArtmCopyRequestedMessage is copying 46 bytes...
I0109 18:24:47.578204  1940 c_interface.cc:386] Pass FitOfflineMasterModelArgs, batch_filename_size=5, batch_weight_size=5, num_collection_passes=1 to void (__cdecl artm::core::MasterComponent::*)(class artm::FitOfflineMasterModelArgs const & __ptr64) __ptr64
I0109 18:24:47.578204  1940 master_component.cc:1340] ProcessBatchesArgs: nwt_target_name=nwt, batch_filename_size=5, batch_size=0, batch_weight_size=5, pwt_source_name=pwt, num_document_passes=1, class=(text:1), reuse_theta=yes, opt_for_avx=yes, predict_class_id=
I0109 18:24:47.609457  5816 processor.cc:802] Processor: start processing batch 32f93f35-a377-4827-8aac-063681623107 into model nwt
I0109 18:24:47.609457  4924 processor.cc:802] Processor: start processing batch b0448279-06b5-49f1-82f2-95c1522f2aff into model nwt
I0109 18:24:47.609457  5212 processor.cc:802] Processor: start processing batch 29fcf790-858c-4b01-aaab-046a783ef997 into model nwt
I0109 18:24:47.609457  2736 processor.cc:802] Processor: start processing batch 4729d100-f53e-48c3-89cb-4d3e205e9eed into model nwt
I0109 18:24:47.640705  2736 processor.cc:898] Processor: complete processing batch 4729d100-f53e-48c3-89cb-4d3e205e9eed into model nwt
I0109 18:24:47.640705  5212 processor.cc:898] Processor: complete processing batch 29fcf790-858c-4b01-aaab-046a783ef997 into model nwt
I0109 18:24:47.640705  4924 processor.cc:898] Processor: complete processing batch b0448279-06b5-49f1-82f2-95c1522f2aff into model nwt
I0109 18:24:47.640705  5816 processor.cc:898] Processor: complete processing batch 32f93f35-a377-4827-8aac-063681623107 into model nwt
I0109 18:24:47.640705  2736 cuckoo_watch.h:45] 38ms in ProcessBatch(school_batches\aaaaad.batch) [including 2ms in LoadMessage; 1ms in InitializeSparseNdw; 10ms in InferThetaAndUpdateNwtSparse; 11ms in CalculateScore(PerplexityScore); 2ms in CalculateScore(SparsityThetaScore); 9ms in CalculateScore(^^^ItemsProcessedScore^^^); ]
I0109 18:24:47.640705  5212 cuckoo_watch.h:45] 38ms in ProcessBatch(school_batches\aaaaaa.batch) [including 2ms in LoadMessage; 1ms in InitializeSparseNdw; 10ms in InferThetaAndUpdateNwtSparse; 11ms in CalculateScore(PerplexityScore); 2ms in CalculateScore(SparsityThetaScore); 9ms in CalculateScore(^^^ItemsProcessedScore^^^); ]
I0109 18:24:47.640705  4924 cuckoo_watch.h:45] 38ms in ProcessBatch(school_batches\aaaaab.batch) [including 2ms in LoadMessage; 1ms in InitializeSparseNdw; 10ms in InferThetaAndUpdateNwtSparse; 11ms in CalculateScore(PerplexityScore); 2ms in CalculateScore(SparsityThetaScore); 8ms in CalculateScore(^^^ItemsProcessedScore^^^); ]
I0109 18:24:47.640705  5816 cuckoo_watch.h:45] 38ms in ProcessBatch(school_batches\aaaaac.batch) [including 2ms in LoadMessage; 1ms in InitializeSparseNdw; 10ms in InferThetaAndUpdateNwtSparse; 11ms in CalculateScore(PerplexityScore); 2ms in CalculateScore(SparsityThetaScore); 9ms in CalculateScore(^^^ItemsProcessedScore^^^); ]
I0109 18:24:47.640705  2736 processor.cc:802] Processor: start processing batch 8b59829b-225f-49e3-8299-16261b88a607 into model nwt
I0109 18:24:47.671967  2736 processor.cc:898] Processor: complete processing batch 8b59829b-225f-49e3-8299-16261b88a607 into model nwt
I0109 18:24:47.671967  2736 cuckoo_watch.h:45] 36ms in ProcessBatch(school_batches\aaaaae.batch) [including 1ms in LoadMessage; 1ms in InitializeSparseNdw; 10ms in InferThetaAndUpdateNwtSparse; 10ms in CalculateScore(PerplexityScore); 2ms in CalculateScore(SparsityThetaScore); 8ms in CalculateScore(^^^ItemsProcessedScore^^^); ]
I0109 18:24:47.687587  1940 master_component.cc:1391] NormalizeModelArgs: pwt_target_name=pwt, nwt_source_name=nwt, rwt_source_name=
I0109 18:24:47.687587  1940 master_component.cc:952] MasterComponent: start normalizing model nwt
I0109 18:24:47.718833  1940 master_component.cc:980] MasterComponent: complete normalizing model nwt
I0109 18:24:47.734455  1940 master_component.cc:1415] DisposeModel rwt
I0109 18:24:47.734455  1940 master_component.cc:1005] FitOffline: ItemsProcessed, num_items=476, num_batches=5, token_weight=160411, token_weight_in_effect=160411
I0109 18:24:47.781330  5440 c_interface.cc:559] Pass GetScoreValueArgs, score_name=^^^ItemsProcessedScore^^^ to MasterComponent::Request
I0109 18:24:47.781330  5440 c_interface.cc:230] ArtmCopyRequestedMessage is copying 46 bytes...
I0109 18:24:47.781330  1940 c_interface.cc:386] Pass FitOfflineMasterModelArgs, batch_filename_size=5, batch_weight_size=5, num_collection_passes=1 to void (__cdecl artm::core::MasterComponent::*)(class artm::FitOfflineMasterModelArgs const & __ptr64) __ptr64
I0109 18:24:47.781330  1940 master_component.cc:1340] ProcessBatchesArgs: nwt_target_name=nwt, batch_filename_size=5, batch_size=0, batch_weight_size=5, pwt_source_name=pwt, num_document_passes=1, class=(text:1), reuse_theta=yes, opt_for_avx=yes, predict_class_id=
I0109 18:24:47.812582  5212 processor.cc:802] Processor: start processing batch 4729d100-f53e-48c3-89cb-4d3e205e9eed into model nwt
I0109 18:24:47.812582  2736 processor.cc:802] Processor: start processing batch 29fcf790-858c-4b01-aaab-046a783ef997 into model nwt
I0109 18:24:47.812582  5816 processor.cc:802] Processor: start processing batch 32f93f35-a377-4827-8aac-063681623107 into model nwt
I0109 18:24:47.812582  4924 processor.cc:802] Processor: start processing batch b0448279-06b5-49f1-82f2-95c1522f2aff into model nwt
I0109 18:24:47.843832  2736 processor.cc:898] Processor: complete processing batch 29fcf790-858c-4b01-aaab-046a783ef997 into model nwt
I0109 18:24:47.843832  5816 processor.cc:898] Processor: complete processing batch 32f93f35-a377-4827-8aac-063681623107 into model nwt
I0109 18:24:47.843832  2736 cuckoo_watch.h:45] 38ms in ProcessBatch(school_batches\aaaaaa.batch) [including 2ms in LoadMessage; 1ms in InitializeSparseNdw; 10ms in InferThetaAndUpdateNwtSparse; 11ms in CalculateScore(PerplexityScore); 2ms in CalculateScore(SparsityThetaScore); 9ms in CalculateScore(^^^ItemsProcessedScore^^^); ]
I0109 18:24:47.843832  5816 cuckoo_watch.h:45] 38ms in ProcessBatch(school_batches\aaaaac.batch) [including 2ms in LoadMessage; 1ms in InitializeSparseNdw; 10ms in InferThetaAndUpdateNwtSparse; 11ms in CalculateScore(PerplexityScore); 2ms in CalculateScore(SparsityThetaScore); 9ms in CalculateScore(^^^ItemsProcessedScore^^^); ]
I0109 18:24:47.843832  5212 processor.cc:898] Processor: complete processing batch 4729d100-f53e-48c3-89cb-4d3e205e9eed into model nwt
I0109 18:24:47.843832  5212 cuckoo_watch.h:45] 39ms in ProcessBatch(school_batches\aaaaad.batch) [including 1ms in LoadMessage; 1ms in InitializeSparseNdw; 11ms in InferThetaAndUpdateNwtSparse; 11ms in CalculateScore(PerplexityScore); 2ms in CalculateScore(SparsityThetaScore); 9ms in CalculateScore(^^^ItemsProcessedScore^^^); ]
I0109 18:24:47.843832  2736 processor.cc:802] Processor: start processing batch 8b59829b-225f-49e3-8299-16261b88a607 into model nwt
I0109 18:24:47.843832  4924 processor.cc:898] Processor: complete processing batch b0448279-06b5-49f1-82f2-95c1522f2aff into model nwt
I0109 18:24:47.843832  4924 cuckoo_watch.h:45] 42ms in ProcessBatch(school_batches\aaaaab.batch) [including 3ms in LoadMessage; 2ms in InitializeSparseNdw; 12ms in InferThetaAndUpdateNwtSparse; 11ms in CalculateScore(PerplexityScore); 2ms in CalculateScore(SparsityThetaScore); 9ms in CalculateScore(^^^ItemsProcessedScore^^^); ]
I0109 18:24:47.875075  2736 processor.cc:898] Processor: complete processing batch 8b59829b-225f-49e3-8299-16261b88a607 into model nwt
I0109 18:24:47.875075  2736 cuckoo_watch.h:45] 34ms in ProcessBatch(school_batches\aaaaae.batch) [including 1ms in LoadMessage; 1ms in InitializeSparseNdw; 10ms in InferThetaAndUpdateNwtSparse; 9ms in CalculateScore(PerplexityScore); 2ms in CalculateScore(SparsityThetaScore); 8ms in CalculateScore(^^^ItemsProcessedScore^^^); ]
I0109 18:24:47.906322  1940 master_component.cc:1391] NormalizeModelArgs: pwt_target_name=pwt, nwt_source_name=nwt, rwt_source_name=
I0109 18:24:47.906322  1940 master_component.cc:952] MasterComponent: start normalizing model nwt
I0109 18:24:47.937577  1940 master_component.cc:980] MasterComponent: complete normalizing model nwt
I0109 18:24:47.953202  1940 master_component.cc:1415] DisposeModel rwt
I0109 18:24:47.953202  1940 master_component.cc:1005] FitOffline: ItemsProcessed, num_items=476, num_batches=5, token_weight=160411, token_weight_in_effect=160411
I0109 18:24:47.984449  5440 c_interface.cc:559] Pass GetScoreValueArgs, score_name=^^^ItemsProcessedScore^^^ to MasterComponent::Request
I0109 18:24:47.984449  5440 c_interface.cc:230] ArtmCopyRequestedMessage is copying 46 bytes...
I0109 18:24:47.984449  1940 c_interface.cc:386] Pass FitOfflineMasterModelArgs, batch_filename_size=5, batch_weight_size=5, num_collection_passes=1 to void (__cdecl artm::core::MasterComponent::*)(class artm::FitOfflineMasterModelArgs const & __ptr64) __ptr64
I0109 18:24:47.984449  1940 master_component.cc:1340] ProcessBatchesArgs: nwt_target_name=nwt, batch_filename_size=5, batch_size=0, batch_weight_size=5, pwt_source_name=pwt, num_document_passes=1, class=(text:1), reuse_theta=yes, opt_for_avx=yes, predict_class_id=
I0109 18:24:48.015702  2736 processor.cc:802] Processor: start processing batch 29fcf790-858c-4b01-aaab-046a783ef997 into model nwt
I0109 18:24:48.015702  5816 processor.cc:802] Processor: start processing batch b0448279-06b5-49f1-82f2-95c1522f2aff into model nwt
I0109 18:24:48.015702  4924 processor.cc:802] Processor: start processing batch 32f93f35-a377-4827-8aac-063681623107 into model nwt
I0109 18:24:48.031324  5212 processor.cc:802] Processor: start processing batch 4729d100-f53e-48c3-89cb-4d3e205e9eed into model nwt
I0109 18:24:48.046953  4924 processor.cc:898] Processor: complete processing batch 32f93f35-a377-4827-8aac-063681623107 into model nwt
I0109 18:24:48.046953  5816 processor.cc:898] Processor: complete processing batch b0448279-06b5-49f1-82f2-95c1522f2aff into model nwt
I0109 18:24:48.046953  4924 cuckoo_watch.h:45] 38ms in ProcessBatch(school_batches\aaaaac.batch) [including 2ms in LoadMessage; 1ms in InitializeSparseNdw; 11ms in InferThetaAndUpdateNwtSparse; 10ms in CalculateScore(PerplexityScore); 2ms in CalculateScore(SparsityThetaScore); 9ms in CalculateScore(^^^ItemsProcessedScore^^^); ]
I0109 18:24:48.046953  5816 cuckoo_watch.h:45] 38ms in ProcessBatch(school_batches\aaaaab.batch) [including 2ms in LoadMessage; 1ms in InitializeSparseNdw; 11ms in InferThetaAndUpdateNwtSparse; 11ms in CalculateScore(PerplexityScore); 2ms in CalculateScore(SparsityThetaScore); 9ms in CalculateScore(^^^ItemsProcessedScore^^^); ]
I0109 18:24:48.046953  4924 processor.cc:802] Processor: start processing batch 8b59829b-225f-49e3-8299-16261b88a607 into model nwt
I0109 18:24:48.046953  2736 processor.cc:898] Processor: complete processing batch 29fcf790-858c-4b01-aaab-046a783ef997 into model nwt
I0109 18:24:48.046953  2736 cuckoo_watch.h:45] 42ms in ProcessBatch(school_batches\aaaaaa.batch) [including 2ms in LoadMessage; 1ms in InitializeSparseNdw; 10ms in InferThetaAndUpdateNwtSparse; 11ms in CalculateScore(PerplexityScore); 4ms in CalculateScore(SparsityThetaScore); 10ms in CalculateScore(^^^ItemsProcessedScore^^^); ]
I0109 18:24:48.062578  5212 processor.cc:898] Processor: complete processing batch 4729d100-f53e-48c3-89cb-4d3e205e9eed into model nwt
I0109 18:24:48.062578  5212 cuckoo_watch.h:45] 38ms in ProcessBatch(school_batches\aaaaad.batch) [including 2ms in LoadMessage; 1ms in InitializeSparseNdw; 10ms in InferThetaAndUpdateNwtSparse; 10ms in CalculateScore(PerplexityScore); 2ms in CalculateScore(SparsityThetaScore); 9ms in CalculateScore(^^^ItemsProcessedScore^^^); ]
I0109 18:24:48.078197  4924 processor.cc:898] Processor: complete processing batch 8b59829b-225f-49e3-8299-16261b88a607 into model nwt
I0109 18:24:48.078197  4924 cuckoo_watch.h:45] 35ms in ProcessBatch(school_batches\aaaaae.batch) [including 1ms in LoadMessage; 1ms in InitializeSparseNdw; 10ms in InferThetaAndUpdateNwtSparse; 10ms in CalculateScore(PerplexityScore); 2ms in CalculateScore(SparsityThetaScore); 7ms in CalculateScore(^^^ItemsProcessedScore^^^); ]
I0109 18:24:48.093819  1940 master_component.cc:1391] NormalizeModelArgs: pwt_target_name=pwt, nwt_source_name=nwt, rwt_source_name=
I0109 18:24:48.093819  1940 master_component.cc:952] MasterComponent: start normalizing model nwt
I0109 18:24:48.125072  1940 master_component.cc:980] MasterComponent: complete normalizing model nwt
I0109 18:24:48.140696  1940 master_component.cc:1415] DisposeModel rwt
I0109 18:24:48.140696  1940 master_component.cc:1005] FitOffline: ItemsProcessed, num_items=476, num_batches=5, token_weight=160411, token_weight_in_effect=160411
I0109 18:24:48.187569  5440 c_interface.cc:559] Pass GetScoreValueArgs, score_name=^^^ItemsProcessedScore^^^ to MasterComponent::Request
I0109 18:24:48.187569  5440 c_interface.cc:230] ArtmCopyRequestedMessage is copying 46 bytes...
I0109 18:24:48.187569  1940 c_interface.cc:386] Pass FitOfflineMasterModelArgs, batch_filename_size=5, batch_weight_size=5, num_collection_passes=1 to void (__cdecl artm::core::MasterComponent::*)(class artm::FitOfflineMasterModelArgs const & __ptr64) __ptr64
I0109 18:24:48.187569  1940 master_component.cc:1340] ProcessBatchesArgs: nwt_target_name=nwt, batch_filename_size=5, batch_size=0, batch_weight_size=5, pwt_source_name=pwt, num_document_passes=1, class=(text:1), reuse_theta=yes, opt_for_avx=yes, predict_class_id=
I0109 18:24:48.218823  5212 processor.cc:802] Processor: start processing batch 32f93f35-a377-4827-8aac-063681623107 into model nwt
I0109 18:24:48.218823  2736 processor.cc:802] Processor: start processing batch b0448279-06b5-49f1-82f2-95c1522f2aff into model nwt
I0109 18:24:48.218823  4924 processor.cc:802] Processor: start processing batch 29fcf790-858c-4b01-aaab-046a783ef997 into model nwt
I0109 18:24:48.218823  5816 processor.cc:802] Processor: start processing batch 4729d100-f53e-48c3-89cb-4d3e205e9eed into model nwt
I0109 18:24:48.250067  2736 processor.cc:898] Processor: complete processing batch b0448279-06b5-49f1-82f2-95c1522f2aff into model nwt
I0109 18:24:48.250067  4924 processor.cc:898] Processor: complete processing batch 29fcf790-858c-4b01-aaab-046a783ef997 into model nwt
I0109 18:24:48.250067  2736 cuckoo_watch.h:45] 37ms in ProcessBatch(school_batches\aaaaab.batch) [including 2ms in LoadMessage; 1ms in InitializeSparseNdw; 10ms in InferThetaAndUpdateNwtSparse; 10ms in CalculateScore(PerplexityScore); 2ms in CalculateScore(SparsityThetaScore); 8ms in CalculateScore(^^^ItemsProcessedScore^^^); ]
I0109 18:24:48.250067  4924 cuckoo_watch.h:45] 37ms in ProcessBatch(school_batches\aaaaaa.batch) [including 2ms in LoadMessage; 1ms in InitializeSparseNdw; 10ms in InferThetaAndUpdateNwtSparse; 10ms in CalculateScore(PerplexityScore); 2ms in CalculateScore(SparsityThetaScore); 8ms in CalculateScore(^^^ItemsProcessedScore^^^); ]
I0109 18:24:48.250067  5212 processor.cc:898] Processor: complete processing batch 32f93f35-a377-4827-8aac-063681623107 into model nwt
I0109 18:24:48.250067  5816 processor.cc:898] Processor: complete processing batch 4729d100-f53e-48c3-89cb-4d3e205e9eed into model nwt
I0109 18:24:48.250067  5212 cuckoo_watch.h:45] 38ms in ProcessBatch(school_batches\aaaaac.batch) [including 2ms in LoadMessage; 1ms in InitializeSparseNdw; 10ms in InferThetaAndUpdateNwtSparse; 10ms in CalculateScore(PerplexityScore); 2ms in CalculateScore(SparsityThetaScore); 9ms in CalculateScore(^^^ItemsProcessedScore^^^); ]
I0109 18:24:48.250067  5816 cuckoo_watch.h:45] 38ms in ProcessBatch(school_batches\aaaaad.batch) [including 2ms in LoadMessage; 1ms in InitializeSparseNdw; 11ms in InferThetaAndUpdateNwtSparse; 10ms in CalculateScore(PerplexityScore); 2ms in CalculateScore(SparsityThetaScore); 8ms in CalculateScore(^^^ItemsProcessedScore^^^); ]
I0109 18:24:48.250067  2736 processor.cc:802] Processor: start processing batch 8b59829b-225f-49e3-8299-16261b88a607 into model nwt
I0109 18:24:48.281318  2736 processor.cc:898] Processor: complete processing batch 8b59829b-225f-49e3-8299-16261b88a607 into model nwt
I0109 18:24:48.281318  2736 cuckoo_watch.h:45] 33ms in ProcessBatch(school_batches\aaaaae.batch) [including 1ms in LoadMessage; 1ms in InitializeSparseNdw; 10ms in InferThetaAndUpdateNwtSparse; 9ms in CalculateScore(PerplexityScore); 2ms in CalculateScore(SparsityThetaScore); 7ms in CalculateScore(^^^ItemsProcessedScore^^^); ]
I0109 18:24:48.296941  1940 master_component.cc:1391] NormalizeModelArgs: pwt_target_name=pwt, nwt_source_name=nwt, rwt_source_name=
I0109 18:24:48.296941  1940 master_component.cc:952] MasterComponent: start normalizing model nwt
I0109 18:24:48.328191  1940 master_component.cc:980] MasterComponent: complete normalizing model nwt
I0109 18:24:48.343821  1940 master_component.cc:1415] DisposeModel rwt
I0109 18:24:48.343821  1940 master_component.cc:1005] FitOffline: ItemsProcessed, num_items=476, num_batches=5, token_weight=160411, token_weight_in_effect=160411
I0109 18:24:48.406319  5440 c_interface.cc:559] Pass GetScoreValueArgs, score_name=^^^ItemsProcessedScore^^^ to MasterComponent::Request
I0109 18:24:48.406319  5440 c_interface.cc:230] ArtmCopyRequestedMessage is copying 46 bytes...
I0109 18:24:48.406319  1940 c_interface.cc:386] Pass FitOfflineMasterModelArgs, batch_filename_size=5, batch_weight_size=5, num_collection_passes=1 to void (__cdecl artm::core::MasterComponent::*)(class artm::FitOfflineMasterModelArgs const & __ptr64) __ptr64
I0109 18:24:48.406319  1940 master_component.cc:1340] ProcessBatchesArgs: nwt_target_name=nwt, batch_filename_size=5, batch_size=0, batch_weight_size=5, pwt_source_name=pwt, num_document_passes=1, class=(text:1), reuse_theta=yes, opt_for_avx=yes, predict_class_id=
I0109 18:24:48.437564  5816 processor.cc:802] Processor: start processing batch 32f93f35-a377-4827-8aac-063681623107 into model nwt
I0109 18:24:48.437564  5212 processor.cc:802] Processor: start processing batch 4729d100-f53e-48c3-89cb-4d3e205e9eed into model nwt
I0109 18:24:48.437564  4924 processor.cc:802] Processor: start processing batch b0448279-06b5-49f1-82f2-95c1522f2aff into model nwt
I0109 18:24:48.437564  2736 processor.cc:802] Processor: start processing batch 29fcf790-858c-4b01-aaab-046a783ef997 into model nwt
I0109 18:24:48.468814  2736 processor.cc:898] Processor: complete processing batch 29fcf790-858c-4b01-aaab-046a783ef997 into model nwt
I0109 18:24:48.468814  5212 processor.cc:898] Processor: complete processing batch 4729d100-f53e-48c3-89cb-4d3e205e9eed into model nwt
I0109 18:24:48.468814  4924 processor.cc:898] Processor: complete processing batch b0448279-06b5-49f1-82f2-95c1522f2aff into model nwt
I0109 18:24:48.468814  5816 processor.cc:898] Processor: complete processing batch 32f93f35-a377-4827-8aac-063681623107 into model nwt
I0109 18:24:48.468814  2736 cuckoo_watch.h:45] 38ms in ProcessBatch(school_batches\aaaaaa.batch) [including 2ms in LoadMessage; 1ms in InitializeSparseNdw; 10ms in InferThetaAndUpdateNwtSparse; 10ms in CalculateScore(PerplexityScore); 2ms in CalculateScore(SparsityThetaScore); 9ms in CalculateScore(^^^ItemsProcessedScore^^^); ]
I0109 18:24:48.468814  5212 cuckoo_watch.h:45] 38ms in ProcessBatch(school_batches\aaaaad.batch) [including 2ms in LoadMessage; 1ms in InitializeSparseNdw; 10ms in InferThetaAndUpdateNwtSparse; 10ms in CalculateScore(PerplexityScore); 2ms in CalculateScore(SparsityThetaScore); 9ms in CalculateScore(^^^ItemsProcessedScore^^^); ]
I0109 18:24:48.468814  4924 cuckoo_watch.h:45] 38ms in ProcessBatch(school_batches\aaaaab.batch) [including 2ms in LoadMessage; 1ms in InitializeSparseNdw; 10ms in InferThetaAndUpdateNwtSparse; 10ms in CalculateScore(PerplexityScore); 2ms in CalculateScore(SparsityThetaScore); 9ms in CalculateScore(^^^ItemsProcessedScore^^^); ]
I0109 18:24:48.468814  5816 cuckoo_watch.h:45] 38ms in ProcessBatch(school_batches\aaaaac.batch) [including 2ms in LoadMessage; 1ms in InitializeSparseNdw; 10ms in InferThetaAndUpdateNwtSparse; 10ms in CalculateScore(PerplexityScore); 2ms in CalculateScore(SparsityThetaScore); 9ms in CalculateScore(^^^ItemsProcessedScore^^^); ]
I0109 18:24:48.468814  2736 processor.cc:802] Processor: start processing batch 8b59829b-225f-49e3-8299-16261b88a607 into model nwt
I0109 18:24:48.500061  2736 processor.cc:898] Processor: complete processing batch 8b59829b-225f-49e3-8299-16261b88a607 into model nwt
I0109 18:24:48.500061  2736 cuckoo_watch.h:45] 33ms in ProcessBatch(school_batches\aaaaae.batch) [including 1ms in LoadMessage; 1ms in InitializeSparseNdw; 10ms in InferThetaAndUpdateNwtSparse; 9ms in CalculateScore(PerplexityScore); 2ms in CalculateScore(SparsityThetaScore); 7ms in CalculateScore(^^^ItemsProcessedScore^^^); ]
I0109 18:24:48.531311  1940 master_component.cc:1391] NormalizeModelArgs: pwt_target_name=pwt, nwt_source_name=nwt, rwt_source_name=
I0109 18:24:48.531311  1940 master_component.cc:952] MasterComponent: start normalizing model nwt
I0109 18:24:48.562566  1940 master_component.cc:980] MasterComponent: complete normalizing model nwt
I0109 18:24:48.578189  1940 master_component.cc:1415] DisposeModel rwt
I0109 18:24:48.578189  1940 master_component.cc:1005] FitOffline: ItemsProcessed, num_items=476, num_batches=5, token_weight=160411, token_weight_in_effect=160411
I0109 18:24:48.625064  5440 c_interface.cc:559] Pass GetScoreValueArgs, score_name=^^^ItemsProcessedScore^^^ to MasterComponent::Request
I0109 18:24:48.625064  5440 c_interface.cc:230] ArtmCopyRequestedMessage is copying 46 bytes...
I0109 18:24:48.625064  1940 c_interface.cc:386] Pass FitOfflineMasterModelArgs, batch_filename_size=5, batch_weight_size=5, num_collection_passes=1 to void (__cdecl artm::core::MasterComponent::*)(class artm::FitOfflineMasterModelArgs const & __ptr64) __ptr64
I0109 18:24:48.625064  1940 master_component.cc:1340] ProcessBatchesArgs: nwt_target_name=nwt, batch_filename_size=5, batch_size=0, batch_weight_size=5, pwt_source_name=pwt, num_document_passes=1, class=(text:1), reuse_theta=yes, opt_for_avx=yes, predict_class_id=
I0109 18:24:48.656314  5212 processor.cc:802] Processor: start processing batch b0448279-06b5-49f1-82f2-95c1522f2aff into model nwt
I0109 18:24:48.656314  4924 processor.cc:802] Processor: start processing batch 32f93f35-a377-4827-8aac-063681623107 into model nwt
I0109 18:24:48.656314  2736 processor.cc:802] Processor: start processing batch 29fcf790-858c-4b01-aaab-046a783ef997 into model nwt
I0109 18:24:48.656314  5816 processor.cc:802] Processor: start processing batch 4729d100-f53e-48c3-89cb-4d3e205e9eed into model nwt
I0109 18:24:48.687561  5212 processor.cc:898] Processor: complete processing batch b0448279-06b5-49f1-82f2-95c1522f2aff into model nwt
I0109 18:24:48.687561  5816 processor.cc:898] Processor: complete processing batch 4729d100-f53e-48c3-89cb-4d3e205e9eed into model nwt
I0109 18:24:48.687561  5212 cuckoo_watch.h:45] 37ms in ProcessBatch(school_batches\aaaaab.batch) [including 1ms in LoadMessage; 1ms in InitializeSparseNdw; 10ms in InferThetaAndUpdateNwtSparse; 10ms in CalculateScore(PerplexityScore); 2ms in CalculateScore(SparsityThetaScore); 8ms in CalculateScore(^^^ItemsProcessedScore^^^); ]
I0109 18:24:48.687561  5816 cuckoo_watch.h:45] 37ms in ProcessBatch(school_batches\aaaaad.batch) [including 2ms in LoadMessage; 1ms in InitializeSparseNdw; 10ms in InferThetaAndUpdateNwtSparse; 10ms in CalculateScore(PerplexityScore); 2ms in CalculateScore(SparsityThetaScore); 8ms in CalculateScore(^^^ItemsProcessedScore^^^); ]
I0109 18:24:48.687561  2736 processor.cc:898] Processor: complete processing batch 29fcf790-858c-4b01-aaab-046a783ef997 into model nwt
I0109 18:24:48.687561  4924 processor.cc:898] Processor: complete processing batch 32f93f35-a377-4827-8aac-063681623107 into model nwt
I0109 18:24:48.687561  2736 cuckoo_watch.h:45] 37ms in ProcessBatch(school_batches\aaaaaa.batch) [including 2ms in LoadMessage; 1ms in InitializeSparseNdw; 10ms in InferThetaAndUpdateNwtSparse; 11ms in CalculateScore(PerplexityScore); 2ms in CalculateScore(SparsityThetaScore); 8ms in CalculateScore(^^^ItemsProcessedScore^^^); ]
I0109 18:24:48.687561  4924 cuckoo_watch.h:45] 38ms in ProcessBatch(school_batches\aaaaac.batch) [including 2ms in LoadMessage; 1ms in InitializeSparseNdw; 10ms in InferThetaAndUpdateNwtSparse; 10ms in CalculateScore(PerplexityScore); 2ms in CalculateScore(SparsityThetaScore); 9ms in CalculateScore(^^^ItemsProcessedScore^^^); ]
I0109 18:24:48.687561  5212 processor.cc:802] Processor: start processing batch 8b59829b-225f-49e3-8299-16261b88a607 into model nwt
I0109 18:24:48.718816  5212 processor.cc:898] Processor: complete processing batch 8b59829b-225f-49e3-8299-16261b88a607 into model nwt
I0109 18:24:48.718816  5212 cuckoo_watch.h:45] 34ms in ProcessBatch(school_batches\aaaaae.batch) [including 1ms in LoadMessage; 1ms in InitializeSparseNdw; 10ms in InferThetaAndUpdateNwtSparse; 9ms in CalculateScore(PerplexityScore); 2ms in CalculateScore(SparsityThetaScore); 8ms in CalculateScore(^^^ItemsProcessedScore^^^); ]
I0109 18:24:48.734437  1940 master_component.cc:1391] NormalizeModelArgs: pwt_target_name=pwt, nwt_source_name=nwt, rwt_source_name=
I0109 18:24:48.734437  1940 master_component.cc:952] MasterComponent: start normalizing model nwt
I0109 18:24:48.765681  1940 master_component.cc:980] MasterComponent: complete normalizing model nwt
I0109 18:24:48.781307  1940 master_component.cc:1415] DisposeModel rwt
I0109 18:24:48.781307  1940 master_component.cc:1005] FitOffline: ItemsProcessed, num_items=476, num_batches=5, token_weight=160411, token_weight_in_effect=160411
I0109 18:24:48.828186  5440 c_interface.cc:559] Pass GetScoreValueArgs, score_name=^^^ItemsProcessedScore^^^ to MasterComponent::Request
I0109 18:24:48.828186  5440 c_interface.cc:230] ArtmCopyRequestedMessage is copying 46 bytes...
I0109 18:24:49.032407  5816 processor.cc:717] No data in processing queue, waiting...
I0109 18:24:49.063654  2736 processor.cc:717] No data in processing queue, waiting...
I0109 18:24:49.063654  4924 processor.cc:717] No data in processing queue, waiting...
I0109 18:24:49.110529  5212 processor.cc:717] No data in processing queue, waiting...
I0109 18:24:50.466845  5440 c_interface.cc:230] ArtmCopyRequestedMessage is copying 2240 bytes...
I0109 18:24:55.854393  5440 c_interface.cc:230] ArtmCopyRequestedMessage is copying 150975 bytes...
I0109 18:24:56.064172  5440 c_interface.cc:230] ArtmCopyRequestedMessage is copying 150975 bytes...
I0109 18:24:56.252099  5440 c_interface.cc:230] ArtmCopyRequestedMessage is copying 150975 bytes...
I0109 18:24:56.386912  5440 c_interface.cc:230] ArtmCopyRequestedMessage is copying 150975 bytes...
I0109 18:24:56.591262  5440 c_interface.cc:230] ArtmCopyRequestedMessage is copying 150975 bytes...
I0109 18:24:56.792666  5440 c_interface.cc:230] ArtmCopyRequestedMessage is copying 150975 bytes...
I0109 18:24:56.981631  5440 c_interface.cc:230] ArtmCopyRequestedMessage is copying 150975 bytes...
I0109 18:24:57.122678  5440 c_interface.cc:230] ArtmCopyRequestedMessage is copying 150975 bytes...
I0109 18:24:57.283372  5440 c_interface.cc:230] ArtmCopyRequestedMessage is copying 150975 bytes...
I0109 18:24:57.429273  5440 c_interface.cc:230] ArtmCopyRequestedMessage is copying 150975 bytes...
I0109 18:25:00.827495  5440 c_interface.cc:230] ArtmCopyRequestedMessage is copying 1460 bytes...
I0109 18:25:00.858743  5440 c_interface.cc:230] ArtmCopyRequestedMessage is copying 1452 bytes...
I0109 18:25:04.017684  5440 c_interface.cc:386] Pass MasterModelConfig: topic_name_size=10, class=(text:1), score_config_size=5, num_processors=0, pwt_name=pwt, nwt_name=nwt, num_document_passes=1, regularizer=(SparsePhi:-100), reuse_theta=yes, cache_theta=yes, opt_for_avx=yes, disk_cache_path to void (__cdecl artm::core::MasterComponent::*)(class artm::MasterModelConfig const & __ptr64) __ptr64
I0109 18:25:04.017684  5440 instance.cc:401] MasterModelConfig.processors_count is automatically set to 4
I0109 18:25:04.017684  5440 perplexity.cc:26] Perplexity score calculator created: model_type=1, dictionary_name=dictionary
I0109 18:25:04.017684  5440 instance.cc:232] Regularizer 'SparsePhi' was cold-reconfigured
I0109 18:27:09.514745  5440 c_interface.cc:372] Pass pwt to void (__cdecl artm::core::MasterComponent::*)(class std::basic_string<char,struct std::char_traits<char>,class std::allocator<char> > const & __ptr64) __ptr64
I0109 18:27:09.530375  5440 c_interface.cc:372] Pass nwt to void (__cdecl artm::core::MasterComponent::*)(class std::basic_string<char,struct std::char_traits<char>,class std::allocator<char> > const & __ptr64) __ptr64
I0109 18:27:09.530375  5440 c_interface.cc:386] Pass InitializeModelArgs: model_name=pwt, dictionary_name=dictionary, topic_name_size=10 to void (__cdecl artm::core::MasterComponent::*)(class artm::InitializeModelArgs const & __ptr64) __ptr64
I0109 18:27:09.608500  5440 master_component.cc:620] InitializeModel() created matrix pwt with 10 topics and 16099 tokens; 
I0109 18:27:09.608500  5440 c_interface.cc:386] Pass InitializeModelArgs: model_name=nwt, dictionary_name=dictionary, topic_name_size=10 to void (__cdecl artm::core::MasterComponent::*)(class artm::InitializeModelArgs const & __ptr64) __ptr64
I0109 18:27:09.702260  5440 master_component.cc:620] InitializeModel() created matrix nwt with 10 topics and 16099 tokens; 
I0109 18:27:09.702260  5440 phi_matrix_operations.cc:84] RetrieveExternalTopicModel() with 10 topics, 16099 tokens
I0109 18:27:09.702260  5440 c_interface.cc:230] ArtmCopyRequestedMessage is copying 477630 bytes...
I0109 18:27:14.740833  1940 c_interface.cc:386] Pass FitOfflineMasterModelArgs, batch_filename_size=5, batch_weight_size=5, num_collection_passes=1 to void (__cdecl artm::core::MasterComponent::*)(class artm::FitOfflineMasterModelArgs const & __ptr64) __ptr64
I0109 18:27:14.740833  1940 master_component.cc:1340] ProcessBatchesArgs: nwt_target_name=nwt, batch_filename_size=5, batch_size=0, batch_weight_size=5, pwt_source_name=pwt, num_document_passes=1, regularizer=(name:SparsePhi, tau:-100), class=(text:1), reuse_theta=yes, opt_for_avx=yes, predict_class_id=
I0109 18:27:14.787710  5816 processor.cc:724] Processing queue has data, processing started
I0109 18:27:14.787710  2736 processor.cc:724] Processing queue has data, processing started
I0109 18:27:14.787710  4924 processor.cc:724] Processing queue has data, processing started
I0109 18:27:14.787710  4924 processor.cc:802] Processor: start processing batch 32f93f35-a377-4827-8aac-063681623107 into model nwt
I0109 18:27:14.787710  5816 processor.cc:802] Processor: start processing batch b0448279-06b5-49f1-82f2-95c1522f2aff into model nwt
I0109 18:27:14.787710  2736 processor.cc:802] Processor: start processing batch 29fcf790-858c-4b01-aaab-046a783ef997 into model nwt
I0109 18:27:14.818960  5212 processor.cc:724] Processing queue has data, processing started
I0109 18:27:14.818960  4924 processor.cc:898] Processor: complete processing batch 32f93f35-a377-4827-8aac-063681623107 into model nwt
I0109 18:27:14.818960  2736 processor.cc:898] Processor: complete processing batch 29fcf790-858c-4b01-aaab-046a783ef997 into model nwt
I0109 18:27:14.818960  2736 cuckoo_watch.h:45] 38ms in ProcessBatch(school_batches\aaaaaa.batch) [including 2ms in LoadMessage; 1ms in InitializeSparseNdw; 9ms in InferThetaAndUpdateNwtSparse; 11ms in CalculateScore(PerplexityScore); 2ms in CalculateScore(SparsityThetaScore); 9ms in CalculateScore(^^^ItemsProcessedScore^^^); ]
I0109 18:27:14.818960  4924 cuckoo_watch.h:45] 38ms in ProcessBatch(school_batches\aaaaac.batch) [including 2ms in LoadMessage; 1ms in InitializeSparseNdw; 9ms in InferThetaAndUpdateNwtSparse; 11ms in CalculateScore(PerplexityScore); 2ms in CalculateScore(SparsityThetaScore); 9ms in CalculateScore(^^^ItemsProcessedScore^^^); ]
I0109 18:27:14.818960  5816 processor.cc:898] Processor: complete processing batch b0448279-06b5-49f1-82f2-95c1522f2aff into model nwt
I0109 18:27:14.818960  5816 cuckoo_watch.h:45] 39ms in ProcessBatch(school_batches\aaaaab.batch) [including 2ms in LoadMessage; 1ms in InitializeSparseNdw; 9ms in InferThetaAndUpdateNwtSparse; 11ms in CalculateScore(PerplexityScore); 2ms in CalculateScore(SparsityThetaScore); 9ms in CalculateScore(^^^ItemsProcessedScore^^^); ]
I0109 18:27:14.818960  5212 processor.cc:802] Processor: start processing batch 4729d100-f53e-48c3-89cb-4d3e205e9eed into model nwt
I0109 18:27:14.818960  2736 processor.cc:802] Processor: start processing batch 8b59829b-225f-49e3-8299-16261b88a607 into model nwt
I0109 18:27:14.850209  2736 processor.cc:898] Processor: complete processing batch 8b59829b-225f-49e3-8299-16261b88a607 into model nwt
I0109 18:27:14.850209  2736 cuckoo_watch.h:45] 33ms in ProcessBatch(school_batches\aaaaae.batch) [including 1ms in LoadMessage; 1ms in InitializeSparseNdw; 9ms in InferThetaAndUpdateNwtSparse; 9ms in CalculateScore(PerplexityScore); 2ms in CalculateScore(SparsityThetaScore); 7ms in CalculateScore(^^^ItemsProcessedScore^^^); ]
I0109 18:27:14.850209  5212 processor.cc:898] Processor: complete processing batch 4729d100-f53e-48c3-89cb-4d3e205e9eed into model nwt
I0109 18:27:14.850209  5212 cuckoo_watch.h:45] 36ms in ProcessBatch(school_batches\aaaaad.batch) [including 2ms in LoadMessage; 1ms in InitializeSparseNdw; 9ms in InferThetaAndUpdateNwtSparse; 11ms in CalculateScore(PerplexityScore); 2ms in CalculateScore(SparsityThetaScore); 9ms in CalculateScore(^^^ItemsProcessedScore^^^); ]
I0109 18:27:14.881458  1940 master_component.cc:1378] RegularizeModelArgs: rwt_target_name=rwt, pwt_source_name=pwt, nwt_source_name=nwt
I0109 18:27:14.881458  1940 master_component.cc:922] MasterComponent: start regularizing model pwt
I0109 18:27:14.943964  1940 master_component.cc:948] MasterComponent: complete regularizing model pwt
I0109 18:27:14.943964  1940 master_component.cc:1391] NormalizeModelArgs: pwt_target_name=pwt, nwt_source_name=nwt, rwt_source_name=rwt
I0109 18:27:14.943964  1940 master_component.cc:952] MasterComponent: start normalizing model nwt
I0109 18:27:14.975210  1940 master_component.cc:980] MasterComponent: complete normalizing model nwt
I0109 18:27:14.990837  1940 master_component.cc:1415] DisposeModel rwt
I0109 18:27:14.990837  1940 master_component.cc:1005] FitOffline: ItemsProcessed, num_items=476, num_batches=5, token_weight=160411, token_weight_in_effect=160411
I0109 18:27:15.068959  5440 c_interface.cc:559] Pass GetScoreValueArgs, score_name=^^^ItemsProcessedScore^^^ to MasterComponent::Request
I0109 18:27:15.068959  5440 c_interface.cc:230] ArtmCopyRequestedMessage is copying 46 bytes...
I0109 18:27:15.068959  1940 c_interface.cc:386] Pass FitOfflineMasterModelArgs, batch_filename_size=5, batch_weight_size=5, num_collection_passes=1 to void (__cdecl artm::core::MasterComponent::*)(class artm::FitOfflineMasterModelArgs const & __ptr64) __ptr64
I0109 18:27:15.068959  1940 master_component.cc:1340] ProcessBatchesArgs: nwt_target_name=nwt, batch_filename_size=5, batch_size=0, batch_weight_size=5, pwt_source_name=pwt, num_document_passes=1, regularizer=(name:SparsePhi, tau:-100), class=(text:1), reuse_theta=yes, opt_for_avx=yes, predict_class_id=
I0109 18:27:15.100214  4924 processor.cc:802] Processor: start processing batch 32f93f35-a377-4827-8aac-063681623107 into model nwt
I0109 18:27:15.100214  5212 processor.cc:802] Processor: start processing batch 4729d100-f53e-48c3-89cb-4d3e205e9eed into model nwt
I0109 18:27:15.100214  5816 processor.cc:802] Processor: start processing batch b0448279-06b5-49f1-82f2-95c1522f2aff into model nwt
I0109 18:27:15.100214  2736 processor.cc:802] Processor: start processing batch 29fcf790-858c-4b01-aaab-046a783ef997 into model nwt
I0109 18:27:15.131458  2736 processor.cc:898] Processor: complete processing batch 29fcf790-858c-4b01-aaab-046a783ef997 into model nwt
I0109 18:27:15.131458  2736 cuckoo_watch.h:45] 38ms in ProcessBatch(school_batches\aaaaaa.batch) [including 2ms in LoadMessage; 1ms in InitializeSparseNdw; 9ms in InferThetaAndUpdateNwtSparse; 11ms in CalculateScore(PerplexityScore); 3ms in CalculateScore(SparsityThetaScore); 9ms in CalculateScore(^^^ItemsProcessedScore^^^); ]
I0109 18:27:15.131458  5816 processor.cc:898] Processor: complete processing batch b0448279-06b5-49f1-82f2-95c1522f2aff into model nwt
I0109 18:27:15.131458  5816 cuckoo_watch.h:45] 39ms in ProcessBatch(school_batches\aaaaab.batch) [including 2ms in LoadMessage; 1ms in InitializeSparseNdw; 9ms in InferThetaAndUpdateNwtSparse; 11ms in CalculateScore(PerplexityScore); 3ms in CalculateScore(SparsityThetaScore); 10ms in CalculateScore(^^^ItemsProcessedScore^^^); ]
I0109 18:27:15.131458  5212 processor.cc:898] Processor: complete processing batch 4729d100-f53e-48c3-89cb-4d3e205e9eed into model nwt
I0109 18:27:15.131458  5212 cuckoo_watch.h:45] 40ms in ProcessBatch(school_batches\aaaaad.batch) [including 2ms in LoadMessage; 1ms in InitializeSparseNdw; 9ms in InferThetaAndUpdateNwtSparse; 11ms in CalculateScore(PerplexityScore); 2ms in CalculateScore(SparsityThetaScore); 10ms in CalculateScore(^^^ItemsProcessedScore^^^); ]
I0109 18:27:15.131458  4924 processor.cc:898] Processor: complete processing batch 32f93f35-a377-4827-8aac-063681623107 into model nwt
I0109 18:27:15.131458  2736 processor.cc:802] Processor: start processing batch 8b59829b-225f-49e3-8299-16261b88a607 into model nwt
I0109 18:27:15.131458  4924 cuckoo_watch.h:45] 41ms in ProcessBatch(school_batches\aaaaac.batch) [including 2ms in LoadMessage; 1ms in InitializeSparseNdw; 10ms in InferThetaAndUpdateNwtSparse; 13ms in CalculateScore(PerplexityScore); 3ms in CalculateScore(SparsityThetaScore); 9ms in CalculateScore(^^^ItemsProcessedScore^^^); ]
I0109 18:27:15.162709  2736 processor.cc:898] Processor: complete processing batch 8b59829b-225f-49e3-8299-16261b88a607 into model nwt
I0109 18:27:15.162709  2736 cuckoo_watch.h:45] 35ms in ProcessBatch(school_batches\aaaaae.batch) [including 1ms in LoadMessage; 1ms in InitializeSparseNdw; 10ms in InferThetaAndUpdateNwtSparse; 10ms in CalculateScore(PerplexityScore); 2ms in CalculateScore(SparsityThetaScore); 8ms in CalculateScore(^^^ItemsProcessedScore^^^); ]
I0109 18:27:15.178339  1940 master_component.cc:1378] RegularizeModelArgs: rwt_target_name=rwt, pwt_source_name=pwt, nwt_source_name=nwt
I0109 18:27:15.178339  1940 master_component.cc:922] MasterComponent: start regularizing model pwt
I0109 18:27:15.240840  1940 master_component.cc:948] MasterComponent: complete regularizing model pwt
I0109 18:27:15.240840  1940 master_component.cc:1391] NormalizeModelArgs: pwt_target_name=pwt, nwt_source_name=nwt, rwt_source_name=rwt
I0109 18:27:15.240840  1940 master_component.cc:952] MasterComponent: start normalizing model nwt
I0109 18:27:15.272091  1940 master_component.cc:980] MasterComponent: complete normalizing model nwt
I0109 18:27:15.287706  1940 master_component.cc:1415] DisposeModel rwt
I0109 18:27:15.287706  1940 master_component.cc:1005] FitOffline: ItemsProcessed, num_items=476, num_batches=5, token_weight=160411, token_weight_in_effect=160411
I0109 18:27:15.334583  5440 c_interface.cc:559] Pass GetScoreValueArgs, score_name=^^^ItemsProcessedScore^^^ to MasterComponent::Request
I0109 18:27:15.334583  5440 c_interface.cc:230] ArtmCopyRequestedMessage is copying 46 bytes...
I0109 18:27:15.334583  1940 c_interface.cc:386] Pass FitOfflineMasterModelArgs, batch_filename_size=5, batch_weight_size=5, num_collection_passes=1 to void (__cdecl artm::core::MasterComponent::*)(class artm::FitOfflineMasterModelArgs const & __ptr64) __ptr64
I0109 18:27:15.334583  1940 master_component.cc:1340] ProcessBatchesArgs: nwt_target_name=nwt, batch_filename_size=5, batch_size=0, batch_weight_size=5, pwt_source_name=pwt, num_document_passes=1, regularizer=(name:SparsePhi, tau:-100), class=(text:1), reuse_theta=yes, opt_for_avx=yes, predict_class_id=
I0109 18:27:15.365833  2736 processor.cc:802] Processor: start processing batch 29fcf790-858c-4b01-aaab-046a783ef997 into model nwt
I0109 18:27:15.365833  5212 processor.cc:802] Processor: start processing batch 4729d100-f53e-48c3-89cb-4d3e205e9eed into model nwt
I0109 18:27:15.365833  4924 processor.cc:802] Processor: start processing batch b0448279-06b5-49f1-82f2-95c1522f2aff into model nwt
I0109 18:27:15.365833  5816 processor.cc:802] Processor: start processing batch 32f93f35-a377-4827-8aac-063681623107 into model nwt
I0109 18:27:15.397080  5212 processor.cc:898] Processor: complete processing batch 4729d100-f53e-48c3-89cb-4d3e205e9eed into model nwt
