I0109 18:22:06.269799  4940 processor.cc:802] Processor: start processing batch 44b694d1-f839-4be8-a542-257e23fba544 into model nwt
I0109 18:22:06.301049  4940 processor.cc:898] Processor: complete processing batch 44b694d1-f839-4be8-a542-257e23fba544 into model nwt
I0109 18:22:06.301049  4940 cuckoo_watch.h:45] 46ms in ProcessBatch(school_batches\aaaaae.batch) [including 2ms in LoadMessage; 1ms in InitializeSparseNdw; 14ms in InferThetaAndUpdateNwtSparse; 13ms in CalculateScore(PerplexityScore); 2ms in CalculateScore(SparsityThetaScore); 9ms in CalculateScore(^^^ItemsProcessedScore^^^); ]
I0109 18:22:06.316674  3496 master_component.cc:1378] RegularizeModelArgs: rwt_target_name=rwt, pwt_source_name=pwt, nwt_source_name=nwt
I0109 18:22:06.316674  3496 master_component.cc:922] MasterComponent: start regularizing model pwt
I0109 18:22:06.379169  3496 master_component.cc:948] MasterComponent: complete regularizing model pwt
I0109 18:22:06.379169  3496 master_component.cc:1391] NormalizeModelArgs: pwt_target_name=pwt, nwt_source_name=nwt, rwt_source_name=rwt
I0109 18:22:06.379169  3496 master_component.cc:952] MasterComponent: start normalizing model nwt
I0109 18:22:06.410423  3496 master_component.cc:980] MasterComponent: complete normalizing model nwt
I0109 18:22:06.426046  3496 master_component.cc:1415] DisposeModel rwt
I0109 18:22:06.441670  3496 master_component.cc:1005] FitOffline: ItemsProcessed, num_items=476, num_batches=5, token_weight=160411, token_weight_in_effect=160411
I0109 18:22:06.457298  5440 c_interface.cc:559] Pass GetScoreValueArgs, score_name=^^^ItemsProcessedScore^^^ to MasterComponent::Request
I0109 18:22:06.457298  5440 c_interface.cc:230] ArtmCopyRequestedMessage is copying 46 bytes...
I0109 18:22:06.457298  3496 c_interface.cc:386] Pass FitOfflineMasterModelArgs, batch_filename_size=5, batch_weight_size=5, num_collection_passes=1 to void (__cdecl artm::core::MasterComponent::*)(class artm::FitOfflineMasterModelArgs const & __ptr64) __ptr64
I0109 18:22:06.457298  3496 master_component.cc:1340] ProcessBatchesArgs: nwt_target_name=nwt, batch_filename_size=5, batch_size=0, batch_weight_size=5, pwt_source_name=pwt, num_document_passes=1, regularizer=(name:SparsePhi, tau:-100), class=(text:1), reuse_theta=yes, opt_for_avx=yes, predict_class_id=
I0109 18:22:06.488548  2100 processor.cc:802] Processor: start processing batch 1de24efb-0ccb-4675-969b-f96871b11772 into model nwt
I0109 18:22:06.488548  5472 processor.cc:802] Processor: start processing batch 2ee3d90e-241f-4276-bc7a-dd604f3ae284 into model nwt
I0109 18:22:06.488548  5260 processor.cc:802] Processor: start processing batch 37dca3a1-b4a7-44b3-83d4-c6adb38c9d73 into model nwt
I0109 18:22:06.488548  4940 processor.cc:802] Processor: start processing batch 118856ca-d672-4e5d-a557-884ef7187ed9 into model nwt
I0109 18:22:06.519790  4940 processor.cc:898] Processor: complete processing batch 118856ca-d672-4e5d-a557-884ef7187ed9 into model nwt
I0109 18:22:06.519790  2100 processor.cc:898] Processor: complete processing batch 1de24efb-0ccb-4675-969b-f96871b11772 into model nwt
I0109 18:22:06.519790  5472 processor.cc:898] Processor: complete processing batch 2ee3d90e-241f-4276-bc7a-dd604f3ae284 into model nwt
I0109 18:22:06.519790  5260 processor.cc:898] Processor: complete processing batch 37dca3a1-b4a7-44b3-83d4-c6adb38c9d73 into model nwt
I0109 18:22:06.519790  4940 cuckoo_watch.h:45] 39ms in ProcessBatch(school_batches\aaaaad.batch) [including 2ms in LoadMessage; 1ms in InitializeSparseNdw; 11ms in InferThetaAndUpdateNwtSparse; 10ms in CalculateScore(PerplexityScore); 2ms in CalculateScore(SparsityThetaScore); 8ms in CalculateScore(^^^ItemsProcessedScore^^^); ]
I0109 18:22:06.519790  2100 cuckoo_watch.h:45] 40ms in ProcessBatch(school_batches\aaaaab.batch) [including 3ms in LoadMessage; 1ms in InitializeSparseNdw; 12ms in InferThetaAndUpdateNwtSparse; 11ms in CalculateScore(PerplexityScore); 2ms in CalculateScore(SparsityThetaScore); 8ms in CalculateScore(^^^ItemsProcessedScore^^^); ]
I0109 18:22:06.519790  5260 cuckoo_watch.h:45] 40ms in ProcessBatch(school_batches\aaaaac.batch) [including 3ms in LoadMessage; 1ms in InitializeSparseNdw; 12ms in InferThetaAndUpdateNwtSparse; 11ms in CalculateScore(PerplexityScore); 2ms in CalculateScore(SparsityThetaScore); 8ms in CalculateScore(^^^ItemsProcessedScore^^^); ]
I0109 18:22:06.519790  5472 cuckoo_watch.h:45] 42ms in ProcessBatch(school_batches\aaaaaa.batch) [including 2ms in LoadMessage; 1ms in InitializeSparseNdw; 12ms in InferThetaAndUpdateNwtSparse; 11ms in CalculateScore(PerplexityScore); 2ms in CalculateScore(SparsityThetaScore); 8ms in CalculateScore(^^^ItemsProcessedScore^^^); ]
I0109 18:22:06.519790  4940 processor.cc:802] Processor: start processing batch 44b694d1-f839-4be8-a542-257e23fba544 into model nwt
I0109 18:22:06.551040  4940 processor.cc:898] Processor: complete processing batch 44b694d1-f839-4be8-a542-257e23fba544 into model nwt
I0109 18:22:06.566665  4940 cuckoo_watch.h:45] 37ms in ProcessBatch(school_batches\aaaaae.batch) [including 3ms in LoadMessage; 1ms in InitializeSparseNdw; 11ms in InferThetaAndUpdateNwtSparse; 10ms in CalculateScore(PerplexityScore); 2ms in CalculateScore(SparsityThetaScore); 7ms in CalculateScore(^^^ItemsProcessedScore^^^); ]
I0109 18:22:06.582290  3496 master_component.cc:1378] RegularizeModelArgs: rwt_target_name=rwt, pwt_source_name=pwt, nwt_source_name=nwt
I0109 18:22:06.582290  3496 master_component.cc:922] MasterComponent: start regularizing model pwt
I0109 18:22:06.644793  3496 master_component.cc:948] MasterComponent: complete regularizing model pwt
I0109 18:22:06.644793  3496 master_component.cc:1391] NormalizeModelArgs: pwt_target_name=pwt, nwt_source_name=nwt, rwt_source_name=rwt
I0109 18:22:06.644793  3496 master_component.cc:952] MasterComponent: start normalizing model nwt
I0109 18:22:06.676053  3496 master_component.cc:980] MasterComponent: complete normalizing model nwt
I0109 18:22:06.691668  3496 master_component.cc:1415] DisposeModel rwt
I0109 18:22:06.707335  3496 master_component.cc:1005] FitOffline: ItemsProcessed, num_items=476, num_batches=5, token_weight=160411, token_weight_in_effect=160411
I0109 18:22:06.738860  5440 c_interface.cc:559] Pass GetScoreValueArgs, score_name=^^^ItemsProcessedScore^^^ to MasterComponent::Request
I0109 18:22:06.738860  5440 c_interface.cc:230] ArtmCopyRequestedMessage is copying 46 bytes...
I0109 18:22:06.738860  3496 c_interface.cc:386] Pass FitOfflineMasterModelArgs, batch_filename_size=5, batch_weight_size=5, num_collection_passes=1 to void (__cdecl artm::core::MasterComponent::*)(class artm::FitOfflineMasterModelArgs const & __ptr64) __ptr64
I0109 18:22:06.738860  3496 master_component.cc:1340] ProcessBatchesArgs: nwt_target_name=nwt, batch_filename_size=5, batch_size=0, batch_weight_size=5, pwt_source_name=pwt, num_document_passes=1, regularizer=(name:SparsePhi, tau:-100), class=(text:1), reuse_theta=yes, opt_for_avx=yes, predict_class_id=
I0109 18:22:06.785413  5472 processor.cc:802] Processor: start processing batch 2ee3d90e-241f-4276-bc7a-dd604f3ae284 into model nwt
I0109 18:22:06.785413  5260 processor.cc:802] Processor: start processing batch 1de24efb-0ccb-4675-969b-f96871b11772 into model nwt
I0109 18:22:06.785413  4940 processor.cc:802] Processor: start processing batch 37dca3a1-b4a7-44b3-83d4-c6adb38c9d73 into model nwt
I0109 18:22:06.785413  2100 processor.cc:802] Processor: start processing batch 118856ca-d672-4e5d-a557-884ef7187ed9 into model nwt
I0109 18:22:06.816661  5260 processor.cc:898] Processor: complete processing batch 1de24efb-0ccb-4675-969b-f96871b11772 into model nwt
I0109 18:22:06.816661  5472 processor.cc:898] Processor: complete processing batch 2ee3d90e-241f-4276-bc7a-dd604f3ae284 into model nwt
I0109 18:22:06.816661  4940 processor.cc:898] Processor: complete processing batch 37dca3a1-b4a7-44b3-83d4-c6adb38c9d73 into model nwt
I0109 18:22:06.816661  5260 cuckoo_watch.h:45] 39ms in ProcessBatch(school_batches\aaaaab.batch) [including 2ms in LoadMessage; 1ms in InitializeSparseNdw; 12ms in InferThetaAndUpdateNwtSparse; 11ms in CalculateScore(PerplexityScore); 2ms in CalculateScore(SparsityThetaScore); 8ms in CalculateScore(^^^ItemsProcessedScore^^^); ]
I0109 18:22:06.816661  4940 cuckoo_watch.h:45] 40ms in ProcessBatch(school_batches\aaaaac.batch) [including 2ms in LoadMessage; 1ms in InitializeSparseNdw; 12ms in InferThetaAndUpdateNwtSparse; 11ms in CalculateScore(PerplexityScore); 2ms in CalculateScore(SparsityThetaScore); 9ms in CalculateScore(^^^ItemsProcessedScore^^^); ]
I0109 18:22:06.816661  5472 cuckoo_watch.h:45] 40ms in ProcessBatch(school_batches\aaaaaa.batch) [including 2ms in LoadMessage; 1ms in InitializeSparseNdw; 11ms in InferThetaAndUpdateNwtSparse; 11ms in CalculateScore(PerplexityScore); 2ms in CalculateScore(SparsityThetaScore); 9ms in CalculateScore(^^^ItemsProcessedScore^^^); ]
I0109 18:22:06.816661  5260 processor.cc:802] Processor: start processing batch 44b694d1-f839-4be8-a542-257e23fba544 into model nwt
I0109 18:22:06.816661  2100 processor.cc:898] Processor: complete processing batch 118856ca-d672-4e5d-a557-884ef7187ed9 into model nwt
I0109 18:22:06.816661  2100 cuckoo_watch.h:45] 43ms in ProcessBatch(school_batches\aaaaad.batch) [including 6ms in LoadMessage; 1ms in InitializeSparseNdw; 11ms in InferThetaAndUpdateNwtSparse; 11ms in CalculateScore(PerplexityScore); 2ms in CalculateScore(SparsityThetaScore); 9ms in CalculateScore(^^^ItemsProcessedScore^^^); ]
I0109 18:22:06.847915  5260 processor.cc:898] Processor: complete processing batch 44b694d1-f839-4be8-a542-257e23fba544 into model nwt
I0109 18:22:06.847915  5260 cuckoo_watch.h:45] 36ms in ProcessBatch(school_batches\aaaaae.batch) [including 1ms in LoadMessage; 1ms in InitializeSparseNdw; 11ms in InferThetaAndUpdateNwtSparse; 10ms in CalculateScore(PerplexityScore); 2ms in CalculateScore(SparsityThetaScore); 8ms in CalculateScore(^^^ItemsProcessedScore^^^); ]
I0109 18:22:06.863538  3496 master_component.cc:1378] RegularizeModelArgs: rwt_target_name=rwt, pwt_source_name=pwt, nwt_source_name=nwt
I0109 18:22:06.863538  3496 master_component.cc:922] MasterComponent: start regularizing model pwt
I0109 18:22:06.926038  3496 master_component.cc:948] MasterComponent: complete regularizing model pwt
I0109 18:22:06.926038  3496 master_component.cc:1391] NormalizeModelArgs: pwt_target_name=pwt, nwt_source_name=nwt, rwt_source_name=rwt
I0109 18:22:06.926038  3496 master_component.cc:952] MasterComponent: start normalizing model nwt
I0109 18:22:06.957281  3496 master_component.cc:980] MasterComponent: complete normalizing model nwt
I0109 18:22:06.988533  3496 master_component.cc:1415] DisposeModel rwt
I0109 18:22:06.988533  3496 master_component.cc:1005] FitOffline: ItemsProcessed, num_items=476, num_batches=5, token_weight=160411, token_weight_in_effect=160411
I0109 18:22:07.004156  5440 c_interface.cc:559] Pass GetScoreValueArgs, score_name=^^^ItemsProcessedScore^^^ to MasterComponent::Request
I0109 18:22:07.004156  5440 c_interface.cc:230] ArtmCopyRequestedMessage is copying 46 bytes...
I0109 18:22:07.004156  3496 c_interface.cc:386] Pass FitOfflineMasterModelArgs, batch_filename_size=5, batch_weight_size=5, num_collection_passes=1 to void (__cdecl artm::core::MasterComponent::*)(class artm::FitOfflineMasterModelArgs const & __ptr64) __ptr64
I0109 18:22:07.004156  3496 master_component.cc:1340] ProcessBatchesArgs: nwt_target_name=nwt, batch_filename_size=5, batch_size=0, batch_weight_size=5, pwt_source_name=pwt, num_document_passes=1, regularizer=(name:SparsePhi, tau:-100), class=(text:1), reuse_theta=yes, opt_for_avx=yes, predict_class_id=
I0109 18:22:07.051036  5260 processor.cc:802] Processor: start processing batch 37dca3a1-b4a7-44b3-83d4-c6adb38c9d73 into model nwt
I0109 18:22:07.051036  2100 processor.cc:802] Processor: start processing batch 118856ca-d672-4e5d-a557-884ef7187ed9 into model nwt
I0109 18:22:07.051036  5472 processor.cc:802] Processor: start processing batch 2ee3d90e-241f-4276-bc7a-dd604f3ae284 into model nwt
I0109 18:22:07.066670  4940 processor.cc:802] Processor: start processing batch 1de24efb-0ccb-4675-969b-f96871b11772 into model nwt
I0109 18:22:07.082286  5260 processor.cc:898] Processor: complete processing batch 37dca3a1-b4a7-44b3-83d4-c6adb38c9d73 into model nwt
I0109 18:22:07.082286  2100 processor.cc:898] Processor: complete processing batch 118856ca-d672-4e5d-a557-884ef7187ed9 into model nwt
I0109 18:22:07.082286  5472 processor.cc:898] Processor: complete processing batch 2ee3d90e-241f-4276-bc7a-dd604f3ae284 into model nwt
I0109 18:22:07.082286  5260 cuckoo_watch.h:45] 45ms in ProcessBatch(school_batches\aaaaac.batch) [including 3ms in LoadMessage; 2ms in InitializeSparseNdw; 13ms in InferThetaAndUpdateNwtSparse; 12ms in CalculateScore(PerplexityScore); 2ms in CalculateScore(SparsityThetaScore); 9ms in CalculateScore(^^^ItemsProcessedScore^^^); ]
I0109 18:22:07.082286  2100 cuckoo_watch.h:45] 45ms in ProcessBatch(school_batches\aaaaad.batch) [including 2ms in LoadMessage; 2ms in InitializeSparseNdw; 14ms in InferThetaAndUpdateNwtSparse; 12ms in CalculateScore(PerplexityScore); 3ms in CalculateScore(SparsityThetaScore); 9ms in CalculateScore(^^^ItemsProcessedScore^^^); ]
I0109 18:22:07.082286  5472 cuckoo_watch.h:45] 45ms in ProcessBatch(school_batches\aaaaaa.batch) [including 2ms in LoadMessage; 2ms in InitializeSparseNdw; 12ms in InferThetaAndUpdateNwtSparse; 12ms in CalculateScore(PerplexityScore); 3ms in CalculateScore(SparsityThetaScore); 10ms in CalculateScore(^^^ItemsProcessedScore^^^); ]
I0109 18:22:07.097908  5260 processor.cc:802] Processor: start processing batch 44b694d1-f839-4be8-a542-257e23fba544 into model nwt
I0109 18:22:07.097908  4940 processor.cc:898] Processor: complete processing batch 1de24efb-0ccb-4675-969b-f96871b11772 into model nwt
I0109 18:22:07.097908  4940 cuckoo_watch.h:45] 58ms in ProcessBatch(school_batches\aaaaab.batch) [including 18ms in LoadMessage; 1ms in InitializeSparseNdw; 13ms in InferThetaAndUpdateNwtSparse; 11ms in CalculateScore(PerplexityScore); 2ms in CalculateScore(SparsityThetaScore); 8ms in CalculateScore(^^^ItemsProcessedScore^^^); ]
I0109 18:22:07.129156  5260 processor.cc:898] Processor: complete processing batch 44b694d1-f839-4be8-a542-257e23fba544 into model nwt
I0109 18:22:07.129156  5260 cuckoo_watch.h:45] 38ms in ProcessBatch(school_batches\aaaaae.batch) [including 2ms in LoadMessage; 1ms in InitializeSparseNdw; 12ms in InferThetaAndUpdateNwtSparse; 10ms in CalculateScore(PerplexityScore); 2ms in CalculateScore(SparsityThetaScore); 7ms in CalculateScore(^^^ItemsProcessedScore^^^); ]
I0109 18:22:07.144780  3496 master_component.cc:1378] RegularizeModelArgs: rwt_target_name=rwt, pwt_source_name=pwt, nwt_source_name=nwt
I0109 18:22:07.144780  3496 master_component.cc:922] MasterComponent: start regularizing model pwt
I0109 18:22:07.207324  3496 master_component.cc:948] MasterComponent: complete regularizing model pwt
I0109 18:22:07.207324  3496 master_component.cc:1391] NormalizeModelArgs: pwt_target_name=pwt, nwt_source_name=nwt, rwt_source_name=rwt
I0109 18:22:07.207324  3496 master_component.cc:952] MasterComponent: start normalizing model nwt
I0109 18:22:07.238535  3496 master_component.cc:980] MasterComponent: complete normalizing model nwt
I0109 18:22:07.254158  3496 master_component.cc:1415] DisposeModel rwt
I0109 18:22:07.254158  3496 master_component.cc:1005] FitOffline: ItemsProcessed, num_items=476, num_batches=5, token_weight=160411, token_weight_in_effect=160411
I0109 18:22:07.285408  5440 c_interface.cc:559] Pass GetScoreValueArgs, score_name=^^^ItemsProcessedScore^^^ to MasterComponent::Request
I0109 18:22:07.285408  5440 c_interface.cc:230] ArtmCopyRequestedMessage is copying 46 bytes...
I0109 18:22:07.285408  3496 c_interface.cc:386] Pass FitOfflineMasterModelArgs, batch_filename_size=5, batch_weight_size=5, num_collection_passes=1 to void (__cdecl artm::core::MasterComponent::*)(class artm::FitOfflineMasterModelArgs const & __ptr64) __ptr64
I0109 18:22:07.285408  3496 master_component.cc:1340] ProcessBatchesArgs: nwt_target_name=nwt, batch_filename_size=5, batch_size=0, batch_weight_size=5, pwt_source_name=pwt, num_document_passes=1, regularizer=(name:SparsePhi, tau:-100), class=(text:1), reuse_theta=yes, opt_for_avx=yes, predict_class_id=
I0109 18:22:07.316656  5260 processor.cc:802] Processor: start processing batch 2ee3d90e-241f-4276-bc7a-dd604f3ae284 into model nwt
I0109 18:22:07.316656  4940 processor.cc:802] Processor: start processing batch 37dca3a1-b4a7-44b3-83d4-c6adb38c9d73 into model nwt
I0109 18:22:07.316656  2100 processor.cc:802] Processor: start processing batch 1de24efb-0ccb-4675-969b-f96871b11772 into model nwt
I0109 18:22:07.316656  5472 processor.cc:802] Processor: start processing batch 118856ca-d672-4e5d-a557-884ef7187ed9 into model nwt
I0109 18:22:07.347903  5260 processor.cc:898] Processor: complete processing batch 2ee3d90e-241f-4276-bc7a-dd604f3ae284 into model nwt
I0109 18:22:07.347903  5260 cuckoo_watch.h:45] 39ms in ProcessBatch(school_batches\aaaaaa.batch) [including 2ms in LoadMessage; 1ms in InitializeSparseNdw; 11ms in InferThetaAndUpdateNwtSparse; 11ms in CalculateScore(PerplexityScore); 2ms in CalculateScore(SparsityThetaScore); 8ms in CalculateScore(^^^ItemsProcessedScore^^^); ]
I0109 18:22:07.347903  2100 processor.cc:898] Processor: complete processing batch 1de24efb-0ccb-4675-969b-f96871b11772 into model nwt
I0109 18:22:07.347903  5472 processor.cc:898] Processor: complete processing batch 118856ca-d672-4e5d-a557-884ef7187ed9 into model nwt
I0109 18:22:07.347903  2100 cuckoo_watch.h:45] 41ms in ProcessBatch(school_batches\aaaaab.batch) [including 2ms in LoadMessage; 1ms in InitializeSparseNdw; 11ms in InferThetaAndUpdateNwtSparse; 11ms in CalculateScore(PerplexityScore); 2ms in CalculateScore(SparsityThetaScore); 10ms in CalculateScore(^^^ItemsProcessedScore^^^); ]
I0109 18:22:07.347903  5472 cuckoo_watch.h:45] 40ms in ProcessBatch(school_batches\aaaaad.batch) [including 2ms in LoadMessage; 1ms in InitializeSparseNdw; 12ms in InferThetaAndUpdateNwtSparse; 11ms in CalculateScore(PerplexityScore); 2ms in CalculateScore(SparsityThetaScore); 9ms in CalculateScore(^^^ItemsProcessedScore^^^); ]
I0109 18:22:07.347903  4940 processor.cc:898] Processor: complete processing batch 37dca3a1-b4a7-44b3-83d4-c6adb38c9d73 into model nwt
I0109 18:22:07.347903  5260 processor.cc:802] Processor: start processing batch 44b694d1-f839-4be8-a542-257e23fba544 into model nwt
I0109 18:22:07.347903  4940 cuckoo_watch.h:45] 42ms in ProcessBatch(school_batches\aaaaac.batch) [including 2ms in LoadMessage; 1ms in InitializeSparseNdw; 12ms in InferThetaAndUpdateNwtSparse; 12ms in CalculateScore(PerplexityScore); 2ms in CalculateScore(SparsityThetaScore); 9ms in CalculateScore(^^^ItemsProcessedScore^^^); ]
I0109 18:22:07.379153  5260 processor.cc:898] Processor: complete processing batch 44b694d1-f839-4be8-a542-257e23fba544 into model nwt
I0109 18:22:07.379153  5260 cuckoo_watch.h:45] 38ms in ProcessBatch(school_batches\aaaaae.batch) [including 1ms in LoadMessage; 1ms in InitializeSparseNdw; 12ms in InferThetaAndUpdateNwtSparse; 11ms in CalculateScore(PerplexityScore); 2ms in CalculateScore(SparsityThetaScore); 8ms in CalculateScore(^^^ItemsProcessedScore^^^); ]
I0109 18:22:07.394776  3496 master_component.cc:1378] RegularizeModelArgs: rwt_target_name=rwt, pwt_source_name=pwt, nwt_source_name=nwt
I0109 18:22:07.394776  3496 master_component.cc:922] MasterComponent: start regularizing model pwt
I0109 18:22:07.457273  3496 master_component.cc:948] MasterComponent: complete regularizing model pwt
I0109 18:22:07.457273  3496 master_component.cc:1391] NormalizeModelArgs: pwt_target_name=pwt, nwt_source_name=nwt, rwt_source_name=rwt
I0109 18:22:07.457273  3496 master_component.cc:952] MasterComponent: start normalizing model nwt
I0109 18:22:07.488523  3496 master_component.cc:980] MasterComponent: complete normalizing model nwt
I0109 18:22:07.504148  3496 master_component.cc:1415] DisposeModel rwt
I0109 18:22:07.504148  3496 master_component.cc:1005] FitOffline: ItemsProcessed, num_items=476, num_batches=5, token_weight=160411, token_weight_in_effect=160411
I0109 18:22:07.551024  5440 c_interface.cc:559] Pass GetScoreValueArgs, score_name=^^^ItemsProcessedScore^^^ to MasterComponent::Request
I0109 18:22:07.551024  5440 c_interface.cc:230] ArtmCopyRequestedMessage is copying 46 bytes...
I0109 18:22:07.551024  3496 c_interface.cc:386] Pass FitOfflineMasterModelArgs, batch_filename_size=5, batch_weight_size=5, num_collection_passes=1 to void (__cdecl artm::core::MasterComponent::*)(class artm::FitOfflineMasterModelArgs const & __ptr64) __ptr64
I0109 18:22:07.551024  3496 master_component.cc:1340] ProcessBatchesArgs: nwt_target_name=nwt, batch_filename_size=5, batch_size=0, batch_weight_size=5, pwt_source_name=pwt, num_document_passes=1, regularizer=(name:SparsePhi, tau:-100), class=(text:1), reuse_theta=yes, opt_for_avx=yes, predict_class_id=
I0109 18:22:07.582278  2100 processor.cc:802] Processor: start processing batch 37dca3a1-b4a7-44b3-83d4-c6adb38c9d73 into model nwt
I0109 18:22:07.582278  4940 processor.cc:802] Processor: start processing batch 2ee3d90e-241f-4276-bc7a-dd604f3ae284 into model nwt
I0109 18:22:07.582278  5260 processor.cc:802] Processor: start processing batch 1de24efb-0ccb-4675-969b-f96871b11772 into model nwt
I0109 18:22:07.597901  5472 processor.cc:802] Processor: start processing batch 118856ca-d672-4e5d-a557-884ef7187ed9 into model nwt
I0109 18:22:07.613524  2100 processor.cc:898] Processor: complete processing batch 37dca3a1-b4a7-44b3-83d4-c6adb38c9d73 into model nwt
I0109 18:22:07.613524  2100 cuckoo_watch.h:45] 41ms in ProcessBatch(school_batches\aaaaac.batch) [including 2ms in LoadMessage; 1ms in InitializeSparseNdw; 13ms in InferThetaAndUpdateNwtSparse; 11ms in CalculateScore(PerplexityScore); 2ms in CalculateScore(SparsityThetaScore); 9ms in CalculateScore(^^^ItemsProcessedScore^^^); ]
I0109 18:22:07.613524  4940 processor.cc:898] Processor: complete processing batch 2ee3d90e-241f-4276-bc7a-dd604f3ae284 into model nwt
I0109 18:22:07.613524  4940 cuckoo_watch.h:45] 42ms in ProcessBatch(school_batches\aaaaaa.batch) [including 2ms in LoadMessage; 1ms in InitializeSparseNdw; 12ms in InferThetaAndUpdateNwtSparse; 12ms in CalculateScore(PerplexityScore); 2ms in CalculateScore(SparsityThetaScore); 9ms in CalculateScore(^^^ItemsProcessedScore^^^); ]
I0109 18:22:07.613524  5260 processor.cc:898] Processor: complete processing batch 1de24efb-0ccb-4675-969b-f96871b11772 into model nwt
I0109 18:22:07.613524  5260 cuckoo_watch.h:45] 43ms in ProcessBatch(school_batches\aaaaab.batch) [including 2ms in LoadMessage; 1ms in InitializeSparseNdw; 12ms in InferThetaAndUpdateNwtSparse; 12ms in CalculateScore(PerplexityScore); 2ms in CalculateScore(SparsityThetaScore); 10ms in CalculateScore(^^^ItemsProcessedScore^^^); ]
I0109 18:22:07.613524  2100 processor.cc:802] Processor: start processing batch 44b694d1-f839-4be8-a542-257e23fba544 into model nwt
I0109 18:22:07.629149  5472 processor.cc:898] Processor: complete processing batch 118856ca-d672-4e5d-a557-884ef7187ed9 into model nwt
I0109 18:22:07.629149  5472 cuckoo_watch.h:45] 43ms in ProcessBatch(school_batches\aaaaad.batch) [including 2ms in LoadMessage; 1ms in InitializeSparseNdw; 12ms in InferThetaAndUpdateNwtSparse; 12ms in CalculateScore(PerplexityScore); 3ms in CalculateScore(SparsityThetaScore); 10ms in CalculateScore(^^^ItemsProcessedScore^^^); ]
I0109 18:22:07.660396  2100 processor.cc:898] Processor: complete processing batch 44b694d1-f839-4be8-a542-257e23fba544 into model nwt
I0109 18:22:07.660396  2100 cuckoo_watch.h:45] 39ms in ProcessBatch(school_batches\aaaaae.batch) [including 1ms in LoadMessage; 1ms in InitializeSparseNdw; 12ms in InferThetaAndUpdateNwtSparse; 10ms in CalculateScore(PerplexityScore); 2ms in CalculateScore(SparsityThetaScore); 8ms in CalculateScore(^^^ItemsProcessedScore^^^); ]
I0109 18:22:07.676021  3496 master_component.cc:1378] RegularizeModelArgs: rwt_target_name=rwt, pwt_source_name=pwt, nwt_source_name=nwt
I0109 18:22:07.676021  3496 master_component.cc:922] MasterComponent: start regularizing model pwt
I0109 18:22:07.738519  3496 master_component.cc:948] MasterComponent: complete regularizing model pwt
I0109 18:22:07.738519  3496 master_component.cc:1391] NormalizeModelArgs: pwt_target_name=pwt, nwt_source_name=nwt, rwt_source_name=rwt
I0109 18:22:07.738519  3496 master_component.cc:952] MasterComponent: start normalizing model nwt
I0109 18:22:07.769767  3496 master_component.cc:980] MasterComponent: complete normalizing model nwt
I0109 18:22:07.785393  3496 master_component.cc:1415] DisposeModel rwt
I0109 18:22:07.785393  3496 master_component.cc:1005] FitOffline: ItemsProcessed, num_items=476, num_batches=5, token_weight=160411, token_weight_in_effect=160411
I0109 18:22:07.832267  5440 c_interface.cc:559] Pass GetScoreValueArgs, score_name=^^^ItemsProcessedScore^^^ to MasterComponent::Request
I0109 18:22:07.832267  5440 c_interface.cc:230] ArtmCopyRequestedMessage is copying 46 bytes...
I0109 18:22:07.832267  3496 c_interface.cc:386] Pass FitOfflineMasterModelArgs, batch_filename_size=5, batch_weight_size=5, num_collection_passes=1 to void (__cdecl artm::core::MasterComponent::*)(class artm::FitOfflineMasterModelArgs const & __ptr64) __ptr64
I0109 18:22:07.832267  3496 master_component.cc:1340] ProcessBatchesArgs: nwt_target_name=nwt, batch_filename_size=5, batch_size=0, batch_weight_size=5, pwt_source_name=pwt, num_document_passes=1, regularizer=(name:SparsePhi, tau:-100), class=(text:1), reuse_theta=yes, opt_for_avx=yes, predict_class_id=
I0109 18:22:07.879145  4940 processor.cc:802] Processor: start processing batch 37dca3a1-b4a7-44b3-83d4-c6adb38c9d73 into model nwt
I0109 18:22:07.879145  5472 processor.cc:802] Processor: start processing batch 1de24efb-0ccb-4675-969b-f96871b11772 into model nwt
I0109 18:22:07.879145  2100 processor.cc:802] Processor: start processing batch 2ee3d90e-241f-4276-bc7a-dd604f3ae284 into model nwt
I0109 18:22:07.894769  5260 processor.cc:802] Processor: start processing batch 118856ca-d672-4e5d-a557-884ef7187ed9 into model nwt
I0109 18:22:07.910395  2100 processor.cc:898] Processor: complete processing batch 2ee3d90e-241f-4276-bc7a-dd604f3ae284 into model nwt
I0109 18:22:07.910395  2100 cuckoo_watch.h:45] 42ms in ProcessBatch(school_batches\aaaaaa.batch) [including 2ms in LoadMessage; 2ms in InitializeSparseNdw; 12ms in InferThetaAndUpdateNwtSparse; 11ms in CalculateScore(PerplexityScore); 2ms in CalculateScore(SparsityThetaScore); 9ms in CalculateScore(^^^ItemsProcessedScore^^^); ]
I0109 18:22:07.910395  4940 processor.cc:898] Processor: complete processing batch 37dca3a1-b4a7-44b3-83d4-c6adb38c9d73 into model nwt
I0109 18:22:07.910395  4940 cuckoo_watch.h:45] 43ms in ProcessBatch(school_batches\aaaaac.batch) [including 2ms in LoadMessage; 1ms in InitializeSparseNdw; 13ms in InferThetaAndUpdateNwtSparse; 11ms in CalculateScore(PerplexityScore); 2ms in CalculateScore(SparsityThetaScore); 9ms in CalculateScore(^^^ItemsProcessedScore^^^); ]
I0109 18:22:07.910395  5472 processor.cc:898] Processor: complete processing batch 1de24efb-0ccb-4675-969b-f96871b11772 into model nwt
I0109 18:22:07.910395  5472 cuckoo_watch.h:45] 44ms in ProcessBatch(school_batches\aaaaab.batch) [including 2ms in LoadMessage; 2ms in InitializeSparseNdw; 13ms in InferThetaAndUpdateNwtSparse; 13ms in CalculateScore(PerplexityScore); 2ms in CalculateScore(SparsityThetaScore); 9ms in CalculateScore(^^^ItemsProcessedScore^^^); ]
I0109 18:22:07.910395  2100 processor.cc:802] Processor: start processing batch 44b694d1-f839-4be8-a542-257e23fba544 into model nwt
I0109 18:22:07.926019  5260 processor.cc:898] Processor: complete processing batch 118856ca-d672-4e5d-a557-884ef7187ed9 into model nwt
I0109 18:22:07.926019  5260 cuckoo_watch.h:45] 45ms in ProcessBatch(school_batches\aaaaad.batch) [including 2ms in LoadMessage; 1ms in InitializeSparseNdw; 13ms in InferThetaAndUpdateNwtSparse; 12ms in CalculateScore(PerplexityScore); 3ms in CalculateScore(SparsityThetaScore); 11ms in CalculateScore(^^^ItemsProcessedScore^^^); ]
I0109 18:22:07.957268  2100 processor.cc:898] Processor: complete processing batch 44b694d1-f839-4be8-a542-257e23fba544 into model nwt
I0109 18:22:07.957268  2100 cuckoo_watch.h:45] 42ms in ProcessBatch(school_batches\aaaaae.batch) [including 1ms in LoadMessage; 1ms in InitializeSparseNdw; 14ms in InferThetaAndUpdateNwtSparse; 11ms in CalculateScore(PerplexityScore); 2ms in CalculateScore(SparsityThetaScore); 8ms in CalculateScore(^^^ItemsProcessedScore^^^); ]
I0109 18:22:07.972893  3496 master_component.cc:1378] RegularizeModelArgs: rwt_target_name=rwt, pwt_source_name=pwt, nwt_source_name=nwt
I0109 18:22:07.972893  3496 master_component.cc:922] MasterComponent: start regularizing model pwt
I0109 18:22:08.035394  3496 master_component.cc:948] MasterComponent: complete regularizing model pwt
I0109 18:22:08.035394  3496 master_component.cc:1391] NormalizeModelArgs: pwt_target_name=pwt, nwt_source_name=nwt, rwt_source_name=rwt
I0109 18:22:08.035394  3496 master_component.cc:952] MasterComponent: start normalizing model nwt
I0109 18:22:08.066638  3496 master_component.cc:980] MasterComponent: complete normalizing model nwt
I0109 18:22:08.082262  3496 master_component.cc:1415] DisposeModel rwt
I0109 18:22:08.097887  3496 master_component.cc:1005] FitOffline: ItemsProcessed, num_items=476, num_batches=5, token_weight=160411, token_weight_in_effect=160411
I0109 18:22:08.160387  5440 c_interface.cc:559] Pass GetScoreValueArgs, score_name=^^^ItemsProcessedScore^^^ to MasterComponent::Request
I0109 18:22:08.160387  5440 c_interface.cc:230] ArtmCopyRequestedMessage is copying 46 bytes...
I0109 18:22:08.160387  3496 c_interface.cc:386] Pass FitOfflineMasterModelArgs, batch_filename_size=5, batch_weight_size=5, num_collection_passes=1 to void (__cdecl artm::core::MasterComponent::*)(class artm::FitOfflineMasterModelArgs const & __ptr64) __ptr64
I0109 18:22:08.160387  3496 master_component.cc:1340] ProcessBatchesArgs: nwt_target_name=nwt, batch_filename_size=5, batch_size=0, batch_weight_size=5, pwt_source_name=pwt, num_document_passes=1, regularizer=(name:SparsePhi, tau:-100), class=(text:1), reuse_theta=yes, opt_for_avx=yes, predict_class_id=
I0109 18:22:08.191640  4940 processor.cc:802] Processor: start processing batch 2ee3d90e-241f-4276-bc7a-dd604f3ae284 into model nwt
I0109 18:22:08.207264  5260 processor.cc:802] Processor: start processing batch 118856ca-d672-4e5d-a557-884ef7187ed9 into model nwt
I0109 18:22:08.207264  5472 processor.cc:802] Processor: start processing batch 37dca3a1-b4a7-44b3-83d4-c6adb38c9d73 into model nwt
I0109 18:22:08.207264  2100 processor.cc:802] Processor: start processing batch 1de24efb-0ccb-4675-969b-f96871b11772 into model nwt
I0109 18:22:08.222887  4940 processor.cc:898] Processor: complete processing batch 2ee3d90e-241f-4276-bc7a-dd604f3ae284 into model nwt
I0109 18:22:08.222887  4940 cuckoo_watch.h:45] 41ms in ProcessBatch(school_batches\aaaaaa.batch) [including 2ms in LoadMessage; 1ms in InitializeSparseNdw; 12ms in InferThetaAndUpdateNwtSparse; 11ms in CalculateScore(PerplexityScore); 2ms in CalculateScore(SparsityThetaScore); 9ms in CalculateScore(^^^ItemsProcessedScore^^^); ]
I0109 18:22:08.222887  4940 processor.cc:802] Processor: start processing batch 44b694d1-f839-4be8-a542-257e23fba544 into model nwt
I0109 18:22:08.238512  5260 processor.cc:898] Processor: complete processing batch 118856ca-d672-4e5d-a557-884ef7187ed9 into model nwt
I0109 18:22:08.238512  5260 cuckoo_watch.h:45] 39ms in ProcessBatch(school_batches\aaaaad.batch) [including 2ms in LoadMessage; 1ms in InitializeSparseNdw; 11ms in InferThetaAndUpdateNwtSparse; 11ms in CalculateScore(PerplexityScore); 2ms in CalculateScore(SparsityThetaScore); 9ms in CalculateScore(^^^ItemsProcessedScore^^^); ]
I0109 18:22:08.238512  5472 processor.cc:898] Processor: complete processing batch 37dca3a1-b4a7-44b3-83d4-c6adb38c9d73 into model nwt
I0109 18:22:08.238512  5472 cuckoo_watch.h:45] 40ms in ProcessBatch(school_batches\aaaaac.batch) [including 2ms in LoadMessage; 1ms in InitializeSparseNdw; 11ms in InferThetaAndUpdateNwtSparse; 12ms in CalculateScore(PerplexityScore); 2ms in CalculateScore(SparsityThetaScore); 9ms in CalculateScore(^^^ItemsProcessedScore^^^); ]
I0109 18:22:08.238512  2100 processor.cc:898] Processor: complete processing batch 1de24efb-0ccb-4675-969b-f96871b11772 into model nwt
I0109 18:22:08.238512  2100 cuckoo_watch.h:45] 41ms in ProcessBatch(school_batches\aaaaab.batch) [including 2ms in LoadMessage; 1ms in InitializeSparseNdw; 11ms in InferThetaAndUpdateNwtSparse; 12ms in CalculateScore(PerplexityScore); 2ms in CalculateScore(SparsityThetaScore); 9ms in CalculateScore(^^^ItemsProcessedScore^^^); ]
I0109 18:22:08.269764  4940 processor.cc:898] Processor: complete processing batch 44b694d1-f839-4be8-a542-257e23fba544 into model nwt
I0109 18:22:08.269764  4940 cuckoo_watch.h:45] 38ms in ProcessBatch(school_batches\aaaaae.batch) [including 1ms in LoadMessage; 1ms in InitializeSparseNdw; 11ms in InferThetaAndUpdateNwtSparse; 11ms in CalculateScore(PerplexityScore); 2ms in CalculateScore(SparsityThetaScore); 8ms in CalculateScore(^^^ItemsProcessedScore^^^); ]
I0109 18:22:08.285388  3496 master_component.cc:1378] RegularizeModelArgs: rwt_target_name=rwt, pwt_source_name=pwt, nwt_source_name=nwt
I0109 18:22:08.285388  3496 master_component.cc:922] MasterComponent: start regularizing model pwt
I0109 18:22:08.347890  3496 master_component.cc:948] MasterComponent: complete regularizing model pwt
I0109 18:22:08.347890  3496 master_component.cc:1391] NormalizeModelArgs: pwt_target_name=pwt, nwt_source_name=nwt, rwt_source_name=rwt
I0109 18:22:08.347890  3496 master_component.cc:952] MasterComponent: start normalizing model nwt
I0109 18:22:08.379132  3496 master_component.cc:980] MasterComponent: complete normalizing model nwt
I0109 18:22:08.394757  3496 master_component.cc:1415] DisposeModel rwt
I0109 18:22:08.394757  3496 master_component.cc:1005] FitOffline: ItemsProcessed, num_items=476, num_batches=5, token_weight=160411, token_weight_in_effect=160411
I0109 18:22:08.426009  5440 c_interface.cc:559] Pass GetScoreValueArgs, score_name=^^^ItemsProcessedScore^^^ to MasterComponent::Request
I0109 18:22:08.426009  5440 c_interface.cc:230] ArtmCopyRequestedMessage is copying 46 bytes...
I0109 18:22:08.426009  3496 c_interface.cc:386] Pass FitOfflineMasterModelArgs, batch_filename_size=5, batch_weight_size=5, num_collection_passes=1 to void (__cdecl artm::core::MasterComponent::*)(class artm::FitOfflineMasterModelArgs const & __ptr64) __ptr64
I0109 18:22:08.426009  3496 master_component.cc:1340] ProcessBatchesArgs: nwt_target_name=nwt, batch_filename_size=5, batch_size=0, batch_weight_size=5, pwt_source_name=pwt, num_document_passes=1, regularizer=(name:SparsePhi, tau:-100), class=(text:1), reuse_theta=yes, opt_for_avx=yes, predict_class_id=
I0109 18:22:08.457259  4940 processor.cc:802] Processor: start processing batch 1de24efb-0ccb-4675-969b-f96871b11772 into model nwt
I0109 18:22:08.457259  5472 processor.cc:802] Processor: start processing batch 118856ca-d672-4e5d-a557-884ef7187ed9 into model nwt
I0109 18:22:08.457259  2100 processor.cc:802] Processor: start processing batch 2ee3d90e-241f-4276-bc7a-dd604f3ae284 into model nwt
I0109 18:22:08.457259  5260 processor.cc:802] Processor: start processing batch 37dca3a1-b4a7-44b3-83d4-c6adb38c9d73 into model nwt
I0109 18:22:08.488507  5472 processor.cc:898] Processor: complete processing batch 118856ca-d672-4e5d-a557-884ef7187ed9 into model nwt
I0109 18:22:08.488507  2100 processor.cc:898] Processor: complete processing batch 2ee3d90e-241f-4276-bc7a-dd604f3ae284 into model nwt
I0109 18:22:08.488507  2100 cuckoo_watch.h:45] 41ms in ProcessBatch(school_batches\aaaaaa.batch) [including 2ms in LoadMessage; 1ms in InitializeSparseNdw; 12ms in InferThetaAndUpdateNwtSparse; 11ms in CalculateScore(PerplexityScore); 2ms in CalculateScore(SparsityThetaScore); 8ms in CalculateScore(^^^ItemsProcessedScore^^^); ]
I0109 18:22:08.488507  5472 cuckoo_watch.h:45] 40ms in ProcessBatch(school_batches\aaaaad.batch) [including 2ms in LoadMessage; 1ms in InitializeSparseNdw; 12ms in InferThetaAndUpdateNwtSparse; 11ms in CalculateScore(PerplexityScore); 2ms in CalculateScore(SparsityThetaScore); 8ms in CalculateScore(^^^ItemsProcessedScore^^^); ]
I0109 18:22:08.488507  5260 processor.cc:898] Processor: complete processing batch 37dca3a1-b4a7-44b3-83d4-c6adb38c9d73 into model nwt
I0109 18:22:08.488507  4940 processor.cc:898] Processor: complete processing batch 1de24efb-0ccb-4675-969b-f96871b11772 into model nwt
I0109 18:22:08.488507  5260 cuckoo_watch.h:45] 42ms in ProcessBatch(school_batches\aaaaac.batch) [including 2ms in LoadMessage; 1ms in InitializeSparseNdw; 12ms in InferThetaAndUpdateNwtSparse; 11ms in CalculateScore(PerplexityScore); 3ms in CalculateScore(SparsityThetaScore); 8ms in CalculateScore(^^^ItemsProcessedScore^^^); ]
I0109 18:22:08.488507  4940 cuckoo_watch.h:45] 42ms in ProcessBatch(school_batches\aaaaab.batch) [including 2ms in LoadMessage; 1ms in InitializeSparseNdw; 12ms in InferThetaAndUpdateNwtSparse; 12ms in CalculateScore(PerplexityScore); 2ms in CalculateScore(SparsityThetaScore); 9ms in CalculateScore(^^^ItemsProcessedScore^^^); ]
I0109 18:22:08.488507  2100 processor.cc:802] Processor: start processing batch 44b694d1-f839-4be8-a542-257e23fba544 into model nwt
I0109 18:22:08.519753  2100 processor.cc:898] Processor: complete processing batch 44b694d1-f839-4be8-a542-257e23fba544 into model nwt
I0109 18:22:08.519753  2100 cuckoo_watch.h:45] 36ms in ProcessBatch(school_batches\aaaaae.batch) [including 1ms in LoadMessage; 1ms in InitializeSparseNdw; 11ms in InferThetaAndUpdateNwtSparse; 9ms in CalculateScore(PerplexityScore); 2ms in CalculateScore(SparsityThetaScore); 7ms in CalculateScore(^^^ItemsProcessedScore^^^); ]
I0109 18:22:08.535382  3496 master_component.cc:1378] RegularizeModelArgs: rwt_target_name=rwt, pwt_source_name=pwt, nwt_source_name=nwt
I0109 18:22:08.535382  3496 master_component.cc:922] MasterComponent: start regularizing model pwt
I0109 18:22:08.582254  3496 master_component.cc:948] MasterComponent: complete regularizing model pwt
I0109 18:22:08.582254  3496 master_component.cc:1391] NormalizeModelArgs: pwt_target_name=pwt, nwt_source_name=nwt, rwt_source_name=rwt
I0109 18:22:08.582254  3496 master_component.cc:952] MasterComponent: start normalizing model nwt
I0109 18:22:08.629128  3496 master_component.cc:980] MasterComponent: complete normalizing model nwt
I0109 18:22:08.644757  3496 master_component.cc:1415] DisposeModel rwt
I0109 18:22:08.644757  3496 master_component.cc:1005] FitOffline: ItemsProcessed, num_items=476, num_batches=5, token_weight=160411, token_weight_in_effect=160411
I0109 18:22:08.691630  5440 c_interface.cc:559] Pass GetScoreValueArgs, score_name=^^^ItemsProcessedScore^^^ to MasterComponent::Request
I0109 18:22:08.691630  5440 c_interface.cc:230] ArtmCopyRequestedMessage is copying 46 bytes...
I0109 18:22:08.691630  3496 c_interface.cc:386] Pass FitOfflineMasterModelArgs, batch_filename_size=5, batch_weight_size=5, num_collection_passes=1 to void (__cdecl artm::core::MasterComponent::*)(class artm::FitOfflineMasterModelArgs const & __ptr64) __ptr64
I0109 18:22:08.691630  3496 master_component.cc:1340] ProcessBatchesArgs: nwt_target_name=nwt, batch_filename_size=5, batch_size=0, batch_weight_size=5, pwt_source_name=pwt, num_document_passes=1, regularizer=(name:SparsePhi, tau:-100), class=(text:1), reuse_theta=yes, opt_for_avx=yes, predict_class_id=
I0109 18:22:08.738502  5260 processor.cc:802] Processor: start processing batch 1de24efb-0ccb-4675-969b-f96871b11772 into model nwt
I0109 18:22:08.738502  5472 processor.cc:802] Processor: start processing batch 37dca3a1-b4a7-44b3-83d4-c6adb38c9d73 into model nwt
I0109 18:22:08.738502  2100 processor.cc:802] Processor: start processing batch 2ee3d90e-241f-4276-bc7a-dd604f3ae284 into model nwt
I0109 18:22:08.738502  4940 processor.cc:802] Processor: start processing batch 118856ca-d672-4e5d-a557-884ef7187ed9 into model nwt
I0109 18:22:08.769752  2100 processor.cc:898] Processor: complete processing batch 2ee3d90e-241f-4276-bc7a-dd604f3ae284 into model nwt
I0109 18:22:08.769752  2100 cuckoo_watch.h:45] 39ms in ProcessBatch(school_batches\aaaaaa.batch) [including 2ms in LoadMessage; 1ms in InitializeSparseNdw; 12ms in InferThetaAndUpdateNwtSparse; 10ms in CalculateScore(PerplexityScore); 2ms in CalculateScore(SparsityThetaScore); 9ms in CalculateScore(^^^ItemsProcessedScore^^^); ]
I0109 18:22:08.769752  4940 processor.cc:898] Processor: complete processing batch 118856ca-d672-4e5d-a557-884ef7187ed9 into model nwt
I0109 18:22:08.769752  4940 cuckoo_watch.h:45] 41ms in ProcessBatch(school_batches\aaaaad.batch) [including 4ms in LoadMessage; 1ms in InitializeSparseNdw; 11ms in InferThetaAndUpdateNwtSparse; 11ms in CalculateScore(PerplexityScore); 2ms in CalculateScore(SparsityThetaScore); 8ms in CalculateScore(^^^ItemsProcessedScore^^^); ]
I0109 18:22:08.769752  5260 processor.cc:898] Processor: complete processing batch 1de24efb-0ccb-4675-969b-f96871b11772 into model nwt
I0109 18:22:08.769752  5260 cuckoo_watch.h:45] 41ms in ProcessBatch(school_batches\aaaaab.batch) [including 2ms in LoadMessage; 1ms in InitializeSparseNdw; 12ms in InferThetaAndUpdateNwtSparse; 12ms in CalculateScore(PerplexityScore); 2ms in CalculateScore(SparsityThetaScore); 9ms in CalculateScore(^^^ItemsProcessedScore^^^); ]
I0109 18:22:08.769752  5472 processor.cc:898] Processor: complete processing batch 37dca3a1-b4a7-44b3-83d4-c6adb38c9d73 into model nwt
I0109 18:22:08.769752  2100 processor.cc:802] Processor: start processing batch 44b694d1-f839-4be8-a542-257e23fba544 into model nwt
I0109 18:22:08.769752  5472 cuckoo_watch.h:45] 42ms in ProcessBatch(school_batches\aaaaac.batch) [including 2ms in LoadMessage; 1ms in InitializeSparseNdw; 13ms in InferThetaAndUpdateNwtSparse; 11ms in CalculateScore(PerplexityScore); 2ms in CalculateScore(SparsityThetaScore); 9ms in CalculateScore(^^^ItemsProcessedScore^^^); ]
I0109 18:22:08.800999  2100 processor.cc:898] Processor: complete processing batch 44b694d1-f839-4be8-a542-257e23fba544 into model nwt
I0109 18:22:08.800999  2100 cuckoo_watch.h:45] 35ms in ProcessBatch(school_batches\aaaaae.batch) [including 1ms in LoadMessage; 1ms in InitializeSparseNdw; 11ms in InferThetaAndUpdateNwtSparse; 9ms in CalculateScore(PerplexityScore); 2ms in CalculateScore(SparsityThetaScore); 7ms in CalculateScore(^^^ItemsProcessedScore^^^); ]
I0109 18:22:08.816627  3496 master_component.cc:1378] RegularizeModelArgs: rwt_target_name=rwt, pwt_source_name=pwt, nwt_source_name=nwt
I0109 18:22:08.816627  3496 master_component.cc:922] MasterComponent: start regularizing model pwt
I0109 18:22:08.879135  3496 master_component.cc:948] MasterComponent: complete regularizing model pwt
I0109 18:22:08.879135  3496 master_component.cc:1391] NormalizeModelArgs: pwt_target_name=pwt, nwt_source_name=nwt, rwt_source_name=rwt
I0109 18:22:08.879135  3496 master_component.cc:952] MasterComponent: start normalizing model nwt
I0109 18:22:08.910378  3496 master_component.cc:980] MasterComponent: complete normalizing model nwt
I0109 18:22:08.941634  3496 master_component.cc:1415] DisposeModel rwt
I0109 18:22:08.941634  3496 master_component.cc:1005] FitOffline: ItemsProcessed, num_items=476, num_batches=5, token_weight=160411, token_weight_in_effect=160411
I0109 18:22:08.957252  5440 c_interface.cc:559] Pass GetScoreValueArgs, score_name=^^^ItemsProcessedScore^^^ to MasterComponent::Request
I0109 18:22:08.957252  5440 c_interface.cc:230] ArtmCopyRequestedMessage is copying 46 bytes...
I0109 18:22:08.957252  3496 c_interface.cc:386] Pass FitOfflineMasterModelArgs, batch_filename_size=5, batch_weight_size=5, num_collection_passes=1 to void (__cdecl artm::core::MasterComponent::*)(class artm::FitOfflineMasterModelArgs const & __ptr64) __ptr64
I0109 18:22:08.957252  3496 master_component.cc:1340] ProcessBatchesArgs: nwt_target_name=nwt, batch_filename_size=5, batch_size=0, batch_weight_size=5, pwt_source_name=pwt, num_document_passes=1, regularizer=(name:SparsePhi, tau:-100), class=(text:1), reuse_theta=yes, opt_for_avx=yes, predict_class_id=
I0109 18:22:08.988507  4940 processor.cc:802] Processor: start processing batch 118856ca-d672-4e5d-a557-884ef7187ed9 into model nwt
I0109 18:22:08.988507  5472 processor.cc:802] Processor: start processing batch 2ee3d90e-241f-4276-bc7a-dd604f3ae284 into model nwt
I0109 18:22:08.988507  2100 processor.cc:802] Processor: start processing batch 1de24efb-0ccb-4675-969b-f96871b11772 into model nwt
I0109 18:22:08.988507  5260 processor.cc:802] Processor: start processing batch 37dca3a1-b4a7-44b3-83d4-c6adb38c9d73 into model nwt
I0109 18:22:09.019750  5472 processor.cc:898] Processor: complete processing batch 2ee3d90e-241f-4276-bc7a-dd604f3ae284 into model nwt
I0109 18:22:09.019750  5472 cuckoo_watch.h:45] 40ms in ProcessBatch(school_batches\aaaaaa.batch) [including 2ms in LoadMessage; 1ms in InitializeSparseNdw; 11ms in InferThetaAndUpdateNwtSparse; 10ms in CalculateScore(PerplexityScore); 2ms in CalculateScore(SparsityThetaScore); 9ms in CalculateScore(^^^ItemsProcessedScore^^^); ]
I0109 18:22:09.019750  4940 processor.cc:898] Processor: complete processing batch 118856ca-d672-4e5d-a557-884ef7187ed9 into model nwt
I0109 18:22:09.019750  2100 processor.cc:898] Processor: complete processing batch 1de24efb-0ccb-4675-969b-f96871b11772 into model nwt
I0109 18:22:09.019750  4940 cuckoo_watch.h:45] 41ms in ProcessBatch(school_batches\aaaaad.batch) [including 2ms in LoadMessage; 1ms in InitializeSparseNdw; 12ms in InferThetaAndUpdateNwtSparse; 11ms in CalculateScore(PerplexityScore); 2ms in CalculateScore(SparsityThetaScore); 9ms in CalculateScore(^^^ItemsProcessedScore^^^); ]
I0109 18:22:09.019750  5260 processor.cc:898] Processor: complete processing batch 37dca3a1-b4a7-44b3-83d4-c6adb38c9d73 into model nwt
I0109 18:22:09.019750  2100 cuckoo_watch.h:45] 41ms in ProcessBatch(school_batches\aaaaab.batch) [including 2ms in LoadMessage; 1ms in InitializeSparseNdw; 11ms in InferThetaAndUpdateNwtSparse; 12ms in CalculateScore(PerplexityScore); 2ms in CalculateScore(SparsityThetaScore); 9ms in CalculateScore(^^^ItemsProcessedScore^^^); ]
I0109 18:22:09.019750  5260 cuckoo_watch.h:45] 41ms in ProcessBatch(school_batches\aaaaac.batch) [including 2ms in LoadMessage; 1ms in InitializeSparseNdw; 12ms in InferThetaAndUpdateNwtSparse; 11ms in CalculateScore(PerplexityScore); 2ms in CalculateScore(SparsityThetaScore); 9ms in CalculateScore(^^^ItemsProcessedScore^^^); ]
I0109 18:22:09.019750  5472 processor.cc:802] Processor: start processing batch 44b694d1-f839-4be8-a542-257e23fba544 into model nwt
I0109 18:22:09.066638  5472 processor.cc:898] Processor: complete processing batch 44b694d1-f839-4be8-a542-257e23fba544 into model nwt
I0109 18:22:09.066638  5472 cuckoo_watch.h:45] 42ms in ProcessBatch(school_batches\aaaaae.batch) [including 3ms in LoadMessage; 1ms in InitializeSparseNdw; 12ms in InferThetaAndUpdateNwtSparse; 11ms in CalculateScore(PerplexityScore); 2ms in CalculateScore(SparsityThetaScore); 8ms in CalculateScore(^^^ItemsProcessedScore^^^); ]
I0109 18:22:09.082267  3496 master_component.cc:1378] RegularizeModelArgs: rwt_target_name=rwt, pwt_source_name=pwt, nwt_source_name=nwt
I0109 18:22:09.082267  3496 master_component.cc:922] MasterComponent: start regularizing model pwt
I0109 18:22:09.144778  3496 master_component.cc:948] MasterComponent: complete regularizing model pwt
I0109 18:22:09.144778  3496 master_component.cc:1391] NormalizeModelArgs: pwt_target_name=pwt, nwt_source_name=nwt, rwt_source_name=rwt
I0109 18:22:09.144778  3496 master_component.cc:952] MasterComponent: start normalizing model nwt
I0109 18:22:09.175999  3496 master_component.cc:980] MasterComponent: complete normalizing model nwt
I0109 18:22:09.191625  3496 master_component.cc:1415] DisposeModel rwt
I0109 18:22:09.191625  3496 master_component.cc:1005] FitOffline: ItemsProcessed, num_items=476, num_batches=5, token_weight=160411, token_weight_in_effect=160411
I0109 18:22:09.222872  5440 c_interface.cc:559] Pass GetScoreValueArgs, score_name=^^^ItemsProcessedScore^^^ to MasterComponent::Request
I0109 18:22:09.222872  5440 c_interface.cc:230] ArtmCopyRequestedMessage is copying 46 bytes...
I0109 18:22:09.222872  3496 c_interface.cc:386] Pass FitOfflineMasterModelArgs, batch_filename_size=5, batch_weight_size=5, num_collection_passes=1 to void (__cdecl artm::core::MasterComponent::*)(class artm::FitOfflineMasterModelArgs const & __ptr64) __ptr64
I0109 18:22:09.222872  3496 master_component.cc:1340] ProcessBatchesArgs: nwt_target_name=nwt, batch_filename_size=5, batch_size=0, batch_weight_size=5, pwt_source_name=pwt, num_document_passes=1, regularizer=(name:SparsePhi, tau:-100), class=(text:1), reuse_theta=yes, opt_for_avx=yes, predict_class_id=
I0109 18:22:09.254128  5472 processor.cc:802] Processor: start processing batch 1de24efb-0ccb-4675-969b-f96871b11772 into model nwt
I0109 18:22:09.254128  2100 processor.cc:802] Processor: start processing batch 2ee3d90e-241f-4276-bc7a-dd604f3ae284 into model nwt
I0109 18:22:09.254128  4940 processor.cc:802] Processor: start processing batch 37dca3a1-b4a7-44b3-83d4-c6adb38c9d73 into model nwt
I0109 18:22:09.254128  5260 processor.cc:802] Processor: start processing batch 118856ca-d672-4e5d-a557-884ef7187ed9 into model nwt
I0109 18:22:09.285368  2100 processor.cc:898] Processor: complete processing batch 2ee3d90e-241f-4276-bc7a-dd604f3ae284 into model nwt
