I0109 18:24:44.531383  4924 processor.cc:802] Processor: start processing batch 4729d100-f53e-48c3-89cb-4d3e205e9eed into model nwt
I0109 18:24:44.562628  2736 processor.cc:898] Processor: complete processing batch b0448279-06b5-49f1-82f2-95c1522f2aff into model nwt
I0109 18:24:44.562628  4924 processor.cc:898] Processor: complete processing batch 4729d100-f53e-48c3-89cb-4d3e205e9eed into model nwt
I0109 18:24:44.562628  5816 processor.cc:898] Processor: complete processing batch 29fcf790-858c-4b01-aaab-046a783ef997 into model nwt
I0109 18:24:44.562628  2736 cuckoo_watch.h:45] 36ms in ProcessBatch(school_batches\aaaaab.batch) [including 2ms in LoadMessage; 1ms in InitializeSparseNdw; 9ms in InferThetaAndUpdateNwtSparse; 10ms in CalculateScore(PerplexityScore); 2ms in CalculateScore(SparsityThetaScore); 8ms in CalculateScore(^^^ItemsProcessedScore^^^); ]
I0109 18:24:44.562628  5212 processor.cc:898] Processor: complete processing batch 32f93f35-a377-4827-8aac-063681623107 into model nwt
I0109 18:24:44.562628  4924 cuckoo_watch.h:45] 36ms in ProcessBatch(school_batches\aaaaad.batch) [including 2ms in LoadMessage; 1ms in InitializeSparseNdw; 10ms in InferThetaAndUpdateNwtSparse; 10ms in CalculateScore(PerplexityScore); 2ms in CalculateScore(SparsityThetaScore); 8ms in CalculateScore(^^^ItemsProcessedScore^^^); ]
I0109 18:24:44.562628  5816 cuckoo_watch.h:45] 36ms in ProcessBatch(school_batches\aaaaaa.batch) [including 2ms in LoadMessage; 1ms in InitializeSparseNdw; 9ms in InferThetaAndUpdateNwtSparse; 10ms in CalculateScore(PerplexityScore); 2ms in CalculateScore(SparsityThetaScore); 8ms in CalculateScore(^^^ItemsProcessedScore^^^); ]
I0109 18:24:44.562628  5212 cuckoo_watch.h:45] 37ms in ProcessBatch(school_batches\aaaaac.batch) [including 2ms in LoadMessage; 1ms in InitializeSparseNdw; 10ms in InferThetaAndUpdateNwtSparse; 10ms in CalculateScore(PerplexityScore); 2ms in CalculateScore(SparsityThetaScore); 8ms in CalculateScore(^^^ItemsProcessedScore^^^); ]
I0109 18:24:44.562628  2736 processor.cc:802] Processor: start processing batch 8b59829b-225f-49e3-8299-16261b88a607 into model nwt
I0109 18:24:44.593878  2736 processor.cc:898] Processor: complete processing batch 8b59829b-225f-49e3-8299-16261b88a607 into model nwt
I0109 18:24:44.593878  2736 cuckoo_watch.h:45] 34ms in ProcessBatch(school_batches\aaaaae.batch) [including 1ms in LoadMessage; 1ms in InitializeSparseNdw; 9ms in InferThetaAndUpdateNwtSparse; 9ms in CalculateScore(PerplexityScore); 2ms in CalculateScore(SparsityThetaScore); 8ms in CalculateScore(^^^ItemsProcessedScore^^^); ]
I0109 18:24:44.609505  1940 master_component.cc:1391] NormalizeModelArgs: pwt_target_name=pwt, nwt_source_name=nwt, rwt_source_name=
I0109 18:24:44.609505  1940 master_component.cc:952] MasterComponent: start normalizing model nwt
I0109 18:24:44.640755  1940 master_component.cc:980] MasterComponent: complete normalizing model nwt
I0109 18:24:44.656383  1940 master_component.cc:1415] DisposeModel rwt
I0109 18:24:44.656383  1940 master_component.cc:1005] FitOffline: ItemsProcessed, num_items=476, num_batches=5, token_weight=160411, token_weight_in_effect=160411
I0109 18:24:44.718883  5440 c_interface.cc:559] Pass GetScoreValueArgs, score_name=^^^ItemsProcessedScore^^^ to MasterComponent::Request
I0109 18:24:44.718883  5440 c_interface.cc:230] ArtmCopyRequestedMessage is copying 46 bytes...
I0109 18:24:44.718883  1940 c_interface.cc:386] Pass FitOfflineMasterModelArgs, batch_filename_size=5, batch_weight_size=5, num_collection_passes=1 to void (__cdecl artm::core::MasterComponent::*)(class artm::FitOfflineMasterModelArgs const & __ptr64) __ptr64
I0109 18:24:44.718883  1940 master_component.cc:1340] ProcessBatchesArgs: nwt_target_name=nwt, batch_filename_size=5, batch_size=0, batch_weight_size=5, pwt_source_name=pwt, num_document_passes=1, class=(text:1), reuse_theta=yes, opt_for_avx=yes, predict_class_id=
I0109 18:24:44.781392  5816 processor.cc:802] Processor: start processing batch 32f93f35-a377-4827-8aac-063681623107 into model nwt
I0109 18:24:44.781392  2736 processor.cc:802] Processor: start processing batch 29fcf790-858c-4b01-aaab-046a783ef997 into model nwt
I0109 18:24:44.781392  4924 processor.cc:802] Processor: start processing batch 4729d100-f53e-48c3-89cb-4d3e205e9eed into model nwt
I0109 18:24:44.781392  5212 processor.cc:802] Processor: start processing batch b0448279-06b5-49f1-82f2-95c1522f2aff into model nwt
I0109 18:24:44.812633  5816 processor.cc:898] Processor: complete processing batch 32f93f35-a377-4827-8aac-063681623107 into model nwt
I0109 18:24:44.812633  4924 processor.cc:898] Processor: complete processing batch 4729d100-f53e-48c3-89cb-4d3e205e9eed into model nwt
I0109 18:24:44.812633  2736 processor.cc:898] Processor: complete processing batch 29fcf790-858c-4b01-aaab-046a783ef997 into model nwt
I0109 18:24:44.812633  5816 cuckoo_watch.h:45] 39ms in ProcessBatch(school_batches\aaaaac.batch) [including 2ms in LoadMessage; 1ms in InitializeSparseNdw; 10ms in InferThetaAndUpdateNwtSparse; 11ms in CalculateScore(PerplexityScore); 2ms in CalculateScore(SparsityThetaScore); 9ms in CalculateScore(^^^ItemsProcessedScore^^^); ]
I0109 18:24:44.812633  4924 cuckoo_watch.h:45] 39ms in ProcessBatch(school_batches\aaaaad.batch) [including 2ms in LoadMessage; 1ms in InitializeSparseNdw; 10ms in InferThetaAndUpdateNwtSparse; 11ms in CalculateScore(PerplexityScore); 2ms in CalculateScore(SparsityThetaScore); 9ms in CalculateScore(^^^ItemsProcessedScore^^^); ]
I0109 18:24:44.812633  2736 cuckoo_watch.h:45] 40ms in ProcessBatch(school_batches\aaaaaa.batch) [including 2ms in LoadMessage; 1ms in InitializeSparseNdw; 10ms in InferThetaAndUpdateNwtSparse; 11ms in CalculateScore(PerplexityScore); 2ms in CalculateScore(SparsityThetaScore); 9ms in CalculateScore(^^^ItemsProcessedScore^^^); ]
I0109 18:24:44.812633  5816 processor.cc:802] Processor: start processing batch 8b59829b-225f-49e3-8299-16261b88a607 into model nwt
I0109 18:24:44.828258  5212 processor.cc:898] Processor: complete processing batch b0448279-06b5-49f1-82f2-95c1522f2aff into model nwt
I0109 18:24:44.828258  5212 cuckoo_watch.h:45] 50ms in ProcessBatch(school_batches\aaaaab.batch) [including 3ms in LoadMessage; 2ms in InitializeSparseNdw; 13ms in InferThetaAndUpdateNwtSparse; 17ms in CalculateScore(PerplexityScore); 3ms in CalculateScore(SparsityThetaScore); 9ms in CalculateScore(^^^ItemsProcessedScore^^^); ]
I0109 18:24:44.843892  5816 processor.cc:898] Processor: complete processing batch 8b59829b-225f-49e3-8299-16261b88a607 into model nwt
I0109 18:24:44.859501  5816 cuckoo_watch.h:45] 39ms in ProcessBatch(school_batches\aaaaae.batch) [including 1ms in LoadMessage; 1ms in InitializeSparseNdw; 10ms in InferThetaAndUpdateNwtSparse; 11ms in CalculateScore(PerplexityScore); 2ms in CalculateScore(SparsityThetaScore); 8ms in CalculateScore(^^^ItemsProcessedScore^^^); ]
I0109 18:24:44.890753  1940 master_component.cc:1391] NormalizeModelArgs: pwt_target_name=pwt, nwt_source_name=nwt, rwt_source_name=
I0109 18:24:44.890753  1940 master_component.cc:952] MasterComponent: start normalizing model nwt
I0109 18:24:44.922009  1940 master_component.cc:980] MasterComponent: complete normalizing model nwt
I0109 18:24:44.937626  1940 master_component.cc:1415] DisposeModel rwt
I0109 18:24:44.937626  1940 master_component.cc:1005] FitOffline: ItemsProcessed, num_items=476, num_batches=5, token_weight=160411, token_weight_in_effect=160411
I0109 18:24:44.984514  5440 c_interface.cc:559] Pass GetScoreValueArgs, score_name=^^^ItemsProcessedScore^^^ to MasterComponent::Request
I0109 18:24:44.984514  5440 c_interface.cc:230] ArtmCopyRequestedMessage is copying 46 bytes...
I0109 18:24:44.984514  1940 c_interface.cc:386] Pass FitOfflineMasterModelArgs, batch_filename_size=5, batch_weight_size=5, num_collection_passes=1 to void (__cdecl artm::core::MasterComponent::*)(class artm::FitOfflineMasterModelArgs const & __ptr64) __ptr64
I0109 18:24:44.984514  1940 master_component.cc:1340] ProcessBatchesArgs: nwt_target_name=nwt, batch_filename_size=5, batch_size=0, batch_weight_size=5, pwt_source_name=pwt, num_document_passes=1, class=(text:1), reuse_theta=yes, opt_for_avx=yes, predict_class_id=
I0109 18:24:45.015750  5816 processor.cc:802] Processor: start processing batch 32f93f35-a377-4827-8aac-063681623107 into model nwt
I0109 18:24:45.015750  2736 processor.cc:802] Processor: start processing batch 29fcf790-858c-4b01-aaab-046a783ef997 into model nwt
I0109 18:24:45.015750  4924 processor.cc:802] Processor: start processing batch b0448279-06b5-49f1-82f2-95c1522f2aff into model nwt
I0109 18:24:45.031383  5212 processor.cc:802] Processor: start processing batch 4729d100-f53e-48c3-89cb-4d3e205e9eed into model nwt
I0109 18:24:45.047000  4924 processor.cc:898] Processor: complete processing batch b0448279-06b5-49f1-82f2-95c1522f2aff into model nwt
I0109 18:24:45.047000  2736 processor.cc:898] Processor: complete processing batch 29fcf790-858c-4b01-aaab-046a783ef997 into model nwt
I0109 18:24:45.047000  4924 cuckoo_watch.h:45] 39ms in ProcessBatch(school_batches\aaaaab.batch) [including 2ms in LoadMessage; 1ms in InitializeSparseNdw; 10ms in InferThetaAndUpdateNwtSparse; 11ms in CalculateScore(PerplexityScore); 2ms in CalculateScore(SparsityThetaScore); 9ms in CalculateScore(^^^ItemsProcessedScore^^^); ]
I0109 18:24:45.047000  2736 cuckoo_watch.h:45] 39ms in ProcessBatch(school_batches\aaaaaa.batch) [including 2ms in LoadMessage; 1ms in InitializeSparseNdw; 10ms in InferThetaAndUpdateNwtSparse; 11ms in CalculateScore(PerplexityScore); 2ms in CalculateScore(SparsityThetaScore); 8ms in CalculateScore(^^^ItemsProcessedScore^^^); ]
I0109 18:24:45.047000  5816 processor.cc:898] Processor: complete processing batch 32f93f35-a377-4827-8aac-063681623107 into model nwt
I0109 18:24:45.047000  5816 cuckoo_watch.h:45] 39ms in ProcessBatch(school_batches\aaaaac.batch) [including 2ms in LoadMessage; 1ms in InitializeSparseNdw; 10ms in InferThetaAndUpdateNwtSparse; 11ms in CalculateScore(PerplexityScore); 2ms in CalculateScore(SparsityThetaScore); 9ms in CalculateScore(^^^ItemsProcessedScore^^^); ]
I0109 18:24:45.047000  4924 processor.cc:802] Processor: start processing batch 8b59829b-225f-49e3-8299-16261b88a607 into model nwt
I0109 18:24:45.062626  5212 processor.cc:898] Processor: complete processing batch 4729d100-f53e-48c3-89cb-4d3e205e9eed into model nwt
I0109 18:24:45.062626  5212 cuckoo_watch.h:45] 56ms in ProcessBatch(school_batches\aaaaad.batch) [including 17ms in LoadMessage; 1ms in InitializeSparseNdw; 10ms in InferThetaAndUpdateNwtSparse; 12ms in CalculateScore(PerplexityScore); 2ms in CalculateScore(SparsityThetaScore); 9ms in CalculateScore(^^^ItemsProcessedScore^^^); ]
I0109 18:24:45.078253  4924 processor.cc:898] Processor: complete processing batch 8b59829b-225f-49e3-8299-16261b88a607 into model nwt
I0109 18:24:45.078253  4924 cuckoo_watch.h:45] 35ms in ProcessBatch(school_batches\aaaaae.batch) [including 1ms in LoadMessage; 1ms in InitializeSparseNdw; 10ms in InferThetaAndUpdateNwtSparse; 9ms in CalculateScore(PerplexityScore); 2ms in CalculateScore(SparsityThetaScore); 8ms in CalculateScore(^^^ItemsProcessedScore^^^); ]
I0109 18:24:45.093873  1940 master_component.cc:1391] NormalizeModelArgs: pwt_target_name=pwt, nwt_source_name=nwt, rwt_source_name=
I0109 18:24:45.093873  1940 master_component.cc:952] MasterComponent: start normalizing model nwt
I0109 18:24:45.125118  1940 master_component.cc:980] MasterComponent: complete normalizing model nwt
I0109 18:24:45.140743  1940 master_component.cc:1415] DisposeModel rwt
I0109 18:24:45.140743  1940 master_component.cc:1005] FitOffline: ItemsProcessed, num_items=476, num_batches=5, token_weight=160411, token_weight_in_effect=160411
I0109 18:24:45.203243  5440 c_interface.cc:559] Pass GetScoreValueArgs, score_name=^^^ItemsProcessedScore^^^ to MasterComponent::Request
I0109 18:24:45.203243  5440 c_interface.cc:230] ArtmCopyRequestedMessage is copying 46 bytes...
I0109 18:24:45.203243  1940 c_interface.cc:386] Pass FitOfflineMasterModelArgs, batch_filename_size=5, batch_weight_size=5, num_collection_passes=1 to void (__cdecl artm::core::MasterComponent::*)(class artm::FitOfflineMasterModelArgs const & __ptr64) __ptr64
I0109 18:24:45.203243  1940 master_component.cc:1340] ProcessBatchesArgs: nwt_target_name=nwt, batch_filename_size=5, batch_size=0, batch_weight_size=5, pwt_source_name=pwt, num_document_passes=1, class=(text:1), reuse_theta=yes, opt_for_avx=yes, predict_class_id=
I0109 18:24:45.250118  5816 processor.cc:802] Processor: start processing batch 4729d100-f53e-48c3-89cb-4d3e205e9eed into model nwt
I0109 18:24:45.250118  2736 processor.cc:802] Processor: start processing batch 29fcf790-858c-4b01-aaab-046a783ef997 into model nwt
I0109 18:24:45.250118  4924 processor.cc:802] Processor: start processing batch b0448279-06b5-49f1-82f2-95c1522f2aff into model nwt
I0109 18:24:45.250118  5212 processor.cc:802] Processor: start processing batch 32f93f35-a377-4827-8aac-063681623107 into model nwt
I0109 18:24:45.281365  2736 processor.cc:898] Processor: complete processing batch 29fcf790-858c-4b01-aaab-046a783ef997 into model nwt
I0109 18:24:45.281365  4924 processor.cc:898] Processor: complete processing batch b0448279-06b5-49f1-82f2-95c1522f2aff into model nwt
I0109 18:24:45.281365  5816 processor.cc:898] Processor: complete processing batch 4729d100-f53e-48c3-89cb-4d3e205e9eed into model nwt
I0109 18:24:45.281365  2736 cuckoo_watch.h:45] 36ms in ProcessBatch(school_batches\aaaaaa.batch) [including 2ms in LoadMessage; 1ms in InitializeSparseNdw; 9ms in InferThetaAndUpdateNwtSparse; 10ms in CalculateScore(PerplexityScore); 2ms in CalculateScore(SparsityThetaScore); 8ms in CalculateScore(^^^ItemsProcessedScore^^^); ]
I0109 18:24:45.281365  4924 cuckoo_watch.h:45] 36ms in ProcessBatch(school_batches\aaaaab.batch) [including 2ms in LoadMessage; 1ms in InitializeSparseNdw; 9ms in InferThetaAndUpdateNwtSparse; 10ms in CalculateScore(PerplexityScore); 2ms in CalculateScore(SparsityThetaScore); 8ms in CalculateScore(^^^ItemsProcessedScore^^^); ]
I0109 18:24:45.281365  5816 cuckoo_watch.h:45] 36ms in ProcessBatch(school_batches\aaaaad.batch) [including 2ms in LoadMessage; 1ms in InitializeSparseNdw; 10ms in InferThetaAndUpdateNwtSparse; 10ms in CalculateScore(PerplexityScore); 2ms in CalculateScore(SparsityThetaScore); 8ms in CalculateScore(^^^ItemsProcessedScore^^^); ]
I0109 18:24:45.281365  5212 processor.cc:898] Processor: complete processing batch 32f93f35-a377-4827-8aac-063681623107 into model nwt
I0109 18:24:45.281365  5212 cuckoo_watch.h:45] 37ms in ProcessBatch(school_batches\aaaaac.batch) [including 2ms in LoadMessage; 1ms in InitializeSparseNdw; 10ms in InferThetaAndUpdateNwtSparse; 11ms in CalculateScore(PerplexityScore); 2ms in CalculateScore(SparsityThetaScore); 8ms in CalculateScore(^^^ItemsProcessedScore^^^); ]
I0109 18:24:45.281365  2736 processor.cc:802] Processor: start processing batch 8b59829b-225f-49e3-8299-16261b88a607 into model nwt
I0109 18:24:45.312613  2736 processor.cc:898] Processor: complete processing batch 8b59829b-225f-49e3-8299-16261b88a607 into model nwt
I0109 18:24:45.312613  2736 cuckoo_watch.h:45] 33ms in ProcessBatch(school_batches\aaaaae.batch) [including 1ms in LoadMessage; 1ms in InitializeSparseNdw; 9ms in InferThetaAndUpdateNwtSparse; 9ms in CalculateScore(PerplexityScore); 2ms in CalculateScore(SparsityThetaScore); 7ms in CalculateScore(^^^ItemsProcessedScore^^^); ]
I0109 18:24:45.328240  1940 master_component.cc:1391] NormalizeModelArgs: pwt_target_name=pwt, nwt_source_name=nwt, rwt_source_name=
I0109 18:24:45.328240  1940 master_component.cc:952] MasterComponent: start normalizing model nwt
I0109 18:24:45.359491  1940 master_component.cc:980] MasterComponent: complete normalizing model nwt
I0109 18:24:45.375113  1940 master_component.cc:1415] DisposeModel rwt
I0109 18:24:45.375113  1940 master_component.cc:1005] FitOffline: ItemsProcessed, num_items=476, num_batches=5, token_weight=160411, token_weight_in_effect=160411
I0109 18:24:45.421995  5440 c_interface.cc:559] Pass GetScoreValueArgs, score_name=^^^ItemsProcessedScore^^^ to MasterComponent::Request
I0109 18:24:45.421995  5440 c_interface.cc:230] ArtmCopyRequestedMessage is copying 46 bytes...
I0109 18:24:45.421995  1940 c_interface.cc:386] Pass FitOfflineMasterModelArgs, batch_filename_size=5, batch_weight_size=5, num_collection_passes=1 to void (__cdecl artm::core::MasterComponent::*)(class artm::FitOfflineMasterModelArgs const & __ptr64) __ptr64
I0109 18:24:45.421995  1940 master_component.cc:1340] ProcessBatchesArgs: nwt_target_name=nwt, batch_filename_size=5, batch_size=0, batch_weight_size=5, pwt_source_name=pwt, num_document_passes=1, class=(text:1), reuse_theta=yes, opt_for_avx=yes, predict_class_id=
I0109 18:24:45.453243  5212 processor.cc:802] Processor: start processing batch 29fcf790-858c-4b01-aaab-046a783ef997 into model nwt
I0109 18:24:45.453243  4924 processor.cc:802] Processor: start processing batch b0448279-06b5-49f1-82f2-95c1522f2aff into model nwt
I0109 18:24:45.468873  2736 processor.cc:802] Processor: start processing batch 32f93f35-a377-4827-8aac-063681623107 into model nwt
I0109 18:24:45.468873  5816 processor.cc:802] Processor: start processing batch 4729d100-f53e-48c3-89cb-4d3e205e9eed into model nwt
I0109 18:24:45.484494  4924 processor.cc:898] Processor: complete processing batch b0448279-06b5-49f1-82f2-95c1522f2aff into model nwt
I0109 18:24:45.484494  4924 cuckoo_watch.h:45] 37ms in ProcessBatch(school_batches\aaaaab.batch) [including 2ms in LoadMessage; 1ms in InitializeSparseNdw; 10ms in InferThetaAndUpdateNwtSparse; 11ms in CalculateScore(PerplexityScore); 2ms in CalculateScore(SparsityThetaScore); 8ms in CalculateScore(^^^ItemsProcessedScore^^^); ]
I0109 18:24:45.484494  5212 processor.cc:898] Processor: complete processing batch 29fcf790-858c-4b01-aaab-046a783ef997 into model nwt
I0109 18:24:45.484494  5212 cuckoo_watch.h:45] 39ms in ProcessBatch(school_batches\aaaaaa.batch) [including 2ms in LoadMessage; 1ms in InitializeSparseNdw; 10ms in InferThetaAndUpdateNwtSparse; 12ms in CalculateScore(PerplexityScore); 2ms in CalculateScore(SparsityThetaScore); 9ms in CalculateScore(^^^ItemsProcessedScore^^^); ]
I0109 18:24:45.484494  4924 processor.cc:802] Processor: start processing batch 8b59829b-225f-49e3-8299-16261b88a607 into model nwt
I0109 18:24:45.500118  5816 processor.cc:898] Processor: complete processing batch 4729d100-f53e-48c3-89cb-4d3e205e9eed into model nwt
I0109 18:24:45.500118  2736 processor.cc:898] Processor: complete processing batch 32f93f35-a377-4827-8aac-063681623107 into model nwt
I0109 18:24:45.500118  5816 cuckoo_watch.h:45] 36ms in ProcessBatch(school_batches\aaaaad.batch) [including 2ms in LoadMessage; 1ms in InitializeSparseNdw; 9ms in InferThetaAndUpdateNwtSparse; 10ms in CalculateScore(PerplexityScore); 2ms in CalculateScore(SparsityThetaScore); 8ms in CalculateScore(^^^ItemsProcessedScore^^^); ]
I0109 18:24:45.500118  2736 cuckoo_watch.h:45] 36ms in ProcessBatch(school_batches\aaaaac.batch) [including 2ms in LoadMessage; 1ms in InitializeSparseNdw; 9ms in InferThetaAndUpdateNwtSparse; 10ms in CalculateScore(PerplexityScore); 2ms in CalculateScore(SparsityThetaScore); 8ms in CalculateScore(^^^ItemsProcessedScore^^^); ]
I0109 18:24:45.515748  4924 processor.cc:898] Processor: complete processing batch 8b59829b-225f-49e3-8299-16261b88a607 into model nwt
I0109 18:24:45.515748  4924 cuckoo_watch.h:45] 32ms in ProcessBatch(school_batches\aaaaae.batch) [including 1ms in LoadMessage; 1ms in InitializeSparseNdw; 9ms in InferThetaAndUpdateNwtSparse; 9ms in CalculateScore(PerplexityScore); 2ms in CalculateScore(SparsityThetaScore); 7ms in CalculateScore(^^^ItemsProcessedScore^^^); ]
I0109 18:24:45.531368  1940 master_component.cc:1391] NormalizeModelArgs: pwt_target_name=pwt, nwt_source_name=nwt, rwt_source_name=
I0109 18:24:45.531368  1940 master_component.cc:952] MasterComponent: start normalizing model nwt
I0109 18:24:45.562633  1940 master_component.cc:980] MasterComponent: complete normalizing model nwt
I0109 18:24:45.578244  1940 master_component.cc:1415] DisposeModel rwt
I0109 18:24:45.578244  1940 master_component.cc:1005] FitOffline: ItemsProcessed, num_items=476, num_batches=5, token_weight=160411, token_weight_in_effect=160411
I0109 18:24:45.640739  5440 c_interface.cc:559] Pass GetScoreValueArgs, score_name=^^^ItemsProcessedScore^^^ to MasterComponent::Request
I0109 18:24:45.640739  5440 c_interface.cc:230] ArtmCopyRequestedMessage is copying 46 bytes...
I0109 18:24:45.640739  1940 c_interface.cc:386] Pass FitOfflineMasterModelArgs, batch_filename_size=5, batch_weight_size=5, num_collection_passes=1 to void (__cdecl artm::core::MasterComponent::*)(class artm::FitOfflineMasterModelArgs const & __ptr64) __ptr64
I0109 18:24:45.640739  1940 master_component.cc:1340] ProcessBatchesArgs: nwt_target_name=nwt, batch_filename_size=5, batch_size=0, batch_weight_size=5, pwt_source_name=pwt, num_document_passes=1, class=(text:1), reuse_theta=yes, opt_for_avx=yes, predict_class_id=
I0109 18:24:45.671988  5816 processor.cc:802] Processor: start processing batch 4729d100-f53e-48c3-89cb-4d3e205e9eed into model nwt
I0109 18:24:45.671988  4924 processor.cc:802] Processor: start processing batch 32f93f35-a377-4827-8aac-063681623107 into model nwt
I0109 18:24:45.671988  2736 processor.cc:802] Processor: start processing batch b0448279-06b5-49f1-82f2-95c1522f2aff into model nwt
I0109 18:24:45.671988  5212 processor.cc:802] Processor: start processing batch 29fcf790-858c-4b01-aaab-046a783ef997 into model nwt
I0109 18:24:45.703235  5212 processor.cc:898] Processor: complete processing batch 29fcf790-858c-4b01-aaab-046a783ef997 into model nwt
I0109 18:24:45.703235  4924 processor.cc:898] Processor: complete processing batch 32f93f35-a377-4827-8aac-063681623107 into model nwt
I0109 18:24:45.703235  2736 processor.cc:898] Processor: complete processing batch b0448279-06b5-49f1-82f2-95c1522f2aff into model nwt
I0109 18:24:45.703235  5816 processor.cc:898] Processor: complete processing batch 4729d100-f53e-48c3-89cb-4d3e205e9eed into model nwt
I0109 18:24:45.703235  5212 cuckoo_watch.h:45] 36ms in ProcessBatch(school_batches\aaaaaa.batch) [including 2ms in LoadMessage; 1ms in InitializeSparseNdw; 9ms in InferThetaAndUpdateNwtSparse; 10ms in CalculateScore(PerplexityScore); 2ms in CalculateScore(SparsityThetaScore); 8ms in CalculateScore(^^^ItemsProcessedScore^^^); ]
I0109 18:24:45.703235  4924 cuckoo_watch.h:45] 36ms in ProcessBatch(school_batches\aaaaac.batch) [including 2ms in LoadMessage; 1ms in InitializeSparseNdw; 10ms in InferThetaAndUpdateNwtSparse; 10ms in CalculateScore(PerplexityScore); 2ms in CalculateScore(SparsityThetaScore); 8ms in CalculateScore(^^^ItemsProcessedScore^^^); ]
I0109 18:24:45.703235  2736 cuckoo_watch.h:45] 36ms in ProcessBatch(school_batches\aaaaab.batch) [including 2ms in LoadMessage; 1ms in InitializeSparseNdw; 9ms in InferThetaAndUpdateNwtSparse; 10ms in CalculateScore(PerplexityScore); 2ms in CalculateScore(SparsityThetaScore); 8ms in CalculateScore(^^^ItemsProcessedScore^^^); ]
I0109 18:24:45.703235  5816 cuckoo_watch.h:45] 37ms in ProcessBatch(school_batches\aaaaad.batch) [including 2ms in LoadMessage; 1ms in InitializeSparseNdw; 10ms in InferThetaAndUpdateNwtSparse; 10ms in CalculateScore(PerplexityScore); 2ms in CalculateScore(SparsityThetaScore); 8ms in CalculateScore(^^^ItemsProcessedScore^^^); ]
I0109 18:24:45.703235  5212 processor.cc:802] Processor: start processing batch 8b59829b-225f-49e3-8299-16261b88a607 into model nwt
I0109 18:24:45.734491  5212 processor.cc:898] Processor: complete processing batch 8b59829b-225f-49e3-8299-16261b88a607 into model nwt
I0109 18:24:45.734491  5212 cuckoo_watch.h:45] 33ms in ProcessBatch(school_batches\aaaaae.batch) [including 1ms in LoadMessage; 1ms in InitializeSparseNdw; 10ms in InferThetaAndUpdateNwtSparse; 9ms in CalculateScore(PerplexityScore); 2ms in CalculateScore(SparsityThetaScore); 7ms in CalculateScore(^^^ItemsProcessedScore^^^); ]
I0109 18:24:45.750113  1940 master_component.cc:1391] NormalizeModelArgs: pwt_target_name=pwt, nwt_source_name=nwt, rwt_source_name=
I0109 18:24:45.750113  1940 master_component.cc:952] MasterComponent: start normalizing model nwt
I0109 18:24:45.781368  1940 master_component.cc:980] MasterComponent: complete normalizing model nwt
I0109 18:24:45.796986  1940 master_component.cc:1415] DisposeModel rwt
I0109 18:24:45.796986  1940 master_component.cc:1005] FitOffline: ItemsProcessed, num_items=476, num_batches=5, token_weight=160411, token_weight_in_effect=160411
I0109 18:24:45.859490  5440 c_interface.cc:559] Pass GetScoreValueArgs, score_name=^^^ItemsProcessedScore^^^ to MasterComponent::Request
I0109 18:24:45.859490  5440 c_interface.cc:230] ArtmCopyRequestedMessage is copying 46 bytes...
I0109 18:24:45.859490  1940 c_interface.cc:386] Pass FitOfflineMasterModelArgs, batch_filename_size=5, batch_weight_size=5, num_collection_passes=1 to void (__cdecl artm::core::MasterComponent::*)(class artm::FitOfflineMasterModelArgs const & __ptr64) __ptr64
I0109 18:24:45.859490  1940 master_component.cc:1340] ProcessBatchesArgs: nwt_target_name=nwt, batch_filename_size=5, batch_size=0, batch_weight_size=5, pwt_source_name=pwt, num_document_passes=1, class=(text:1), reuse_theta=yes, opt_for_avx=yes, predict_class_id=
I0109 18:24:45.890731  5212 processor.cc:802] Processor: start processing batch b0448279-06b5-49f1-82f2-95c1522f2aff into model nwt
I0109 18:24:45.890731  5816 processor.cc:802] Processor: start processing batch 29fcf790-858c-4b01-aaab-046a783ef997 into model nwt
I0109 18:24:45.890731  2736 processor.cc:802] Processor: start processing batch 4729d100-f53e-48c3-89cb-4d3e205e9eed into model nwt
I0109 18:24:45.890731  4924 processor.cc:802] Processor: start processing batch 32f93f35-a377-4827-8aac-063681623107 into model nwt
I0109 18:24:45.921989  5816 processor.cc:898] Processor: complete processing batch 29fcf790-858c-4b01-aaab-046a783ef997 into model nwt
I0109 18:24:45.921989  5212 processor.cc:898] Processor: complete processing batch b0448279-06b5-49f1-82f2-95c1522f2aff into model nwt
I0109 18:24:45.921989  5816 cuckoo_watch.h:45] 36ms in ProcessBatch(school_batches\aaaaaa.batch) [including 2ms in LoadMessage; 1ms in InitializeSparseNdw; 10ms in InferThetaAndUpdateNwtSparse; 10ms in CalculateScore(PerplexityScore); 2ms in CalculateScore(SparsityThetaScore); 9ms in CalculateScore(^^^ItemsProcessedScore^^^); ]
I0109 18:24:45.921989  4924 processor.cc:898] Processor: complete processing batch 32f93f35-a377-4827-8aac-063681623107 into model nwt
I0109 18:24:45.921989  5212 cuckoo_watch.h:45] 38ms in ProcessBatch(school_batches\aaaaab.batch) [including 2ms in LoadMessage; 1ms in InitializeSparseNdw; 9ms in InferThetaAndUpdateNwtSparse; 10ms in CalculateScore(PerplexityScore); 2ms in CalculateScore(SparsityThetaScore); 9ms in CalculateScore(^^^ItemsProcessedScore^^^); ]
I0109 18:24:45.921989  2736 processor.cc:898] Processor: complete processing batch 4729d100-f53e-48c3-89cb-4d3e205e9eed into model nwt
I0109 18:24:45.921989  4924 cuckoo_watch.h:45] 39ms in ProcessBatch(school_batches\aaaaac.batch) [including 2ms in LoadMessage; 1ms in InitializeSparseNdw; 9ms in InferThetaAndUpdateNwtSparse; 10ms in CalculateScore(PerplexityScore); 2ms in CalculateScore(SparsityThetaScore); 9ms in CalculateScore(^^^ItemsProcessedScore^^^); ]
I0109 18:24:45.921989  2736 cuckoo_watch.h:45] 39ms in ProcessBatch(school_batches\aaaaad.batch) [including 2ms in LoadMessage; 1ms in InitializeSparseNdw; 10ms in InferThetaAndUpdateNwtSparse; 10ms in CalculateScore(PerplexityScore); 2ms in CalculateScore(SparsityThetaScore); 10ms in CalculateScore(^^^ItemsProcessedScore^^^); ]
I0109 18:24:45.921989  5816 processor.cc:802] Processor: start processing batch 8b59829b-225f-49e3-8299-16261b88a607 into model nwt
I0109 18:24:45.953228  5816 processor.cc:898] Processor: complete processing batch 8b59829b-225f-49e3-8299-16261b88a607 into model nwt
I0109 18:24:45.953228  5816 cuckoo_watch.h:45] 37ms in ProcessBatch(school_batches\aaaaae.batch) [including 3ms in LoadMessage; 1ms in InitializeSparseNdw; 10ms in InferThetaAndUpdateNwtSparse; 9ms in CalculateScore(PerplexityScore); 2ms in CalculateScore(SparsityThetaScore); 7ms in CalculateScore(^^^ItemsProcessedScore^^^); ]
I0109 18:24:45.984481  1940 master_component.cc:1391] NormalizeModelArgs: pwt_target_name=pwt, nwt_source_name=nwt, rwt_source_name=
I0109 18:24:45.984481  1940 master_component.cc:952] MasterComponent: start normalizing model nwt
I0109 18:24:46.015735  1940 master_component.cc:980] MasterComponent: complete normalizing model nwt
I0109 18:24:46.031363  1940 master_component.cc:1415] DisposeModel rwt
I0109 18:24:46.031363  1940 master_component.cc:1005] FitOffline: ItemsProcessed, num_items=476, num_batches=5, token_weight=160411, token_weight_in_effect=160411
I0109 18:24:46.078233  5440 c_interface.cc:559] Pass GetScoreValueArgs, score_name=^^^ItemsProcessedScore^^^ to MasterComponent::Request
I0109 18:24:46.078233  5440 c_interface.cc:230] ArtmCopyRequestedMessage is copying 46 bytes...
I0109 18:24:46.078233  1940 c_interface.cc:386] Pass FitOfflineMasterModelArgs, batch_filename_size=5, batch_weight_size=5, num_collection_passes=1 to void (__cdecl artm::core::MasterComponent::*)(class artm::FitOfflineMasterModelArgs const & __ptr64) __ptr64
I0109 18:24:46.078233  1940 master_component.cc:1340] ProcessBatchesArgs: nwt_target_name=nwt, batch_filename_size=5, batch_size=0, batch_weight_size=5, pwt_source_name=pwt, num_document_passes=1, class=(text:1), reuse_theta=yes, opt_for_avx=yes, predict_class_id=
I0109 18:24:46.109480  5816 processor.cc:802] Processor: start processing batch 32f93f35-a377-4827-8aac-063681623107 into model nwt
I0109 18:24:46.109480  5212 processor.cc:802] Processor: start processing batch 4729d100-f53e-48c3-89cb-4d3e205e9eed into model nwt
I0109 18:24:46.109480  4924 processor.cc:802] Processor: start processing batch 29fcf790-858c-4b01-aaab-046a783ef997 into model nwt
I0109 18:24:46.109480  2736 processor.cc:802] Processor: start processing batch b0448279-06b5-49f1-82f2-95c1522f2aff into model nwt
I0109 18:24:46.140729  4924 processor.cc:898] Processor: complete processing batch 29fcf790-858c-4b01-aaab-046a783ef997 into model nwt
I0109 18:24:46.140729  5816 processor.cc:898] Processor: complete processing batch 32f93f35-a377-4827-8aac-063681623107 into model nwt
I0109 18:24:46.140729  4924 cuckoo_watch.h:45] 37ms in ProcessBatch(school_batches\aaaaaa.batch) [including 3ms in LoadMessage; 1ms in InitializeSparseNdw; 10ms in InferThetaAndUpdateNwtSparse; 10ms in CalculateScore(PerplexityScore); 2ms in CalculateScore(SparsityThetaScore); 8ms in CalculateScore(^^^ItemsProcessedScore^^^); ]
I0109 18:24:46.140729  5212 processor.cc:898] Processor: complete processing batch 4729d100-f53e-48c3-89cb-4d3e205e9eed into model nwt
I0109 18:24:46.140729  5816 cuckoo_watch.h:45] 37ms in ProcessBatch(school_batches\aaaaac.batch) [including 2ms in LoadMessage; 1ms in InitializeSparseNdw; 10ms in InferThetaAndUpdateNwtSparse; 10ms in CalculateScore(PerplexityScore); 2ms in CalculateScore(SparsityThetaScore); 8ms in CalculateScore(^^^ItemsProcessedScore^^^); ]
I0109 18:24:46.140729  5212 cuckoo_watch.h:45] 38ms in ProcessBatch(school_batches\aaaaad.batch) [including 2ms in LoadMessage; 1ms in InitializeSparseNdw; 10ms in InferThetaAndUpdateNwtSparse; 10ms in CalculateScore(PerplexityScore); 2ms in CalculateScore(SparsityThetaScore); 8ms in CalculateScore(^^^ItemsProcessedScore^^^); ]
I0109 18:24:46.140729  2736 processor.cc:898] Processor: complete processing batch b0448279-06b5-49f1-82f2-95c1522f2aff into model nwt
I0109 18:24:46.140729  2736 cuckoo_watch.h:45] 39ms in ProcessBatch(school_batches\aaaaab.batch) [including 3ms in LoadMessage; 1ms in InitializeSparseNdw; 10ms in InferThetaAndUpdateNwtSparse; 10ms in CalculateScore(PerplexityScore); 2ms in CalculateScore(SparsityThetaScore); 9ms in CalculateScore(^^^ItemsProcessedScore^^^); ]
I0109 18:24:46.140729  4924 processor.cc:802] Processor: start processing batch 8b59829b-225f-49e3-8299-16261b88a607 into model nwt
I0109 18:24:46.171979  4924 processor.cc:898] Processor: complete processing batch 8b59829b-225f-49e3-8299-16261b88a607 into model nwt
I0109 18:24:46.171979  4924 cuckoo_watch.h:45] 33ms in ProcessBatch(school_batches\aaaaae.batch) [including 1ms in LoadMessage; 1ms in InitializeSparseNdw; 9ms in InferThetaAndUpdateNwtSparse; 9ms in CalculateScore(PerplexityScore); 2ms in CalculateScore(SparsityThetaScore); 7ms in CalculateScore(^^^ItemsProcessedScore^^^); ]
I0109 18:24:46.187602  1940 master_component.cc:1391] NormalizeModelArgs: pwt_target_name=pwt, nwt_source_name=nwt, rwt_source_name=
I0109 18:24:46.187602  1940 master_component.cc:952] MasterComponent: start normalizing model nwt
I0109 18:24:46.218852  1940 master_component.cc:980] MasterComponent: complete normalizing model nwt
I0109 18:24:46.234477  1940 master_component.cc:1415] DisposeModel rwt
I0109 18:24:46.234477  1940 master_component.cc:1005] FitOffline: ItemsProcessed, num_items=476, num_batches=5, token_weight=160411, token_weight_in_effect=160411
I0109 18:24:46.296973  5440 c_interface.cc:559] Pass GetScoreValueArgs, score_name=^^^ItemsProcessedScore^^^ to MasterComponent::Request
I0109 18:24:46.296973  5440 c_interface.cc:230] ArtmCopyRequestedMessage is copying 46 bytes...
I0109 18:24:46.296973  1940 c_interface.cc:386] Pass FitOfflineMasterModelArgs, batch_filename_size=5, batch_weight_size=5, num_collection_passes=1 to void (__cdecl artm::core::MasterComponent::*)(class artm::FitOfflineMasterModelArgs const & __ptr64) __ptr64
I0109 18:24:46.296973  1940 master_component.cc:1340] ProcessBatchesArgs: nwt_target_name=nwt, batch_filename_size=5, batch_size=0, batch_weight_size=5, pwt_source_name=pwt, num_document_passes=1, class=(text:1), reuse_theta=yes, opt_for_avx=yes, predict_class_id=
I0109 18:24:46.328225  5212 processor.cc:802] Processor: start processing batch 29fcf790-858c-4b01-aaab-046a783ef997 into model nwt
I0109 18:24:46.328225  4924 processor.cc:802] Processor: start processing batch 4729d100-f53e-48c3-89cb-4d3e205e9eed into model nwt
I0109 18:24:46.328225  2736 processor.cc:802] Processor: start processing batch b0448279-06b5-49f1-82f2-95c1522f2aff into model nwt
I0109 18:24:46.328225  5816 processor.cc:802] Processor: start processing batch 32f93f35-a377-4827-8aac-063681623107 into model nwt
I0109 18:24:46.359474  5816 processor.cc:898] Processor: complete processing batch 32f93f35-a377-4827-8aac-063681623107 into model nwt
I0109 18:24:46.359474  2736 processor.cc:898] Processor: complete processing batch b0448279-06b5-49f1-82f2-95c1522f2aff into model nwt
I0109 18:24:46.359474  5212 processor.cc:898] Processor: complete processing batch 29fcf790-858c-4b01-aaab-046a783ef997 into model nwt
I0109 18:24:46.359474  5816 cuckoo_watch.h:45] 37ms in ProcessBatch(school_batches\aaaaac.batch) [including 2ms in LoadMessage; 1ms in InitializeSparseNdw; 10ms in InferThetaAndUpdateNwtSparse; 10ms in CalculateScore(PerplexityScore); 2ms in CalculateScore(SparsityThetaScore); 8ms in CalculateScore(^^^ItemsProcessedScore^^^); ]
I0109 18:24:46.359474  2736 cuckoo_watch.h:45] 37ms in ProcessBatch(school_batches\aaaaab.batch) [including 2ms in LoadMessage; 1ms in InitializeSparseNdw; 10ms in InferThetaAndUpdateNwtSparse; 10ms in CalculateScore(PerplexityScore); 2ms in CalculateScore(SparsityThetaScore); 8ms in CalculateScore(^^^ItemsProcessedScore^^^); ]
I0109 18:24:46.359474  5212 cuckoo_watch.h:45] 37ms in ProcessBatch(school_batches\aaaaaa.batch) [including 2ms in LoadMessage; 1ms in InitializeSparseNdw; 10ms in InferThetaAndUpdateNwtSparse; 11ms in CalculateScore(PerplexityScore); 2ms in CalculateScore(SparsityThetaScore); 8ms in CalculateScore(^^^ItemsProcessedScore^^^); ]
I0109 18:24:46.359474  4924 processor.cc:898] Processor: complete processing batch 4729d100-f53e-48c3-89cb-4d3e205e9eed into model nwt
I0109 18:24:46.359474  4924 cuckoo_watch.h:45] 38ms in ProcessBatch(school_batches\aaaaad.batch) [including 2ms in LoadMessage; 1ms in InitializeSparseNdw; 10ms in InferThetaAndUpdateNwtSparse; 10ms in CalculateScore(PerplexityScore); 2ms in CalculateScore(SparsityThetaScore); 9ms in CalculateScore(^^^ItemsProcessedScore^^^); ]
I0109 18:24:46.359474  5816 processor.cc:802] Processor: start processing batch 8b59829b-225f-49e3-8299-16261b88a607 into model nwt
I0109 18:24:46.390722  5816 processor.cc:898] Processor: complete processing batch 8b59829b-225f-49e3-8299-16261b88a607 into model nwt
I0109 18:24:46.390722  5816 cuckoo_watch.h:45] 33ms in ProcessBatch(school_batches\aaaaae.batch) [including 1ms in LoadMessage; 1ms in InitializeSparseNdw; 9ms in InferThetaAndUpdateNwtSparse; 9ms in CalculateScore(PerplexityScore); 2ms in CalculateScore(SparsityThetaScore); 7ms in CalculateScore(^^^ItemsProcessedScore^^^); ]
I0109 18:24:46.406347  1940 master_component.cc:1391] NormalizeModelArgs: pwt_target_name=pwt, nwt_source_name=nwt, rwt_source_name=
I0109 18:24:46.406347  1940 master_component.cc:952] MasterComponent: start normalizing model nwt
I0109 18:24:46.437603  1940 master_component.cc:980] MasterComponent: complete normalizing model nwt
I0109 18:24:46.453230  1940 master_component.cc:1415] DisposeModel rwt
I0109 18:24:46.453230  1940 master_component.cc:1005] FitOffline: ItemsProcessed, num_items=476, num_batches=5, token_weight=160411, token_weight_in_effect=160411
I0109 18:24:46.515722  5440 c_interface.cc:559] Pass GetScoreValueArgs, score_name=^^^ItemsProcessedScore^^^ to MasterComponent::Request
I0109 18:24:46.515722  5440 c_interface.cc:230] ArtmCopyRequestedMessage is copying 46 bytes...
I0109 18:24:46.515722  1940 c_interface.cc:386] Pass FitOfflineMasterModelArgs, batch_filename_size=5, batch_weight_size=5, num_collection_passes=1 to void (__cdecl artm::core::MasterComponent::*)(class artm::FitOfflineMasterModelArgs const & __ptr64) __ptr64
I0109 18:24:46.515722  1940 master_component.cc:1340] ProcessBatchesArgs: nwt_target_name=nwt, batch_filename_size=5, batch_size=0, batch_weight_size=5, pwt_source_name=pwt, num_document_passes=1, class=(text:1), reuse_theta=yes, opt_for_avx=yes, predict_class_id=
I0109 18:24:46.546972  4924 processor.cc:802] Processor: start processing batch b0448279-06b5-49f1-82f2-95c1522f2aff into model nwt
I0109 18:24:46.546972  2736 processor.cc:802] Processor: start processing batch 4729d100-f53e-48c3-89cb-4d3e205e9eed into model nwt
I0109 18:24:46.546972  5212 processor.cc:802] Processor: start processing batch 29fcf790-858c-4b01-aaab-046a783ef997 into model nwt
I0109 18:24:46.546972  5816 processor.cc:802] Processor: start processing batch 32f93f35-a377-4827-8aac-063681623107 into model nwt
I0109 18:24:46.578218  2736 processor.cc:898] Processor: complete processing batch 4729d100-f53e-48c3-89cb-4d3e205e9eed into model nwt
I0109 18:24:46.578218  5816 processor.cc:898] Processor: complete processing batch 32f93f35-a377-4827-8aac-063681623107 into model nwt
I0109 18:24:46.578218  4924 processor.cc:898] Processor: complete processing batch b0448279-06b5-49f1-82f2-95c1522f2aff into model nwt
I0109 18:24:46.578218  5212 processor.cc:898] Processor: complete processing batch 29fcf790-858c-4b01-aaab-046a783ef997 into model nwt
I0109 18:24:46.578218  5816 cuckoo_watch.h:45] 37ms in ProcessBatch(school_batches\aaaaac.batch) [including 2ms in LoadMessage; 1ms in InitializeSparseNdw; 10ms in InferThetaAndUpdateNwtSparse; 10ms in CalculateScore(PerplexityScore); 2ms in CalculateScore(SparsityThetaScore); 8ms in CalculateScore(^^^ItemsProcessedScore^^^); ]
I0109 18:24:46.578218  2736 cuckoo_watch.h:45] 37ms in ProcessBatch(school_batches\aaaaad.batch) [including 1ms in LoadMessage; 1ms in InitializeSparseNdw; 10ms in InferThetaAndUpdateNwtSparse; 10ms in CalculateScore(PerplexityScore); 2ms in CalculateScore(SparsityThetaScore); 8ms in CalculateScore(^^^ItemsProcessedScore^^^); ]
I0109 18:24:46.578218  4924 cuckoo_watch.h:45] 37ms in ProcessBatch(school_batches\aaaaab.batch) [including 2ms in LoadMessage; 1ms in InitializeSparseNdw; 10ms in InferThetaAndUpdateNwtSparse; 10ms in CalculateScore(PerplexityScore); 2ms in CalculateScore(SparsityThetaScore); 8ms in CalculateScore(^^^ItemsProcessedScore^^^); ]
I0109 18:24:46.578218  5212 cuckoo_watch.h:45] 37ms in ProcessBatch(school_batches\aaaaaa.batch) [including 2ms in LoadMessage; 1ms in InitializeSparseNdw; 10ms in InferThetaAndUpdateNwtSparse; 11ms in CalculateScore(PerplexityScore); 2ms in CalculateScore(SparsityThetaScore); 8ms in CalculateScore(^^^ItemsProcessedScore^^^); ]
I0109 18:24:46.578218  5816 processor.cc:802] Processor: start processing batch 8b59829b-225f-49e3-8299-16261b88a607 into model nwt
I0109 18:24:46.609473  5816 processor.cc:898] Processor: complete processing batch 8b59829b-225f-49e3-8299-16261b88a607 into model nwt
I0109 18:24:46.609473  5816 cuckoo_watch.h:45] 34ms in ProcessBatch(school_batches\aaaaae.batch) [including 1ms in LoadMessage; 1ms in InitializeSparseNdw; 10ms in InferThetaAndUpdateNwtSparse; 9ms in CalculateScore(PerplexityScore); 2ms in CalculateScore(SparsityThetaScore); 7ms in CalculateScore(^^^ItemsProcessedScore^^^); ]
I0109 18:24:46.640719  1940 master_component.cc:1391] NormalizeModelArgs: pwt_target_name=pwt, nwt_source_name=nwt, rwt_source_name=
I0109 18:24:46.640719  1940 master_component.cc:952] MasterComponent: start normalizing model nwt
I0109 18:24:46.671983  1940 master_component.cc:980] MasterComponent: complete normalizing model nwt
I0109 18:24:46.687592  1940 master_component.cc:1415] DisposeModel rwt
I0109 18:24:46.687592  1940 master_component.cc:1005] FitOffline: ItemsProcessed, num_items=476, num_batches=5, token_weight=160411, token_weight_in_effect=160411
I0109 18:24:46.718856  5440 c_interface.cc:559] Pass GetScoreValueArgs, score_name=^^^ItemsProcessedScore^^^ to MasterComponent::Request
I0109 18:24:46.718856  5440 c_interface.cc:230] ArtmCopyRequestedMessage is copying 46 bytes...
I0109 18:24:46.718856  1940 c_interface.cc:386] Pass FitOfflineMasterModelArgs, batch_filename_size=5, batch_weight_size=5, num_collection_passes=1 to void (__cdecl artm::core::MasterComponent::*)(class artm::FitOfflineMasterModelArgs const & __ptr64) __ptr64
I0109 18:24:46.718856  1940 master_component.cc:1340] ProcessBatchesArgs: nwt_target_name=nwt, batch_filename_size=5, batch_size=0, batch_weight_size=5, pwt_source_name=pwt, num_document_passes=1, class=(text:1), reuse_theta=yes, opt_for_avx=yes, predict_class_id=
I0109 18:24:46.750099  5816 processor.cc:802] Processor: start processing batch 4729d100-f53e-48c3-89cb-4d3e205e9eed into model nwt
I0109 18:24:46.750099  2736 processor.cc:802] Processor: start processing batch b0448279-06b5-49f1-82f2-95c1522f2aff into model nwt
I0109 18:24:46.750099  5212 processor.cc:802] Processor: start processing batch 29fcf790-858c-4b01-aaab-046a783ef997 into model nwt
I0109 18:24:46.750099  4924 processor.cc:802] Processor: start processing batch 32f93f35-a377-4827-8aac-063681623107 into model nwt
I0109 18:24:46.781348  2736 processor.cc:898] Processor: complete processing batch b0448279-06b5-49f1-82f2-95c1522f2aff into model nwt
I0109 18:24:46.781348  5212 processor.cc:898] Processor: complete processing batch 29fcf790-858c-4b01-aaab-046a783ef997 into model nwt
I0109 18:24:46.781348  2736 cuckoo_watch.h:45] 38ms in ProcessBatch(school_batches\aaaaab.batch) [including 2ms in LoadMessage; 1ms in InitializeSparseNdw; 10ms in InferThetaAndUpdateNwtSparse; 11ms in CalculateScore(PerplexityScore); 2ms in CalculateScore(SparsityThetaScore); 9ms in CalculateScore(^^^ItemsProcessedScore^^^); ]
I0109 18:24:46.781348  5816 processor.cc:898] Processor: complete processing batch 4729d100-f53e-48c3-89cb-4d3e205e9eed into model nwt
I0109 18:24:46.781348  5212 cuckoo_watch.h:45] 39ms in ProcessBatch(school_batches\aaaaaa.batch) [including 2ms in LoadMessage; 1ms in InitializeSparseNdw; 10ms in InferThetaAndUpdateNwtSparse; 11ms in CalculateScore(PerplexityScore); 2ms in CalculateScore(SparsityThetaScore); 9ms in CalculateScore(^^^ItemsProcessedScore^^^); ]
I0109 18:24:46.781348  4924 processor.cc:898] Processor: complete processing batch 32f93f35-a377-4827-8aac-063681623107 into model nwt
I0109 18:24:46.781348  5816 cuckoo_watch.h:45] 39ms in ProcessBatch(school_batches\aaaaad.batch) [including 2ms in LoadMessage; 1ms in InitializeSparseNdw; 10ms in InferThetaAndUpdateNwtSparse; 11ms in CalculateScore(PerplexityScore); 2ms in CalculateScore(SparsityThetaScore); 9ms in CalculateScore(^^^ItemsProcessedScore^^^); ]
I0109 18:24:46.781348  4924 cuckoo_watch.h:45] 40ms in ProcessBatch(school_batches\aaaaac.batch) [including 2ms in LoadMessage; 1ms in InitializeSparseNdw; 10ms in InferThetaAndUpdateNwtSparse; 12ms in CalculateScore(PerplexityScore); 2ms in CalculateScore(SparsityThetaScore); 9ms in CalculateScore(^^^ItemsProcessedScore^^^); ]
I0109 18:24:46.781348  2736 processor.cc:802] Processor: start processing batch 8b59829b-225f-49e3-8299-16261b88a607 into model nwt
I0109 18:24:46.812597  2736 processor.cc:898] Processor: complete processing batch 8b59829b-225f-49e3-8299-16261b88a607 into model nwt
I0109 18:24:46.812597  2736 cuckoo_watch.h:45] 36ms in ProcessBatch(school_batches\aaaaae.batch) [including 1ms in LoadMessage; 1ms in InitializeSparseNdw; 10ms in InferThetaAndUpdateNwtSparse; 10ms in CalculateScore(PerplexityScore); 2ms in CalculateScore(SparsityThetaScore); 8ms in CalculateScore(^^^ItemsProcessedScore^^^); ]
I0109 18:24:46.828224  1940 master_component.cc:1391] NormalizeModelArgs: pwt_target_name=pwt, nwt_source_name=nwt, rwt_source_name=
I0109 18:24:46.828224  1940 master_component.cc:952] MasterComponent: start normalizing model nwt
I0109 18:24:46.859474  1940 master_component.cc:980] MasterComponent: complete normalizing model nwt
I0109 18:24:46.875102  1940 master_component.cc:1415] DisposeModel rwt
I0109 18:24:46.875102  1940 master_component.cc:1005] FitOffline: ItemsProcessed, num_items=476, num_batches=5, token_weight=160411, token_weight_in_effect=160411
I0109 18:24:46.937602  5440 c_interface.cc:559] Pass GetScoreValueArgs, score_name=^^^ItemsProcessedScore^^^ to MasterComponent::Request
I0109 18:24:46.937602  5440 c_interface.cc:230] ArtmCopyRequestedMessage is copying 46 bytes...
I0109 18:24:46.937602  1940 c_interface.cc:386] Pass FitOfflineMasterModelArgs, batch_filename_size=5, batch_weight_size=5, num_collection_passes=1 to void (__cdecl artm::core::MasterComponent::*)(class artm::FitOfflineMasterModelArgs const & __ptr64) __ptr64
I0109 18:24:46.937602  1940 master_component.cc:1340] ProcessBatchesArgs: nwt_target_name=nwt, batch_filename_size=5, batch_size=0, batch_weight_size=5, pwt_source_name=pwt, num_document_passes=1, class=(text:1), reuse_theta=yes, opt_for_avx=yes, predict_class_id=
I0109 18:24:46.968847  2736 processor.cc:802] Processor: start processing batch 29fcf790-858c-4b01-aaab-046a783ef997 into model nwt
I0109 18:24:46.968847  5212 processor.cc:802] Processor: start processing batch b0448279-06b5-49f1-82f2-95c1522f2aff into model nwt
I0109 18:24:46.968847  5816 processor.cc:802] Processor: start processing batch 32f93f35-a377-4827-8aac-063681623107 into model nwt
I0109 18:24:46.984472  4924 processor.cc:802] Processor: start processing batch 4729d100-f53e-48c3-89cb-4d3e205e9eed into model nwt
I0109 18:24:47.000097  2736 processor.cc:898] Processor: complete processing batch 29fcf790-858c-4b01-aaab-046a783ef997 into model nwt
I0109 18:24:47.000097  5212 processor.cc:898] Processor: complete processing batch b0448279-06b5-49f1-82f2-95c1522f2aff into model nwt
I0109 18:24:47.000097  2736 cuckoo_watch.h:45] 39ms in ProcessBatch(school_batches\aaaaaa.batch) [including 2ms in LoadMessage; 1ms in InitializeSparseNdw; 10ms in InferThetaAndUpdateNwtSparse; 11ms in CalculateScore(PerplexityScore); 2ms in CalculateScore(SparsityThetaScore); 9ms in CalculateScore(^^^ItemsProcessedScore^^^); ]
I0109 18:24:47.000097  5212 cuckoo_watch.h:45] 39ms in ProcessBatch(school_batches\aaaaab.batch) [including 2ms in LoadMessage; 1ms in InitializeSparseNdw; 10ms in InferThetaAndUpdateNwtSparse; 11ms in CalculateScore(PerplexityScore); 2ms in CalculateScore(SparsityThetaScore); 9ms in CalculateScore(^^^ItemsProcessedScore^^^); ]
I0109 18:24:47.000097  5816 processor.cc:898] Processor: complete processing batch 32f93f35-a377-4827-8aac-063681623107 into model nwt
I0109 18:24:47.000097  5816 cuckoo_watch.h:45] 40ms in ProcessBatch(school_batches\aaaaac.batch) [including 2ms in LoadMessage; 1ms in InitializeSparseNdw; 10ms in InferThetaAndUpdateNwtSparse; 11ms in CalculateScore(PerplexityScore); 2ms in CalculateScore(SparsityThetaScore); 9ms in CalculateScore(^^^ItemsProcessedScore^^^); ]
I0109 18:24:47.000097  2736 processor.cc:802] Processor: start processing batch 8b59829b-225f-49e3-8299-16261b88a607 into model nwt
I0109 18:24:47.015719  4924 processor.cc:898] Processor: complete processing batch 4729d100-f53e-48c3-89cb-4d3e205e9eed into model nwt
I0109 18:24:47.015719  4924 cuckoo_watch.h:45] 39ms in ProcessBatch(school_batches\aaaaad.batch) [including 2ms in LoadMessage; 1ms in InitializeSparseNdw; 11ms in InferThetaAndUpdateNwtSparse; 11ms in CalculateScore(PerplexityScore); 2ms in CalculateScore(SparsityThetaScore); 9ms in CalculateScore(^^^ItemsProcessedScore^^^); ]
I0109 18:24:47.031343  2736 processor.cc:898] Processor: complete processing batch 8b59829b-225f-49e3-8299-16261b88a607 into model nwt
I0109 18:24:47.031343  2736 cuckoo_watch.h:45] 36ms in ProcessBatch(school_batches\aaaaae.batch) [including 1ms in LoadMessage; 1ms in InitializeSparseNdw; 10ms in InferThetaAndUpdateNwtSparse; 10ms in CalculateScore(PerplexityScore); 2ms in CalculateScore(SparsityThetaScore); 8ms in CalculateScore(^^^ItemsProcessedScore^^^); ]
