I0109 18:21:05.476171  3496 master_component.cc:1005] FitOffline: ItemsProcessed, num_items=476, num_batches=5, token_weight=160411, token_weight_in_effect=160411
I0109 18:21:05.523042  5440 c_interface.cc:559] Pass GetScoreValueArgs, score_name=^^^ItemsProcessedScore^^^ to MasterComponent::Request
I0109 18:21:05.523042  5440 c_interface.cc:230] ArtmCopyRequestedMessage is copying 46 bytes...
I0109 18:21:05.523042  3496 c_interface.cc:386] Pass FitOfflineMasterModelArgs, batch_filename_size=5, batch_weight_size=5, num_collection_passes=1 to void (__cdecl artm::core::MasterComponent::*)(class artm::FitOfflineMasterModelArgs const & __ptr64) __ptr64
I0109 18:21:05.523042  3496 master_component.cc:1340] ProcessBatchesArgs: nwt_target_name=nwt, batch_filename_size=5, batch_size=0, batch_weight_size=5, pwt_source_name=pwt, num_document_passes=1, class=(text:1), reuse_theta=yes, opt_for_avx=yes, predict_class_id=
I0109 18:21:05.554339  5472 processor.cc:802] Processor: start processing batch 37dca3a1-b4a7-44b3-83d4-c6adb38c9d73 into model nwt
I0109 18:21:05.554339  4940 processor.cc:802] Processor: start processing batch 118856ca-d672-4e5d-a557-884ef7187ed9 into model nwt
I0109 18:21:05.554339  2100 processor.cc:802] Processor: start processing batch 1de24efb-0ccb-4675-969b-f96871b11772 into model nwt
I0109 18:21:05.554339  5260 processor.cc:802] Processor: start processing batch 2ee3d90e-241f-4276-bc7a-dd604f3ae284 into model nwt
I0109 18:21:05.585533  4940 processor.cc:898] Processor: complete processing batch 118856ca-d672-4e5d-a557-884ef7187ed9 into model nwt
I0109 18:21:05.585533  4940 cuckoo_watch.h:45] 39ms in ProcessBatch(school_batches\aaaaad.batch) [including 2ms in LoadMessage; 1ms in InitializeSparseNdw; 9ms in InferThetaAndUpdateNwtSparse; 11ms in CalculateScore(PerplexityScore); 3ms in CalculateScore(SparsityThetaScore); 10ms in CalculateScore(^^^ItemsProcessedScore^^^); ]
I0109 18:21:05.585533  5472 processor.cc:898] Processor: complete processing batch 37dca3a1-b4a7-44b3-83d4-c6adb38c9d73 into model nwt
I0109 18:21:05.585533  2100 processor.cc:898] Processor: complete processing batch 1de24efb-0ccb-4675-969b-f96871b11772 into model nwt
I0109 18:21:05.585533  5260 processor.cc:898] Processor: complete processing batch 2ee3d90e-241f-4276-bc7a-dd604f3ae284 into model nwt
I0109 18:21:05.585533  5472 cuckoo_watch.h:45] 41ms in ProcessBatch(school_batches\aaaaac.batch) [including 2ms in LoadMessage; 1ms in InitializeSparseNdw; 9ms in InferThetaAndUpdateNwtSparse; 11ms in CalculateScore(PerplexityScore); 4ms in CalculateScore(SparsityThetaScore); 10ms in CalculateScore(^^^ItemsProcessedScore^^^); ]
I0109 18:21:05.585533  2100 cuckoo_watch.h:45] 41ms in ProcessBatch(school_batches\aaaaab.batch) [including 2ms in LoadMessage; 1ms in InitializeSparseNdw; 9ms in InferThetaAndUpdateNwtSparse; 11ms in CalculateScore(PerplexityScore); 4ms in CalculateScore(SparsityThetaScore); 10ms in CalculateScore(^^^ItemsProcessedScore^^^); ]
I0109 18:21:05.585533  5260 cuckoo_watch.h:45] 41ms in ProcessBatch(school_batches\aaaaaa.batch) [including 2ms in LoadMessage; 1ms in InitializeSparseNdw; 11ms in InferThetaAndUpdateNwtSparse; 10ms in CalculateScore(PerplexityScore); 3ms in CalculateScore(SparsityThetaScore); 9ms in CalculateScore(^^^ItemsProcessedScore^^^); ]
I0109 18:21:05.585533  4940 processor.cc:802] Processor: start processing batch 44b694d1-f839-4be8-a542-257e23fba544 into model nwt
I0109 18:21:05.616786  4940 processor.cc:898] Processor: complete processing batch 44b694d1-f839-4be8-a542-257e23fba544 into model nwt
I0109 18:21:05.616786  4940 cuckoo_watch.h:45] 36ms in ProcessBatch(school_batches\aaaaae.batch) [including 2ms in LoadMessage; 1ms in InitializeSparseNdw; 8ms in InferThetaAndUpdateNwtSparse; 9ms in CalculateScore(PerplexityScore); 2ms in CalculateScore(SparsityThetaScore); 9ms in CalculateScore(^^^ItemsProcessedScore^^^); ]
I0109 18:21:05.632406  3496 master_component.cc:1391] NormalizeModelArgs: pwt_target_name=pwt, nwt_source_name=nwt, rwt_source_name=
I0109 18:21:05.632406  3496 master_component.cc:952] MasterComponent: start normalizing model nwt
I0109 18:21:05.663655  3496 master_component.cc:980] MasterComponent: complete normalizing model nwt
I0109 18:21:05.679276  3496 master_component.cc:1415] DisposeModel rwt
I0109 18:21:05.679276  3496 master_component.cc:1005] FitOffline: ItemsProcessed, num_items=476, num_batches=5, token_weight=160411, token_weight_in_effect=160411
I0109 18:21:05.726156  5440 c_interface.cc:559] Pass GetScoreValueArgs, score_name=^^^ItemsProcessedScore^^^ to MasterComponent::Request
I0109 18:21:05.726156  5440 c_interface.cc:230] ArtmCopyRequestedMessage is copying 46 bytes...
I0109 18:21:05.726156  3496 c_interface.cc:386] Pass FitOfflineMasterModelArgs, batch_filename_size=5, batch_weight_size=5, num_collection_passes=1 to void (__cdecl artm::core::MasterComponent::*)(class artm::FitOfflineMasterModelArgs const & __ptr64) __ptr64
I0109 18:21:05.726156  3496 master_component.cc:1340] ProcessBatchesArgs: nwt_target_name=nwt, batch_filename_size=5, batch_size=0, batch_weight_size=5, pwt_source_name=pwt, num_document_passes=1, class=(text:1), reuse_theta=yes, opt_for_avx=yes, predict_class_id=
I0109 18:21:05.757405  5472 processor.cc:802] Processor: start processing batch 1de24efb-0ccb-4675-969b-f96871b11772 into model nwt
I0109 18:21:05.757405  2100 processor.cc:802] Processor: start processing batch 2ee3d90e-241f-4276-bc7a-dd604f3ae284 into model nwt
I0109 18:21:05.757405  5260 processor.cc:802] Processor: start processing batch 37dca3a1-b4a7-44b3-83d4-c6adb38c9d73 into model nwt
I0109 18:21:05.757405  4940 processor.cc:802] Processor: start processing batch 118856ca-d672-4e5d-a557-884ef7187ed9 into model nwt
I0109 18:21:05.788652  2100 processor.cc:898] Processor: complete processing batch 2ee3d90e-241f-4276-bc7a-dd604f3ae284 into model nwt
I0109 18:21:05.788652  5472 processor.cc:898] Processor: complete processing batch 1de24efb-0ccb-4675-969b-f96871b11772 into model nwt
I0109 18:21:05.788652  2100 cuckoo_watch.h:45] 40ms in ProcessBatch(school_batches\aaaaaa.batch) [including 2ms in LoadMessage; 1ms in InitializeSparseNdw; 9ms in InferThetaAndUpdateNwtSparse; 10ms in CalculateScore(PerplexityScore); 2ms in CalculateScore(SparsityThetaScore); 11ms in CalculateScore(^^^ItemsProcessedScore^^^); ]
I0109 18:21:05.788652  5260 processor.cc:898] Processor: complete processing batch 37dca3a1-b4a7-44b3-83d4-c6adb38c9d73 into model nwt
I0109 18:21:05.788652  4940 processor.cc:898] Processor: complete processing batch 118856ca-d672-4e5d-a557-884ef7187ed9 into model nwt
I0109 18:21:05.788652  5472 cuckoo_watch.h:45] 40ms in ProcessBatch(school_batches\aaaaab.batch) [including 2ms in LoadMessage; 1ms in InitializeSparseNdw; 9ms in InferThetaAndUpdateNwtSparse; 10ms in CalculateScore(PerplexityScore); 2ms in CalculateScore(SparsityThetaScore); 11ms in CalculateScore(^^^ItemsProcessedScore^^^); ]
I0109 18:21:05.788652  5260 cuckoo_watch.h:45] 41ms in ProcessBatch(school_batches\aaaaac.batch) [including 2ms in LoadMessage; 1ms in InitializeSparseNdw; 9ms in InferThetaAndUpdateNwtSparse; 10ms in CalculateScore(PerplexityScore); 4ms in CalculateScore(SparsityThetaScore); 10ms in CalculateScore(^^^ItemsProcessedScore^^^); ]
I0109 18:21:05.788652  4940 cuckoo_watch.h:45] 41ms in ProcessBatch(school_batches\aaaaad.batch) [including 2ms in LoadMessage; 1ms in InitializeSparseNdw; 9ms in InferThetaAndUpdateNwtSparse; 11ms in CalculateScore(PerplexityScore); 4ms in CalculateScore(SparsityThetaScore); 10ms in CalculateScore(^^^ItemsProcessedScore^^^); ]
I0109 18:21:05.788652  2100 processor.cc:802] Processor: start processing batch 44b694d1-f839-4be8-a542-257e23fba544 into model nwt
I0109 18:21:05.819905  2100 processor.cc:898] Processor: complete processing batch 44b694d1-f839-4be8-a542-257e23fba544 into model nwt
I0109 18:21:05.819905  2100 cuckoo_watch.h:45] 33ms in ProcessBatch(school_batches\aaaaae.batch) [including 1ms in LoadMessage; 1ms in InitializeSparseNdw; 9ms in InferThetaAndUpdateNwtSparse; 9ms in CalculateScore(PerplexityScore); 2ms in CalculateScore(SparsityThetaScore); 7ms in CalculateScore(^^^ItemsProcessedScore^^^); ]
I0109 18:21:05.835528  3496 master_component.cc:1391] NormalizeModelArgs: pwt_target_name=pwt, nwt_source_name=nwt, rwt_source_name=
I0109 18:21:05.835528  3496 master_component.cc:952] MasterComponent: start normalizing model nwt
I0109 18:21:05.866782  3496 master_component.cc:980] MasterComponent: complete normalizing model nwt
I0109 18:21:05.882400  3496 master_component.cc:1415] DisposeModel rwt
I0109 18:21:05.882400  3496 master_component.cc:1005] FitOffline: ItemsProcessed, num_items=476, num_batches=5, token_weight=160411, token_weight_in_effect=160411
I0109 18:21:05.929297  5440 c_interface.cc:559] Pass GetScoreValueArgs, score_name=^^^ItemsProcessedScore^^^ to MasterComponent::Request
I0109 18:21:05.929297  5440 c_interface.cc:230] ArtmCopyRequestedMessage is copying 46 bytes...
I0109 18:21:05.929297  3496 c_interface.cc:386] Pass FitOfflineMasterModelArgs, batch_filename_size=5, batch_weight_size=5, num_collection_passes=1 to void (__cdecl artm::core::MasterComponent::*)(class artm::FitOfflineMasterModelArgs const & __ptr64) __ptr64
I0109 18:21:05.929297  3496 master_component.cc:1340] ProcessBatchesArgs: nwt_target_name=nwt, batch_filename_size=5, batch_size=0, batch_weight_size=5, pwt_source_name=pwt, num_document_passes=1, class=(text:1), reuse_theta=yes, opt_for_avx=yes, predict_class_id=
I0109 18:21:05.960523  4940 processor.cc:802] Processor: start processing batch 37dca3a1-b4a7-44b3-83d4-c6adb38c9d73 into model nwt
I0109 18:21:05.960523  2100 processor.cc:802] Processor: start processing batch 2ee3d90e-241f-4276-bc7a-dd604f3ae284 into model nwt
I0109 18:21:05.960523  5472 processor.cc:802] Processor: start processing batch 1de24efb-0ccb-4675-969b-f96871b11772 into model nwt
I0109 18:21:05.960523  5260 processor.cc:802] Processor: start processing batch 118856ca-d672-4e5d-a557-884ef7187ed9 into model nwt
I0109 18:21:05.991768  5260 processor.cc:898] Processor: complete processing batch 118856ca-d672-4e5d-a557-884ef7187ed9 into model nwt
I0109 18:21:05.991768  2100 processor.cc:898] Processor: complete processing batch 2ee3d90e-241f-4276-bc7a-dd604f3ae284 into model nwt
I0109 18:21:05.991768  5472 processor.cc:898] Processor: complete processing batch 1de24efb-0ccb-4675-969b-f96871b11772 into model nwt
I0109 18:21:05.991768  4940 processor.cc:898] Processor: complete processing batch 37dca3a1-b4a7-44b3-83d4-c6adb38c9d73 into model nwt
I0109 18:21:05.991768  5260 cuckoo_watch.h:45] 40ms in ProcessBatch(school_batches\aaaaad.batch) [including 2ms in LoadMessage; 1ms in InitializeSparseNdw; 9ms in InferThetaAndUpdateNwtSparse; 11ms in CalculateScore(PerplexityScore); 3ms in CalculateScore(SparsityThetaScore); 9ms in CalculateScore(^^^ItemsProcessedScore^^^); ]
I0109 18:21:05.991768  5472 cuckoo_watch.h:45] 40ms in ProcessBatch(school_batches\aaaaab.batch) [including 1ms in LoadMessage; 1ms in InitializeSparseNdw; 10ms in InferThetaAndUpdateNwtSparse; 11ms in CalculateScore(PerplexityScore); 3ms in CalculateScore(SparsityThetaScore); 9ms in CalculateScore(^^^ItemsProcessedScore^^^); ]
I0109 18:21:05.991768  2100 cuckoo_watch.h:45] 40ms in ProcessBatch(school_batches\aaaaaa.batch) [including 2ms in LoadMessage; 1ms in InitializeSparseNdw; 9ms in InferThetaAndUpdateNwtSparse; 12ms in CalculateScore(PerplexityScore); 2ms in CalculateScore(SparsityThetaScore); 10ms in CalculateScore(^^^ItemsProcessedScore^^^); ]
I0109 18:21:05.991768  4940 cuckoo_watch.h:45] 40ms in ProcessBatch(school_batches\aaaaac.batch) [including 2ms in LoadMessage; 1ms in InitializeSparseNdw; 10ms in InferThetaAndUpdateNwtSparse; 11ms in CalculateScore(PerplexityScore); 3ms in CalculateScore(SparsityThetaScore); 10ms in CalculateScore(^^^ItemsProcessedScore^^^); ]
I0109 18:21:05.991768  5260 processor.cc:802] Processor: start processing batch 44b694d1-f839-4be8-a542-257e23fba544 into model nwt
I0109 18:21:06.023018  5260 processor.cc:898] Processor: complete processing batch 44b694d1-f839-4be8-a542-257e23fba544 into model nwt
I0109 18:21:06.023018  5260 cuckoo_watch.h:45] 32ms in ProcessBatch(school_batches\aaaaae.batch) [including 1ms in LoadMessage; 1ms in InitializeSparseNdw; 8ms in InferThetaAndUpdateNwtSparse; 9ms in CalculateScore(PerplexityScore); 2ms in CalculateScore(SparsityThetaScore); 7ms in CalculateScore(^^^ItemsProcessedScore^^^); ]
I0109 18:21:06.054268  3496 master_component.cc:1391] NormalizeModelArgs: pwt_target_name=pwt, nwt_source_name=nwt, rwt_source_name=
I0109 18:21:06.054268  3496 master_component.cc:952] MasterComponent: start normalizing model nwt
I0109 18:21:06.085526  3496 master_component.cc:980] MasterComponent: complete normalizing model nwt
I0109 18:21:06.101145  3496 master_component.cc:1415] DisposeModel rwt
I0109 18:21:06.101145  3496 master_component.cc:1005] FitOffline: ItemsProcessed, num_items=476, num_batches=5, token_weight=160411, token_weight_in_effect=160411
I0109 18:21:06.132395  5440 c_interface.cc:559] Pass GetScoreValueArgs, score_name=^^^ItemsProcessedScore^^^ to MasterComponent::Request
I0109 18:21:06.132395  5440 c_interface.cc:230] ArtmCopyRequestedMessage is copying 46 bytes...
I0109 18:21:06.132395  3496 c_interface.cc:386] Pass FitOfflineMasterModelArgs, batch_filename_size=5, batch_weight_size=5, num_collection_passes=1 to void (__cdecl artm::core::MasterComponent::*)(class artm::FitOfflineMasterModelArgs const & __ptr64) __ptr64
I0109 18:21:06.132395  3496 master_component.cc:1340] ProcessBatchesArgs: nwt_target_name=nwt, batch_filename_size=5, batch_size=0, batch_weight_size=5, pwt_source_name=pwt, num_document_passes=1, class=(text:1), reuse_theta=yes, opt_for_avx=yes, predict_class_id=
I0109 18:21:06.163645  5260 processor.cc:802] Processor: start processing batch 1de24efb-0ccb-4675-969b-f96871b11772 into model nwt
I0109 18:21:06.163645  5472 processor.cc:802] Processor: start processing batch 2ee3d90e-241f-4276-bc7a-dd604f3ae284 into model nwt
I0109 18:21:06.163645  4940 processor.cc:802] Processor: start processing batch 37dca3a1-b4a7-44b3-83d4-c6adb38c9d73 into model nwt
I0109 18:21:06.163645  2100 processor.cc:802] Processor: start processing batch 118856ca-d672-4e5d-a557-884ef7187ed9 into model nwt
I0109 18:21:06.194890  5260 processor.cc:898] Processor: complete processing batch 1de24efb-0ccb-4675-969b-f96871b11772 into model nwt
I0109 18:21:06.194890  5472 processor.cc:898] Processor: complete processing batch 2ee3d90e-241f-4276-bc7a-dd604f3ae284 into model nwt
I0109 18:21:06.194890  5260 cuckoo_watch.h:45] 39ms in ProcessBatch(school_batches\aaaaab.batch) [including 1ms in LoadMessage; 1ms in InitializeSparseNdw; 9ms in InferThetaAndUpdateNwtSparse; 11ms in CalculateScore(PerplexityScore); 3ms in CalculateScore(SparsityThetaScore); 10ms in CalculateScore(^^^ItemsProcessedScore^^^); ]
I0109 18:21:06.194890  2100 processor.cc:898] Processor: complete processing batch 118856ca-d672-4e5d-a557-884ef7187ed9 into model nwt
I0109 18:21:06.194890  4940 processor.cc:898] Processor: complete processing batch 37dca3a1-b4a7-44b3-83d4-c6adb38c9d73 into model nwt
I0109 18:21:06.194890  5472 cuckoo_watch.h:45] 41ms in ProcessBatch(school_batches\aaaaaa.batch) [including 2ms in LoadMessage; 1ms in InitializeSparseNdw; 9ms in InferThetaAndUpdateNwtSparse; 11ms in CalculateScore(PerplexityScore); 4ms in CalculateScore(SparsityThetaScore); 9ms in CalculateScore(^^^ItemsProcessedScore^^^); ]
I0109 18:21:06.194890  2100 cuckoo_watch.h:45] 41ms in ProcessBatch(school_batches\aaaaad.batch) [including 2ms in LoadMessage; 1ms in InitializeSparseNdw; 9ms in InferThetaAndUpdateNwtSparse; 11ms in CalculateScore(PerplexityScore); 3ms in CalculateScore(SparsityThetaScore); 11ms in CalculateScore(^^^ItemsProcessedScore^^^); ]
I0109 18:21:06.194890  4940 cuckoo_watch.h:45] 41ms in ProcessBatch(school_batches\aaaaac.batch) [including 2ms in LoadMessage; 1ms in InitializeSparseNdw; 9ms in InferThetaAndUpdateNwtSparse; 11ms in CalculateScore(PerplexityScore); 5ms in CalculateScore(SparsityThetaScore); 10ms in CalculateScore(^^^ItemsProcessedScore^^^); ]
I0109 18:21:06.194890  5260 processor.cc:802] Processor: start processing batch 44b694d1-f839-4be8-a542-257e23fba544 into model nwt
I0109 18:21:06.226259  5260 processor.cc:898] Processor: complete processing batch 44b694d1-f839-4be8-a542-257e23fba544 into model nwt
I0109 18:21:06.226259  5260 cuckoo_watch.h:45] 34ms in ProcessBatch(school_batches\aaaaae.batch) [including 3ms in LoadMessage; 1ms in InitializeSparseNdw; 9ms in InferThetaAndUpdateNwtSparse; 9ms in CalculateScore(PerplexityScore); 2ms in CalculateScore(SparsityThetaScore); 7ms in CalculateScore(^^^ItemsProcessedScore^^^); ]
I0109 18:21:06.241768  3496 master_component.cc:1391] NormalizeModelArgs: pwt_target_name=pwt, nwt_source_name=nwt, rwt_source_name=
I0109 18:21:06.241768  3496 master_component.cc:952] MasterComponent: start normalizing model nwt
I0109 18:21:06.273022  3496 master_component.cc:980] MasterComponent: complete normalizing model nwt
I0109 18:21:06.288647  3496 master_component.cc:1415] DisposeModel rwt
I0109 18:21:06.288647  3496 master_component.cc:1005] FitOffline: ItemsProcessed, num_items=476, num_batches=5, token_weight=160411, token_weight_in_effect=160411
I0109 18:21:06.335530  5440 c_interface.cc:559] Pass GetScoreValueArgs, score_name=^^^ItemsProcessedScore^^^ to MasterComponent::Request
I0109 18:21:06.335530  5440 c_interface.cc:230] ArtmCopyRequestedMessage is copying 46 bytes...
I0109 18:21:06.335530  3496 c_interface.cc:386] Pass FitOfflineMasterModelArgs, batch_filename_size=5, batch_weight_size=5, num_collection_passes=1 to void (__cdecl artm::core::MasterComponent::*)(class artm::FitOfflineMasterModelArgs const & __ptr64) __ptr64
I0109 18:21:06.335530  3496 master_component.cc:1340] ProcessBatchesArgs: nwt_target_name=nwt, batch_filename_size=5, batch_size=0, batch_weight_size=5, pwt_source_name=pwt, num_document_passes=1, class=(text:1), reuse_theta=yes, opt_for_avx=yes, predict_class_id=
I0109 18:21:06.366770  2100 processor.cc:802] Processor: start processing batch 2ee3d90e-241f-4276-bc7a-dd604f3ae284 into model nwt
I0109 18:21:06.366770  5472 processor.cc:802] Processor: start processing batch 1de24efb-0ccb-4675-969b-f96871b11772 into model nwt
I0109 18:21:06.366770  5260 processor.cc:802] Processor: start processing batch 37dca3a1-b4a7-44b3-83d4-c6adb38c9d73 into model nwt
I0109 18:21:06.366770  4940 processor.cc:802] Processor: start processing batch 118856ca-d672-4e5d-a557-884ef7187ed9 into model nwt
I0109 18:21:06.398017  5260 processor.cc:898] Processor: complete processing batch 37dca3a1-b4a7-44b3-83d4-c6adb38c9d73 into model nwt
I0109 18:21:06.398017  2100 processor.cc:898] Processor: complete processing batch 2ee3d90e-241f-4276-bc7a-dd604f3ae284 into model nwt
I0109 18:21:06.398017  5472 processor.cc:898] Processor: complete processing batch 1de24efb-0ccb-4675-969b-f96871b11772 into model nwt
I0109 18:21:06.398017  4940 processor.cc:898] Processor: complete processing batch 118856ca-d672-4e5d-a557-884ef7187ed9 into model nwt
I0109 18:21:06.398017  5260 cuckoo_watch.h:45] 44ms in ProcessBatch(school_batches\aaaaac.batch) [including 2ms in LoadMessage; 1ms in InitializeSparseNdw; 10ms in InferThetaAndUpdateNwtSparse; 12ms in CalculateScore(PerplexityScore); 3ms in CalculateScore(SparsityThetaScore); 11ms in CalculateScore(^^^ItemsProcessedScore^^^); ]
I0109 18:21:06.398017  2100 cuckoo_watch.h:45] 44ms in ProcessBatch(school_batches\aaaaaa.batch) [including 2ms in LoadMessage; 1ms in InitializeSparseNdw; 11ms in InferThetaAndUpdateNwtSparse; 11ms in CalculateScore(PerplexityScore); 4ms in CalculateScore(SparsityThetaScore); 10ms in CalculateScore(^^^ItemsProcessedScore^^^); ]
I0109 18:21:06.398017  5472 cuckoo_watch.h:45] 44ms in ProcessBatch(school_batches\aaaaab.batch) [including 2ms in LoadMessage; 1ms in InitializeSparseNdw; 10ms in InferThetaAndUpdateNwtSparse; 11ms in CalculateScore(PerplexityScore); 4ms in CalculateScore(SparsityThetaScore); 11ms in CalculateScore(^^^ItemsProcessedScore^^^); ]
I0109 18:21:06.398017  4940 cuckoo_watch.h:45] 44ms in ProcessBatch(school_batches\aaaaad.batch) [including 2ms in LoadMessage; 1ms in InitializeSparseNdw; 10ms in InferThetaAndUpdateNwtSparse; 11ms in CalculateScore(PerplexityScore); 4ms in CalculateScore(SparsityThetaScore); 11ms in CalculateScore(^^^ItemsProcessedScore^^^); ]
I0109 18:21:06.398017  5260 processor.cc:802] Processor: start processing batch 44b694d1-f839-4be8-a542-257e23fba544 into model nwt
I0109 18:21:06.444893  5260 processor.cc:898] Processor: complete processing batch 44b694d1-f839-4be8-a542-257e23fba544 into model nwt
I0109 18:21:06.444893  5260 cuckoo_watch.h:45] 36ms in ProcessBatch(school_batches\aaaaae.batch) [including 1ms in LoadMessage; 1ms in InitializeSparseNdw; 10ms in InferThetaAndUpdateNwtSparse; 10ms in CalculateScore(PerplexityScore); 2ms in CalculateScore(SparsityThetaScore); 8ms in CalculateScore(^^^ItemsProcessedScore^^^); ]
I0109 18:21:06.476141  3496 master_component.cc:1391] NormalizeModelArgs: pwt_target_name=pwt, nwt_source_name=nwt, rwt_source_name=
I0109 18:21:06.476141  3496 master_component.cc:952] MasterComponent: start normalizing model nwt
I0109 18:21:06.507385  3496 master_component.cc:980] MasterComponent: complete normalizing model nwt
I0109 18:21:06.523008  3496 master_component.cc:1415] DisposeModel rwt
I0109 18:21:06.523008  3496 master_component.cc:1005] FitOffline: ItemsProcessed, num_items=476, num_batches=5, token_weight=160411, token_weight_in_effect=160411
I0109 18:21:06.538631  5440 c_interface.cc:559] Pass GetScoreValueArgs, score_name=^^^ItemsProcessedScore^^^ to MasterComponent::Request
I0109 18:21:06.538631  5440 c_interface.cc:230] ArtmCopyRequestedMessage is copying 46 bytes...
I0109 18:21:06.538631  3496 c_interface.cc:386] Pass FitOfflineMasterModelArgs, batch_filename_size=5, batch_weight_size=5, num_collection_passes=1 to void (__cdecl artm::core::MasterComponent::*)(class artm::FitOfflineMasterModelArgs const & __ptr64) __ptr64
I0109 18:21:06.538631  3496 master_component.cc:1340] ProcessBatchesArgs: nwt_target_name=nwt, batch_filename_size=5, batch_size=0, batch_weight_size=5, pwt_source_name=pwt, num_document_passes=1, class=(text:1), reuse_theta=yes, opt_for_avx=yes, predict_class_id=
I0109 18:21:06.569882  2100 processor.cc:802] Processor: start processing batch 118856ca-d672-4e5d-a557-884ef7187ed9 into model nwt
I0109 18:21:06.569882  5472 processor.cc:802] Processor: start processing batch 2ee3d90e-241f-4276-bc7a-dd604f3ae284 into model nwt
I0109 18:21:06.569882  4940 processor.cc:802] Processor: start processing batch 37dca3a1-b4a7-44b3-83d4-c6adb38c9d73 into model nwt
I0109 18:21:06.569882  5260 processor.cc:802] Processor: start processing batch 1de24efb-0ccb-4675-969b-f96871b11772 into model nwt
I0109 18:21:06.601132  2100 processor.cc:898] Processor: complete processing batch 118856ca-d672-4e5d-a557-884ef7187ed9 into model nwt
I0109 18:21:06.601132  2100 cuckoo_watch.h:45] 37ms in ProcessBatch(school_batches\aaaaad.batch) [including 2ms in LoadMessage; 1ms in InitializeSparseNdw; 9ms in InferThetaAndUpdateNwtSparse; 10ms in CalculateScore(PerplexityScore); 2ms in CalculateScore(SparsityThetaScore); 8ms in CalculateScore(^^^ItemsProcessedScore^^^); ]
I0109 18:21:06.601132  4940 processor.cc:898] Processor: complete processing batch 37dca3a1-b4a7-44b3-83d4-c6adb38c9d73 into model nwt
I0109 18:21:06.601132  5260 processor.cc:898] Processor: complete processing batch 1de24efb-0ccb-4675-969b-f96871b11772 into model nwt
I0109 18:21:06.601132  5472 processor.cc:898] Processor: complete processing batch 2ee3d90e-241f-4276-bc7a-dd604f3ae284 into model nwt
I0109 18:21:06.601132  4940 cuckoo_watch.h:45] 38ms in ProcessBatch(school_batches\aaaaac.batch) [including 2ms in LoadMessage; 1ms in InitializeSparseNdw; 9ms in InferThetaAndUpdateNwtSparse; 11ms in CalculateScore(PerplexityScore); 2ms in CalculateScore(SparsityThetaScore); 9ms in CalculateScore(^^^ItemsProcessedScore^^^); ]
I0109 18:21:06.601132  5260 cuckoo_watch.h:45] 38ms in ProcessBatch(school_batches\aaaaab.batch) [including 2ms in LoadMessage; 1ms in InitializeSparseNdw; 9ms in InferThetaAndUpdateNwtSparse; 11ms in CalculateScore(PerplexityScore); 2ms in CalculateScore(SparsityThetaScore); 10ms in CalculateScore(^^^ItemsProcessedScore^^^); ]
I0109 18:21:06.601132  5472 cuckoo_watch.h:45] 39ms in ProcessBatch(school_batches\aaaaaa.batch) [including 2ms in LoadMessage; 1ms in InitializeSparseNdw; 9ms in InferThetaAndUpdateNwtSparse; 11ms in CalculateScore(PerplexityScore); 2ms in CalculateScore(SparsityThetaScore); 9ms in CalculateScore(^^^ItemsProcessedScore^^^); ]
I0109 18:21:06.601132  2100 processor.cc:802] Processor: start processing batch 44b694d1-f839-4be8-a542-257e23fba544 into model nwt
I0109 18:21:06.632380  2100 processor.cc:898] Processor: complete processing batch 44b694d1-f839-4be8-a542-257e23fba544 into model nwt
I0109 18:21:06.632380  2100 cuckoo_watch.h:45] 35ms in ProcessBatch(school_batches\aaaaae.batch) [including 2ms in LoadMessage; 1ms in InitializeSparseNdw; 9ms in InferThetaAndUpdateNwtSparse; 9ms in CalculateScore(PerplexityScore); 2ms in CalculateScore(SparsityThetaScore); 8ms in CalculateScore(^^^ItemsProcessedScore^^^); ]
I0109 18:21:06.648003  3496 master_component.cc:1391] NormalizeModelArgs: pwt_target_name=pwt, nwt_source_name=nwt, rwt_source_name=
I0109 18:21:06.648003  3496 master_component.cc:952] MasterComponent: start normalizing model nwt
I0109 18:21:06.679253  3496 master_component.cc:980] MasterComponent: complete normalizing model nwt
I0109 18:21:06.694876  3496 master_component.cc:1415] DisposeModel rwt
I0109 18:21:06.694876  3496 master_component.cc:1005] FitOffline: ItemsProcessed, num_items=476, num_batches=5, token_weight=160411, token_weight_in_effect=160411
I0109 18:21:06.741753  5440 c_interface.cc:559] Pass GetScoreValueArgs, score_name=^^^ItemsProcessedScore^^^ to MasterComponent::Request
I0109 18:21:06.741753  5440 c_interface.cc:230] ArtmCopyRequestedMessage is copying 46 bytes...
I0109 18:21:06.741753  3496 c_interface.cc:386] Pass FitOfflineMasterModelArgs, batch_filename_size=5, batch_weight_size=5, num_collection_passes=1 to void (__cdecl artm::core::MasterComponent::*)(class artm::FitOfflineMasterModelArgs const & __ptr64) __ptr64
I0109 18:21:06.741753  3496 master_component.cc:1340] ProcessBatchesArgs: nwt_target_name=nwt, batch_filename_size=5, batch_size=0, batch_weight_size=5, pwt_source_name=pwt, num_document_passes=1, class=(text:1), reuse_theta=yes, opt_for_avx=yes, predict_class_id=
I0109 18:21:06.773005  4940 processor.cc:802] Processor: start processing batch 1de24efb-0ccb-4675-969b-f96871b11772 into model nwt
I0109 18:21:06.773005  5260 processor.cc:802] Processor: start processing batch 2ee3d90e-241f-4276-bc7a-dd604f3ae284 into model nwt
I0109 18:21:06.788626  2100 processor.cc:802] Processor: start processing batch 118856ca-d672-4e5d-a557-884ef7187ed9 into model nwt
I0109 18:21:06.788626  5472 processor.cc:802] Processor: start processing batch 37dca3a1-b4a7-44b3-83d4-c6adb38c9d73 into model nwt
I0109 18:21:06.804252  4940 processor.cc:898] Processor: complete processing batch 1de24efb-0ccb-4675-969b-f96871b11772 into model nwt
I0109 18:21:06.804252  4940 cuckoo_watch.h:45] 36ms in ProcessBatch(school_batches\aaaaab.batch) [including 2ms in LoadMessage; 1ms in InitializeSparseNdw; 9ms in InferThetaAndUpdateNwtSparse; 10ms in CalculateScore(PerplexityScore); 2ms in CalculateScore(SparsityThetaScore); 8ms in CalculateScore(^^^ItemsProcessedScore^^^); ]
I0109 18:21:06.804252  5260 processor.cc:898] Processor: complete processing batch 2ee3d90e-241f-4276-bc7a-dd604f3ae284 into model nwt
I0109 18:21:06.804252  5260 cuckoo_watch.h:45] 38ms in ProcessBatch(school_batches\aaaaaa.batch) [including 2ms in LoadMessage; 1ms in InitializeSparseNdw; 10ms in InferThetaAndUpdateNwtSparse; 10ms in CalculateScore(PerplexityScore); 2ms in CalculateScore(SparsityThetaScore); 9ms in CalculateScore(^^^ItemsProcessedScore^^^); ]
I0109 18:21:06.804252  4940 processor.cc:802] Processor: start processing batch 44b694d1-f839-4be8-a542-257e23fba544 into model nwt
I0109 18:21:06.819883  2100 processor.cc:898] Processor: complete processing batch 118856ca-d672-4e5d-a557-884ef7187ed9 into model nwt
I0109 18:21:06.819883  2100 cuckoo_watch.h:45] 35ms in ProcessBatch(school_batches\aaaaad.batch) [including 1ms in LoadMessage; 1ms in InitializeSparseNdw; 8ms in InferThetaAndUpdateNwtSparse; 10ms in CalculateScore(PerplexityScore); 2ms in CalculateScore(SparsityThetaScore); 8ms in CalculateScore(^^^ItemsProcessedScore^^^); ]
I0109 18:21:06.819883  5472 processor.cc:898] Processor: complete processing batch 37dca3a1-b4a7-44b3-83d4-c6adb38c9d73 into model nwt
I0109 18:21:06.819883  5472 cuckoo_watch.h:45] 37ms in ProcessBatch(school_batches\aaaaac.batch) [including 2ms in LoadMessage; 1ms in InitializeSparseNdw; 8ms in InferThetaAndUpdateNwtSparse; 11ms in CalculateScore(PerplexityScore); 2ms in CalculateScore(SparsityThetaScore); 9ms in CalculateScore(^^^ItemsProcessedScore^^^); ]
I0109 18:21:06.835508  4940 processor.cc:898] Processor: complete processing batch 44b694d1-f839-4be8-a542-257e23fba544 into model nwt
I0109 18:21:06.835508  4940 cuckoo_watch.h:45] 34ms in ProcessBatch(school_batches\aaaaae.batch) [including 2ms in LoadMessage; 1ms in InitializeSparseNdw; 8ms in InferThetaAndUpdateNwtSparse; 9ms in CalculateScore(PerplexityScore); 2ms in CalculateScore(SparsityThetaScore); 8ms in CalculateScore(^^^ItemsProcessedScore^^^); ]
I0109 18:21:06.866751  3496 master_component.cc:1391] NormalizeModelArgs: pwt_target_name=pwt, nwt_source_name=nwt, rwt_source_name=
I0109 18:21:06.866751  3496 master_component.cc:952] MasterComponent: start normalizing model nwt
I0109 18:21:06.898000  3496 master_component.cc:980] MasterComponent: complete normalizing model nwt
I0109 18:21:06.913626  3496 master_component.cc:1415] DisposeModel rwt
I0109 18:21:06.913626  3496 master_component.cc:1005] FitOffline: ItemsProcessed, num_items=476, num_batches=5, token_weight=160411, token_weight_in_effect=160411
I0109 18:21:06.944875  5440 c_interface.cc:559] Pass GetScoreValueArgs, score_name=^^^ItemsProcessedScore^^^ to MasterComponent::Request
I0109 18:21:06.944875  5440 c_interface.cc:230] ArtmCopyRequestedMessage is copying 46 bytes...
I0109 18:21:06.944875  3496 c_interface.cc:386] Pass FitOfflineMasterModelArgs, batch_filename_size=5, batch_weight_size=5, num_collection_passes=1 to void (__cdecl artm::core::MasterComponent::*)(class artm::FitOfflineMasterModelArgs const & __ptr64) __ptr64
I0109 18:21:06.944875  3496 master_component.cc:1340] ProcessBatchesArgs: nwt_target_name=nwt, batch_filename_size=5, batch_size=0, batch_weight_size=5, pwt_source_name=pwt, num_document_passes=1, class=(text:1), reuse_theta=yes, opt_for_avx=yes, predict_class_id=
I0109 18:21:06.976135  2100 processor.cc:802] Processor: start processing batch 2ee3d90e-241f-4276-bc7a-dd604f3ae284 into model nwt
I0109 18:21:06.976135  4940 processor.cc:802] Processor: start processing batch 1de24efb-0ccb-4675-969b-f96871b11772 into model nwt
I0109 18:21:06.976135  5260 processor.cc:802] Processor: start processing batch 118856ca-d672-4e5d-a557-884ef7187ed9 into model nwt
I0109 18:21:06.976135  5472 processor.cc:802] Processor: start processing batch 37dca3a1-b4a7-44b3-83d4-c6adb38c9d73 into model nwt
I0109 18:21:07.007374  2100 processor.cc:898] Processor: complete processing batch 2ee3d90e-241f-4276-bc7a-dd604f3ae284 into model nwt
I0109 18:21:07.007374  4940 processor.cc:898] Processor: complete processing batch 1de24efb-0ccb-4675-969b-f96871b11772 into model nwt
I0109 18:21:07.007374  5472 processor.cc:898] Processor: complete processing batch 37dca3a1-b4a7-44b3-83d4-c6adb38c9d73 into model nwt
I0109 18:21:07.007374  5260 processor.cc:898] Processor: complete processing batch 118856ca-d672-4e5d-a557-884ef7187ed9 into model nwt
I0109 18:21:07.007374  2100 cuckoo_watch.h:45] 37ms in ProcessBatch(school_batches\aaaaaa.batch) [including 2ms in LoadMessage; 1ms in InitializeSparseNdw; 9ms in InferThetaAndUpdateNwtSparse; 10ms in CalculateScore(PerplexityScore); 2ms in CalculateScore(SparsityThetaScore); 8ms in CalculateScore(^^^ItemsProcessedScore^^^); ]
I0109 18:21:07.007374  4940 cuckoo_watch.h:45] 37ms in ProcessBatch(school_batches\aaaaab.batch) [including 2ms in LoadMessage; 1ms in InitializeSparseNdw; 9ms in InferThetaAndUpdateNwtSparse; 10ms in CalculateScore(PerplexityScore); 2ms in CalculateScore(SparsityThetaScore); 8ms in CalculateScore(^^^ItemsProcessedScore^^^); ]
I0109 18:21:07.007374  5472 cuckoo_watch.h:45] 38ms in ProcessBatch(school_batches\aaaaac.batch) [including 2ms in LoadMessage; 1ms in InitializeSparseNdw; 9ms in InferThetaAndUpdateNwtSparse; 10ms in CalculateScore(PerplexityScore); 2ms in CalculateScore(SparsityThetaScore); 9ms in CalculateScore(^^^ItemsProcessedScore^^^); ]
I0109 18:21:07.007374  5260 cuckoo_watch.h:45] 38ms in ProcessBatch(school_batches\aaaaad.batch) [including 2ms in LoadMessage; 1ms in InitializeSparseNdw; 10ms in InferThetaAndUpdateNwtSparse; 10ms in CalculateScore(PerplexityScore); 2ms in CalculateScore(SparsityThetaScore); 9ms in CalculateScore(^^^ItemsProcessedScore^^^); ]
I0109 18:21:07.007374  2100 processor.cc:802] Processor: start processing batch 44b694d1-f839-4be8-a542-257e23fba544 into model nwt
I0109 18:21:07.038625  2100 processor.cc:898] Processor: complete processing batch 44b694d1-f839-4be8-a542-257e23fba544 into model nwt
I0109 18:21:07.038625  2100 cuckoo_watch.h:45] 34ms in ProcessBatch(school_batches\aaaaae.batch) [including 1ms in LoadMessage; 1ms in InitializeSparseNdw; 9ms in InferThetaAndUpdateNwtSparse; 9ms in CalculateScore(PerplexityScore); 2ms in CalculateScore(SparsityThetaScore); 8ms in CalculateScore(^^^ItemsProcessedScore^^^); ]
I0109 18:21:07.054251  3496 master_component.cc:1391] NormalizeModelArgs: pwt_target_name=pwt, nwt_source_name=nwt, rwt_source_name=
I0109 18:21:07.054251  3496 master_component.cc:952] MasterComponent: start normalizing model nwt
I0109 18:21:07.085496  3496 master_component.cc:980] MasterComponent: complete normalizing model nwt
I0109 18:21:07.101125  3496 master_component.cc:1415] DisposeModel rwt
I0109 18:21:07.101125  3496 master_component.cc:1005] FitOffline: ItemsProcessed, num_items=476, num_batches=5, token_weight=160411, token_weight_in_effect=160411
I0109 18:21:07.148000  5440 c_interface.cc:559] Pass GetScoreValueArgs, score_name=^^^ItemsProcessedScore^^^ to MasterComponent::Request
I0109 18:21:07.148000  5440 c_interface.cc:230] ArtmCopyRequestedMessage is copying 46 bytes...
I0109 18:21:07.148000  3496 c_interface.cc:386] Pass FitOfflineMasterModelArgs, batch_filename_size=5, batch_weight_size=5, num_collection_passes=1 to void (__cdecl artm::core::MasterComponent::*)(class artm::FitOfflineMasterModelArgs const & __ptr64) __ptr64
I0109 18:21:07.148000  3496 master_component.cc:1340] ProcessBatchesArgs: nwt_target_name=nwt, batch_filename_size=5, batch_size=0, batch_weight_size=5, pwt_source_name=pwt, num_document_passes=1, class=(text:1), reuse_theta=yes, opt_for_avx=yes, predict_class_id=
I0109 18:21:07.179247  5472 processor.cc:802] Processor: start processing batch 1de24efb-0ccb-4675-969b-f96871b11772 into model nwt
I0109 18:21:07.179247  2100 processor.cc:802] Processor: start processing batch 2ee3d90e-241f-4276-bc7a-dd604f3ae284 into model nwt
I0109 18:21:07.179247  4940 processor.cc:802] Processor: start processing batch 37dca3a1-b4a7-44b3-83d4-c6adb38c9d73 into model nwt
I0109 18:21:07.179247  5260 processor.cc:802] Processor: start processing batch 118856ca-d672-4e5d-a557-884ef7187ed9 into model nwt
I0109 18:21:07.210491  5472 processor.cc:898] Processor: complete processing batch 1de24efb-0ccb-4675-969b-f96871b11772 into model nwt
I0109 18:21:07.210491  5260 processor.cc:898] Processor: complete processing batch 118856ca-d672-4e5d-a557-884ef7187ed9 into model nwt
I0109 18:21:07.210491  2100 processor.cc:898] Processor: complete processing batch 2ee3d90e-241f-4276-bc7a-dd604f3ae284 into model nwt
I0109 18:21:07.210491  4940 processor.cc:898] Processor: complete processing batch 37dca3a1-b4a7-44b3-83d4-c6adb38c9d73 into model nwt
I0109 18:21:07.210491  5472 cuckoo_watch.h:45] 39ms in ProcessBatch(school_batches\aaaaab.batch) [including 2ms in LoadMessage; 1ms in InitializeSparseNdw; 10ms in InferThetaAndUpdateNwtSparse; 10ms in CalculateScore(PerplexityScore); 2ms in CalculateScore(SparsityThetaScore); 10ms in CalculateScore(^^^ItemsProcessedScore^^^); ]
I0109 18:21:07.210491  5260 cuckoo_watch.h:45] 40ms in ProcessBatch(school_batches\aaaaad.batch) [including 2ms in LoadMessage; 1ms in InitializeSparseNdw; 10ms in InferThetaAndUpdateNwtSparse; 10ms in CalculateScore(PerplexityScore); 2ms in CalculateScore(SparsityThetaScore); 10ms in CalculateScore(^^^ItemsProcessedScore^^^); ]
I0109 18:21:07.210491  2100 cuckoo_watch.h:45] 40ms in ProcessBatch(school_batches\aaaaaa.batch) [including 2ms in LoadMessage; 1ms in InitializeSparseNdw; 10ms in InferThetaAndUpdateNwtSparse; 10ms in CalculateScore(PerplexityScore); 2ms in CalculateScore(SparsityThetaScore); 10ms in CalculateScore(^^^ItemsProcessedScore^^^); ]
I0109 18:21:07.210491  4940 cuckoo_watch.h:45] 40ms in ProcessBatch(school_batches\aaaaac.batch) [including 2ms in LoadMessage; 1ms in InitializeSparseNdw; 10ms in InferThetaAndUpdateNwtSparse; 10ms in CalculateScore(PerplexityScore); 2ms in CalculateScore(SparsityThetaScore); 10ms in CalculateScore(^^^ItemsProcessedScore^^^); ]
I0109 18:21:07.210491  5472 processor.cc:802] Processor: start processing batch 44b694d1-f839-4be8-a542-257e23fba544 into model nwt
I0109 18:21:07.241740  5472 processor.cc:898] Processor: complete processing batch 44b694d1-f839-4be8-a542-257e23fba544 into model nwt
I0109 18:21:07.241740  5472 cuckoo_watch.h:45] 34ms in ProcessBatch(school_batches\aaaaae.batch) [including 1ms in LoadMessage; 1ms in InitializeSparseNdw; 9ms in InferThetaAndUpdateNwtSparse; 9ms in CalculateScore(PerplexityScore); 2ms in CalculateScore(SparsityThetaScore); 7ms in CalculateScore(^^^ItemsProcessedScore^^^); ]
I0109 18:21:07.257374  3496 master_component.cc:1391] NormalizeModelArgs: pwt_target_name=pwt, nwt_source_name=nwt, rwt_source_name=
I0109 18:21:07.257374  3496 master_component.cc:952] MasterComponent: start normalizing model nwt
I0109 18:21:07.288620  3496 master_component.cc:980] MasterComponent: complete normalizing model nwt
I0109 18:21:07.304244  3496 master_component.cc:1415] DisposeModel rwt
I0109 18:21:07.304244  3496 master_component.cc:1005] FitOffline: ItemsProcessed, num_items=476, num_batches=5, token_weight=160411, token_weight_in_effect=160411
I0109 18:21:07.351150  5440 c_interface.cc:559] Pass GetScoreValueArgs, score_name=^^^ItemsProcessedScore^^^ to MasterComponent::Request
I0109 18:21:07.351150  5440 c_interface.cc:230] ArtmCopyRequestedMessage is copying 46 bytes...
I0109 18:21:07.351150  3496 c_interface.cc:386] Pass FitOfflineMasterModelArgs, batch_filename_size=5, batch_weight_size=5, num_collection_passes=1 to void (__cdecl artm::core::MasterComponent::*)(class artm::FitOfflineMasterModelArgs const & __ptr64) __ptr64
I0109 18:21:07.351150  3496 master_component.cc:1340] ProcessBatchesArgs: nwt_target_name=nwt, batch_filename_size=5, batch_size=0, batch_weight_size=5, pwt_source_name=pwt, num_document_passes=1, class=(text:1), reuse_theta=yes, opt_for_avx=yes, predict_class_id=
I0109 18:21:07.382365  5472 processor.cc:802] Processor: start processing batch 2ee3d90e-241f-4276-bc7a-dd604f3ae284 into model nwt
I0109 18:21:07.382365  4940 processor.cc:802] Processor: start processing batch 37dca3a1-b4a7-44b3-83d4-c6adb38c9d73 into model nwt
I0109 18:21:07.382365  5260 processor.cc:802] Processor: start processing batch 1de24efb-0ccb-4675-969b-f96871b11772 into model nwt
I0109 18:21:07.398003  2100 processor.cc:802] Processor: start processing batch 118856ca-d672-4e5d-a557-884ef7187ed9 into model nwt
I0109 18:21:07.413617  5472 processor.cc:898] Processor: complete processing batch 2ee3d90e-241f-4276-bc7a-dd604f3ae284 into model nwt
I0109 18:21:07.413617  5472 cuckoo_watch.h:45] 36ms in ProcessBatch(school_batches\aaaaaa.batch) [including 2ms in LoadMessage; 1ms in InitializeSparseNdw; 9ms in InferThetaAndUpdateNwtSparse; 10ms in CalculateScore(PerplexityScore); 2ms in CalculateScore(SparsityThetaScore); 8ms in CalculateScore(^^^ItemsProcessedScore^^^); ]
I0109 18:21:07.413617  5260 processor.cc:898] Processor: complete processing batch 1de24efb-0ccb-4675-969b-f96871b11772 into model nwt
I0109 18:21:07.413617  4940 processor.cc:898] Processor: complete processing batch 37dca3a1-b4a7-44b3-83d4-c6adb38c9d73 into model nwt
I0109 18:21:07.413617  5260 cuckoo_watch.h:45] 38ms in ProcessBatch(school_batches\aaaaab.batch) [including 2ms in LoadMessage; 1ms in InitializeSparseNdw; 10ms in InferThetaAndUpdateNwtSparse; 10ms in CalculateScore(PerplexityScore); 2ms in CalculateScore(SparsityThetaScore); 8ms in CalculateScore(^^^ItemsProcessedScore^^^); ]
I0109 18:21:07.413617  4940 cuckoo_watch.h:45] 38ms in ProcessBatch(school_batches\aaaaac.batch) [including 2ms in LoadMessage; 1ms in InitializeSparseNdw; 10ms in InferThetaAndUpdateNwtSparse; 11ms in CalculateScore(PerplexityScore); 2ms in CalculateScore(SparsityThetaScore); 10ms in CalculateScore(^^^ItemsProcessedScore^^^); ]
I0109 18:21:07.413617  5472 processor.cc:802] Processor: start processing batch 44b694d1-f839-4be8-a542-257e23fba544 into model nwt
I0109 18:21:07.429239  2100 processor.cc:898] Processor: complete processing batch 118856ca-d672-4e5d-a557-884ef7187ed9 into model nwt
I0109 18:21:07.429239  2100 cuckoo_watch.h:45] 54ms in ProcessBatch(school_batches\aaaaad.batch) [including 17ms in LoadMessage; 1ms in InitializeSparseNdw; 9ms in InferThetaAndUpdateNwtSparse; 11ms in CalculateScore(PerplexityScore); 3ms in CalculateScore(SparsityThetaScore); 9ms in CalculateScore(^^^ItemsProcessedScore^^^); ]
I0109 18:21:07.444865  5472 processor.cc:898] Processor: complete processing batch 44b694d1-f839-4be8-a542-257e23fba544 into model nwt
I0109 18:21:07.444865  5472 cuckoo_watch.h:45] 36ms in ProcessBatch(school_batches\aaaaae.batch) [including 2ms in LoadMessage; 1ms in InitializeSparseNdw; 9ms in InferThetaAndUpdateNwtSparse; 9ms in CalculateScore(PerplexityScore); 2ms in CalculateScore(SparsityThetaScore); 9ms in CalculateScore(^^^ItemsProcessedScore^^^); ]
I0109 18:21:07.460489  3496 master_component.cc:1391] NormalizeModelArgs: pwt_target_name=pwt, nwt_source_name=nwt, rwt_source_name=
I0109 18:21:07.460489  3496 master_component.cc:952] MasterComponent: start normalizing model nwt
I0109 18:21:07.491745  3496 master_component.cc:980] MasterComponent: complete normalizing model nwt
I0109 18:21:07.507377  3496 master_component.cc:1415] DisposeModel rwt
I0109 18:21:07.507377  3496 master_component.cc:1005] FitOffline: ItemsProcessed, num_items=476, num_batches=5, token_weight=160411, token_weight_in_effect=160411
I0109 18:21:07.569860  5440 c_interface.cc:559] Pass GetScoreValueArgs, score_name=^^^ItemsProcessedScore^^^ to MasterComponent::Request
I0109 18:21:07.569860  5440 c_interface.cc:230] ArtmCopyRequestedMessage is copying 46 bytes...
I0109 18:21:07.569860  3496 c_interface.cc:386] Pass FitOfflineMasterModelArgs, batch_filename_size=5, batch_weight_size=5, num_collection_passes=1 to void (__cdecl artm::core::MasterComponent::*)(class artm::FitOfflineMasterModelArgs const & __ptr64) __ptr64
I0109 18:21:07.569860  3496 master_component.cc:1340] ProcessBatchesArgs: nwt_target_name=nwt, batch_filename_size=5, batch_size=0, batch_weight_size=5, pwt_source_name=pwt, num_document_passes=1, class=(text:1), reuse_theta=yes, opt_for_avx=yes, predict_class_id=
I0109 18:21:07.601109  5472 processor.cc:802] Processor: start processing batch 2ee3d90e-241f-4276-bc7a-dd604f3ae284 into model nwt
I0109 18:21:07.601109  5260 processor.cc:802] Processor: start processing batch 1de24efb-0ccb-4675-969b-f96871b11772 into model nwt
I0109 18:21:07.601109  4940 processor.cc:802] Processor: start processing batch 118856ca-d672-4e5d-a557-884ef7187ed9 into model nwt
I0109 18:21:07.601109  2100 processor.cc:802] Processor: start processing batch 37dca3a1-b4a7-44b3-83d4-c6adb38c9d73 into model nwt
I0109 18:21:07.632357  5472 processor.cc:898] Processor: complete processing batch 2ee3d90e-241f-4276-bc7a-dd604f3ae284 into model nwt
I0109 18:21:07.632357  5472 cuckoo_watch.h:45] 35ms in ProcessBatch(school_batches\aaaaaa.batch) [including 1ms in LoadMessage; 1ms in InitializeSparseNdw; 9ms in InferThetaAndUpdateNwtSparse; 10ms in CalculateScore(PerplexityScore); 2ms in CalculateScore(SparsityThetaScore); 8ms in CalculateScore(^^^ItemsProcessedScore^^^); ]
I0109 18:21:07.632357  4940 processor.cc:898] Processor: complete processing batch 118856ca-d672-4e5d-a557-884ef7187ed9 into model nwt
I0109 18:21:07.632357  5260 processor.cc:898] Processor: complete processing batch 1de24efb-0ccb-4675-969b-f96871b11772 into model nwt
I0109 18:21:07.632357  2100 processor.cc:898] Processor: complete processing batch 37dca3a1-b4a7-44b3-83d4-c6adb38c9d73 into model nwt
I0109 18:21:07.632357  4940 cuckoo_watch.h:45] 38ms in ProcessBatch(school_batches\aaaaad.batch) [including 2ms in LoadMessage; 1ms in InitializeSparseNdw; 10ms in InferThetaAndUpdateNwtSparse; 10ms in CalculateScore(PerplexityScore); 2ms in CalculateScore(SparsityThetaScore); 8ms in CalculateScore(^^^ItemsProcessedScore^^^); ]
I0109 18:21:07.632357  5260 cuckoo_watch.h:45] 38ms in ProcessBatch(school_batches\aaaaab.batch) [including 2ms in LoadMessage; 1ms in InitializeSparseNdw; 9ms in InferThetaAndUpdateNwtSparse; 11ms in CalculateScore(PerplexityScore); 2ms in CalculateScore(SparsityThetaScore); 9ms in CalculateScore(^^^ItemsProcessedScore^^^); ]
I0109 18:21:07.632357  2100 cuckoo_watch.h:45] 38ms in ProcessBatch(school_batches\aaaaac.batch) [including 2ms in LoadMessage; 1ms in InitializeSparseNdw; 10ms in InferThetaAndUpdateNwtSparse; 11ms in CalculateScore(PerplexityScore); 2ms in CalculateScore(SparsityThetaScore); 10ms in CalculateScore(^^^ItemsProcessedScore^^^); ]
I0109 18:21:07.632357  5472 processor.cc:802] Processor: start processing batch 44b694d1-f839-4be8-a542-257e23fba544 into model nwt
I0109 18:21:07.663609  5472 processor.cc:898] Processor: complete processing batch 44b694d1-f839-4be8-a542-257e23fba544 into model nwt
I0109 18:21:07.663609  5472 cuckoo_watch.h:45] 34ms in ProcessBatch(school_batches\aaaaae.batch) [including 3ms in LoadMessage; 1ms in InitializeSparseNdw; 8ms in InferThetaAndUpdateNwtSparse; 9ms in CalculateScore(PerplexityScore); 2ms in CalculateScore(SparsityThetaScore); 7ms in CalculateScore(^^^ItemsProcessedScore^^^); ]
I0109 18:21:07.679234  3496 master_component.cc:1391] NormalizeModelArgs: pwt_target_name=pwt, nwt_source_name=nwt, rwt_source_name=
I0109 18:21:07.679234  3496 master_component.cc:952] MasterComponent: start normalizing model nwt
I0109 18:21:07.710485  3496 master_component.cc:980] MasterComponent: complete normalizing model nwt
I0109 18:21:07.726110  3496 master_component.cc:1415] DisposeModel rwt
I0109 18:21:07.726110  3496 master_component.cc:1005] FitOffline: ItemsProcessed, num_items=476, num_batches=5, token_weight=160411, token_weight_in_effect=160411
I0109 18:21:07.788614  5440 c_interface.cc:559] Pass GetScoreValueArgs, score_name=^^^ItemsProcessedScore^^^ to MasterComponent::Request
I0109 18:21:07.788614  5440 c_interface.cc:230] ArtmCopyRequestedMessage is copying 46 bytes...
I0109 18:21:07.788614  3496 c_interface.cc:386] Pass FitOfflineMasterModelArgs, batch_filename_size=5, batch_weight_size=5, num_collection_passes=1 to void (__cdecl artm::core::MasterComponent::*)(class artm::FitOfflineMasterModelArgs const & __ptr64) __ptr64
I0109 18:21:07.788614  3496 master_component.cc:1340] ProcessBatchesArgs: nwt_target_name=nwt, batch_filename_size=5, batch_size=0, batch_weight_size=5, pwt_source_name=pwt, num_document_passes=1, class=(text:1), reuse_theta=yes, opt_for_avx=yes, predict_class_id=
I0109 18:21:07.819855  4940 processor.cc:802] Processor: start processing batch 2ee3d90e-241f-4276-bc7a-dd604f3ae284 into model nwt
I0109 18:21:07.835480  5472 processor.cc:802] Processor: start processing batch 37dca3a1-b4a7-44b3-83d4-c6adb38c9d73 into model nwt
I0109 18:21:07.835480  2100 processor.cc:802] Processor: start processing batch 1de24efb-0ccb-4675-969b-f96871b11772 into model nwt
I0109 18:21:07.835480  5260 processor.cc:802] Processor: start processing batch 118856ca-d672-4e5d-a557-884ef7187ed9 into model nwt
I0109 18:21:07.851105  4940 processor.cc:898] Processor: complete processing batch 2ee3d90e-241f-4276-bc7a-dd604f3ae284 into model nwt
I0109 18:21:07.851105  4940 cuckoo_watch.h:45] 37ms in ProcessBatch(school_batches\aaaaaa.batch) [including 2ms in LoadMessage; 1ms in InitializeSparseNdw; 10ms in InferThetaAndUpdateNwtSparse; 10ms in CalculateScore(PerplexityScore); 2ms in CalculateScore(SparsityThetaScore); 8ms in CalculateScore(^^^ItemsProcessedScore^^^); ]
I0109 18:21:07.851105  4940 processor.cc:802] Processor: start processing batch 44b694d1-f839-4be8-a542-257e23fba544 into model nwt
I0109 18:21:07.866731  2100 processor.cc:898] Processor: complete processing batch 1de24efb-0ccb-4675-969b-f96871b11772 into model nwt
I0109 18:21:07.866731  5260 processor.cc:898] Processor: complete processing batch 118856ca-d672-4e5d-a557-884ef7187ed9 into model nwt
