I0205 19:31:49.760382  5544 cuckoo_watch.h:45] 3ms in ProcessBatch(batches\aaaaar.batch) [including 0ms in LoadMessage; 0ms in InitializeSparseNdw; 0ms in InferThetaAndUpdateNwtSparse; 0ms in CalculateScore(^^^ItemsProcessedScore^^^); ]
I0205 19:31:49.760382  4792 processor.cc:898] Processor: complete processing batch e19d6e21-d8b1-43db-9892-c7ed588d8f31 into model nwt
I0205 19:31:49.760382  4792 cuckoo_watch.h:45] 13ms in ProcessBatch(batches\aaaaaq.batch) [including 0ms in LoadMessage; 0ms in InitializeSparseNdw; 5ms in InferThetaAndUpdateNwtSparse; 3ms in CalculateScore(^^^ItemsProcessedScore^^^); ]
I0205 19:31:49.776008  8288 master_component.cc:1378] RegularizeModelArgs: rwt_target_name=rwt, pwt_source_name=pwt, nwt_source_name=nwt
I0205 19:31:49.776008  8288 master_component.cc:922] MasterComponent: start regularizing model pwt
I0205 19:31:49.885382  8288 master_component.cc:948] MasterComponent: complete regularizing model pwt
I0205 19:31:49.885382  8288 master_component.cc:1391] NormalizeModelArgs: pwt_target_name=pwt, nwt_source_name=nwt, rwt_source_name=rwt
I0205 19:31:49.885382  8288 master_component.cc:952] MasterComponent: start normalizing model nwt
I0205 19:31:49.947880  8288 master_component.cc:980] MasterComponent: complete normalizing model nwt
I0205 19:31:50.041632  8288 master_component.cc:1415] DisposeModel rwt
I0205 19:31:50.057260  8288 master_component.cc:1005] FitOffline: ItemsProcessed, num_items=1728, num_batches=18, token_weight=808522, token_weight_in_effect=808522
I0205 19:31:50.072883  2964 c_interface.cc:559] Pass GetScoreValueArgs, score_name=^^^ItemsProcessedScore^^^ to MasterComponent::Request
I0205 19:31:50.072883  2964 c_interface.cc:230] ArtmCopyRequestedMessage is copying 46 bytes...
I0205 19:31:50.072883  8288 c_interface.cc:386] Pass FitOfflineMasterModelArgs, batch_filename_size=18, batch_weight_size=18, num_collection_passes=1 to void (__cdecl artm::core::MasterComponent::*)(class artm::FitOfflineMasterModelArgs const & __ptr64) __ptr64
I0205 19:31:50.072883  8288 master_component.cc:1340] ProcessBatchesArgs: nwt_target_name=nwt, batch_filename_size=18, batch_size=0, batch_weight_size=18, pwt_source_name=pwt, num_document_passes=1, regularizer=(name:smoothing, tau:100000), class=(text:1), class=(author:1), reuse_theta=yes, opt_for_avx=yes, predict_class_id=
I0205 19:31:50.088510  5544 processor.cc:717] No data in processing queue, waiting...
I0205 19:31:50.104133  4792 processor.cc:717] No data in processing queue, waiting...
I0205 19:31:50.119765  4792 processor.cc:724] Processing queue has data, processing started
I0205 19:31:50.119765  5544 processor.cc:724] Processing queue has data, processing started
I0205 19:31:50.119765  5544 processor.cc:802] Processor: start processing batch 748f5505-2a1b-40b4-a3f6-91065f9d141e into model nwt
I0205 19:31:50.119765  4792 processor.cc:802] Processor: start processing batch e2dc69e7-834d-4bba-a2d4-e316a0a79bc2 into model nwt
I0205 19:31:50.119765  4792 processor.cc:898] Processor: complete processing batch e2dc69e7-834d-4bba-a2d4-e316a0a79bc2 into model nwt
I0205 19:31:50.119765  4792 cuckoo_watch.h:45] 11ms in ProcessBatch(batches\aaaaaa.batch) [including 0ms in LoadMessage; 0ms in InitializeSparseNdw; 4ms in InferThetaAndUpdateNwtSparse; 2ms in CalculateScore(^^^ItemsProcessedScore^^^); ]
I0205 19:31:50.119765  4792 processor.cc:802] Processor: start processing batch d2d6d9aa-d22d-40bf-abf4-3cf22a876fea into model nwt
I0205 19:31:50.135382  5544 processor.cc:898] Processor: complete processing batch 748f5505-2a1b-40b4-a3f6-91065f9d141e into model nwt
I0205 19:31:50.135382  5544 cuckoo_watch.h:45] 17ms in ProcessBatch(batches\aaaaab.batch) [including 1ms in LoadMessage; 0ms in InitializeSparseNdw; 7ms in InferThetaAndUpdateNwtSparse; 5ms in CalculateScore(^^^ItemsProcessedScore^^^); ]
I0205 19:31:50.135382  5544 processor.cc:802] Processor: start processing batch 86635375-db1e-4058-bb44-851848345408 into model nwt
I0205 19:31:50.135382  4792 processor.cc:898] Processor: complete processing batch d2d6d9aa-d22d-40bf-abf4-3cf22a876fea into model nwt
I0205 19:31:50.135382  4792 cuckoo_watch.h:45] 18ms in ProcessBatch(batches\aaaaac.batch) [including 1ms in LoadMessage; 0ms in InitializeSparseNdw; 8ms in InferThetaAndUpdateNwtSparse; 5ms in CalculateScore(^^^ItemsProcessedScore^^^); ]
I0205 19:31:50.151007  4792 processor.cc:802] Processor: start processing batch 5bddb803-bada-4df1-907f-fae98d319177 into model nwt
I0205 19:31:50.151007  5544 processor.cc:898] Processor: complete processing batch 86635375-db1e-4058-bb44-851848345408 into model nwt
I0205 19:31:50.151007  5544 cuckoo_watch.h:45] 17ms in ProcessBatch(batches\aaaaad.batch) [including 1ms in LoadMessage; 0ms in InitializeSparseNdw; 7ms in InferThetaAndUpdateNwtSparse; 5ms in CalculateScore(^^^ItemsProcessedScore^^^); ]
I0205 19:31:50.151007  5544 processor.cc:802] Processor: start processing batch 6e06f638-8f50-40da-b3ad-273ec97d65a9 into model nwt
I0205 19:31:50.151007  4792 processor.cc:898] Processor: complete processing batch 5bddb803-bada-4df1-907f-fae98d319177 into model nwt
I0205 19:31:50.151007  4792 cuckoo_watch.h:45] 15ms in ProcessBatch(batches\aaaaae.batch) [including 1ms in LoadMessage; 0ms in InitializeSparseNdw; 6ms in InferThetaAndUpdateNwtSparse; 5ms in CalculateScore(^^^ItemsProcessedScore^^^); ]
I0205 19:31:50.166640  4792 processor.cc:802] Processor: start processing batch 1ad84e68-5226-431d-a12b-c9cf06a28dc4 into model nwt
I0205 19:31:50.166640  5544 processor.cc:898] Processor: complete processing batch 6e06f638-8f50-40da-b3ad-273ec97d65a9 into model nwt
I0205 19:31:50.166640  5544 cuckoo_watch.h:45] 17ms in ProcessBatch(batches\aaaaaf.batch) [including 1ms in LoadMessage; 0ms in InitializeSparseNdw; 7ms in InferThetaAndUpdateNwtSparse; 6ms in CalculateScore(^^^ItemsProcessedScore^^^); ]
I0205 19:31:50.166640  5544 processor.cc:802] Processor: start processing batch 77811393-809b-4e5b-9aae-98c81f679903 into model nwt
I0205 19:31:50.182258  4792 processor.cc:898] Processor: complete processing batch 1ad84e68-5226-431d-a12b-c9cf06a28dc4 into model nwt
I0205 19:31:50.182258  4792 cuckoo_watch.h:45] 25ms in ProcessBatch(batches\aaaaag.batch) [including 1ms in LoadMessage; 1ms in InitializeSparseNdw; 11ms in InferThetaAndUpdateNwtSparse; 9ms in CalculateScore(^^^ItemsProcessedScore^^^); ]
I0205 19:31:50.182258  4792 processor.cc:802] Processor: start processing batch c24fc9f6-d8da-4c2e-b003-68d31fc1a3d6 into model nwt
I0205 19:31:50.182258  5544 processor.cc:898] Processor: complete processing batch 77811393-809b-4e5b-9aae-98c81f679903 into model nwt
I0205 19:31:50.182258  5544 cuckoo_watch.h:45] 20ms in ProcessBatch(batches\aaaaah.batch) [including 1ms in LoadMessage; 1ms in InitializeSparseNdw; 9ms in InferThetaAndUpdateNwtSparse; 6ms in CalculateScore(^^^ItemsProcessedScore^^^); ]
I0205 19:31:50.182258  5544 processor.cc:802] Processor: start processing batch 022f6f8d-6b9c-4c6c-8512-d1b06161856a into model nwt
I0205 19:31:50.197887  4792 processor.cc:898] Processor: complete processing batch c24fc9f6-d8da-4c2e-b003-68d31fc1a3d6 into model nwt
I0205 19:31:50.197887  4792 cuckoo_watch.h:45] 17ms in ProcessBatch(batches\aaaaai.batch) [including 1ms in LoadMessage; 0ms in InitializeSparseNdw; 8ms in InferThetaAndUpdateNwtSparse; 5ms in CalculateScore(^^^ItemsProcessedScore^^^); ]
I0205 19:31:50.197887  4792 processor.cc:802] Processor: start processing batch afbe6d56-c959-4631-969f-0ab0ce8c546e into model nwt
I0205 19:31:50.227182  5544 processor.cc:898] Processor: complete processing batch 022f6f8d-6b9c-4c6c-8512-d1b06161856a into model nwt
I0205 19:31:50.227182  5544 cuckoo_watch.h:45] 36ms in ProcessBatch(batches\aaaaaj.batch) [including 2ms in LoadMessage; 2ms in InitializeSparseNdw; 17ms in InferThetaAndUpdateNwtSparse; 13ms in CalculateScore(^^^ItemsProcessedScore^^^); ]
I0205 19:31:50.231178  5544 processor.cc:802] Processor: start processing batch f0a8b42f-221d-4d7b-ae14-ac09b791229c into model nwt
I0205 19:31:50.275177  4792 processor.cc:898] Processor: complete processing batch afbe6d56-c959-4631-969f-0ab0ce8c546e into model nwt
I0205 19:31:50.275177  4792 cuckoo_watch.h:45] 69ms in ProcessBatch(batches\aaaaak.batch) [including 3ms in LoadMessage; 4ms in InitializeSparseNdw; 33ms in InferThetaAndUpdateNwtSparse; 24ms in CalculateScore(^^^ItemsProcessedScore^^^); ]
I0205 19:31:50.279175  4792 processor.cc:802] Processor: start processing batch 9af87286-ffde-4713-a485-505d7d52e900 into model nwt
I0205 19:31:50.295176  5544 processor.cc:898] Processor: complete processing batch f0a8b42f-221d-4d7b-ae14-ac09b791229c into model nwt
I0205 19:31:50.295176  5544 cuckoo_watch.h:45] 67ms in ProcessBatch(batches\aaaaal.batch) [including 3ms in LoadMessage; 4ms in InitializeSparseNdw; 31ms in InferThetaAndUpdateNwtSparse; 24ms in CalculateScore(^^^ItemsProcessedScore^^^); ]
I0205 19:31:50.299178  5544 processor.cc:802] Processor: start processing batch 12d54851-7905-46ad-9935-b192b4b8a25b into model nwt
I0205 19:31:50.347177  4792 processor.cc:898] Processor: complete processing batch 9af87286-ffde-4713-a485-505d7d52e900 into model nwt
I0205 19:31:50.347177  4792 cuckoo_watch.h:45] 71ms in ProcessBatch(batches\aaaaam.batch) [including 4ms in LoadMessage; 4ms in InitializeSparseNdw; 33ms in InferThetaAndUpdateNwtSparse; 26ms in CalculateScore(^^^ItemsProcessedScore^^^); ]
I0205 19:31:50.351176  4792 processor.cc:802] Processor: start processing batch 8ba78a03-b2fc-438c-a06c-ed351f1d2340 into model nwt
I0205 19:31:50.355176  5544 processor.cc:898] Processor: complete processing batch 12d54851-7905-46ad-9935-b192b4b8a25b into model nwt
I0205 19:31:50.355176  5544 cuckoo_watch.h:45] 60ms in ProcessBatch(batches\aaaaan.batch) [including 3ms in LoadMessage; 4ms in InitializeSparseNdw; 28ms in InferThetaAndUpdateNwtSparse; 22ms in CalculateScore(^^^ItemsProcessedScore^^^); ]
I0205 19:31:50.359179  5544 processor.cc:802] Processor: start processing batch 00b6b95d-f70e-4c7c-939d-e1e71173bcec into model nwt
I0205 19:31:50.399176  4792 processor.cc:898] Processor: complete processing batch 8ba78a03-b2fc-438c-a06c-ed351f1d2340 into model nwt
I0205 19:31:50.399176  4792 cuckoo_watch.h:45] 51ms in ProcessBatch(batches\aaaaao.batch) [including 2ms in LoadMessage; 3ms in InitializeSparseNdw; 24ms in InferThetaAndUpdateNwtSparse; 18ms in CalculateScore(^^^ItemsProcessedScore^^^); ]
I0205 19:31:50.399176  4792 processor.cc:802] Processor: start processing batch e19d6e21-d8b1-43db-9892-c7ed588d8f31 into model nwt
I0205 19:31:50.403178  5544 processor.cc:898] Processor: complete processing batch 00b6b95d-f70e-4c7c-939d-e1e71173bcec into model nwt
I0205 19:31:50.403178  5544 cuckoo_watch.h:45] 48ms in ProcessBatch(batches\aaaaap.batch) [including 2ms in LoadMessage; 4ms in InitializeSparseNdw; 22ms in InferThetaAndUpdateNwtSparse; 16ms in CalculateScore(^^^ItemsProcessedScore^^^); ]
I0205 19:31:50.403178  5544 processor.cc:802] Processor: start processing batch 3a7910a9-6557-415a-b131-2b10295b1de7 into model nwt
I0205 19:31:50.407178  5544 processor.cc:898] Processor: complete processing batch 3a7910a9-6557-415a-b131-2b10295b1de7 into model nwt
I0205 19:31:50.407178  5544 cuckoo_watch.h:45] 3ms in ProcessBatch(batches\aaaaar.batch) [including 0ms in LoadMessage; 0ms in InitializeSparseNdw; 1ms in InferThetaAndUpdateNwtSparse; 0ms in CalculateScore(^^^ItemsProcessedScore^^^); ]
I0205 19:31:50.411180  4792 processor.cc:898] Processor: complete processing batch e19d6e21-d8b1-43db-9892-c7ed588d8f31 into model nwt
I0205 19:31:50.411180  4792 cuckoo_watch.h:45] 12ms in ProcessBatch(batches\aaaaaq.batch) [including 0ms in LoadMessage; 0ms in InitializeSparseNdw; 5ms in InferThetaAndUpdateNwtSparse; 3ms in CalculateScore(^^^ItemsProcessedScore^^^); ]
I0205 19:31:50.415179  8288 master_component.cc:1378] RegularizeModelArgs: rwt_target_name=rwt, pwt_source_name=pwt, nwt_source_name=nwt
I0205 19:31:50.415179  8288 master_component.cc:922] MasterComponent: start regularizing model pwt
I0205 19:31:50.533834  8288 master_component.cc:948] MasterComponent: complete regularizing model pwt
I0205 19:31:50.533834  8288 master_component.cc:1391] NormalizeModelArgs: pwt_target_name=pwt, nwt_source_name=nwt, rwt_source_name=rwt
I0205 19:31:50.533834  8288 master_component.cc:952] MasterComponent: start normalizing model nwt
I0205 19:31:50.596335  8288 master_component.cc:980] MasterComponent: complete normalizing model nwt
I0205 19:31:50.690084  8288 master_component.cc:1415] DisposeModel rwt
I0205 19:31:50.690084  8288 master_component.cc:1005] FitOffline: ItemsProcessed, num_items=1728, num_batches=18, token_weight=808522, token_weight_in_effect=808522
I0205 19:31:50.736954  5544 processor.cc:717] No data in processing queue, waiting...
I0205 19:31:50.736954  2964 c_interface.cc:559] Pass GetScoreValueArgs, score_name=^^^ItemsProcessedScore^^^ to MasterComponent::Request
I0205 19:31:50.736954  2964 c_interface.cc:230] ArtmCopyRequestedMessage is copying 46 bytes...
I0205 19:31:50.736954  8288 c_interface.cc:386] Pass FitOfflineMasterModelArgs, batch_filename_size=18, batch_weight_size=18, num_collection_passes=1 to void (__cdecl artm::core::MasterComponent::*)(class artm::FitOfflineMasterModelArgs const & __ptr64) __ptr64
I0205 19:31:50.736954  8288 master_component.cc:1340] ProcessBatchesArgs: nwt_target_name=nwt, batch_filename_size=18, batch_size=0, batch_weight_size=18, pwt_source_name=pwt, num_document_passes=1, regularizer=(name:smoothing, tau:100000), class=(text:1), class=(author:1), reuse_theta=yes, opt_for_avx=yes, predict_class_id=
I0205 19:31:50.768206  4792 processor.cc:717] No data in processing queue, waiting...
I0205 19:31:50.799451  4792 processor.cc:724] Processing queue has data, processing started
I0205 19:31:50.799451  5544 processor.cc:724] Processing queue has data, processing started
I0205 19:31:50.799451  5544 processor.cc:802] Processor: start processing batch 748f5505-2a1b-40b4-a3f6-91065f9d141e into model nwt
I0205 19:31:50.799451  4792 processor.cc:802] Processor: start processing batch e2dc69e7-834d-4bba-a2d4-e316a0a79bc2 into model nwt
I0205 19:31:50.799451  4792 processor.cc:898] Processor: complete processing batch e2dc69e7-834d-4bba-a2d4-e316a0a79bc2 into model nwt
I0205 19:31:50.799451  4792 cuckoo_watch.h:45] 12ms in ProcessBatch(batches\aaaaaa.batch) [including 1ms in LoadMessage; 0ms in InitializeSparseNdw; 5ms in InferThetaAndUpdateNwtSparse; 2ms in CalculateScore(^^^ItemsProcessedScore^^^); ]
I0205 19:31:50.799451  4792 processor.cc:802] Processor: start processing batch d2d6d9aa-d22d-40bf-abf4-3cf22a876fea into model nwt
I0205 19:31:50.815083  5544 processor.cc:898] Processor: complete processing batch 748f5505-2a1b-40b4-a3f6-91065f9d141e into model nwt
I0205 19:31:50.815083  5544 cuckoo_watch.h:45] 17ms in ProcessBatch(batches\aaaaab.batch) [including 1ms in LoadMessage; 0ms in InitializeSparseNdw; 7ms in InferThetaAndUpdateNwtSparse; 5ms in CalculateScore(^^^ItemsProcessedScore^^^); ]
I0205 19:31:50.815083  5544 processor.cc:802] Processor: start processing batch 86635375-db1e-4058-bb44-851848345408 into model nwt
I0205 19:31:50.815083  4792 processor.cc:898] Processor: complete processing batch d2d6d9aa-d22d-40bf-abf4-3cf22a876fea into model nwt
I0205 19:31:50.830708  4792 cuckoo_watch.h:45] 18ms in ProcessBatch(batches\aaaaac.batch) [including 1ms in LoadMessage; 0ms in InitializeSparseNdw; 8ms in InferThetaAndUpdateNwtSparse; 6ms in CalculateScore(^^^ItemsProcessedScore^^^); ]
I0205 19:31:50.830708  4792 processor.cc:802] Processor: start processing batch 5bddb803-bada-4df1-907f-fae98d319177 into model nwt
I0205 19:31:50.830708  5544 processor.cc:898] Processor: complete processing batch 86635375-db1e-4058-bb44-851848345408 into model nwt
I0205 19:31:50.830708  5544 cuckoo_watch.h:45] 18ms in ProcessBatch(batches\aaaaad.batch) [including 1ms in LoadMessage; 0ms in InitializeSparseNdw; 7ms in InferThetaAndUpdateNwtSparse; 6ms in CalculateScore(^^^ItemsProcessedScore^^^); ]
I0205 19:31:50.830708  5544 processor.cc:802] Processor: start processing batch 6e06f638-8f50-40da-b3ad-273ec97d65a9 into model nwt
I0205 19:31:50.830708  4792 processor.cc:898] Processor: complete processing batch 5bddb803-bada-4df1-907f-fae98d319177 into model nwt
I0205 19:31:50.846330  4792 cuckoo_watch.h:45] 15ms in ProcessBatch(batches\aaaaae.batch) [including 1ms in LoadMessage; 0ms in InitializeSparseNdw; 6ms in InferThetaAndUpdateNwtSparse; 5ms in CalculateScore(^^^ItemsProcessedScore^^^); ]
I0205 19:31:50.846330  4792 processor.cc:802] Processor: start processing batch 1ad84e68-5226-431d-a12b-c9cf06a28dc4 into model nwt
I0205 19:31:50.846330  5544 processor.cc:898] Processor: complete processing batch 6e06f638-8f50-40da-b3ad-273ec97d65a9 into model nwt
I0205 19:31:50.846330  5544 cuckoo_watch.h:45] 17ms in ProcessBatch(batches\aaaaaf.batch) [including 1ms in LoadMessage; 0ms in InitializeSparseNdw; 8ms in InferThetaAndUpdateNwtSparse; 6ms in CalculateScore(^^^ItemsProcessedScore^^^); ]
I0205 19:31:50.846330  5544 processor.cc:802] Processor: start processing batch 77811393-809b-4e5b-9aae-98c81f679903 into model nwt
I0205 19:31:50.861954  4792 processor.cc:898] Processor: complete processing batch 1ad84e68-5226-431d-a12b-c9cf06a28dc4 into model nwt
I0205 19:31:50.861954  4792 cuckoo_watch.h:45] 25ms in ProcessBatch(batches\aaaaag.batch) [including 1ms in LoadMessage; 1ms in InitializeSparseNdw; 11ms in InferThetaAndUpdateNwtSparse; 9ms in CalculateScore(^^^ItemsProcessedScore^^^); ]
I0205 19:31:50.861954  4792 processor.cc:802] Processor: start processing batch c24fc9f6-d8da-4c2e-b003-68d31fc1a3d6 into model nwt
I0205 19:31:50.861954  5544 processor.cc:898] Processor: complete processing batch 77811393-809b-4e5b-9aae-98c81f679903 into model nwt
I0205 19:31:50.861954  5544 cuckoo_watch.h:45] 21ms in ProcessBatch(batches\aaaaah.batch) [including 1ms in LoadMessage; 1ms in InitializeSparseNdw; 9ms in InferThetaAndUpdateNwtSparse; 7ms in CalculateScore(^^^ItemsProcessedScore^^^); ]
I0205 19:31:50.877578  5544 processor.cc:802] Processor: start processing batch 022f6f8d-6b9c-4c6c-8512-d1b06161856a into model nwt
I0205 19:31:50.877578  4792 processor.cc:898] Processor: complete processing batch c24fc9f6-d8da-4c2e-b003-68d31fc1a3d6 into model nwt
I0205 19:31:50.877578  4792 cuckoo_watch.h:45] 18ms in ProcessBatch(batches\aaaaai.batch) [including 1ms in LoadMessage; 0ms in InitializeSparseNdw; 8ms in InferThetaAndUpdateNwtSparse; 6ms in CalculateScore(^^^ItemsProcessedScore^^^); ]
I0205 19:31:50.893203  4792 processor.cc:802] Processor: start processing batch afbe6d56-c959-4631-969f-0ab0ce8c546e into model nwt
I0205 19:31:50.908828  5544 processor.cc:898] Processor: complete processing batch 022f6f8d-6b9c-4c6c-8512-d1b06161856a into model nwt
I0205 19:31:50.908828  5544 cuckoo_watch.h:45] 35ms in ProcessBatch(batches\aaaaaj.batch) [including 2ms in LoadMessage; 2ms in InitializeSparseNdw; 16ms in InferThetaAndUpdateNwtSparse; 12ms in CalculateScore(^^^ItemsProcessedScore^^^); ]
I0205 19:31:50.908828  5544 processor.cc:802] Processor: start processing batch f0a8b42f-221d-4d7b-ae14-ac09b791229c into model nwt
I0205 19:31:50.955703  4792 processor.cc:898] Processor: complete processing batch afbe6d56-c959-4631-969f-0ab0ce8c546e into model nwt
I0205 19:31:50.955703  4792 cuckoo_watch.h:45] 69ms in ProcessBatch(batches\aaaaak.batch) [including 4ms in LoadMessage; 5ms in InitializeSparseNdw; 33ms in InferThetaAndUpdateNwtSparse; 25ms in CalculateScore(^^^ItemsProcessedScore^^^); ]
I0205 19:31:50.955703  4792 processor.cc:802] Processor: start processing batch 9af87286-ffde-4713-a485-505d7d52e900 into model nwt
I0205 19:31:50.971329  5544 processor.cc:898] Processor: complete processing batch f0a8b42f-221d-4d7b-ae14-ac09b791229c into model nwt
I0205 19:31:50.971329  5544 cuckoo_watch.h:45] 68ms in ProcessBatch(batches\aaaaal.batch) [including 3ms in LoadMessage; 4ms in InitializeSparseNdw; 31ms in InferThetaAndUpdateNwtSparse; 26ms in CalculateScore(^^^ItemsProcessedScore^^^); ]
I0205 19:31:50.971329  5544 processor.cc:802] Processor: start processing batch 12d54851-7905-46ad-9935-b192b4b8a25b into model nwt
I0205 19:31:51.018204  4792 processor.cc:898] Processor: complete processing batch 9af87286-ffde-4713-a485-505d7d52e900 into model nwt
I0205 19:31:51.018204  4792 cuckoo_watch.h:45] 72ms in ProcessBatch(batches\aaaaam.batch) [including 3ms in LoadMessage; 4ms in InitializeSparseNdw; 35ms in InferThetaAndUpdateNwtSparse; 25ms in CalculateScore(^^^ItemsProcessedScore^^^); ]
I0205 19:31:51.033828  4792 processor.cc:802] Processor: start processing batch 8ba78a03-b2fc-438c-a06c-ed351f1d2340 into model nwt
I0205 19:31:51.033828  5544 processor.cc:898] Processor: complete processing batch 12d54851-7905-46ad-9935-b192b4b8a25b into model nwt
I0205 19:31:51.033828  5544 cuckoo_watch.h:45] 60ms in ProcessBatch(batches\aaaaan.batch) [including 3ms in LoadMessage; 4ms in InitializeSparseNdw; 28ms in InferThetaAndUpdateNwtSparse; 21ms in CalculateScore(^^^ItemsProcessedScore^^^); ]
I0205 19:31:51.033828  5544 processor.cc:802] Processor: start processing batch 00b6b95d-f70e-4c7c-939d-e1e71173bcec into model nwt
I0205 19:31:51.080703  4792 processor.cc:898] Processor: complete processing batch 8ba78a03-b2fc-438c-a06c-ed351f1d2340 into model nwt
I0205 19:31:51.080703  4792 cuckoo_watch.h:45] 50ms in ProcessBatch(batches\aaaaao.batch) [including 2ms in LoadMessage; 3ms in InitializeSparseNdw; 24ms in InferThetaAndUpdateNwtSparse; 18ms in CalculateScore(^^^ItemsProcessedScore^^^); ]
I0205 19:31:51.080703  4792 processor.cc:802] Processor: start processing batch e19d6e21-d8b1-43db-9892-c7ed588d8f31 into model nwt
I0205 19:31:51.080703  5544 processor.cc:898] Processor: complete processing batch 00b6b95d-f70e-4c7c-939d-e1e71173bcec into model nwt
I0205 19:31:51.080703  5544 cuckoo_watch.h:45] 51ms in ProcessBatch(batches\aaaaap.batch) [including 2ms in LoadMessage; 2ms in InitializeSparseNdw; 21ms in InferThetaAndUpdateNwtSparse; 23ms in CalculateScore(^^^ItemsProcessedScore^^^); ]
I0205 19:31:51.080703  5544 processor.cc:802] Processor: start processing batch 3a7910a9-6557-415a-b131-2b10295b1de7 into model nwt
I0205 19:31:51.080703  5544 processor.cc:898] Processor: complete processing batch 3a7910a9-6557-415a-b131-2b10295b1de7 into model nwt
I0205 19:31:51.080703  5544 cuckoo_watch.h:45] 3ms in ProcessBatch(batches\aaaaar.batch) [including 0ms in LoadMessage; 0ms in InitializeSparseNdw; 1ms in InferThetaAndUpdateNwtSparse; 0ms in CalculateScore(^^^ItemsProcessedScore^^^); ]
I0205 19:31:51.080703  4792 processor.cc:898] Processor: complete processing batch e19d6e21-d8b1-43db-9892-c7ed588d8f31 into model nwt
I0205 19:31:51.096330  4792 cuckoo_watch.h:45] 14ms in ProcessBatch(batches\aaaaaq.batch) [including 0ms in LoadMessage; 0ms in InitializeSparseNdw; 5ms in InferThetaAndUpdateNwtSparse; 3ms in CalculateScore(^^^ItemsProcessedScore^^^); ]
I0205 19:31:51.111954  8288 master_component.cc:1378] RegularizeModelArgs: rwt_target_name=rwt, pwt_source_name=pwt, nwt_source_name=nwt
I0205 19:31:51.111954  8288 master_component.cc:922] MasterComponent: start regularizing model pwt
I0205 19:31:51.221336  8288 master_component.cc:948] MasterComponent: complete regularizing model pwt
I0205 19:31:51.221336  8288 master_component.cc:1391] NormalizeModelArgs: pwt_target_name=pwt, nwt_source_name=nwt, rwt_source_name=rwt
I0205 19:31:51.221336  8288 master_component.cc:952] MasterComponent: start normalizing model nwt
I0205 19:31:51.299464  8288 master_component.cc:980] MasterComponent: complete normalizing model nwt
I0205 19:31:51.377601  5544 processor.cc:717] No data in processing queue, waiting...
I0205 19:31:51.393203  8288 master_component.cc:1415] DisposeModel rwt
I0205 19:31:51.393203  8288 master_component.cc:1005] FitOffline: ItemsProcessed, num_items=1728, num_batches=18, token_weight=808522, token_weight_in_effect=808522
I0205 19:31:51.424456  4792 processor.cc:717] No data in processing queue, waiting...
I0205 19:31:51.440080  2964 c_interface.cc:559] Pass GetScoreValueArgs, score_name=^^^ItemsProcessedScore^^^ to MasterComponent::Request
I0205 19:31:51.440080  2964 c_interface.cc:230] ArtmCopyRequestedMessage is copying 46 bytes...
I0205 19:31:51.440080  8288 c_interface.cc:386] Pass FitOfflineMasterModelArgs, batch_filename_size=18, batch_weight_size=18, num_collection_passes=1 to void (__cdecl artm::core::MasterComponent::*)(class artm::FitOfflineMasterModelArgs const & __ptr64) __ptr64
I0205 19:31:51.440080  8288 master_component.cc:1340] ProcessBatchesArgs: nwt_target_name=nwt, batch_filename_size=18, batch_size=0, batch_weight_size=18, pwt_source_name=pwt, num_document_passes=1, regularizer=(name:smoothing, tau:100000), class=(text:1), class=(author:1), reuse_theta=yes, opt_for_avx=yes, predict_class_id=
I0205 19:31:51.502581  4792 processor.cc:724] Processing queue has data, processing started
I0205 19:31:51.502581  5544 processor.cc:724] Processing queue has data, processing started
I0205 19:31:51.502581  4792 processor.cc:802] Processor: start processing batch e2dc69e7-834d-4bba-a2d4-e316a0a79bc2 into model nwt
I0205 19:31:51.502581  5544 processor.cc:802] Processor: start processing batch 748f5505-2a1b-40b4-a3f6-91065f9d141e into model nwt
I0205 19:31:51.502581  4792 processor.cc:898] Processor: complete processing batch e2dc69e7-834d-4bba-a2d4-e316a0a79bc2 into model nwt
I0205 19:31:51.502581  4792 cuckoo_watch.h:45] 10ms in ProcessBatch(batches\aaaaaa.batch) [including 1ms in LoadMessage; 0ms in InitializeSparseNdw; 4ms in InferThetaAndUpdateNwtSparse; 2ms in CalculateScore(^^^ItemsProcessedScore^^^); ]
I0205 19:31:51.502581  4792 processor.cc:802] Processor: start processing batch d2d6d9aa-d22d-40bf-abf4-3cf22a876fea into model nwt
I0205 19:31:51.518208  5544 processor.cc:898] Processor: complete processing batch 748f5505-2a1b-40b4-a3f6-91065f9d141e into model nwt
I0205 19:31:51.518208  5544 cuckoo_watch.h:45] 18ms in ProcessBatch(batches\aaaaab.batch) [including 1ms in LoadMessage; 0ms in InitializeSparseNdw; 8ms in InferThetaAndUpdateNwtSparse; 5ms in CalculateScore(^^^ItemsProcessedScore^^^); ]
I0205 19:31:51.518208  5544 processor.cc:802] Processor: start processing batch 86635375-db1e-4058-bb44-851848345408 into model nwt
I0205 19:31:51.518208  4792 processor.cc:898] Processor: complete processing batch d2d6d9aa-d22d-40bf-abf4-3cf22a876fea into model nwt
I0205 19:31:51.518208  4792 cuckoo_watch.h:45] 20ms in ProcessBatch(batches\aaaaac.batch) [including 1ms in LoadMessage; 0ms in InitializeSparseNdw; 9ms in InferThetaAndUpdateNwtSparse; 6ms in CalculateScore(^^^ItemsProcessedScore^^^); ]
I0205 19:31:51.533835  4792 processor.cc:802] Processor: start processing batch 5bddb803-bada-4df1-907f-fae98d319177 into model nwt
I0205 19:31:51.533835  5544 processor.cc:898] Processor: complete processing batch 86635375-db1e-4058-bb44-851848345408 into model nwt
I0205 19:31:51.533835  5544 cuckoo_watch.h:45] 18ms in ProcessBatch(batches\aaaaad.batch) [including 1ms in LoadMessage; 0ms in InitializeSparseNdw; 8ms in InferThetaAndUpdateNwtSparse; 6ms in CalculateScore(^^^ItemsProcessedScore^^^); ]
I0205 19:31:51.533835  5544 processor.cc:802] Processor: start processing batch 6e06f638-8f50-40da-b3ad-273ec97d65a9 into model nwt
I0205 19:31:51.533835  4792 processor.cc:898] Processor: complete processing batch 5bddb803-bada-4df1-907f-fae98d319177 into model nwt
I0205 19:31:51.549455  4792 cuckoo_watch.h:45] 15ms in ProcessBatch(batches\aaaaae.batch) [including 1ms in LoadMessage; 0ms in InitializeSparseNdw; 6ms in InferThetaAndUpdateNwtSparse; 5ms in CalculateScore(^^^ItemsProcessedScore^^^); ]
I0205 19:31:51.549455  4792 processor.cc:802] Processor: start processing batch 1ad84e68-5226-431d-a12b-c9cf06a28dc4 into model nwt
I0205 19:31:51.549455  5544 processor.cc:898] Processor: complete processing batch 6e06f638-8f50-40da-b3ad-273ec97d65a9 into model nwt
I0205 19:31:51.549455  5544 cuckoo_watch.h:45] 17ms in ProcessBatch(batches\aaaaaf.batch) [including 1ms in LoadMessage; 0ms in InitializeSparseNdw; 7ms in InferThetaAndUpdateNwtSparse; 6ms in CalculateScore(^^^ItemsProcessedScore^^^); ]
I0205 19:31:51.549455  5544 processor.cc:802] Processor: start processing batch 77811393-809b-4e5b-9aae-98c81f679903 into model nwt
I0205 19:31:51.565080  4792 processor.cc:898] Processor: complete processing batch 1ad84e68-5226-431d-a12b-c9cf06a28dc4 into model nwt
I0205 19:31:51.565080  4792 cuckoo_watch.h:45] 25ms in ProcessBatch(batches\aaaaag.batch) [including 1ms in LoadMessage; 1ms in InitializeSparseNdw; 11ms in InferThetaAndUpdateNwtSparse; 8ms in CalculateScore(^^^ItemsProcessedScore^^^); ]
I0205 19:31:51.565080  5544 processor.cc:898] Processor: complete processing batch 77811393-809b-4e5b-9aae-98c81f679903 into model nwt
I0205 19:31:51.565080  4792 processor.cc:802] Processor: start processing batch c24fc9f6-d8da-4c2e-b003-68d31fc1a3d6 into model nwt
I0205 19:31:51.565080  5544 cuckoo_watch.h:45] 20ms in ProcessBatch(batches\aaaaah.batch) [including 1ms in LoadMessage; 1ms in InitializeSparseNdw; 9ms in InferThetaAndUpdateNwtSparse; 6ms in CalculateScore(^^^ItemsProcessedScore^^^); ]
I0205 19:31:51.565080  5544 processor.cc:802] Processor: start processing batch 022f6f8d-6b9c-4c6c-8512-d1b06161856a into model nwt
I0205 19:31:51.580705  4792 processor.cc:898] Processor: complete processing batch c24fc9f6-d8da-4c2e-b003-68d31fc1a3d6 into model nwt
I0205 19:31:51.580705  4792 cuckoo_watch.h:45] 18ms in ProcessBatch(batches\aaaaai.batch) [including 1ms in LoadMessage; 0ms in InitializeSparseNdw; 8ms in InferThetaAndUpdateNwtSparse; 5ms in CalculateScore(^^^ItemsProcessedScore^^^); ]
I0205 19:31:51.596329  4792 processor.cc:802] Processor: start processing batch afbe6d56-c959-4631-969f-0ab0ce8c546e into model nwt
I0205 19:31:51.611955  5544 processor.cc:898] Processor: complete processing batch 022f6f8d-6b9c-4c6c-8512-d1b06161856a into model nwt
I0205 19:31:51.611955  5544 cuckoo_watch.h:45] 35ms in ProcessBatch(batches\aaaaaj.batch) [including 2ms in LoadMessage; 2ms in InitializeSparseNdw; 17ms in InferThetaAndUpdateNwtSparse; 12ms in CalculateScore(^^^ItemsProcessedScore^^^); ]
I0205 19:31:51.611955  5544 processor.cc:802] Processor: start processing batch f0a8b42f-221d-4d7b-ae14-ac09b791229c into model nwt
I0205 19:31:51.658830  4792 processor.cc:898] Processor: complete processing batch afbe6d56-c959-4631-969f-0ab0ce8c546e into model nwt
I0205 19:31:51.658830  4792 cuckoo_watch.h:45] 68ms in ProcessBatch(batches\aaaaak.batch) [including 3ms in LoadMessage; 5ms in InitializeSparseNdw; 32ms in InferThetaAndUpdateNwtSparse; 24ms in CalculateScore(^^^ItemsProcessedScore^^^); ]
I0205 19:31:51.658830  4792 processor.cc:802] Processor: start processing batch 9af87286-ffde-4713-a485-505d7d52e900 into model nwt
I0205 19:31:51.674456  5544 processor.cc:898] Processor: complete processing batch f0a8b42f-221d-4d7b-ae14-ac09b791229c into model nwt
I0205 19:31:51.674456  5544 cuckoo_watch.h:45] 67ms in ProcessBatch(batches\aaaaal.batch) [including 3ms in LoadMessage; 5ms in InitializeSparseNdw; 31ms in InferThetaAndUpdateNwtSparse; 25ms in CalculateScore(^^^ItemsProcessedScore^^^); ]
I0205 19:31:51.674456  5544 processor.cc:802] Processor: start processing batch 12d54851-7905-46ad-9935-b192b4b8a25b into model nwt
I0205 19:31:51.721331  4792 processor.cc:898] Processor: complete processing batch 9af87286-ffde-4713-a485-505d7d52e900 into model nwt
I0205 19:31:51.721331  4792 cuckoo_watch.h:45] 73ms in ProcessBatch(batches\aaaaam.batch) [including 4ms in LoadMessage; 4ms in InitializeSparseNdw; 34ms in InferThetaAndUpdateNwtSparse; 27ms in CalculateScore(^^^ItemsProcessedScore^^^); ]
I0205 19:31:51.736955  4792 processor.cc:802] Processor: start processing batch 8ba78a03-b2fc-438c-a06c-ed351f1d2340 into model nwt
I0205 19:31:51.736955  5544 processor.cc:898] Processor: complete processing batch 12d54851-7905-46ad-9935-b192b4b8a25b into model nwt
I0205 19:31:51.736955  5544 cuckoo_watch.h:45] 60ms in ProcessBatch(batches\aaaaan.batch) [including 3ms in LoadMessage; 3ms in InitializeSparseNdw; 28ms in InferThetaAndUpdateNwtSparse; 21ms in CalculateScore(^^^ItemsProcessedScore^^^); ]
I0205 19:31:51.736955  5544 processor.cc:802] Processor: start processing batch 00b6b95d-f70e-4c7c-939d-e1e71173bcec into model nwt
I0205 19:31:51.783829  5544 processor.cc:898] Processor: complete processing batch 00b6b95d-f70e-4c7c-939d-e1e71173bcec into model nwt
I0205 19:31:51.783829  4792 processor.cc:898] Processor: complete processing batch 8ba78a03-b2fc-438c-a06c-ed351f1d2340 into model nwt
I0205 19:31:51.783829  5544 cuckoo_watch.h:45] 46ms in ProcessBatch(batches\aaaaap.batch) [including 2ms in LoadMessage; 3ms in InitializeSparseNdw; 22ms in InferThetaAndUpdateNwtSparse; 16ms in CalculateScore(^^^ItemsProcessedScore^^^); ]
I0205 19:31:51.783829  4792 cuckoo_watch.h:45] 53ms in ProcessBatch(batches\aaaaao.batch) [including 3ms in LoadMessage; 4ms in InitializeSparseNdw; 25ms in InferThetaAndUpdateNwtSparse; 18ms in CalculateScore(^^^ItemsProcessedScore^^^); ]
I0205 19:31:51.783829  4792 processor.cc:802] Processor: start processing batch 3a7910a9-6557-415a-b131-2b10295b1de7 into model nwt
I0205 19:31:51.783829  5544 processor.cc:802] Processor: start processing batch e19d6e21-d8b1-43db-9892-c7ed588d8f31 into model nwt
I0205 19:31:51.783829  4792 processor.cc:898] Processor: complete processing batch 3a7910a9-6557-415a-b131-2b10295b1de7 into model nwt
I0205 19:31:51.783829  4792 cuckoo_watch.h:45] 3ms in ProcessBatch(batches\aaaaar.batch) [including 0ms in LoadMessage; 0ms in InitializeSparseNdw; 1ms in InferThetaAndUpdateNwtSparse; 0ms in CalculateScore(^^^ItemsProcessedScore^^^); ]
I0205 19:31:51.783829  5544 processor.cc:898] Processor: complete processing batch e19d6e21-d8b1-43db-9892-c7ed588d8f31 into model nwt
I0205 19:31:51.799458  5544 cuckoo_watch.h:45] 12ms in ProcessBatch(batches\aaaaaq.batch) [including 0ms in LoadMessage; 0ms in InitializeSparseNdw; 5ms in InferThetaAndUpdateNwtSparse; 3ms in CalculateScore(^^^ItemsProcessedScore^^^); ]
I0205 19:31:51.815083  8288 master_component.cc:1378] RegularizeModelArgs: rwt_target_name=rwt, pwt_source_name=pwt, nwt_source_name=nwt
I0205 19:31:51.815083  8288 master_component.cc:922] MasterComponent: start regularizing model pwt
I0205 19:31:51.924459  8288 master_component.cc:948] MasterComponent: complete regularizing model pwt
I0205 19:31:51.924459  8288 master_component.cc:1391] NormalizeModelArgs: pwt_target_name=pwt, nwt_source_name=nwt, rwt_source_name=rwt
I0205 19:31:51.924459  8288 master_component.cc:952] MasterComponent: start normalizing model nwt
I0205 19:31:51.986966  8288 master_component.cc:980] MasterComponent: complete normalizing model nwt
I0205 19:31:52.080704  8288 master_component.cc:1415] DisposeModel rwt
I0205 19:31:52.080704  8288 master_component.cc:1005] FitOffline: ItemsProcessed, num_items=1728, num_batches=18, token_weight=808522, token_weight_in_effect=808522
I0205 19:31:52.111958  4792 processor.cc:717] No data in processing queue, waiting...
I0205 19:31:52.127583  5544 processor.cc:717] No data in processing queue, waiting...
I0205 19:31:52.143214  2964 c_interface.cc:559] Pass GetScoreValueArgs, score_name=^^^ItemsProcessedScore^^^ to MasterComponent::Request
I0205 19:31:52.143214  2964 c_interface.cc:230] ArtmCopyRequestedMessage is copying 46 bytes...
I0205 19:31:52.143214  8288 c_interface.cc:386] Pass FitOfflineMasterModelArgs, batch_filename_size=18, batch_weight_size=18, num_collection_passes=1 to void (__cdecl artm::core::MasterComponent::*)(class artm::FitOfflineMasterModelArgs const & __ptr64) __ptr64
I0205 19:31:52.143214  8288 master_component.cc:1340] ProcessBatchesArgs: nwt_target_name=nwt, batch_filename_size=18, batch_size=0, batch_weight_size=18, pwt_source_name=pwt, num_document_passes=1, regularizer=(name:smoothing, tau:100000), class=(text:1), class=(author:1), reuse_theta=yes, opt_for_avx=yes, predict_class_id=
I0205 19:31:52.205709  4792 processor.cc:724] Processing queue has data, processing started
I0205 19:31:52.205709  5544 processor.cc:724] Processing queue has data, processing started
I0205 19:31:52.205709  4792 processor.cc:802] Processor: start processing batch e2dc69e7-834d-4bba-a2d4-e316a0a79bc2 into model nwt
I0205 19:31:52.205709  5544 processor.cc:802] Processor: start processing batch 748f5505-2a1b-40b4-a3f6-91065f9d141e into model nwt
I0205 19:31:52.205709  4792 processor.cc:898] Processor: complete processing batch e2dc69e7-834d-4bba-a2d4-e316a0a79bc2 into model nwt
I0205 19:31:52.205709  4792 cuckoo_watch.h:45] 10ms in ProcessBatch(batches\aaaaaa.batch) [including 0ms in LoadMessage; 0ms in InitializeSparseNdw; 4ms in InferThetaAndUpdateNwtSparse; 2ms in CalculateScore(^^^ItemsProcessedScore^^^); ]
I0205 19:31:52.205709  4792 processor.cc:802] Processor: start processing batch d2d6d9aa-d22d-40bf-abf4-3cf22a876fea into model nwt
I0205 19:31:52.221336  5544 processor.cc:898] Processor: complete processing batch 748f5505-2a1b-40b4-a3f6-91065f9d141e into model nwt
I0205 19:31:52.221336  5544 cuckoo_watch.h:45] 16ms in ProcessBatch(batches\aaaaab.batch) [including 1ms in LoadMessage; 0ms in InitializeSparseNdw; 7ms in InferThetaAndUpdateNwtSparse; 5ms in CalculateScore(^^^ItemsProcessedScore^^^); ]
I0205 19:31:52.221336  5544 processor.cc:802] Processor: start processing batch 86635375-db1e-4058-bb44-851848345408 into model nwt
I0205 19:31:52.221336  4792 processor.cc:898] Processor: complete processing batch d2d6d9aa-d22d-40bf-abf4-3cf22a876fea into model nwt
I0205 19:31:52.221336  4792 cuckoo_watch.h:45] 17ms in ProcessBatch(batches\aaaaac.batch) [including 1ms in LoadMessage; 0ms in InitializeSparseNdw; 8ms in InferThetaAndUpdateNwtSparse; 5ms in CalculateScore(^^^ItemsProcessedScore^^^); ]
I0205 19:31:52.221336  4792 processor.cc:802] Processor: start processing batch 5bddb803-bada-4df1-907f-fae98d319177 into model nwt
I0205 19:31:52.236955  5544 processor.cc:898] Processor: complete processing batch 86635375-db1e-4058-bb44-851848345408 into model nwt
I0205 19:31:52.236955  5544 cuckoo_watch.h:45] 17ms in ProcessBatch(batches\aaaaad.batch) [including 1ms in LoadMessage; 0ms in InitializeSparseNdw; 7ms in InferThetaAndUpdateNwtSparse; 5ms in CalculateScore(^^^ItemsProcessedScore^^^); ]
I0205 19:31:52.236955  5544 processor.cc:802] Processor: start processing batch 6e06f638-8f50-40da-b3ad-273ec97d65a9 into model nwt
I0205 19:31:52.236955  4792 processor.cc:898] Processor: complete processing batch 5bddb803-bada-4df1-907f-fae98d319177 into model nwt
I0205 19:31:52.236955  4792 cuckoo_watch.h:45] 15ms in ProcessBatch(batches\aaaaae.batch) [including 1ms in LoadMessage; 0ms in InitializeSparseNdw; 7ms in InferThetaAndUpdateNwtSparse; 5ms in CalculateScore(^^^ItemsProcessedScore^^^); ]
I0205 19:31:52.252581  4792 processor.cc:802] Processor: start processing batch 1ad84e68-5226-431d-a12b-c9cf06a28dc4 into model nwt
I0205 19:31:52.252581  5544 processor.cc:898] Processor: complete processing batch 6e06f638-8f50-40da-b3ad-273ec97d65a9 into model nwt
I0205 19:31:52.252581  5544 cuckoo_watch.h:45] 17ms in ProcessBatch(batches\aaaaaf.batch) [including 1ms in LoadMessage; 0ms in InitializeSparseNdw; 7ms in InferThetaAndUpdateNwtSparse; 6ms in CalculateScore(^^^ItemsProcessedScore^^^); ]
I0205 19:31:52.252581  5544 processor.cc:802] Processor: start processing batch 77811393-809b-4e5b-9aae-98c81f679903 into model nwt
I0205 19:31:52.268209  4792 processor.cc:898] Processor: complete processing batch 1ad84e68-5226-431d-a12b-c9cf06a28dc4 into model nwt
I0205 19:31:52.268209  4792 cuckoo_watch.h:45] 24ms in ProcessBatch(batches\aaaaag.batch) [including 1ms in LoadMessage; 1ms in InitializeSparseNdw; 10ms in InferThetaAndUpdateNwtSparse; 8ms in CalculateScore(^^^ItemsProcessedScore^^^); ]
I0205 19:31:52.268209  4792 processor.cc:802] Processor: start processing batch c24fc9f6-d8da-4c2e-b003-68d31fc1a3d6 into model nwt
I0205 19:31:52.268209  5544 processor.cc:898] Processor: complete processing batch 77811393-809b-4e5b-9aae-98c81f679903 into model nwt
I0205 19:31:52.268209  5544 cuckoo_watch.h:45] 21ms in ProcessBatch(batches\aaaaah.batch) [including 1ms in LoadMessage; 1ms in InitializeSparseNdw; 9ms in InferThetaAndUpdateNwtSparse; 7ms in CalculateScore(^^^ItemsProcessedScore^^^); ]
I0205 19:31:52.268209  5544 processor.cc:802] Processor: start processing batch 022f6f8d-6b9c-4c6c-8512-d1b06161856a into model nwt
I0205 19:31:52.283835  4792 processor.cc:898] Processor: complete processing batch c24fc9f6-d8da-4c2e-b003-68d31fc1a3d6 into model nwt
I0205 19:31:52.283835  4792 cuckoo_watch.h:45] 19ms in ProcessBatch(batches\aaaaai.batch) [including 1ms in LoadMessage; 0ms in InitializeSparseNdw; 8ms in InferThetaAndUpdateNwtSparse; 7ms in CalculateScore(^^^ItemsProcessedScore^^^); ]
I0205 19:31:52.299458  4792 processor.cc:802] Processor: start processing batch afbe6d56-c959-4631-969f-0ab0ce8c546e into model nwt
I0205 19:31:52.299458  5544 processor.cc:898] Processor: complete processing batch 022f6f8d-6b9c-4c6c-8512-d1b06161856a into model nwt
I0205 19:31:52.299458  5544 cuckoo_watch.h:45] 35ms in ProcessBatch(batches\aaaaaj.batch) [including 2ms in LoadMessage; 2ms in InitializeSparseNdw; 16ms in InferThetaAndUpdateNwtSparse; 13ms in CalculateScore(^^^ItemsProcessedScore^^^); ]
I0205 19:31:52.315083  5544 processor.cc:802] Processor: start processing batch f0a8b42f-221d-4d7b-ae14-ac09b791229c into model nwt
I0205 19:31:52.361956  4792 processor.cc:898] Processor: complete processing batch afbe6d56-c959-4631-969f-0ab0ce8c546e into model nwt
I0205 19:31:52.361956  4792 cuckoo_watch.h:45] 76ms in ProcessBatch(batches\aaaaak.batch) [including 7ms in LoadMessage; 7ms in InitializeSparseNdw; 33ms in InferThetaAndUpdateNwtSparse; 25ms in CalculateScore(^^^ItemsProcessedScore^^^); ]
I0205 19:31:52.361956  4792 processor.cc:802] Processor: start processing batch 9af87286-ffde-4713-a485-505d7d52e900 into model nwt
I0205 19:31:52.377583  5544 processor.cc:898] Processor: complete processing batch f0a8b42f-221d-4d7b-ae14-ac09b791229c into model nwt
I0205 19:31:52.377583  5544 cuckoo_watch.h:45] 65ms in ProcessBatch(batches\aaaaal.batch) [including 3ms in LoadMessage; 4ms in InitializeSparseNdw; 31ms in InferThetaAndUpdateNwtSparse; 23ms in CalculateScore(^^^ItemsProcessedScore^^^); ]
I0205 19:31:52.377583  5544 processor.cc:802] Processor: start processing batch 12d54851-7905-46ad-9935-b192b4b8a25b into model nwt
I0205 19:31:52.424458  5544 processor.cc:898] Processor: complete processing batch 12d54851-7905-46ad-9935-b192b4b8a25b into model nwt
I0205 19:31:52.424458  5544 cuckoo_watch.h:45] 56ms in ProcessBatch(batches\aaaaan.batch) [including 3ms in LoadMessage; 3ms in InitializeSparseNdw; 26ms in InferThetaAndUpdateNwtSparse; 21ms in CalculateScore(^^^ItemsProcessedScore^^^); ]
I0205 19:31:52.424458  4792 processor.cc:898] Processor: complete processing batch 9af87286-ffde-4713-a485-505d7d52e900 into model nwt
I0205 19:31:52.440084  5544 processor.cc:802] Processor: start processing batch 8ba78a03-b2fc-438c-a06c-ed351f1d2340 into model nwt
I0205 19:31:52.440084  4792 cuckoo_watch.h:45] 71ms in ProcessBatch(batches\aaaaam.batch) [including 4ms in LoadMessage; 4ms in InitializeSparseNdw; 33ms in InferThetaAndUpdateNwtSparse; 25ms in CalculateScore(^^^ItemsProcessedScore^^^); ]
I0205 19:31:52.440084  4792 processor.cc:802] Processor: start processing batch 00b6b95d-f70e-4c7c-939d-e1e71173bcec into model nwt
I0205 19:31:52.486960  4792 processor.cc:898] Processor: complete processing batch 00b6b95d-f70e-4c7c-939d-e1e71173bcec into model nwt
I0205 19:31:52.486960  4792 cuckoo_watch.h:45] 46ms in ProcessBatch(batches\aaaaap.batch) [including 2ms in LoadMessage; 2ms in InitializeSparseNdw; 21ms in InferThetaAndUpdateNwtSparse; 17ms in CalculateScore(^^^ItemsProcessedScore^^^); ]
I0205 19:31:52.486960  5544 processor.cc:898] Processor: complete processing batch 8ba78a03-b2fc-438c-a06c-ed351f1d2340 into model nwt
I0205 19:31:52.486960  5544 cuckoo_watch.h:45] 52ms in ProcessBatch(batches\aaaaao.batch) [including 2ms in LoadMessage; 3ms in InitializeSparseNdw; 23ms in InferThetaAndUpdateNwtSparse; 18ms in CalculateScore(^^^ItemsProcessedScore^^^); ]
I0205 19:31:52.486960  4792 processor.cc:802] Processor: start processing batch e19d6e21-d8b1-43db-9892-c7ed588d8f31 into model nwt
I0205 19:31:52.486960  5544 processor.cc:802] Processor: start processing batch 3a7910a9-6557-415a-b131-2b10295b1de7 into model nwt
I0205 19:31:52.486960  5544 processor.cc:898] Processor: complete processing batch 3a7910a9-6557-415a-b131-2b10295b1de7 into model nwt
I0205 19:31:52.486960  5544 cuckoo_watch.h:45] 3ms in ProcessBatch(batches\aaaaar.batch) [including 0ms in LoadMessage; 0ms in InitializeSparseNdw; 1ms in InferThetaAndUpdateNwtSparse; 0ms in CalculateScore(^^^ItemsProcessedScore^^^); ]
I0205 19:31:52.486960  4792 processor.cc:898] Processor: complete processing batch e19d6e21-d8b1-43db-9892-c7ed588d8f31 into model nwt
I0205 19:31:52.486960  4792 cuckoo_watch.h:45] 12ms in ProcessBatch(batches\aaaaaq.batch) [including 0ms in LoadMessage; 0ms in InitializeSparseNdw; 5ms in InferThetaAndUpdateNwtSparse; 3ms in CalculateScore(^^^ItemsProcessedScore^^^); ]
I0205 19:31:52.518223  8288 master_component.cc:1378] RegularizeModelArgs: rwt_target_name=rwt, pwt_source_name=pwt, nwt_source_name=nwt
I0205 19:31:52.518223  8288 master_component.cc:922] MasterComponent: start regularizing model pwt
I0205 19:31:52.627579  8288 master_component.cc:948] MasterComponent: complete regularizing model pwt
I0205 19:31:52.627579  8288 master_component.cc:1391] NormalizeModelArgs: pwt_target_name=pwt, nwt_source_name=nwt, rwt_source_name=rwt
I0205 19:31:52.627579  8288 master_component.cc:952] MasterComponent: start normalizing model nwt
I0205 19:31:52.690080  8288 master_component.cc:980] MasterComponent: complete normalizing model nwt
I0205 19:31:52.783830  8288 master_component.cc:1415] DisposeModel rwt
I0205 19:31:52.799458  8288 master_component.cc:1005] FitOffline: ItemsProcessed, num_items=1728, num_batches=18, token_weight=808522, token_weight_in_effect=808522
I0205 19:31:52.830709  4792 processor.cc:717] No data in processing queue, waiting...
I0205 19:31:52.846340  5544 processor.cc:717] No data in processing queue, waiting...
I0205 19:31:52.846340  2964 c_interface.cc:559] Pass GetScoreValueArgs, score_name=^^^ItemsProcessedScore^^^ to MasterComponent::Request
I0205 19:31:52.846340  2964 c_interface.cc:230] ArtmCopyRequestedMessage is copying 46 bytes...
I0205 19:31:52.846340  8288 c_interface.cc:386] Pass FitOfflineMasterModelArgs, batch_filename_size=18, batch_weight_size=18, num_collection_passes=1 to void (__cdecl artm::core::MasterComponent::*)(class artm::FitOfflineMasterModelArgs const & __ptr64) __ptr64
I0205 19:31:52.846340  8288 master_component.cc:1340] ProcessBatchesArgs: nwt_target_name=nwt, batch_filename_size=18, batch_size=0, batch_weight_size=18, pwt_source_name=pwt, num_document_passes=1, regularizer=(name:smoothing, tau:100000), class=(text:1), class=(author:1), reuse_theta=yes, opt_for_avx=yes, predict_class_id=
I0205 19:31:52.893210  4792 processor.cc:724] Processing queue has data, processing started
I0205 19:31:52.893210  5544 processor.cc:724] Processing queue has data, processing started
I0205 19:31:52.893210  4792 processor.cc:802] Processor: start processing batch e2dc69e7-834d-4bba-a2d4-e316a0a79bc2 into model nwt
I0205 19:31:52.893210  5544 processor.cc:802] Processor: start processing batch 748f5505-2a1b-40b4-a3f6-91065f9d141e into model nwt
I0205 19:31:52.893210  4792 processor.cc:898] Processor: complete processing batch e2dc69e7-834d-4bba-a2d4-e316a0a79bc2 into model nwt
I0205 19:31:52.893210  4792 cuckoo_watch.h:45] 10ms in ProcessBatch(batches\aaaaaa.batch) [including 0ms in LoadMessage; 0ms in InitializeSparseNdw; 4ms in InferThetaAndUpdateNwtSparse; 2ms in CalculateScore(^^^ItemsProcessedScore^^^); ]
I0205 19:31:52.893210  4792 processor.cc:802] Processor: start processing batch d2d6d9aa-d22d-40bf-abf4-3cf22a876fea into model nwt
I0205 19:31:52.908833  5544 processor.cc:898] Processor: complete processing batch 748f5505-2a1b-40b4-a3f6-91065f9d141e into model nwt
I0205 19:31:52.908833  5544 cuckoo_watch.h:45] 17ms in ProcessBatch(batches\aaaaab.batch) [including 1ms in LoadMessage; 1ms in InitializeSparseNdw; 8ms in InferThetaAndUpdateNwtSparse; 5ms in CalculateScore(^^^ItemsProcessedScore^^^); ]
I0205 19:31:52.908833  5544 processor.cc:802] Processor: start processing batch 86635375-db1e-4058-bb44-851848345408 into model nwt
I0205 19:31:52.908833  4792 processor.cc:898] Processor: complete processing batch d2d6d9aa-d22d-40bf-abf4-3cf22a876fea into model nwt
I0205 19:31:52.908833  4792 cuckoo_watch.h:45] 17ms in ProcessBatch(batches\aaaaac.batch) [including 1ms in LoadMessage; 0ms in InitializeSparseNdw; 8ms in InferThetaAndUpdateNwtSparse; 5ms in CalculateScore(^^^ItemsProcessedScore^^^); ]
I0205 19:31:52.908833  4792 processor.cc:802] Processor: start processing batch 5bddb803-bada-4df1-907f-fae98d319177 into model nwt
I0205 19:31:52.924456  5544 processor.cc:898] Processor: complete processing batch 86635375-db1e-4058-bb44-851848345408 into model nwt
I0205 19:31:52.924456  5544 cuckoo_watch.h:45] 17ms in ProcessBatch(batches\aaaaad.batch) [including 1ms in LoadMessage; 0ms in InitializeSparseNdw; 7ms in InferThetaAndUpdateNwtSparse; 5ms in CalculateScore(^^^ItemsProcessedScore^^^); ]
I0205 19:31:52.924456  5544 processor.cc:802] Processor: start processing batch 6e06f638-8f50-40da-b3ad-273ec97d65a9 into model nwt
I0205 19:31:52.924456  4792 processor.cc:898] Processor: complete processing batch 5bddb803-bada-4df1-907f-fae98d319177 into model nwt
