I0205 19:39:55.658064  4792 processor.cc:898] Processor: complete processing batch c24fc9f6-d8da-4c2e-b003-68d31fc1a3d6 into model nwt
I0205 19:39:55.658064  4792 cuckoo_watch.h:45] 20ms in ProcessBatch(batches\aaaaai.batch) [including 1ms in LoadMessage; 0ms in InitializeSparseNdw; 10ms in InferThetaAndUpdateNwtSparse; 5ms in CalculateScore(^^^ItemsProcessedScore^^^); ]
I0205 19:39:55.658064  4792 processor.cc:802] Processor: start processing batch afbe6d56-c959-4631-969f-0ab0ce8c546e into model nwt
I0205 19:39:55.673691  5544 processor.cc:898] Processor: complete processing batch 022f6f8d-6b9c-4c6c-8512-d1b06161856a into model nwt
I0205 19:39:55.673691  5544 cuckoo_watch.h:45] 38ms in ProcessBatch(batches\aaaaaj.batch) [including 2ms in LoadMessage; 2ms in InitializeSparseNdw; 20ms in InferThetaAndUpdateNwtSparse; 12ms in CalculateScore(^^^ItemsProcessedScore^^^); ]
I0205 19:39:55.673691  5544 processor.cc:802] Processor: start processing batch f0a8b42f-221d-4d7b-ae14-ac09b791229c into model nwt
I0205 19:39:55.736187  4792 processor.cc:898] Processor: complete processing batch afbe6d56-c959-4631-969f-0ab0ce8c546e into model nwt
I0205 19:39:55.736187  4792 cuckoo_watch.h:45] 73ms in ProcessBatch(batches\aaaaak.batch) [including 3ms in LoadMessage; 4ms in InitializeSparseNdw; 38ms in InferThetaAndUpdateNwtSparse; 24ms in CalculateScore(^^^ItemsProcessedScore^^^); ]
I0205 19:39:55.736187  4792 processor.cc:802] Processor: start processing batch 9af87286-ffde-4713-a485-505d7d52e900 into model nwt
I0205 19:39:55.751816  5544 processor.cc:898] Processor: complete processing batch f0a8b42f-221d-4d7b-ae14-ac09b791229c into model nwt
I0205 19:39:55.751816  5544 cuckoo_watch.h:45] 69ms in ProcessBatch(batches\aaaaal.batch) [including 3ms in LoadMessage; 4ms in InitializeSparseNdw; 36ms in InferThetaAndUpdateNwtSparse; 23ms in CalculateScore(^^^ItemsProcessedScore^^^); ]
I0205 19:39:55.751816  5544 processor.cc:802] Processor: start processing batch 12d54851-7905-46ad-9935-b192b4b8a25b into model nwt
I0205 19:39:55.798688  4792 processor.cc:898] Processor: complete processing batch 9af87286-ffde-4713-a485-505d7d52e900 into model nwt
I0205 19:39:55.798688  4792 cuckoo_watch.h:45] 75ms in ProcessBatch(batches\aaaaam.batch) [including 3ms in LoadMessage; 4ms in InitializeSparseNdw; 39ms in InferThetaAndUpdateNwtSparse; 24ms in CalculateScore(^^^ItemsProcessedScore^^^); ]
I0205 19:39:55.798688  5544 processor.cc:898] Processor: complete processing batch 12d54851-7905-46ad-9935-b192b4b8a25b into model nwt
I0205 19:39:55.814313  5544 cuckoo_watch.h:45] 61ms in ProcessBatch(batches\aaaaan.batch) [including 3ms in LoadMessage; 3ms in InitializeSparseNdw; 32ms in InferThetaAndUpdateNwtSparse; 20ms in CalculateScore(^^^ItemsProcessedScore^^^); ]
I0205 19:39:55.814313  4792 processor.cc:802] Processor: start processing batch 8ba78a03-b2fc-438c-a06c-ed351f1d2340 into model nwt
I0205 19:39:55.814313  5544 processor.cc:802] Processor: start processing batch 00b6b95d-f70e-4c7c-939d-e1e71173bcec into model nwt
I0205 19:39:55.861188  5544 processor.cc:898] Processor: complete processing batch 00b6b95d-f70e-4c7c-939d-e1e71173bcec into model nwt
I0205 19:39:55.861188  5544 cuckoo_watch.h:45] 49ms in ProcessBatch(batches\aaaaap.batch) [including 2ms in LoadMessage; 3ms in InitializeSparseNdw; 26ms in InferThetaAndUpdateNwtSparse; 15ms in CalculateScore(^^^ItemsProcessedScore^^^); ]
I0205 19:39:55.861188  5544 processor.cc:802] Processor: start processing batch e19d6e21-d8b1-43db-9892-c7ed588d8f31 into model nwt
I0205 19:39:55.861188  4792 processor.cc:898] Processor: complete processing batch 8ba78a03-b2fc-438c-a06c-ed351f1d2340 into model nwt
I0205 19:39:55.861188  4792 cuckoo_watch.h:45] 53ms in ProcessBatch(batches\aaaaao.batch) [including 2ms in LoadMessage; 3ms in InitializeSparseNdw; 27ms in InferThetaAndUpdateNwtSparse; 17ms in CalculateScore(^^^ItemsProcessedScore^^^); ]
I0205 19:39:55.861188  4792 processor.cc:802] Processor: start processing batch 3a7910a9-6557-415a-b131-2b10295b1de7 into model nwt
I0205 19:39:55.861188  4792 processor.cc:898] Processor: complete processing batch 3a7910a9-6557-415a-b131-2b10295b1de7 into model nwt
I0205 19:39:55.861188  4792 cuckoo_watch.h:45] 3ms in ProcessBatch(batches\aaaaar.batch) [including 0ms in LoadMessage; 0ms in InitializeSparseNdw; 1ms in InferThetaAndUpdateNwtSparse; 0ms in CalculateScore(^^^ItemsProcessedScore^^^); ]
I0205 19:39:55.876817  5544 processor.cc:898] Processor: complete processing batch e19d6e21-d8b1-43db-9892-c7ed588d8f31 into model nwt
I0205 19:39:55.876817  5544 cuckoo_watch.h:45] 13ms in ProcessBatch(batches\aaaaaq.batch) [including 0ms in LoadMessage; 0ms in InitializeSparseNdw; 6ms in InferThetaAndUpdateNwtSparse; 3ms in CalculateScore(^^^ItemsProcessedScore^^^); ]
I0205 19:39:55.892441  8288 master_component.cc:1378] RegularizeModelArgs: rwt_target_name=rwt, pwt_source_name=pwt, nwt_source_name=nwt
I0205 19:39:55.892441  8288 master_component.cc:922] MasterComponent: start regularizing model pwt
I0205 19:39:56.033067  8288 master_component.cc:948] MasterComponent: complete regularizing model pwt
I0205 19:39:56.033067  8288 master_component.cc:1391] NormalizeModelArgs: pwt_target_name=pwt, nwt_source_name=nwt, rwt_source_name=rwt
I0205 19:39:56.033067  8288 master_component.cc:952] MasterComponent: start normalizing model nwt
I0205 19:39:56.111196  8288 master_component.cc:980] MasterComponent: complete normalizing model nwt
I0205 19:39:56.173693  4792 processor.cc:717] No data in processing queue, waiting...
I0205 19:39:56.173693  5544 processor.cc:717] No data in processing queue, waiting...
I0205 19:39:56.173693  8288 master_component.cc:1415] DisposeModel rwt
I0205 19:39:56.189337  8288 master_component.cc:1005] FitOffline: ItemsProcessed, num_items=1728, num_batches=18, token_weight=808522, token_weight_in_effect=808522
I0205 19:39:56.220567  2964 c_interface.cc:559] Pass GetScoreValueArgs, score_name=^^^ItemsProcessedScore^^^ to MasterComponent::Request
I0205 19:39:56.220567  2964 c_interface.cc:230] ArtmCopyRequestedMessage is copying 46 bytes...
I0205 19:39:56.220567  8288 c_interface.cc:386] Pass FitOfflineMasterModelArgs, batch_filename_size=18, batch_weight_size=18, num_collection_passes=1 to void (__cdecl artm::core::MasterComponent::*)(class artm::FitOfflineMasterModelArgs const & __ptr64) __ptr64
I0205 19:39:56.220567  8288 master_component.cc:1340] ProcessBatchesArgs: nwt_target_name=nwt, batch_filename_size=18, batch_size=0, batch_weight_size=18, pwt_source_name=pwt, num_document_passes=1, regularizer=(name:smoothing, tau:100000), regularizer=(name:thinning, tau:-100000), class=(text:1), class=(author:1), reuse_theta=yes, opt_for_avx=yes, predict_class_id=
I0205 19:39:56.267444  4792 processor.cc:724] Processing queue has data, processing started
I0205 19:39:56.267444  5544 processor.cc:724] Processing queue has data, processing started
I0205 19:39:56.267444  4792 processor.cc:802] Processor: start processing batch e2dc69e7-834d-4bba-a2d4-e316a0a79bc2 into model nwt
I0205 19:39:56.267444  5544 processor.cc:802] Processor: start processing batch 748f5505-2a1b-40b4-a3f6-91065f9d141e into model nwt
I0205 19:39:56.267444  4792 processor.cc:898] Processor: complete processing batch e2dc69e7-834d-4bba-a2d4-e316a0a79bc2 into model nwt
I0205 19:39:56.267444  4792 cuckoo_watch.h:45] 11ms in ProcessBatch(batches\aaaaaa.batch) [including 0ms in LoadMessage; 0ms in InitializeSparseNdw; 5ms in InferThetaAndUpdateNwtSparse; 2ms in CalculateScore(^^^ItemsProcessedScore^^^); ]
I0205 19:39:56.267444  4792 processor.cc:802] Processor: start processing batch d2d6d9aa-d22d-40bf-abf4-3cf22a876fea into model nwt
I0205 19:39:56.283066  5544 processor.cc:898] Processor: complete processing batch 748f5505-2a1b-40b4-a3f6-91065f9d141e into model nwt
I0205 19:39:56.283066  5544 cuckoo_watch.h:45] 19ms in ProcessBatch(batches\aaaaab.batch) [including 1ms in LoadMessage; 0ms in InitializeSparseNdw; 9ms in InferThetaAndUpdateNwtSparse; 5ms in CalculateScore(^^^ItemsProcessedScore^^^); ]
I0205 19:39:56.283066  5544 processor.cc:802] Processor: start processing batch 86635375-db1e-4058-bb44-851848345408 into model nwt
I0205 19:39:56.298691  4792 processor.cc:898] Processor: complete processing batch d2d6d9aa-d22d-40bf-abf4-3cf22a876fea into model nwt
I0205 19:39:56.298691  4792 cuckoo_watch.h:45] 20ms in ProcessBatch(batches\aaaaac.batch) [including 1ms in LoadMessage; 1ms in InitializeSparseNdw; 10ms in InferThetaAndUpdateNwtSparse; 6ms in CalculateScore(^^^ItemsProcessedScore^^^); ]
I0205 19:39:56.298691  4792 processor.cc:802] Processor: start processing batch 5bddb803-bada-4df1-907f-fae98d319177 into model nwt
I0205 19:39:56.298691  5544 processor.cc:898] Processor: complete processing batch 86635375-db1e-4058-bb44-851848345408 into model nwt
I0205 19:39:56.298691  5544 cuckoo_watch.h:45] 20ms in ProcessBatch(batches\aaaaad.batch) [including 1ms in LoadMessage; 0ms in InitializeSparseNdw; 10ms in InferThetaAndUpdateNwtSparse; 5ms in CalculateScore(^^^ItemsProcessedScore^^^); ]
I0205 19:39:56.298691  5544 processor.cc:802] Processor: start processing batch 6e06f638-8f50-40da-b3ad-273ec97d65a9 into model nwt
I0205 19:39:56.314317  4792 processor.cc:898] Processor: complete processing batch 5bddb803-bada-4df1-907f-fae98d319177 into model nwt
I0205 19:39:56.314317  4792 cuckoo_watch.h:45] 18ms in ProcessBatch(batches\aaaaae.batch) [including 1ms in LoadMessage; 0ms in InitializeSparseNdw; 8ms in InferThetaAndUpdateNwtSparse; 5ms in CalculateScore(^^^ItemsProcessedScore^^^); ]
I0205 19:39:56.314317  4792 processor.cc:802] Processor: start processing batch 1ad84e68-5226-431d-a12b-c9cf06a28dc4 into model nwt
I0205 19:39:56.314317  5544 processor.cc:898] Processor: complete processing batch 6e06f638-8f50-40da-b3ad-273ec97d65a9 into model nwt
I0205 19:39:56.314317  5544 cuckoo_watch.h:45] 20ms in ProcessBatch(batches\aaaaaf.batch) [including 1ms in LoadMessage; 1ms in InitializeSparseNdw; 10ms in InferThetaAndUpdateNwtSparse; 6ms in CalculateScore(^^^ItemsProcessedScore^^^); ]
I0205 19:39:56.329941  5544 processor.cc:802] Processor: start processing batch 77811393-809b-4e5b-9aae-98c81f679903 into model nwt
I0205 19:39:56.329941  4792 processor.cc:898] Processor: complete processing batch 1ad84e68-5226-431d-a12b-c9cf06a28dc4 into model nwt
I0205 19:39:56.329941  4792 cuckoo_watch.h:45] 27ms in ProcessBatch(batches\aaaaag.batch) [including 1ms in LoadMessage; 1ms in InitializeSparseNdw; 14ms in InferThetaAndUpdateNwtSparse; 9ms in CalculateScore(^^^ItemsProcessedScore^^^); ]
I0205 19:39:56.345564  4792 processor.cc:802] Processor: start processing batch c24fc9f6-d8da-4c2e-b003-68d31fc1a3d6 into model nwt
I0205 19:39:56.345564  5544 processor.cc:898] Processor: complete processing batch 77811393-809b-4e5b-9aae-98c81f679903 into model nwt
I0205 19:39:56.345564  5544 cuckoo_watch.h:45] 23ms in ProcessBatch(batches\aaaaah.batch) [including 1ms in LoadMessage; 1ms in InitializeSparseNdw; 12ms in InferThetaAndUpdateNwtSparse; 6ms in CalculateScore(^^^ItemsProcessedScore^^^); ]
I0205 19:39:56.345564  5544 processor.cc:802] Processor: start processing batch 022f6f8d-6b9c-4c6c-8512-d1b06161856a into model nwt
I0205 19:39:56.361192  4792 processor.cc:898] Processor: complete processing batch c24fc9f6-d8da-4c2e-b003-68d31fc1a3d6 into model nwt
I0205 19:39:56.361192  4792 cuckoo_watch.h:45] 20ms in ProcessBatch(batches\aaaaai.batch) [including 1ms in LoadMessage; 0ms in InitializeSparseNdw; 10ms in InferThetaAndUpdateNwtSparse; 6ms in CalculateScore(^^^ItemsProcessedScore^^^); ]
I0205 19:39:56.361192  4792 processor.cc:802] Processor: start processing batch afbe6d56-c959-4631-969f-0ab0ce8c546e into model nwt
I0205 19:39:56.376817  5544 processor.cc:898] Processor: complete processing batch 022f6f8d-6b9c-4c6c-8512-d1b06161856a into model nwt
I0205 19:39:56.376817  5544 cuckoo_watch.h:45] 39ms in ProcessBatch(batches\aaaaaj.batch) [including 2ms in LoadMessage; 2ms in InitializeSparseNdw; 20ms in InferThetaAndUpdateNwtSparse; 12ms in CalculateScore(^^^ItemsProcessedScore^^^); ]
I0205 19:39:56.392441  5544 processor.cc:802] Processor: start processing batch f0a8b42f-221d-4d7b-ae14-ac09b791229c into model nwt
I0205 19:39:56.439316  4792 processor.cc:898] Processor: complete processing batch afbe6d56-c959-4631-969f-0ab0ce8c546e into model nwt
I0205 19:39:56.439316  4792 cuckoo_watch.h:45] 76ms in ProcessBatch(batches\aaaaak.batch) [including 3ms in LoadMessage; 4ms in InitializeSparseNdw; 40ms in InferThetaAndUpdateNwtSparse; 25ms in CalculateScore(^^^ItemsProcessedScore^^^); ]
I0205 19:39:56.439316  4792 processor.cc:802] Processor: start processing batch 9af87286-ffde-4713-a485-505d7d52e900 into model nwt
I0205 19:39:56.454942  5544 processor.cc:898] Processor: complete processing batch f0a8b42f-221d-4d7b-ae14-ac09b791229c into model nwt
I0205 19:39:56.454942  5544 cuckoo_watch.h:45] 71ms in ProcessBatch(batches\aaaaal.batch) [including 3ms in LoadMessage; 4ms in InitializeSparseNdw; 36ms in InferThetaAndUpdateNwtSparse; 23ms in CalculateScore(^^^ItemsProcessedScore^^^); ]
I0205 19:39:56.454942  5544 processor.cc:802] Processor: start processing batch 12d54851-7905-46ad-9935-b192b4b8a25b into model nwt
I0205 19:39:56.517447  4792 processor.cc:898] Processor: complete processing batch 9af87286-ffde-4713-a485-505d7d52e900 into model nwt
I0205 19:39:56.517447  4792 cuckoo_watch.h:45] 77ms in ProcessBatch(batches\aaaaam.batch) [including 4ms in LoadMessage; 4ms in InitializeSparseNdw; 40ms in InferThetaAndUpdateNwtSparse; 25ms in CalculateScore(^^^ItemsProcessedScore^^^); ]
I0205 19:39:56.517447  4792 processor.cc:802] Processor: start processing batch 8ba78a03-b2fc-438c-a06c-ed351f1d2340 into model nwt
I0205 19:39:56.517447  5544 processor.cc:898] Processor: complete processing batch 12d54851-7905-46ad-9935-b192b4b8a25b into model nwt
I0205 19:39:56.517447  5544 cuckoo_watch.h:45] 63ms in ProcessBatch(batches\aaaaan.batch) [including 3ms in LoadMessage; 3ms in InitializeSparseNdw; 32ms in InferThetaAndUpdateNwtSparse; 21ms in CalculateScore(^^^ItemsProcessedScore^^^); ]
I0205 19:39:56.517447  5544 processor.cc:802] Processor: start processing batch 00b6b95d-f70e-4c7c-939d-e1e71173bcec into model nwt
I0205 19:39:56.564316  4792 processor.cc:898] Processor: complete processing batch 8ba78a03-b2fc-438c-a06c-ed351f1d2340 into model nwt
I0205 19:39:56.564316  4792 cuckoo_watch.h:45] 55ms in ProcessBatch(batches\aaaaao.batch) [including 2ms in LoadMessage; 3ms in InitializeSparseNdw; 29ms in InferThetaAndUpdateNwtSparse; 17ms in CalculateScore(^^^ItemsProcessedScore^^^); ]
I0205 19:39:56.564316  5544 processor.cc:898] Processor: complete processing batch 00b6b95d-f70e-4c7c-939d-e1e71173bcec into model nwt
I0205 19:39:56.564316  5544 cuckoo_watch.h:45] 50ms in ProcessBatch(batches\aaaaap.batch) [including 2ms in LoadMessage; 2ms in InitializeSparseNdw; 26ms in InferThetaAndUpdateNwtSparse; 16ms in CalculateScore(^^^ItemsProcessedScore^^^); ]
I0205 19:39:56.564316  4792 processor.cc:802] Processor: start processing batch e19d6e21-d8b1-43db-9892-c7ed588d8f31 into model nwt
I0205 19:39:56.564316  5544 processor.cc:802] Processor: start processing batch 3a7910a9-6557-415a-b131-2b10295b1de7 into model nwt
I0205 19:39:56.579941  5544 processor.cc:898] Processor: complete processing batch 3a7910a9-6557-415a-b131-2b10295b1de7 into model nwt
I0205 19:39:56.579941  5544 cuckoo_watch.h:45] 3ms in ProcessBatch(batches\aaaaar.batch) [including 0ms in LoadMessage; 0ms in InitializeSparseNdw; 1ms in InferThetaAndUpdateNwtSparse; 0ms in CalculateScore(^^^ItemsProcessedScore^^^); ]
I0205 19:39:56.579941  4792 processor.cc:898] Processor: complete processing batch e19d6e21-d8b1-43db-9892-c7ed588d8f31 into model nwt
I0205 19:39:56.579941  4792 cuckoo_watch.h:45] 14ms in ProcessBatch(batches\aaaaaq.batch) [including 0ms in LoadMessage; 0ms in InitializeSparseNdw; 7ms in InferThetaAndUpdateNwtSparse; 3ms in CalculateScore(^^^ItemsProcessedScore^^^); ]
I0205 19:39:56.595566  8288 master_component.cc:1378] RegularizeModelArgs: rwt_target_name=rwt, pwt_source_name=pwt, nwt_source_name=nwt
I0205 19:39:56.595566  8288 master_component.cc:922] MasterComponent: start regularizing model pwt
I0205 19:39:56.736196  8288 master_component.cc:948] MasterComponent: complete regularizing model pwt
I0205 19:39:56.736196  8288 master_component.cc:1391] NormalizeModelArgs: pwt_target_name=pwt, nwt_source_name=nwt, rwt_source_name=rwt
I0205 19:39:56.736196  8288 master_component.cc:952] MasterComponent: start normalizing model nwt
I0205 19:39:56.814319  8288 master_component.cc:980] MasterComponent: complete normalizing model nwt
I0205 19:39:56.892446  8288 master_component.cc:1415] DisposeModel rwt
I0205 19:39:56.908071  8288 master_component.cc:1005] FitOffline: ItemsProcessed, num_items=1728, num_batches=18, token_weight=808522, token_weight_in_effect=808522
I0205 19:39:56.923696  2964 c_interface.cc:559] Pass GetScoreValueArgs, score_name=^^^ItemsProcessedScore^^^ to MasterComponent::Request
I0205 19:39:56.923696  2964 c_interface.cc:230] ArtmCopyRequestedMessage is copying 46 bytes...
I0205 19:39:56.923696  8288 c_interface.cc:386] Pass FitOfflineMasterModelArgs, batch_filename_size=18, batch_weight_size=18, num_collection_passes=1 to void (__cdecl artm::core::MasterComponent::*)(class artm::FitOfflineMasterModelArgs const & __ptr64) __ptr64
I0205 19:39:56.923696  8288 master_component.cc:1340] ProcessBatchesArgs: nwt_target_name=nwt, batch_filename_size=18, batch_size=0, batch_weight_size=18, pwt_source_name=pwt, num_document_passes=1, regularizer=(name:smoothing, tau:100000), regularizer=(name:thinning, tau:-100000), class=(text:1), class=(author:1), reuse_theta=yes, opt_for_avx=yes, predict_class_id=
I0205 19:39:56.939319  5544 processor.cc:717] No data in processing queue, waiting...
I0205 19:39:56.970571  5544 processor.cc:724] Processing queue has data, processing started
I0205 19:39:56.970571  4792 processor.cc:802] Processor: start processing batch e2dc69e7-834d-4bba-a2d4-e316a0a79bc2 into model nwt
I0205 19:39:56.970571  5544 processor.cc:802] Processor: start processing batch 748f5505-2a1b-40b4-a3f6-91065f9d141e into model nwt
I0205 19:39:56.970571  4792 processor.cc:898] Processor: complete processing batch e2dc69e7-834d-4bba-a2d4-e316a0a79bc2 into model nwt
I0205 19:39:56.970571  4792 cuckoo_watch.h:45] 11ms in ProcessBatch(batches\aaaaaa.batch) [including 0ms in LoadMessage; 0ms in InitializeSparseNdw; 5ms in InferThetaAndUpdateNwtSparse; 2ms in CalculateScore(^^^ItemsProcessedScore^^^); ]
I0205 19:39:56.970571  4792 processor.cc:802] Processor: start processing batch d2d6d9aa-d22d-40bf-abf4-3cf22a876fea into model nwt
I0205 19:39:56.986196  5544 processor.cc:898] Processor: complete processing batch 748f5505-2a1b-40b4-a3f6-91065f9d141e into model nwt
I0205 19:39:56.986196  5544 cuckoo_watch.h:45] 19ms in ProcessBatch(batches\aaaaab.batch) [including 1ms in LoadMessage; 1ms in InitializeSparseNdw; 9ms in InferThetaAndUpdateNwtSparse; 5ms in CalculateScore(^^^ItemsProcessedScore^^^); ]
I0205 19:39:56.986196  5544 processor.cc:802] Processor: start processing batch 86635375-db1e-4058-bb44-851848345408 into model nwt
I0205 19:39:57.001819  4792 processor.cc:898] Processor: complete processing batch d2d6d9aa-d22d-40bf-abf4-3cf22a876fea into model nwt
I0205 19:39:57.001819  4792 cuckoo_watch.h:45] 20ms in ProcessBatch(batches\aaaaac.batch) [including 1ms in LoadMessage; 0ms in InitializeSparseNdw; 10ms in InferThetaAndUpdateNwtSparse; 6ms in CalculateScore(^^^ItemsProcessedScore^^^); ]
I0205 19:39:57.001819  4792 processor.cc:802] Processor: start processing batch 5bddb803-bada-4df1-907f-fae98d319177 into model nwt
I0205 19:39:57.001819  5544 processor.cc:898] Processor: complete processing batch 86635375-db1e-4058-bb44-851848345408 into model nwt
I0205 19:39:57.001819  5544 cuckoo_watch.h:45] 20ms in ProcessBatch(batches\aaaaad.batch) [including 1ms in LoadMessage; 0ms in InitializeSparseNdw; 10ms in InferThetaAndUpdateNwtSparse; 5ms in CalculateScore(^^^ItemsProcessedScore^^^); ]
I0205 19:39:57.001819  5544 processor.cc:802] Processor: start processing batch 6e06f638-8f50-40da-b3ad-273ec97d65a9 into model nwt
I0205 19:39:57.017441  4792 processor.cc:898] Processor: complete processing batch 5bddb803-bada-4df1-907f-fae98d319177 into model nwt
I0205 19:39:57.017441  4792 cuckoo_watch.h:45] 17ms in ProcessBatch(batches\aaaaae.batch) [including 1ms in LoadMessage; 0ms in InitializeSparseNdw; 8ms in InferThetaAndUpdateNwtSparse; 5ms in CalculateScore(^^^ItemsProcessedScore^^^); ]
I0205 19:39:57.017441  4792 processor.cc:802] Processor: start processing batch 1ad84e68-5226-431d-a12b-c9cf06a28dc4 into model nwt
I0205 19:39:57.017441  5544 processor.cc:898] Processor: complete processing batch 6e06f638-8f50-40da-b3ad-273ec97d65a9 into model nwt
I0205 19:39:57.017441  5544 cuckoo_watch.h:45] 19ms in ProcessBatch(batches\aaaaaf.batch) [including 1ms in LoadMessage; 0ms in InitializeSparseNdw; 10ms in InferThetaAndUpdateNwtSparse; 6ms in CalculateScore(^^^ItemsProcessedScore^^^); ]
I0205 19:39:57.017441  5544 processor.cc:802] Processor: start processing batch 77811393-809b-4e5b-9aae-98c81f679903 into model nwt
I0205 19:39:57.033067  4792 processor.cc:898] Processor: complete processing batch 1ad84e68-5226-431d-a12b-c9cf06a28dc4 into model nwt
I0205 19:39:57.033067  4792 cuckoo_watch.h:45] 27ms in ProcessBatch(batches\aaaaag.batch) [including 1ms in LoadMessage; 1ms in InitializeSparseNdw; 14ms in InferThetaAndUpdateNwtSparse; 9ms in CalculateScore(^^^ItemsProcessedScore^^^); ]
I0205 19:39:57.048691  4792 processor.cc:802] Processor: start processing batch c24fc9f6-d8da-4c2e-b003-68d31fc1a3d6 into model nwt
I0205 19:39:57.048691  5544 processor.cc:898] Processor: complete processing batch 77811393-809b-4e5b-9aae-98c81f679903 into model nwt
I0205 19:39:57.048691  5544 cuckoo_watch.h:45] 23ms in ProcessBatch(batches\aaaaah.batch) [including 1ms in LoadMessage; 1ms in InitializeSparseNdw; 12ms in InferThetaAndUpdateNwtSparse; 7ms in CalculateScore(^^^ItemsProcessedScore^^^); ]
I0205 19:39:57.048691  5544 processor.cc:802] Processor: start processing batch 022f6f8d-6b9c-4c6c-8512-d1b06161856a into model nwt
I0205 19:39:57.064319  4792 processor.cc:898] Processor: complete processing batch c24fc9f6-d8da-4c2e-b003-68d31fc1a3d6 into model nwt
I0205 19:39:57.064319  4792 cuckoo_watch.h:45] 21ms in ProcessBatch(batches\aaaaai.batch) [including 1ms in LoadMessage; 0ms in InitializeSparseNdw; 10ms in InferThetaAndUpdateNwtSparse; 6ms in CalculateScore(^^^ItemsProcessedScore^^^); ]
I0205 19:39:57.064319  4792 processor.cc:802] Processor: start processing batch afbe6d56-c959-4631-969f-0ab0ce8c546e into model nwt
I0205 19:39:57.079943  5544 processor.cc:898] Processor: complete processing batch 022f6f8d-6b9c-4c6c-8512-d1b06161856a into model nwt
I0205 19:39:57.079943  5544 cuckoo_watch.h:45] 41ms in ProcessBatch(batches\aaaaaj.batch) [including 2ms in LoadMessage; 2ms in InitializeSparseNdw; 22ms in InferThetaAndUpdateNwtSparse; 12ms in CalculateScore(^^^ItemsProcessedScore^^^); ]
I0205 19:39:57.095566  5544 processor.cc:802] Processor: start processing batch f0a8b42f-221d-4d7b-ae14-ac09b791229c into model nwt
I0205 19:39:57.142441  4792 processor.cc:898] Processor: complete processing batch afbe6d56-c959-4631-969f-0ab0ce8c546e into model nwt
I0205 19:39:57.142441  4792 cuckoo_watch.h:45] 75ms in ProcessBatch(batches\aaaaak.batch) [including 4ms in LoadMessage; 4ms in InitializeSparseNdw; 38ms in InferThetaAndUpdateNwtSparse; 25ms in CalculateScore(^^^ItemsProcessedScore^^^); ]
I0205 19:39:57.142441  4792 processor.cc:802] Processor: start processing batch 9af87286-ffde-4713-a485-505d7d52e900 into model nwt
I0205 19:39:57.158067  5544 processor.cc:898] Processor: complete processing batch f0a8b42f-221d-4d7b-ae14-ac09b791229c into model nwt
I0205 19:39:57.158067  5544 cuckoo_watch.h:45] 71ms in ProcessBatch(batches\aaaaal.batch) [including 3ms in LoadMessage; 4ms in InitializeSparseNdw; 36ms in InferThetaAndUpdateNwtSparse; 24ms in CalculateScore(^^^ItemsProcessedScore^^^); ]
I0205 19:39:57.158067  5544 processor.cc:802] Processor: start processing batch 12d54851-7905-46ad-9935-b192b4b8a25b into model nwt
I0205 19:39:57.204941  4792 processor.cc:898] Processor: complete processing batch 9af87286-ffde-4713-a485-505d7d52e900 into model nwt
I0205 19:39:57.204941  4792 cuckoo_watch.h:45] 75ms in ProcessBatch(batches\aaaaam.batch) [including 3ms in LoadMessage; 4ms in InitializeSparseNdw; 40ms in InferThetaAndUpdateNwtSparse; 24ms in CalculateScore(^^^ItemsProcessedScore^^^); ]
I0205 19:39:57.220568  4792 processor.cc:802] Processor: start processing batch 8ba78a03-b2fc-438c-a06c-ed351f1d2340 into model nwt
I0205 19:39:57.220568  5544 processor.cc:898] Processor: complete processing batch 12d54851-7905-46ad-9935-b192b4b8a25b into model nwt
I0205 19:39:57.220568  5544 cuckoo_watch.h:45] 63ms in ProcessBatch(batches\aaaaan.batch) [including 3ms in LoadMessage; 3ms in InitializeSparseNdw; 33ms in InferThetaAndUpdateNwtSparse; 21ms in CalculateScore(^^^ItemsProcessedScore^^^); ]
I0205 19:39:57.220568  5544 processor.cc:802] Processor: start processing batch 00b6b95d-f70e-4c7c-939d-e1e71173bcec into model nwt
I0205 19:39:57.267442  4792 processor.cc:898] Processor: complete processing batch 8ba78a03-b2fc-438c-a06c-ed351f1d2340 into model nwt
I0205 19:39:57.267442  4792 cuckoo_watch.h:45] 57ms in ProcessBatch(batches\aaaaao.batch) [including 2ms in LoadMessage; 2ms in InitializeSparseNdw; 31ms in InferThetaAndUpdateNwtSparse; 17ms in CalculateScore(^^^ItemsProcessedScore^^^); ]
I0205 19:39:57.267442  5544 processor.cc:898] Processor: complete processing batch 00b6b95d-f70e-4c7c-939d-e1e71173bcec into model nwt
I0205 19:39:57.267442  5544 cuckoo_watch.h:45] 49ms in ProcessBatch(batches\aaaaap.batch) [including 2ms in LoadMessage; 2ms in InitializeSparseNdw; 26ms in InferThetaAndUpdateNwtSparse; 16ms in CalculateScore(^^^ItemsProcessedScore^^^); ]
I0205 19:39:57.267442  4792 processor.cc:802] Processor: start processing batch e19d6e21-d8b1-43db-9892-c7ed588d8f31 into model nwt
I0205 19:39:57.267442  5544 processor.cc:802] Processor: start processing batch 3a7910a9-6557-415a-b131-2b10295b1de7 into model nwt
I0205 19:39:57.267442  5544 processor.cc:898] Processor: complete processing batch 3a7910a9-6557-415a-b131-2b10295b1de7 into model nwt
I0205 19:39:57.267442  5544 cuckoo_watch.h:45] 3ms in ProcessBatch(batches\aaaaar.batch) [including 0ms in LoadMessage; 0ms in InitializeSparseNdw; 1ms in InferThetaAndUpdateNwtSparse; 0ms in CalculateScore(^^^ItemsProcessedScore^^^); ]
I0205 19:39:57.283067  4792 processor.cc:898] Processor: complete processing batch e19d6e21-d8b1-43db-9892-c7ed588d8f31 into model nwt
I0205 19:39:57.283067  4792 cuckoo_watch.h:45] 14ms in ProcessBatch(batches\aaaaaq.batch) [including 0ms in LoadMessage; 0ms in InitializeSparseNdw; 7ms in InferThetaAndUpdateNwtSparse; 3ms in CalculateScore(^^^ItemsProcessedScore^^^); ]
I0205 19:39:57.298693  8288 master_component.cc:1378] RegularizeModelArgs: rwt_target_name=rwt, pwt_source_name=pwt, nwt_source_name=nwt
I0205 19:39:57.298693  8288 master_component.cc:922] MasterComponent: start regularizing model pwt
I0205 19:39:57.439322  8288 master_component.cc:948] MasterComponent: complete regularizing model pwt
I0205 19:39:57.439322  8288 master_component.cc:1391] NormalizeModelArgs: pwt_target_name=pwt, nwt_source_name=nwt, rwt_source_name=rwt
I0205 19:39:57.439322  8288 master_component.cc:952] MasterComponent: start normalizing model nwt
I0205 19:39:57.533077  8288 master_component.cc:980] MasterComponent: complete normalizing model nwt
I0205 19:39:57.579942  5544 processor.cc:717] No data in processing queue, waiting...
I0205 19:39:57.595571  8288 master_component.cc:1415] DisposeModel rwt
I0205 19:39:57.595571  8288 master_component.cc:1005] FitOffline: ItemsProcessed, num_items=1728, num_batches=18, token_weight=808522, token_weight_in_effect=808522
I0205 19:39:57.611197  4792 processor.cc:717] No data in processing queue, waiting...
I0205 19:39:57.626821  2964 c_interface.cc:559] Pass GetScoreValueArgs, score_name=^^^ItemsProcessedScore^^^ to MasterComponent::Request
I0205 19:39:57.626821  2964 c_interface.cc:230] ArtmCopyRequestedMessage is copying 46 bytes...
I0205 19:39:57.626821  8288 c_interface.cc:386] Pass FitOfflineMasterModelArgs, batch_filename_size=18, batch_weight_size=18, num_collection_passes=1 to void (__cdecl artm::core::MasterComponent::*)(class artm::FitOfflineMasterModelArgs const & __ptr64) __ptr64
I0205 19:39:57.626821  8288 master_component.cc:1340] ProcessBatchesArgs: nwt_target_name=nwt, batch_filename_size=18, batch_size=0, batch_weight_size=18, pwt_source_name=pwt, num_document_passes=1, regularizer=(name:smoothing, tau:100000), regularizer=(name:thinning, tau:-100000), class=(text:1), class=(author:1), reuse_theta=yes, opt_for_avx=yes, predict_class_id=
I0205 19:39:57.673696  4792 processor.cc:724] Processing queue has data, processing started
I0205 19:39:57.673696  5544 processor.cc:724] Processing queue has data, processing started
I0205 19:39:57.673696  4792 processor.cc:802] Processor: start processing batch e2dc69e7-834d-4bba-a2d4-e316a0a79bc2 into model nwt
I0205 19:39:57.673696  5544 processor.cc:802] Processor: start processing batch 748f5505-2a1b-40b4-a3f6-91065f9d141e into model nwt
I0205 19:39:57.673696  4792 processor.cc:898] Processor: complete processing batch e2dc69e7-834d-4bba-a2d4-e316a0a79bc2 into model nwt
I0205 19:39:57.673696  4792 cuckoo_watch.h:45] 11ms in ProcessBatch(batches\aaaaaa.batch) [including 0ms in LoadMessage; 0ms in InitializeSparseNdw; 5ms in InferThetaAndUpdateNwtSparse; 2ms in CalculateScore(^^^ItemsProcessedScore^^^); ]
I0205 19:39:57.673696  4792 processor.cc:802] Processor: start processing batch d2d6d9aa-d22d-40bf-abf4-3cf22a876fea into model nwt
I0205 19:39:57.689318  5544 processor.cc:898] Processor: complete processing batch 748f5505-2a1b-40b4-a3f6-91065f9d141e into model nwt
I0205 19:39:57.689318  5544 cuckoo_watch.h:45] 18ms in ProcessBatch(batches\aaaaab.batch) [including 1ms in LoadMessage; 0ms in InitializeSparseNdw; 9ms in InferThetaAndUpdateNwtSparse; 5ms in CalculateScore(^^^ItemsProcessedScore^^^); ]
I0205 19:39:57.689318  5544 processor.cc:802] Processor: start processing batch 86635375-db1e-4058-bb44-851848345408 into model nwt
I0205 19:39:57.704943  4792 processor.cc:898] Processor: complete processing batch d2d6d9aa-d22d-40bf-abf4-3cf22a876fea into model nwt
I0205 19:39:57.704943  4792 cuckoo_watch.h:45] 21ms in ProcessBatch(batches\aaaaac.batch) [including 1ms in LoadMessage; 0ms in InitializeSparseNdw; 11ms in InferThetaAndUpdateNwtSparse; 6ms in CalculateScore(^^^ItemsProcessedScore^^^); ]
I0205 19:39:57.704943  4792 processor.cc:802] Processor: start processing batch 5bddb803-bada-4df1-907f-fae98d319177 into model nwt
I0205 19:39:57.704943  5544 processor.cc:898] Processor: complete processing batch 86635375-db1e-4058-bb44-851848345408 into model nwt
I0205 19:39:57.704943  5544 cuckoo_watch.h:45] 19ms in ProcessBatch(batches\aaaaad.batch) [including 1ms in LoadMessage; 0ms in InitializeSparseNdw; 10ms in InferThetaAndUpdateNwtSparse; 5ms in CalculateScore(^^^ItemsProcessedScore^^^); ]
I0205 19:39:57.704943  5544 processor.cc:802] Processor: start processing batch 6e06f638-8f50-40da-b3ad-273ec97d65a9 into model nwt
I0205 19:39:57.720569  4792 processor.cc:898] Processor: complete processing batch 5bddb803-bada-4df1-907f-fae98d319177 into model nwt
I0205 19:39:57.720569  4792 cuckoo_watch.h:45] 17ms in ProcessBatch(batches\aaaaae.batch) [including 1ms in LoadMessage; 0ms in InitializeSparseNdw; 8ms in InferThetaAndUpdateNwtSparse; 5ms in CalculateScore(^^^ItemsProcessedScore^^^); ]
I0205 19:39:57.720569  4792 processor.cc:802] Processor: start processing batch 1ad84e68-5226-431d-a12b-c9cf06a28dc4 into model nwt
I0205 19:39:57.720569  5544 processor.cc:898] Processor: complete processing batch 6e06f638-8f50-40da-b3ad-273ec97d65a9 into model nwt
I0205 19:39:57.720569  5544 cuckoo_watch.h:45] 20ms in ProcessBatch(batches\aaaaaf.batch) [including 1ms in LoadMessage; 0ms in InitializeSparseNdw; 10ms in InferThetaAndUpdateNwtSparse; 6ms in CalculateScore(^^^ItemsProcessedScore^^^); ]
I0205 19:39:57.720569  5544 processor.cc:802] Processor: start processing batch 77811393-809b-4e5b-9aae-98c81f679903 into model nwt
I0205 19:39:57.736192  4792 processor.cc:898] Processor: complete processing batch 1ad84e68-5226-431d-a12b-c9cf06a28dc4 into model nwt
I0205 19:39:57.736192  4792 cuckoo_watch.h:45] 27ms in ProcessBatch(batches\aaaaag.batch) [including 1ms in LoadMessage; 1ms in InitializeSparseNdw; 14ms in InferThetaAndUpdateNwtSparse; 8ms in CalculateScore(^^^ItemsProcessedScore^^^); ]
I0205 19:39:57.751817  4792 processor.cc:802] Processor: start processing batch c24fc9f6-d8da-4c2e-b003-68d31fc1a3d6 into model nwt
I0205 19:39:57.751817  5544 processor.cc:898] Processor: complete processing batch 77811393-809b-4e5b-9aae-98c81f679903 into model nwt
I0205 19:39:57.751817  5544 cuckoo_watch.h:45] 23ms in ProcessBatch(batches\aaaaah.batch) [including 1ms in LoadMessage; 1ms in InitializeSparseNdw; 12ms in InferThetaAndUpdateNwtSparse; 7ms in CalculateScore(^^^ItemsProcessedScore^^^); ]
I0205 19:39:57.751817  5544 processor.cc:802] Processor: start processing batch 022f6f8d-6b9c-4c6c-8512-d1b06161856a into model nwt
I0205 19:39:57.767444  4792 processor.cc:898] Processor: complete processing batch c24fc9f6-d8da-4c2e-b003-68d31fc1a3d6 into model nwt
I0205 19:39:57.767444  4792 cuckoo_watch.h:45] 20ms in ProcessBatch(batches\aaaaai.batch) [including 1ms in LoadMessage; 0ms in InitializeSparseNdw; 10ms in InferThetaAndUpdateNwtSparse; 5ms in CalculateScore(^^^ItemsProcessedScore^^^); ]
I0205 19:39:57.767444  4792 processor.cc:802] Processor: start processing batch afbe6d56-c959-4631-969f-0ab0ce8c546e into model nwt
I0205 19:39:57.783069  5544 processor.cc:898] Processor: complete processing batch 022f6f8d-6b9c-4c6c-8512-d1b06161856a into model nwt
I0205 19:39:57.783069  5544 cuckoo_watch.h:45] 39ms in ProcessBatch(batches\aaaaaj.batch) [including 2ms in LoadMessage; 2ms in InitializeSparseNdw; 20ms in InferThetaAndUpdateNwtSparse; 13ms in CalculateScore(^^^ItemsProcessedScore^^^); ]
I0205 19:39:57.798696  5544 processor.cc:802] Processor: start processing batch f0a8b42f-221d-4d7b-ae14-ac09b791229c into model nwt
I0205 19:39:57.829942  4792 processor.cc:898] Processor: complete processing batch afbe6d56-c959-4631-969f-0ab0ce8c546e into model nwt
I0205 19:39:57.829942  4792 cuckoo_watch.h:45] 73ms in ProcessBatch(batches\aaaaak.batch) [including 3ms in LoadMessage; 4ms in InitializeSparseNdw; 38ms in InferThetaAndUpdateNwtSparse; 24ms in CalculateScore(^^^ItemsProcessedScore^^^); ]
I0205 19:39:57.845567  4792 processor.cc:802] Processor: start processing batch 9af87286-ffde-4713-a485-505d7d52e900 into model nwt
I0205 19:39:57.861193  5544 processor.cc:898] Processor: complete processing batch f0a8b42f-221d-4d7b-ae14-ac09b791229c into model nwt
I0205 19:39:57.861193  5544 cuckoo_watch.h:45] 71ms in ProcessBatch(batches\aaaaal.batch) [including 4ms in LoadMessage; 4ms in InitializeSparseNdw; 36ms in InferThetaAndUpdateNwtSparse; 23ms in CalculateScore(^^^ItemsProcessedScore^^^); ]
I0205 19:39:57.861193  5544 processor.cc:802] Processor: start processing batch 12d54851-7905-46ad-9935-b192b4b8a25b into model nwt
I0205 19:39:57.908071  4792 processor.cc:898] Processor: complete processing batch 9af87286-ffde-4713-a485-505d7d52e900 into model nwt
I0205 19:39:57.908071  4792 cuckoo_watch.h:45] 75ms in ProcessBatch(batches\aaaaam.batch) [including 3ms in LoadMessage; 4ms in InitializeSparseNdw; 39ms in InferThetaAndUpdateNwtSparse; 25ms in CalculateScore(^^^ItemsProcessedScore^^^); ]
I0205 19:39:57.923696  4792 processor.cc:802] Processor: start processing batch 8ba78a03-b2fc-438c-a06c-ed351f1d2340 into model nwt
I0205 19:39:57.923696  5544 processor.cc:898] Processor: complete processing batch 12d54851-7905-46ad-9935-b192b4b8a25b into model nwt
I0205 19:39:57.923696  5544 cuckoo_watch.h:45] 62ms in ProcessBatch(batches\aaaaan.batch) [including 3ms in LoadMessage; 3ms in InitializeSparseNdw; 32ms in InferThetaAndUpdateNwtSparse; 21ms in CalculateScore(^^^ItemsProcessedScore^^^); ]
I0205 19:39:57.923696  5544 processor.cc:802] Processor: start processing batch 00b6b95d-f70e-4c7c-939d-e1e71173bcec into model nwt
I0205 19:39:57.970568  4792 processor.cc:898] Processor: complete processing batch 8ba78a03-b2fc-438c-a06c-ed351f1d2340 into model nwt
I0205 19:39:57.970568  4792 cuckoo_watch.h:45] 54ms in ProcessBatch(batches\aaaaao.batch) [including 2ms in LoadMessage; 3ms in InitializeSparseNdw; 29ms in InferThetaAndUpdateNwtSparse; 17ms in CalculateScore(^^^ItemsProcessedScore^^^); ]
I0205 19:39:57.970568  4792 processor.cc:802] Processor: start processing batch e19d6e21-d8b1-43db-9892-c7ed588d8f31 into model nwt
I0205 19:39:57.970568  5544 processor.cc:898] Processor: complete processing batch 00b6b95d-f70e-4c7c-939d-e1e71173bcec into model nwt
I0205 19:39:57.970568  5544 cuckoo_watch.h:45] 48ms in ProcessBatch(batches\aaaaap.batch) [including 2ms in LoadMessage; 2ms in InitializeSparseNdw; 25ms in InferThetaAndUpdateNwtSparse; 15ms in CalculateScore(^^^ItemsProcessedScore^^^); ]
I0205 19:39:57.970568  5544 processor.cc:802] Processor: start processing batch 3a7910a9-6557-415a-b131-2b10295b1de7 into model nwt
I0205 19:39:57.970568  5544 processor.cc:898] Processor: complete processing batch 3a7910a9-6557-415a-b131-2b10295b1de7 into model nwt
I0205 19:39:57.970568  5544 cuckoo_watch.h:45] 3ms in ProcessBatch(batches\aaaaar.batch) [including 0ms in LoadMessage; 0ms in InitializeSparseNdw; 1ms in InferThetaAndUpdateNwtSparse; 0ms in CalculateScore(^^^ItemsProcessedScore^^^); ]
I0205 19:39:57.986193  4792 processor.cc:898] Processor: complete processing batch e19d6e21-d8b1-43db-9892-c7ed588d8f31 into model nwt
I0205 19:39:57.986193  4792 cuckoo_watch.h:45] 13ms in ProcessBatch(batches\aaaaaq.batch) [including 1ms in LoadMessage; 0ms in InitializeSparseNdw; 7ms in InferThetaAndUpdateNwtSparse; 3ms in CalculateScore(^^^ItemsProcessedScore^^^); ]
I0205 19:39:58.001819  8288 master_component.cc:1378] RegularizeModelArgs: rwt_target_name=rwt, pwt_source_name=pwt, nwt_source_name=nwt
I0205 19:39:58.001819  8288 master_component.cc:922] MasterComponent: start regularizing model pwt
I0205 19:39:58.142452  8288 master_component.cc:948] MasterComponent: complete regularizing model pwt
I0205 19:39:58.142452  8288 master_component.cc:1391] NormalizeModelArgs: pwt_target_name=pwt, nwt_source_name=nwt, rwt_source_name=rwt
I0205 19:39:58.142452  8288 master_component.cc:952] MasterComponent: start normalizing model nwt
I0205 19:39:58.220573  8288 master_component.cc:980] MasterComponent: complete normalizing model nwt
I0205 19:39:58.283071  8288 master_component.cc:1415] DisposeModel rwt
I0205 19:39:58.283071  8288 master_component.cc:1005] FitOffline: ItemsProcessed, num_items=1728, num_batches=18, token_weight=808522, token_weight_in_effect=808522
I0205 19:39:58.298698  5544 processor.cc:717] No data in processing queue, waiting...
I0205 19:39:58.298698  4792 processor.cc:717] No data in processing queue, waiting...
I0205 19:39:58.329947  2964 c_interface.cc:559] Pass GetScoreValueArgs, score_name=^^^ItemsProcessedScore^^^ to MasterComponent::Request
I0205 19:39:58.329947  2964 c_interface.cc:230] ArtmCopyRequestedMessage is copying 46 bytes...
I0205 19:39:58.329947  8288 c_interface.cc:386] Pass FitOfflineMasterModelArgs, batch_filename_size=18, batch_weight_size=18, num_collection_passes=1 to void (__cdecl artm::core::MasterComponent::*)(class artm::FitOfflineMasterModelArgs const & __ptr64) __ptr64
I0205 19:39:58.329947  8288 master_component.cc:1340] ProcessBatchesArgs: nwt_target_name=nwt, batch_filename_size=18, batch_size=0, batch_weight_size=18, pwt_source_name=pwt, num_document_passes=1, regularizer=(name:smoothing, tau:100000), regularizer=(name:thinning, tau:-100000), class=(text:1), class=(author:1), reuse_theta=yes, opt_for_avx=yes, predict_class_id=
I0205 19:39:58.376821  4792 processor.cc:724] Processing queue has data, processing started
I0205 19:39:58.376821  5544 processor.cc:724] Processing queue has data, processing started
I0205 19:39:58.376821  4792 processor.cc:802] Processor: start processing batch e2dc69e7-834d-4bba-a2d4-e316a0a79bc2 into model nwt
I0205 19:39:58.376821  5544 processor.cc:802] Processor: start processing batch 748f5505-2a1b-40b4-a3f6-91065f9d141e into model nwt
I0205 19:39:58.376821  4792 processor.cc:898] Processor: complete processing batch e2dc69e7-834d-4bba-a2d4-e316a0a79bc2 into model nwt
I0205 19:39:58.376821  4792 cuckoo_watch.h:45] 11ms in ProcessBatch(batches\aaaaaa.batch) [including 0ms in LoadMessage; 0ms in InitializeSparseNdw; 5ms in InferThetaAndUpdateNwtSparse; 2ms in CalculateScore(^^^ItemsProcessedScore^^^); ]
I0205 19:39:58.376821  4792 processor.cc:802] Processor: start processing batch d2d6d9aa-d22d-40bf-abf4-3cf22a876fea into model nwt
I0205 19:39:58.392453  5544 processor.cc:898] Processor: complete processing batch 748f5505-2a1b-40b4-a3f6-91065f9d141e into model nwt
I0205 19:39:58.392453  5544 cuckoo_watch.h:45] 20ms in ProcessBatch(batches\aaaaab.batch) [including 1ms in LoadMessage; 1ms in InitializeSparseNdw; 10ms in InferThetaAndUpdateNwtSparse; 5ms in CalculateScore(^^^ItemsProcessedScore^^^); ]
I0205 19:39:58.392453  5544 processor.cc:802] Processor: start processing batch 86635375-db1e-4058-bb44-851848345408 into model nwt
I0205 19:39:58.408079  4792 processor.cc:898] Processor: complete processing batch d2d6d9aa-d22d-40bf-abf4-3cf22a876fea into model nwt
I0205 19:39:58.408079  4792 cuckoo_watch.h:45] 20ms in ProcessBatch(batches\aaaaac.batch) [including 1ms in LoadMessage; 0ms in InitializeSparseNdw; 10ms in InferThetaAndUpdateNwtSparse; 5ms in CalculateScore(^^^ItemsProcessedScore^^^); ]
I0205 19:39:58.408079  4792 processor.cc:802] Processor: start processing batch 5bddb803-bada-4df1-907f-fae98d319177 into model nwt
I0205 19:39:58.408079  5544 processor.cc:898] Processor: complete processing batch 86635375-db1e-4058-bb44-851848345408 into model nwt
I0205 19:39:58.408079  5544 cuckoo_watch.h:45] 20ms in ProcessBatch(batches\aaaaad.batch) [including 1ms in LoadMessage; 0ms in InitializeSparseNdw; 10ms in InferThetaAndUpdateNwtSparse; 5ms in CalculateScore(^^^ItemsProcessedScore^^^); ]
I0205 19:39:58.408079  5544 processor.cc:802] Processor: start processing batch 6e06f638-8f50-40da-b3ad-273ec97d65a9 into model nwt
I0205 19:39:58.423696  4792 processor.cc:898] Processor: complete processing batch 5bddb803-bada-4df1-907f-fae98d319177 into model nwt
I0205 19:39:58.423696  4792 cuckoo_watch.h:45] 16ms in ProcessBatch(batches\aaaaae.batch) [including 1ms in LoadMessage; 0ms in InitializeSparseNdw; 8ms in InferThetaAndUpdateNwtSparse; 5ms in CalculateScore(^^^ItemsProcessedScore^^^); ]
I0205 19:39:58.423696  4792 processor.cc:802] Processor: start processing batch 1ad84e68-5226-431d-a12b-c9cf06a28dc4 into model nwt
I0205 19:39:58.423696  5544 processor.cc:898] Processor: complete processing batch 6e06f638-8f50-40da-b3ad-273ec97d65a9 into model nwt
I0205 19:39:58.423696  5544 cuckoo_watch.h:45] 21ms in ProcessBatch(batches\aaaaaf.batch) [including 1ms in LoadMessage; 0ms in InitializeSparseNdw; 10ms in InferThetaAndUpdateNwtSparse; 6ms in CalculateScore(^^^ItemsProcessedScore^^^); ]
I0205 19:39:58.439321  5544 processor.cc:802] Processor: start processing batch 77811393-809b-4e5b-9aae-98c81f679903 into model nwt
I0205 19:39:58.439321  4792 processor.cc:898] Processor: complete processing batch 1ad84e68-5226-431d-a12b-c9cf06a28dc4 into model nwt
I0205 19:39:58.439321  4792 cuckoo_watch.h:45] 27ms in ProcessBatch(batches\aaaaag.batch) [including 1ms in LoadMessage; 1ms in InitializeSparseNdw; 14ms in InferThetaAndUpdateNwtSparse; 8ms in CalculateScore(^^^ItemsProcessedScore^^^); ]
I0205 19:39:58.454946  4792 processor.cc:802] Processor: start processing batch c24fc9f6-d8da-4c2e-b003-68d31fc1a3d6 into model nwt
I0205 19:39:58.454946  5544 processor.cc:898] Processor: complete processing batch 77811393-809b-4e5b-9aae-98c81f679903 into model nwt
I0205 19:39:58.454946  5544 cuckoo_watch.h:45] 23ms in ProcessBatch(batches\aaaaah.batch) [including 1ms in LoadMessage; 1ms in InitializeSparseNdw; 12ms in InferThetaAndUpdateNwtSparse; 6ms in CalculateScore(^^^ItemsProcessedScore^^^); ]
I0205 19:39:58.454946  5544 processor.cc:802] Processor: start processing batch 022f6f8d-6b9c-4c6c-8512-d1b06161856a into model nwt
I0205 19:39:58.470571  4792 processor.cc:898] Processor: complete processing batch c24fc9f6-d8da-4c2e-b003-68d31fc1a3d6 into model nwt
I0205 19:39:58.470571  4792 cuckoo_watch.h:45] 19ms in ProcessBatch(batches\aaaaai.batch) [including 1ms in LoadMessage; 0ms in InitializeSparseNdw; 10ms in InferThetaAndUpdateNwtSparse; 5ms in CalculateScore(^^^ItemsProcessedScore^^^); ]
I0205 19:39:58.470571  4792 processor.cc:802] Processor: start processing batch afbe6d56-c959-4631-969f-0ab0ce8c546e into model nwt
I0205 19:39:58.501819  5544 processor.cc:898] Processor: complete processing batch 022f6f8d-6b9c-4c6c-8512-d1b06161856a into model nwt
I0205 19:39:58.501819  5544 cuckoo_watch.h:45] 40ms in ProcessBatch(batches\aaaaaj.batch) [including 2ms in LoadMessage; 2ms in InitializeSparseNdw; 21ms in InferThetaAndUpdateNwtSparse; 12ms in CalculateScore(^^^ItemsProcessedScore^^^); ]
I0205 19:39:58.501819  5544 processor.cc:802] Processor: start processing batch f0a8b42f-221d-4d7b-ae14-ac09b791229c into model nwt
I0205 19:39:58.548693  4792 processor.cc:898] Processor: complete processing batch afbe6d56-c959-4631-969f-0ab0ce8c546e into model nwt
I0205 19:39:58.548693  4792 cuckoo_watch.h:45] 78ms in ProcessBatch(batches\aaaaak.batch) [including 3ms in LoadMessage; 4ms in InitializeSparseNdw; 42ms in InferThetaAndUpdateNwtSparse; 26ms in CalculateScore(^^^ItemsProcessedScore^^^); ]
I0205 19:39:58.548693  4792 processor.cc:802] Processor: start processing batch 9af87286-ffde-4713-a485-505d7d52e900 into model nwt
I0205 19:39:58.579944  5544 processor.cc:898] Processor: complete processing batch f0a8b42f-221d-4d7b-ae14-ac09b791229c into model nwt
I0205 19:39:58.579944  5544 cuckoo_watch.h:45] 79ms in ProcessBatch(batches\aaaaal.batch) [including 4ms in LoadMessage; 5ms in InitializeSparseNdw; 42ms in InferThetaAndUpdateNwtSparse; 24ms in CalculateScore(^^^ItemsProcessedScore^^^); ]
I0205 19:39:58.579944  5544 processor.cc:802] Processor: start processing batch 12d54851-7905-46ad-9935-b192b4b8a25b into model nwt
I0205 19:39:58.626821  4792 processor.cc:898] Processor: complete processing batch 9af87286-ffde-4713-a485-505d7d52e900 into model nwt
I0205 19:39:58.626821  4792 cuckoo_watch.h:45] 81ms in ProcessBatch(batches\aaaaam.batch) [including 3ms in LoadMessage; 4ms in InitializeSparseNdw; 41ms in InferThetaAndUpdateNwtSparse; 29ms in CalculateScore(^^^ItemsProcessedScore^^^); ]
I0205 19:39:58.626821  4792 processor.cc:802] Processor: start processing batch 8ba78a03-b2fc-438c-a06c-ed351f1d2340 into model nwt
I0205 19:39:58.642448  5544 processor.cc:898] Processor: complete processing batch 12d54851-7905-46ad-9935-b192b4b8a25b into model nwt
I0205 19:39:58.642448  5544 cuckoo_watch.h:45] 69ms in ProcessBatch(batches\aaaaan.batch) [including 3ms in LoadMessage; 3ms in InitializeSparseNdw; 39ms in InferThetaAndUpdateNwtSparse; 21ms in CalculateScore(^^^ItemsProcessedScore^^^); ]
I0205 19:39:58.642448  5544 processor.cc:802] Processor: start processing batch 00b6b95d-f70e-4c7c-939d-e1e71173bcec into model nwt
I0205 19:39:58.673696  4792 processor.cc:898] Processor: complete processing batch 8ba78a03-b2fc-438c-a06c-ed351f1d2340 into model nwt
I0205 19:39:58.673696  4792 cuckoo_watch.h:45] 54ms in ProcessBatch(batches\aaaaao.batch) [including 2ms in LoadMessage; 3ms in InitializeSparseNdw; 29ms in InferThetaAndUpdateNwtSparse; 17ms in CalculateScore(^^^ItemsProcessedScore^^^); ]
I0205 19:39:58.689323  4792 processor.cc:802] Processor: start processing batch e19d6e21-d8b1-43db-9892-c7ed588d8f31 into model nwt
I0205 19:39:58.689323  5544 processor.cc:898] Processor: complete processing batch 00b6b95d-f70e-4c7c-939d-e1e71173bcec into model nwt
I0205 19:39:58.689323  5544 cuckoo_watch.h:45] 49ms in ProcessBatch(batches\aaaaap.batch) [including 2ms in LoadMessage; 2ms in InitializeSparseNdw; 25ms in InferThetaAndUpdateNwtSparse; 16ms in CalculateScore(^^^ItemsProcessedScore^^^); ]
I0205 19:39:58.689323  4792 processor.cc:898] Processor: complete processing batch e19d6e21-d8b1-43db-9892-c7ed588d8f31 into model nwt
I0205 19:39:58.689323  4792 cuckoo_watch.h:45] 13ms in ProcessBatch(batches\aaaaaq.batch) [including 1ms in LoadMessage; 0ms in InitializeSparseNdw; 6ms in InferThetaAndUpdateNwtSparse; 3ms in CalculateScore(^^^ItemsProcessedScore^^^); ]
I0205 19:39:58.689323  5544 processor.cc:802] Processor: start processing batch 3a7910a9-6557-415a-b131-2b10295b1de7 into model nwt
I0205 19:39:58.689323  5544 processor.cc:898] Processor: complete processing batch 3a7910a9-6557-415a-b131-2b10295b1de7 into model nwt
I0205 19:39:58.689323  5544 cuckoo_watch.h:45] 3ms in ProcessBatch(batches\aaaaar.batch) [including 0ms in LoadMessage; 0ms in InitializeSparseNdw; 1ms in InferThetaAndUpdateNwtSparse; 0ms in CalculateScore(^^^ItemsProcessedScore^^^); ]
I0205 19:39:58.704947  8288 master_component.cc:1378] RegularizeModelArgs: rwt_target_name=rwt, pwt_source_name=pwt, nwt_source_name=nwt
I0205 19:39:58.704947  8288 master_component.cc:922] MasterComponent: start regularizing model pwt
I0205 19:39:58.845573  8288 master_component.cc:948] MasterComponent: complete regularizing model pwt
