Log file created at: 2019/01/23 17:37:57
Running on machine: SVRDVT3
Log line format: [IWEF]mmdd hh:mm:ss.uuuuuu threadid file:line] msg
I0123 17:37:57.246110    76 c_interface.cc:127] Logging enabled to .
I0123 17:37:57.256109    76 c_interface.cc:271] Creating MasterModel (id=1)...
I0123 17:37:57.316118    76 collection_parser.cc:557] CollectionParserConfig.num_threads is automatically set to 4
W0123 17:37:57.376103  6040 helpers.cc:221] File already exists: batches\aaaaaa.batch
W0123 17:37:57.376103  5656 helpers.cc:221] File already exists: batches\aaaaab.batch
W0123 17:37:57.386104  5648 helpers.cc:221] File already exists: batches\aaaaac.batch
W0123 17:37:57.416103  5488 helpers.cc:221] File already exists: batches\aaaaad.batch
W0123 17:37:57.436101  6040 helpers.cc:221] File already exists: batches\aaaaae.batch
W0123 17:37:57.446106  5656 helpers.cc:221] File already exists: batches\aaaaaf.batch
W0123 17:37:57.486102  5648 helpers.cc:221] File already exists: batches\aaaaag.batch
W0123 17:37:57.496109  5488 helpers.cc:221] File already exists: batches\aaaaah.batch
W0123 17:37:57.496109  6040 helpers.cc:221] File already exists: batches\aaaaai.batch
W0123 17:37:57.586105  5656 helpers.cc:221] File already exists: batches\aaaaaj.batch
W0123 17:37:57.746104  5648 helpers.cc:221] File already exists: batches\aaaaak.batch
W0123 17:37:57.774796  5488 helpers.cc:221] File already exists: batches\aaaaal.batch
W0123 17:37:57.794793  6040 helpers.cc:221] File already exists: batches\aaaaam.batch
W0123 17:37:57.822794  5656 helpers.cc:221] File already exists: batches\aaaaan.batch
W0123 17:37:57.862793  5656 helpers.cc:221] File already exists: batches\aaaaaq.batch
W0123 17:37:57.866793  6040 helpers.cc:221] File already exists: batches\aaaaar.batch
W0123 17:37:57.930800  5648 helpers.cc:221] File already exists: batches\aaaaao.batch
W0123 17:37:57.954795  5488 helpers.cc:221] File already exists: batches\aaaaap.batch
I0123 17:37:57.970803    76 c_interface.cc:372] Pass fa788a88-f146-48fd-8f19-151dbc1930fb to void (__cdecl artm::core::MasterComponent::*)(class std::basic_string<char,struct std::char_traits<char>,class std::allocator<char> > const & __ptr64) __ptr64
I0123 17:37:57.970803    76 c_interface.cc:386] Pass GatherDictionaryArgs: dictionary_target_name=fa788a88-f146-48fd-8f19-151dbc1930fb, data_path=batches, symmetric_cooc_values=0 to void (__cdecl artm::core::MasterComponent::*)(class artm::GatherDictionaryArgs const & __ptr64) __ptr64
I0123 17:37:57.970803    76 dictionary_operations.cc:249] Found 18 batches in 'batches' folder
I0123 17:37:58.122963    76 dictionary_operations.cc:313] Find 26866 unique tokens in 1728 items
I0123 17:37:58.242964    76 c_interface.cc:271] Creating MasterModel (id=2)...
I0123 17:37:58.252964  5124 processor.cc:701] Processor thread started
I0123 17:37:58.252964  5764 processor.cc:701] Processor thread started
I0123 17:37:58.492980  5764 processor.cc:717] No data in processing queue, waiting...
I0123 17:37:58.572974  5124 processor.cc:717] No data in processing queue, waiting...
I0123 17:38:00.192183    76 c_interface.cc:271] Creating MasterModel (id=3)...
I0123 17:38:00.192183    76 c_interface.cc:372] Pass dictionary to void (__cdecl artm::core::MasterComponent::*)(class std::basic_string<char,struct std::char_traits<char>,class std::allocator<char> > const & __ptr64) __ptr64
I0123 17:38:00.192183    76 c_interface.cc:386] Pass GatherDictionaryArgs: dictionary_target_name=dictionary, data_path=batches, symmetric_cooc_values=0 to void (__cdecl artm::core::MasterComponent::*)(class artm::GatherDictionaryArgs const & __ptr64) __ptr64
I0123 17:38:00.192183    76 dictionary_operations.cc:249] Found 18 batches in 'batches' folder
I0123 17:38:00.302170    76 dictionary_operations.cc:313] Find 26866 unique tokens in 1728 items
I0123 17:38:00.352169    76 c_interface.cc:372] Pass pwt to void (__cdecl artm::core::MasterComponent::*)(class std::basic_string<char,struct std::char_traits<char>,class std::allocator<char> > const & __ptr64) __ptr64
I0123 17:38:00.352169    76 c_interface.cc:372] Pass nwt to void (__cdecl artm::core::MasterComponent::*)(class std::basic_string<char,struct std::char_traits<char>,class std::allocator<char> > const & __ptr64) __ptr64
I0123 17:38:00.352169    76 c_interface.cc:386] Pass InitializeModelArgs: model_name=pwt, dictionary_name=dictionary, topic_name_size=30 to void (__cdecl artm::core::MasterComponent::*)(class artm::InitializeModelArgs const & __ptr64) __ptr64
I0123 17:38:00.512181    76 master_component.cc:620] InitializeModel() created matrix pwt with 30 topics and 26866 tokens; 
I0123 17:38:00.512181    76 c_interface.cc:386] Pass InitializeModelArgs: model_name=nwt, dictionary_name=dictionary, topic_name_size=30 to void (__cdecl artm::core::MasterComponent::*)(class artm::InitializeModelArgs const & __ptr64) __ptr64
I0123 17:38:00.682163    76 master_component.cc:620] InitializeModel() created matrix nwt with 30 topics and 26866 tokens; 
I0123 17:38:00.682163    76 phi_matrix_operations.cc:84] RetrieveExternalTopicModel() with 30 topics, 26866 tokens
I0123 17:38:00.712162    76 c_interface.cc:230] ArtmCopyRequestedMessage is copying 825334 bytes...
I0123 17:38:01.614843    76 c_interface.cc:386] Pass MasterModelConfig: topic_name_size=30, class=(text:1), class=(author:1), score_config_size=2, num_processors=2, pwt_name=pwt, nwt_name=nwt, num_document_passes=10, reuse_theta=yes, cache_theta=yes, opt_for_avx=yes, disk_cache_path to void (__cdecl artm::core::MasterComponent::*)(class artm::MasterModelConfig const & __ptr64) __ptr64
I0123 17:38:01.614843    76 c_interface.cc:386] Pass MasterModelConfig: topic_name_size=30, class=(text:1), class=(author:1), score_config_size=3, num_processors=2, pwt_name=pwt, nwt_name=nwt, num_document_passes=10, reuse_theta=yes, cache_theta=yes, opt_for_avx=yes, disk_cache_path to void (__cdecl artm::core::MasterComponent::*)(class artm::MasterModelConfig const & __ptr64) __ptr64
I0123 17:38:04.157022    76 c_interface.cc:386] Pass MasterModelConfig: topic_name_size=30, class=(text:1), class=(author:1), score_config_size=3, num_processors=2, pwt_name=pwt, nwt_name=nwt, num_document_passes=10, regularizer=(smoothing:100000), reuse_theta=yes, cache_theta=yes, opt_for_avx=yes, disk_cache_path to void (__cdecl artm::core::MasterComponent::*)(class artm::MasterModelConfig const & __ptr64) __ptr64
I0123 17:38:04.157022    76 instance.cc:232] Regularizer 'smoothing' was cold-reconfigured
I0123 17:38:08.568420    76 c_interface.cc:386] Pass MasterModelConfig: topic_name_size=30, class=(text:1), class=(author:1), score_config_size=3, num_processors=2, pwt_name=pwt, nwt_name=nwt, num_document_passes=1, regularizer=(smoothing:100000), reuse_theta=yes, cache_theta=yes, opt_for_avx=yes, disk_cache_path to void (__cdecl artm::core::MasterComponent::*)(class artm::MasterModelConfig const & __ptr64) __ptr64
I0123 17:38:08.568420    76 instance.cc:232] Regularizer 'smoothing' was cold-reconfigured
I0123 17:38:08.578467   832 c_interface.cc:386] Pass FitOfflineMasterModelArgs, batch_filename_size=18, batch_weight_size=18, num_collection_passes=1 to void (__cdecl artm::core::MasterComponent::*)(class artm::FitOfflineMasterModelArgs const & __ptr64) __ptr64
I0123 17:38:08.578467   832 master_component.cc:1340] ProcessBatchesArgs: nwt_target_name=nwt, batch_filename_size=18, batch_size=0, batch_weight_size=18, pwt_source_name=pwt, num_document_passes=1, regularizer=(name:smoothing, tau:100000), class=(text:1), class=(author:1), reuse_theta=yes, opt_for_avx=yes, predict_class_id=
I0123 17:38:08.638422  5124 processor.cc:724] Processing queue has data, processing started
I0123 17:38:08.638422  5764 processor.cc:724] Processing queue has data, processing started
I0123 17:38:08.638422  5124 processor.cc:802] Processor: start processing batch a8da117f-0d33-45aa-b9f5-11d8cd74e61c into model nwt
I0123 17:38:08.638422  5764 processor.cc:802] Processor: start processing batch af0089a4-1eed-4f98-b001-0eae11a62ec3 into model nwt
I0123 17:38:08.648407  5764 processor.cc:898] Processor: complete processing batch af0089a4-1eed-4f98-b001-0eae11a62ec3 into model nwt
I0123 17:38:08.648407  5764 cuckoo_watch.h:45] 14ms in ProcessBatch(batches\aaaaaa.batch) [including 1ms in LoadMessage; 0ms in InitializeSparseNdw; 6ms in InferThetaAndUpdateNwtSparse; 3ms in CalculateScore(^^^ItemsProcessedScore^^^); ]
I0123 17:38:08.648407  5764 processor.cc:802] Processor: start processing batch b00c0a53-65f4-4eb0-acf6-b9bdca46a1ab into model nwt
I0123 17:38:08.648407  5124 processor.cc:898] Processor: complete processing batch a8da117f-0d33-45aa-b9f5-11d8cd74e61c into model nwt
I0123 17:38:08.648407  5124 cuckoo_watch.h:45] 19ms in ProcessBatch(batches\aaaaab.batch) [including 1ms in LoadMessage; 0ms in InitializeSparseNdw; 8ms in InferThetaAndUpdateNwtSparse; 6ms in CalculateScore(^^^ItemsProcessedScore^^^); ]
I0123 17:38:08.658401  5124 processor.cc:802] Processor: start processing batch e6b49e86-5681-4c7c-a7f2-fb68a516087c into model nwt
I0123 17:38:08.668398  5764 processor.cc:898] Processor: complete processing batch b00c0a53-65f4-4eb0-acf6-b9bdca46a1ab into model nwt
I0123 17:38:08.668398  5764 cuckoo_watch.h:45] 20ms in ProcessBatch(batches\aaaaac.batch) [including 1ms in LoadMessage; 0ms in InitializeSparseNdw; 9ms in InferThetaAndUpdateNwtSparse; 7ms in CalculateScore(^^^ItemsProcessedScore^^^); ]
I0123 17:38:08.668398  5764 processor.cc:802] Processor: start processing batch 1da754d7-078b-4ae1-a593-5505e6375a74 into model nwt
I0123 17:38:08.668398  5124 processor.cc:898] Processor: complete processing batch e6b49e86-5681-4c7c-a7f2-fb68a516087c into model nwt
I0123 17:38:08.668398  5124 cuckoo_watch.h:45] 19ms in ProcessBatch(batches\aaaaad.batch) [including 1ms in LoadMessage; 1ms in InitializeSparseNdw; 9ms in InferThetaAndUpdateNwtSparse; 6ms in CalculateScore(^^^ItemsProcessedScore^^^); ]
I0123 17:38:08.678406  5124 processor.cc:802] Processor: start processing batch 6216af89-e35a-453c-b4e9-76a26683de43 into model nwt
I0123 17:38:08.688398  5764 processor.cc:898] Processor: complete processing batch 1da754d7-078b-4ae1-a593-5505e6375a74 into model nwt
I0123 17:38:08.688398  5764 cuckoo_watch.h:45] 19ms in ProcessBatch(batches\aaaaae.batch) [including 1ms in LoadMessage; 0ms in InitializeSparseNdw; 8ms in InferThetaAndUpdateNwtSparse; 7ms in CalculateScore(^^^ItemsProcessedScore^^^); ]
I0123 17:38:08.688398  5124 processor.cc:898] Processor: complete processing batch 6216af89-e35a-453c-b4e9-76a26683de43 into model nwt
I0123 17:38:08.688398  5124 cuckoo_watch.h:45] 19ms in ProcessBatch(batches\aaaaaf.batch) [including 1ms in LoadMessage; 0ms in InitializeSparseNdw; 8ms in InferThetaAndUpdateNwtSparse; 6ms in CalculateScore(^^^ItemsProcessedScore^^^); ]
I0123 17:38:08.688398  5764 processor.cc:802] Processor: start processing batch 7e407c9c-2713-4c52-b010-912fbdc69ad7 into model nwt
I0123 17:38:08.698401  5124 processor.cc:802] Processor: start processing batch d9c620dc-cd01-40d1-a926-3513726b6fab into model nwt
I0123 17:38:08.718400  5124 processor.cc:898] Processor: complete processing batch d9c620dc-cd01-40d1-a926-3513726b6fab into model nwt
I0123 17:38:08.718400  5124 cuckoo_watch.h:45] 22ms in ProcessBatch(batches\aaaaah.batch) [including 1ms in LoadMessage; 1ms in InitializeSparseNdw; 10ms in InferThetaAndUpdateNwtSparse; 7ms in CalculateScore(^^^ItemsProcessedScore^^^); ]
I0123 17:38:08.718400  5764 processor.cc:898] Processor: complete processing batch 7e407c9c-2713-4c52-b010-912fbdc69ad7 into model nwt
I0123 17:38:08.718400  5764 cuckoo_watch.h:45] 28ms in ProcessBatch(batches\aaaaag.batch) [including 2ms in LoadMessage; 1ms in InitializeSparseNdw; 12ms in InferThetaAndUpdateNwtSparse; 9ms in CalculateScore(^^^ItemsProcessedScore^^^); ]
I0123 17:38:08.718400  5124 processor.cc:802] Processor: start processing batch 1a60f0a6-58f9-4dd4-88ea-2d57bd46c639 into model nwt
I0123 17:38:08.718400  5764 processor.cc:802] Processor: start processing batch 2c0730b4-9c41-4447-a289-692b3c74ed5d into model nwt
I0123 17:38:08.738399  5124 processor.cc:898] Processor: complete processing batch 1a60f0a6-58f9-4dd4-88ea-2d57bd46c639 into model nwt
I0123 17:38:08.738399  5124 cuckoo_watch.h:45] 25ms in ProcessBatch(batches\aaaaai.batch) [including 1ms in LoadMessage; 1ms in InitializeSparseNdw; 11ms in InferThetaAndUpdateNwtSparse; 9ms in CalculateScore(^^^ItemsProcessedScore^^^); ]
I0123 17:38:08.748404  5124 processor.cc:802] Processor: start processing batch 7db3e0ea-ac49-4668-b403-4065f44026d7 into model nwt
I0123 17:38:08.758401  5764 processor.cc:898] Processor: complete processing batch 2c0730b4-9c41-4447-a289-692b3c74ed5d into model nwt
I0123 17:38:08.758401  5764 cuckoo_watch.h:45] 43ms in ProcessBatch(batches\aaaaaj.batch) [including 2ms in LoadMessage; 3ms in InitializeSparseNdw; 20ms in InferThetaAndUpdateNwtSparse; 14ms in CalculateScore(^^^ItemsProcessedScore^^^); ]
I0123 17:38:08.768398  5764 processor.cc:802] Processor: start processing batch 0633910f-126e-4432-bcbf-21fc06e95042 into model nwt
I0123 17:38:08.818397  5124 processor.cc:898] Processor: complete processing batch 7db3e0ea-ac49-4668-b403-4065f44026d7 into model nwt
I0123 17:38:08.818397  5124 cuckoo_watch.h:45] 75ms in ProcessBatch(batches\aaaaak.batch) [including 4ms in LoadMessage; 5ms in InitializeSparseNdw; 35ms in InferThetaAndUpdateNwtSparse; 27ms in CalculateScore(^^^ItemsProcessedScore^^^); ]
I0123 17:38:08.818397  5124 processor.cc:802] Processor: start processing batch 38fd621b-51ed-40ab-b66f-c70dd7e7c17a into model nwt
I0123 17:38:08.838397  5764 processor.cc:898] Processor: complete processing batch 0633910f-126e-4432-bcbf-21fc06e95042 into model nwt
I0123 17:38:08.838397  5764 cuckoo_watch.h:45] 75ms in ProcessBatch(batches\aaaaal.batch) [including 4ms in LoadMessage; 5ms in InitializeSparseNdw; 36ms in InferThetaAndUpdateNwtSparse; 26ms in CalculateScore(^^^ItemsProcessedScore^^^); ]
I0123 17:38:08.838397  5764 processor.cc:802] Processor: start processing batch 807537fa-fef8-4bf3-88d3-b02aee5ce35f into model nwt
I0123 17:38:08.888396  5124 processor.cc:898] Processor: complete processing batch 38fd621b-51ed-40ab-b66f-c70dd7e7c17a into model nwt
I0123 17:38:08.888396  5124 cuckoo_watch.h:45] 73ms in ProcessBatch(batches\aaaaam.batch) [including 3ms in LoadMessage; 5ms in InitializeSparseNdw; 35ms in InferThetaAndUpdateNwtSparse; 27ms in CalculateScore(^^^ItemsProcessedScore^^^); ]
I0123 17:38:08.898397  5124 processor.cc:802] Processor: start processing batch 0f61b463-bc47-48a5-a5a6-204a9c0453a5 into model nwt
I0123 17:38:08.898397  5764 processor.cc:898] Processor: complete processing batch 807537fa-fef8-4bf3-88d3-b02aee5ce35f into model nwt
I0123 17:38:08.898397  5764 cuckoo_watch.h:45] 65ms in ProcessBatch(batches\aaaaan.batch) [including 3ms in LoadMessage; 4ms in InitializeSparseNdw; 31ms in InferThetaAndUpdateNwtSparse; 23ms in CalculateScore(^^^ItemsProcessedScore^^^); ]
I0123 17:38:08.908396  5764 processor.cc:802] Processor: start processing batch fd5be4b2-63f2-4830-8a5c-9cc17c620985 into model nwt
I0123 17:38:08.938396  5124 processor.cc:898] Processor: complete processing batch 0f61b463-bc47-48a5-a5a6-204a9c0453a5 into model nwt
I0123 17:38:08.948396  5124 cuckoo_watch.h:45] 55ms in ProcessBatch(batches\aaaaao.batch) [including 4ms in LoadMessage; 3ms in InitializeSparseNdw; 26ms in InferThetaAndUpdateNwtSparse; 19ms in CalculateScore(^^^ItemsProcessedScore^^^); ]
I0123 17:38:08.948396  5124 processor.cc:802] Processor: start processing batch bb939d94-eff8-47fc-aef0-6d26d80d50f7 into model nwt
I0123 17:38:08.948396  5764 processor.cc:898] Processor: complete processing batch fd5be4b2-63f2-4830-8a5c-9cc17c620985 into model nwt
I0123 17:38:08.948396  5764 cuckoo_watch.h:45] 50ms in ProcessBatch(batches\aaaaap.batch) [including 2ms in LoadMessage; 3ms in InitializeSparseNdw; 23ms in InferThetaAndUpdateNwtSparse; 17ms in CalculateScore(^^^ItemsProcessedScore^^^); ]
I0123 17:38:08.948396  5764 processor.cc:802] Processor: start processing batch 0e231d3d-dc30-4357-868b-f4840fee6919 into model nwt
I0123 17:38:08.958397  5764 processor.cc:898] Processor: complete processing batch 0e231d3d-dc30-4357-868b-f4840fee6919 into model nwt
I0123 17:38:08.958397  5764 cuckoo_watch.h:45] 3ms in ProcessBatch(batches\aaaaar.batch) [including 0ms in LoadMessage; 0ms in InitializeSparseNdw; 1ms in InferThetaAndUpdateNwtSparse; 0ms in CalculateScore(^^^ItemsProcessedScore^^^); ]
I0123 17:38:08.958397  5124 processor.cc:898] Processor: complete processing batch bb939d94-eff8-47fc-aef0-6d26d80d50f7 into model nwt
I0123 17:38:08.958397  5124 cuckoo_watch.h:45] 16ms in ProcessBatch(batches\aaaaaq.batch) [including 1ms in LoadMessage; 0ms in InitializeSparseNdw; 7ms in InferThetaAndUpdateNwtSparse; 4ms in CalculateScore(^^^ItemsProcessedScore^^^); ]
I0123 17:38:08.968400   832 master_component.cc:1378] RegularizeModelArgs: rwt_target_name=rwt, pwt_source_name=pwt, nwt_source_name=nwt
I0123 17:38:08.968400   832 master_component.cc:922] MasterComponent: start regularizing model pwt
I0123 17:38:09.098397   832 master_component.cc:948] MasterComponent: complete regularizing model pwt
I0123 17:38:09.098397   832 master_component.cc:1391] NormalizeModelArgs: pwt_target_name=pwt, nwt_source_name=nwt, rwt_source_name=rwt
I0123 17:38:09.098397   832 master_component.cc:952] MasterComponent: start normalizing model nwt
I0123 17:38:09.178395   832 master_component.cc:980] MasterComponent: complete normalizing model nwt
I0123 17:38:09.188393  5124 processor.cc:717] No data in processing queue, waiting...
I0123 17:38:09.188393  5764 processor.cc:717] No data in processing queue, waiting...
I0123 17:38:09.273408   832 master_component.cc:1415] DisposeModel rwt
I0123 17:38:09.281409   832 master_component.cc:1005] FitOffline: ItemsProcessed, num_items=1728, num_batches=18, token_weight=808522, token_weight_in_effect=808522
I0123 17:38:09.325410    76 c_interface.cc:559] Pass GetScoreValueArgs, score_name=^^^ItemsProcessedScore^^^ to MasterComponent::Request
I0123 17:38:09.325410    76 c_interface.cc:230] ArtmCopyRequestedMessage is copying 46 bytes...
I0123 17:38:09.325410   832 c_interface.cc:386] Pass FitOfflineMasterModelArgs, batch_filename_size=18, batch_weight_size=18, num_collection_passes=1 to void (__cdecl artm::core::MasterComponent::*)(class artm::FitOfflineMasterModelArgs const & __ptr64) __ptr64
I0123 17:38:09.325410   832 master_component.cc:1340] ProcessBatchesArgs: nwt_target_name=nwt, batch_filename_size=18, batch_size=0, batch_weight_size=18, pwt_source_name=pwt, num_document_passes=1, regularizer=(name:smoothing, tau:100000), class=(text:1), class=(author:1), reuse_theta=yes, opt_for_avx=yes, predict_class_id=
I0123 17:38:09.381412  5764 processor.cc:724] Processing queue has data, processing started
I0123 17:38:09.381412  5764 processor.cc:802] Processor: start processing batch af0089a4-1eed-4f98-b001-0eae11a62ec3 into model nwt
I0123 17:38:09.389410  5764 processor.cc:898] Processor: complete processing batch af0089a4-1eed-4f98-b001-0eae11a62ec3 into model nwt
I0123 17:38:09.389410  5764 cuckoo_watch.h:45] 11ms in ProcessBatch(batches\aaaaaa.batch) [including 1ms in LoadMessage; 0ms in InitializeSparseNdw; 5ms in InferThetaAndUpdateNwtSparse; 3ms in CalculateScore(^^^ItemsProcessedScore^^^); ]
I0123 17:38:09.393407  5764 processor.cc:802] Processor: start processing batch a8da117f-0d33-45aa-b9f5-11d8cd74e61c into model nwt
I0123 17:38:09.401408  5124 processor.cc:724] Processing queue has data, processing started
I0123 17:38:09.401408  5124 processor.cc:802] Processor: start processing batch b00c0a53-65f4-4eb0-acf6-b9bdca46a1ab into model nwt
I0123 17:38:09.409416  5764 processor.cc:898] Processor: complete processing batch a8da117f-0d33-45aa-b9f5-11d8cd74e61c into model nwt
I0123 17:38:09.409416  5764 cuckoo_watch.h:45] 18ms in ProcessBatch(batches\aaaaab.batch) [including 1ms in LoadMessage; 1ms in InitializeSparseNdw; 8ms in InferThetaAndUpdateNwtSparse; 5ms in CalculateScore(^^^ItemsProcessedScore^^^); ]
I0123 17:38:09.413410  5764 processor.cc:802] Processor: start processing batch e6b49e86-5681-4c7c-a7f2-fb68a516087c into model nwt
I0123 17:38:09.417413  5124 processor.cc:898] Processor: complete processing batch b00c0a53-65f4-4eb0-acf6-b9bdca46a1ab into model nwt
I0123 17:38:09.417413  5124 cuckoo_watch.h:45] 19ms in ProcessBatch(batches\aaaaac.batch) [including 1ms in LoadMessage; 1ms in InitializeSparseNdw; 9ms in InferThetaAndUpdateNwtSparse; 6ms in CalculateScore(^^^ItemsProcessedScore^^^); ]
I0123 17:38:09.421409  5124 processor.cc:802] Processor: start processing batch 1da754d7-078b-4ae1-a593-5505e6375a74 into model nwt
I0123 17:38:09.429409  5764 processor.cc:898] Processor: complete processing batch e6b49e86-5681-4c7c-a7f2-fb68a516087c into model nwt
I0123 17:38:09.429409  5764 cuckoo_watch.h:45] 18ms in ProcessBatch(batches\aaaaad.batch) [including 1ms in LoadMessage; 0ms in InitializeSparseNdw; 8ms in InferThetaAndUpdateNwtSparse; 6ms in CalculateScore(^^^ItemsProcessedScore^^^); ]
I0123 17:38:09.429409  5764 processor.cc:802] Processor: start processing batch 6216af89-e35a-453c-b4e9-76a26683de43 into model nwt
I0123 17:38:09.437412  5124 processor.cc:898] Processor: complete processing batch 1da754d7-078b-4ae1-a593-5505e6375a74 into model nwt
I0123 17:38:09.437412  5124 cuckoo_watch.h:45] 17ms in ProcessBatch(batches\aaaaae.batch) [including 1ms in LoadMessage; 0ms in InitializeSparseNdw; 7ms in InferThetaAndUpdateNwtSparse; 5ms in CalculateScore(^^^ItemsProcessedScore^^^); ]
I0123 17:38:09.441411  5124 processor.cc:802] Processor: start processing batch 7e407c9c-2713-4c52-b010-912fbdc69ad7 into model nwt
I0123 17:38:09.449409  5764 processor.cc:898] Processor: complete processing batch 6216af89-e35a-453c-b4e9-76a26683de43 into model nwt
I0123 17:38:09.449409  5764 cuckoo_watch.h:45] 19ms in ProcessBatch(batches\aaaaaf.batch) [including 1ms in LoadMessage; 0ms in InitializeSparseNdw; 9ms in InferThetaAndUpdateNwtSparse; 6ms in CalculateScore(^^^ItemsProcessedScore^^^); ]
I0123 17:38:09.453410  5764 processor.cc:802] Processor: start processing batch d9c620dc-cd01-40d1-a926-3513726b6fab into model nwt
I0123 17:38:09.465410  5124 processor.cc:898] Processor: complete processing batch 7e407c9c-2713-4c52-b010-912fbdc69ad7 into model nwt
I0123 17:38:09.465410  5124 cuckoo_watch.h:45] 30ms in ProcessBatch(batches\aaaaag.batch) [including 1ms in LoadMessage; 1ms in InitializeSparseNdw; 13ms in InferThetaAndUpdateNwtSparse; 11ms in CalculateScore(^^^ItemsProcessedScore^^^); ]
I0123 17:38:09.469409  5124 processor.cc:802] Processor: start processing batch 1a60f0a6-58f9-4dd4-88ea-2d57bd46c639 into model nwt
I0123 17:38:09.473409  5764 processor.cc:898] Processor: complete processing batch d9c620dc-cd01-40d1-a926-3513726b6fab into model nwt
I0123 17:38:09.473409  5764 cuckoo_watch.h:45] 24ms in ProcessBatch(batches\aaaaah.batch) [including 1ms in LoadMessage; 1ms in InitializeSparseNdw; 11ms in InferThetaAndUpdateNwtSparse; 7ms in CalculateScore(^^^ItemsProcessedScore^^^); ]
I0123 17:38:09.477411  5764 processor.cc:802] Processor: start processing batch 2c0730b4-9c41-4447-a289-692b3c74ed5d into model nwt
I0123 17:38:09.485409  5124 processor.cc:898] Processor: complete processing batch 1a60f0a6-58f9-4dd4-88ea-2d57bd46c639 into model nwt
I0123 17:38:09.489410  5124 cuckoo_watch.h:45] 20ms in ProcessBatch(batches\aaaaai.batch) [including 1ms in LoadMessage; 0ms in InitializeSparseNdw; 9ms in InferThetaAndUpdateNwtSparse; 6ms in CalculateScore(^^^ItemsProcessedScore^^^); ]
I0123 17:38:09.493409  5124 processor.cc:802] Processor: start processing batch 7db3e0ea-ac49-4668-b403-4065f44026d7 into model nwt
I0123 17:38:09.513411  5764 processor.cc:898] Processor: complete processing batch 2c0730b4-9c41-4447-a289-692b3c74ed5d into model nwt
I0123 17:38:09.513411  5764 cuckoo_watch.h:45] 42ms in ProcessBatch(batches\aaaaaj.batch) [including 2ms in LoadMessage; 2ms in InitializeSparseNdw; 20ms in InferThetaAndUpdateNwtSparse; 15ms in CalculateScore(^^^ItemsProcessedScore^^^); ]
I0123 17:38:09.521569  5764 processor.cc:802] Processor: start processing batch 0633910f-126e-4432-bcbf-21fc06e95042 into model nwt
I0123 17:38:09.561573  5124 processor.cc:898] Processor: complete processing batch 7db3e0ea-ac49-4668-b403-4065f44026d7 into model nwt
I0123 17:38:09.561573  5124 cuckoo_watch.h:45] 80ms in ProcessBatch(batches\aaaaak.batch) [including 4ms in LoadMessage; 5ms in InitializeSparseNdw; 38ms in InferThetaAndUpdateNwtSparse; 29ms in CalculateScore(^^^ItemsProcessedScore^^^); ]
I0123 17:38:09.571568  5124 processor.cc:802] Processor: start processing batch 38fd621b-51ed-40ab-b66f-c70dd7e7c17a into model nwt
I0123 17:38:09.591565  5764 processor.cc:898] Processor: complete processing batch 0633910f-126e-4432-bcbf-21fc06e95042 into model nwt
I0123 17:38:09.601560  5764 cuckoo_watch.h:45] 85ms in ProcessBatch(batches\aaaaal.batch) [including 4ms in LoadMessage; 5ms in InitializeSparseNdw; 39ms in InferThetaAndUpdateNwtSparse; 30ms in CalculateScore(^^^ItemsProcessedScore^^^); ]
I0123 17:38:09.601560  5764 processor.cc:802] Processor: start processing batch 807537fa-fef8-4bf3-88d3-b02aee5ce35f into model nwt
I0123 17:38:09.651561  5124 processor.cc:898] Processor: complete processing batch 38fd621b-51ed-40ab-b66f-c70dd7e7c17a into model nwt
I0123 17:38:09.651561  5124 cuckoo_watch.h:45] 82ms in ProcessBatch(batches\aaaaam.batch) [including 4ms in LoadMessage; 5ms in InitializeSparseNdw; 39ms in InferThetaAndUpdateNwtSparse; 31ms in CalculateScore(^^^ItemsProcessedScore^^^); ]
I0123 17:38:09.651561  5124 processor.cc:802] Processor: start processing batch 0f61b463-bc47-48a5-a5a6-204a9c0453a5 into model nwt
I0123 17:38:09.661561  5764 processor.cc:898] Processor: complete processing batch 807537fa-fef8-4bf3-88d3-b02aee5ce35f into model nwt
I0123 17:38:09.661561  5764 cuckoo_watch.h:45] 63ms in ProcessBatch(batches\aaaaan.batch) [including 3ms in LoadMessage; 4ms in InitializeSparseNdw; 31ms in InferThetaAndUpdateNwtSparse; 22ms in CalculateScore(^^^ItemsProcessedScore^^^); ]
I0123 17:38:09.661561  5764 processor.cc:802] Processor: start processing batch fd5be4b2-63f2-4830-8a5c-9cc17c620985 into model nwt
I0123 17:38:09.701558  5124 processor.cc:898] Processor: complete processing batch 0f61b463-bc47-48a5-a5a6-204a9c0453a5 into model nwt
I0123 17:38:09.701558  5124 cuckoo_watch.h:45] 54ms in ProcessBatch(batches\aaaaao.batch) [including 2ms in LoadMessage; 3ms in InitializeSparseNdw; 25ms in InferThetaAndUpdateNwtSparse; 19ms in CalculateScore(^^^ItemsProcessedScore^^^); ]
I0123 17:38:09.701558  5124 processor.cc:802] Processor: start processing batch bb939d94-eff8-47fc-aef0-6d26d80d50f7 into model nwt
I0123 17:38:09.711557  5764 processor.cc:898] Processor: complete processing batch fd5be4b2-63f2-4830-8a5c-9cc17c620985 into model nwt
I0123 17:38:09.711557  5764 cuckoo_watch.h:45] 50ms in ProcessBatch(batches\aaaaap.batch) [including 2ms in LoadMessage; 3ms in InitializeSparseNdw; 24ms in InferThetaAndUpdateNwtSparse; 17ms in CalculateScore(^^^ItemsProcessedScore^^^); ]
I0123 17:38:09.711557  5764 processor.cc:802] Processor: start processing batch 0e231d3d-dc30-4357-868b-f4840fee6919 into model nwt
I0123 17:38:09.711557  5764 processor.cc:898] Processor: complete processing batch 0e231d3d-dc30-4357-868b-f4840fee6919 into model nwt
I0123 17:38:09.711557  5764 cuckoo_watch.h:45] 3ms in ProcessBatch(batches\aaaaar.batch) [including 0ms in LoadMessage; 0ms in InitializeSparseNdw; 1ms in InferThetaAndUpdateNwtSparse; 0ms in CalculateScore(^^^ItemsProcessedScore^^^); ]
I0123 17:38:09.711557  5124 processor.cc:898] Processor: complete processing batch bb939d94-eff8-47fc-aef0-6d26d80d50f7 into model nwt
I0123 17:38:09.711557  5124 cuckoo_watch.h:45] 13ms in ProcessBatch(batches\aaaaaq.batch) [including 0ms in LoadMessage; 0ms in InitializeSparseNdw; 6ms in InferThetaAndUpdateNwtSparse; 3ms in CalculateScore(^^^ItemsProcessedScore^^^); ]
I0123 17:38:09.721560   832 master_component.cc:1378] RegularizeModelArgs: rwt_target_name=rwt, pwt_source_name=pwt, nwt_source_name=nwt
I0123 17:38:09.721560   832 master_component.cc:922] MasterComponent: start regularizing model pwt
I0123 17:38:09.851570   832 master_component.cc:948] MasterComponent: complete regularizing model pwt
I0123 17:38:09.851570   832 master_component.cc:1391] NormalizeModelArgs: pwt_target_name=pwt, nwt_source_name=nwt, rwt_source_name=rwt
I0123 17:38:09.851570   832 master_component.cc:952] MasterComponent: start normalizing model nwt
I0123 17:38:09.931561   832 master_component.cc:980] MasterComponent: complete normalizing model nwt
I0123 17:38:10.001559  5124 processor.cc:717] No data in processing queue, waiting...
I0123 17:38:10.021559   832 master_component.cc:1415] DisposeModel rwt
I0123 17:38:10.031558   832 master_component.cc:1005] FitOffline: ItemsProcessed, num_items=1728, num_batches=18, token_weight=808522, token_weight_in_effect=808522
I0123 17:38:10.041558  5764 processor.cc:717] No data in processing queue, waiting...
I0123 17:38:10.071561    76 c_interface.cc:559] Pass GetScoreValueArgs, score_name=^^^ItemsProcessedScore^^^ to MasterComponent::Request
I0123 17:38:10.071561    76 c_interface.cc:230] ArtmCopyRequestedMessage is copying 46 bytes...
I0123 17:38:10.071561   832 c_interface.cc:386] Pass FitOfflineMasterModelArgs, batch_filename_size=18, batch_weight_size=18, num_collection_passes=1 to void (__cdecl artm::core::MasterComponent::*)(class artm::FitOfflineMasterModelArgs const & __ptr64) __ptr64
I0123 17:38:10.071561   832 master_component.cc:1340] ProcessBatchesArgs: nwt_target_name=nwt, batch_filename_size=18, batch_size=0, batch_weight_size=18, pwt_source_name=pwt, num_document_passes=1, regularizer=(name:smoothing, tau:100000), class=(text:1), class=(author:1), reuse_theta=yes, opt_for_avx=yes, predict_class_id=
I0123 17:38:10.141563  5124 processor.cc:724] Processing queue has data, processing started
I0123 17:38:10.141563  5764 processor.cc:724] Processing queue has data, processing started
I0123 17:38:10.141563  5764 processor.cc:802] Processor: start processing batch a8da117f-0d33-45aa-b9f5-11d8cd74e61c into model nwt
I0123 17:38:10.141563  5124 processor.cc:802] Processor: start processing batch af0089a4-1eed-4f98-b001-0eae11a62ec3 into model nwt
I0123 17:38:10.151561  5124 processor.cc:898] Processor: complete processing batch af0089a4-1eed-4f98-b001-0eae11a62ec3 into model nwt
I0123 17:38:10.151561  5124 cuckoo_watch.h:45] 11ms in ProcessBatch(batches\aaaaaa.batch) [including 1ms in LoadMessage; 0ms in InitializeSparseNdw; 5ms in InferThetaAndUpdateNwtSparse; 3ms in CalculateScore(^^^ItemsProcessedScore^^^); ]
I0123 17:38:10.151561  5124 processor.cc:802] Processor: start processing batch b00c0a53-65f4-4eb0-acf6-b9bdca46a1ab into model nwt
I0123 17:38:10.151561  5764 processor.cc:898] Processor: complete processing batch a8da117f-0d33-45aa-b9f5-11d8cd74e61c into model nwt
I0123 17:38:10.151561  5764 cuckoo_watch.h:45] 18ms in ProcessBatch(batches\aaaaab.batch) [including 1ms in LoadMessage; 1ms in InitializeSparseNdw; 8ms in InferThetaAndUpdateNwtSparse; 6ms in CalculateScore(^^^ItemsProcessedScore^^^); ]
I0123 17:38:10.161562  5764 processor.cc:802] Processor: start processing batch e6b49e86-5681-4c7c-a7f2-fb68a516087c into model nwt
I0123 17:38:10.171560  5124 processor.cc:898] Processor: complete processing batch b00c0a53-65f4-4eb0-acf6-b9bdca46a1ab into model nwt
I0123 17:38:10.171560  5124 cuckoo_watch.h:45] 20ms in ProcessBatch(batches\aaaaac.batch) [including 1ms in LoadMessage; 1ms in InitializeSparseNdw; 9ms in InferThetaAndUpdateNwtSparse; 6ms in CalculateScore(^^^ItemsProcessedScore^^^); ]
I0123 17:38:10.171560  5124 processor.cc:802] Processor: start processing batch 1da754d7-078b-4ae1-a593-5505e6375a74 into model nwt
I0123 17:38:10.171560  5764 processor.cc:898] Processor: complete processing batch e6b49e86-5681-4c7c-a7f2-fb68a516087c into model nwt
I0123 17:38:10.171560  5764 cuckoo_watch.h:45] 19ms in ProcessBatch(batches\aaaaad.batch) [including 1ms in LoadMessage; 0ms in InitializeSparseNdw; 9ms in InferThetaAndUpdateNwtSparse; 6ms in CalculateScore(^^^ItemsProcessedScore^^^); ]
I0123 17:38:10.181560  5764 processor.cc:802] Processor: start processing batch 6216af89-e35a-453c-b4e9-76a26683de43 into model nwt
I0123 17:38:10.191560  5124 processor.cc:898] Processor: complete processing batch 1da754d7-078b-4ae1-a593-5505e6375a74 into model nwt
I0123 17:38:10.191560  5124 cuckoo_watch.h:45] 19ms in ProcessBatch(batches\aaaaae.batch) [including 1ms in LoadMessage; 0ms in InitializeSparseNdw; 9ms in InferThetaAndUpdateNwtSparse; 6ms in CalculateScore(^^^ItemsProcessedScore^^^); ]
I0123 17:38:10.191560  5124 processor.cc:802] Processor: start processing batch 7e407c9c-2713-4c52-b010-912fbdc69ad7 into model nwt
I0123 17:38:10.201560  5764 processor.cc:898] Processor: complete processing batch 6216af89-e35a-453c-b4e9-76a26683de43 into model nwt
I0123 17:38:10.201560  5764 cuckoo_watch.h:45] 23ms in ProcessBatch(batches\aaaaaf.batch) [including 1ms in LoadMessage; 1ms in InitializeSparseNdw; 10ms in InferThetaAndUpdateNwtSparse; 8ms in CalculateScore(^^^ItemsProcessedScore^^^); ]
I0123 17:38:10.201560  5764 processor.cc:802] Processor: start processing batch d9c620dc-cd01-40d1-a926-3513726b6fab into model nwt
I0123 17:38:10.221565  5124 processor.cc:898] Processor: complete processing batch 7e407c9c-2713-4c52-b010-912fbdc69ad7 into model nwt
I0123 17:38:10.221565  5124 cuckoo_watch.h:45] 30ms in ProcessBatch(batches\aaaaag.batch) [including 1ms in LoadMessage; 1ms in InitializeSparseNdw; 13ms in InferThetaAndUpdateNwtSparse; 10ms in CalculateScore(^^^ItemsProcessedScore^^^); ]
I0123 17:38:10.221565  5124 processor.cc:802] Processor: start processing batch 1a60f0a6-58f9-4dd4-88ea-2d57bd46c639 into model nwt
I0123 17:38:10.221565  5764 processor.cc:898] Processor: complete processing batch d9c620dc-cd01-40d1-a926-3513726b6fab into model nwt
I0123 17:38:10.221565  5764 cuckoo_watch.h:45] 24ms in ProcessBatch(batches\aaaaah.batch) [including 1ms in LoadMessage; 1ms in InitializeSparseNdw; 11ms in InferThetaAndUpdateNwtSparse; 7ms in CalculateScore(^^^ItemsProcessedScore^^^); ]
I0123 17:38:10.231559  5764 processor.cc:802] Processor: start processing batch 2c0730b4-9c41-4447-a289-692b3c74ed5d into model nwt
I0123 17:38:10.241557  5124 processor.cc:898] Processor: complete processing batch 1a60f0a6-58f9-4dd4-88ea-2d57bd46c639 into model nwt
I0123 17:38:10.241557  5124 cuckoo_watch.h:45] 24ms in ProcessBatch(batches\aaaaai.batch) [including 1ms in LoadMessage; 1ms in InitializeSparseNdw; 11ms in InferThetaAndUpdateNwtSparse; 7ms in CalculateScore(^^^ItemsProcessedScore^^^); ]
I0123 17:38:10.251556  5124 processor.cc:802] Processor: start processing batch 7db3e0ea-ac49-4668-b403-4065f44026d7 into model nwt
I0123 17:38:10.261559  5764 processor.cc:898] Processor: complete processing batch 2c0730b4-9c41-4447-a289-692b3c74ed5d into model nwt
I0123 17:38:10.261559  5764 cuckoo_watch.h:45] 40ms in ProcessBatch(batches\aaaaaj.batch) [including 2ms in LoadMessage; 2ms in InitializeSparseNdw; 18ms in InferThetaAndUpdateNwtSparse; 14ms in CalculateScore(^^^ItemsProcessedScore^^^); ]
I0123 17:38:10.271559  5764 processor.cc:802] Processor: start processing batch 0633910f-126e-4432-bcbf-21fc06e95042 into model nwt
I0123 17:38:10.321558  5124 processor.cc:898] Processor: complete processing batch 7db3e0ea-ac49-4668-b403-4065f44026d7 into model nwt
I0123 17:38:10.321558  5124 cuckoo_watch.h:45] 79ms in ProcessBatch(batches\aaaaak.batch) [including 5ms in LoadMessage; 5ms in InitializeSparseNdw; 37ms in InferThetaAndUpdateNwtSparse; 29ms in CalculateScore(^^^ItemsProcessedScore^^^); ]
I0123 17:38:10.331559  5124 processor.cc:802] Processor: start processing batch 38fd621b-51ed-40ab-b66f-c70dd7e7c17a into model nwt
I0123 17:38:10.341558  5764 processor.cc:898] Processor: complete processing batch 0633910f-126e-4432-bcbf-21fc06e95042 into model nwt
I0123 17:38:10.341558  5764 cuckoo_watch.h:45] 77ms in ProcessBatch(batches\aaaaal.batch) [including 4ms in LoadMessage; 5ms in InitializeSparseNdw; 36ms in InferThetaAndUpdateNwtSparse; 28ms in CalculateScore(^^^ItemsProcessedScore^^^); ]
I0123 17:38:10.351558  5764 processor.cc:802] Processor: start processing batch 807537fa-fef8-4bf3-88d3-b02aee5ce35f into model nwt
I0123 17:38:10.401556  5124 processor.cc:898] Processor: complete processing batch 38fd621b-51ed-40ab-b66f-c70dd7e7c17a into model nwt
I0123 17:38:10.401556  5124 cuckoo_watch.h:45] 76ms in ProcessBatch(batches\aaaaam.batch) [including 4ms in LoadMessage; 7ms in InitializeSparseNdw; 36ms in InferThetaAndUpdateNwtSparse; 26ms in CalculateScore(^^^ItemsProcessedScore^^^); ]
I0123 17:38:10.401556  5124 processor.cc:802] Processor: start processing batch 0f61b463-bc47-48a5-a5a6-204a9c0453a5 into model nwt
I0123 17:38:10.401556  5764 processor.cc:898] Processor: complete processing batch 807537fa-fef8-4bf3-88d3-b02aee5ce35f into model nwt
I0123 17:38:10.411561  5764 cuckoo_watch.h:45] 65ms in ProcessBatch(batches\aaaaan.batch) [including 3ms in LoadMessage; 4ms in InitializeSparseNdw; 31ms in InferThetaAndUpdateNwtSparse; 21ms in CalculateScore(^^^ItemsProcessedScore^^^); ]
I0123 17:38:10.411561  5764 processor.cc:802] Processor: start processing batch fd5be4b2-63f2-4830-8a5c-9cc17c620985 into model nwt
I0123 17:38:10.451562  5124 processor.cc:898] Processor: complete processing batch 0f61b463-bc47-48a5-a5a6-204a9c0453a5 into model nwt
I0123 17:38:10.451562  5764 processor.cc:898] Processor: complete processing batch fd5be4b2-63f2-4830-8a5c-9cc17c620985 into model nwt
I0123 17:38:10.461565  5764 cuckoo_watch.h:45] 50ms in ProcessBatch(batches\aaaaap.batch) [including 2ms in LoadMessage; 3ms in InitializeSparseNdw; 24ms in InferThetaAndUpdateNwtSparse; 16ms in CalculateScore(^^^ItemsProcessedScore^^^); ]
I0123 17:38:10.461565  5124 cuckoo_watch.h:45] 58ms in ProcessBatch(batches\aaaaao.batch) [including 2ms in LoadMessage; 5ms in InitializeSparseNdw; 25ms in InferThetaAndUpdateNwtSparse; 21ms in CalculateScore(^^^ItemsProcessedScore^^^); ]
I0123 17:38:10.461565  5764 processor.cc:802] Processor: start processing batch bb939d94-eff8-47fc-aef0-6d26d80d50f7 into model nwt
I0123 17:38:10.461565  5124 processor.cc:802] Processor: start processing batch 0e231d3d-dc30-4357-868b-f4840fee6919 into model nwt
I0123 17:38:10.461565  5124 processor.cc:898] Processor: complete processing batch 0e231d3d-dc30-4357-868b-f4840fee6919 into model nwt
I0123 17:38:10.461565  5124 cuckoo_watch.h:45] 4ms in ProcessBatch(batches\aaaaar.batch) [including 0ms in LoadMessage; 0ms in InitializeSparseNdw; 1ms in InferThetaAndUpdateNwtSparse; 0ms in CalculateScore(^^^ItemsProcessedScore^^^); ]
I0123 17:38:10.471559  5764 processor.cc:898] Processor: complete processing batch bb939d94-eff8-47fc-aef0-6d26d80d50f7 into model nwt
I0123 17:38:10.471559  5764 cuckoo_watch.h:45] 14ms in ProcessBatch(batches\aaaaaq.batch) [including 1ms in LoadMessage; 0ms in InitializeSparseNdw; 6ms in InferThetaAndUpdateNwtSparse; 4ms in CalculateScore(^^^ItemsProcessedScore^^^); ]
I0123 17:38:10.481568   832 master_component.cc:1378] RegularizeModelArgs: rwt_target_name=rwt, pwt_source_name=pwt, nwt_source_name=nwt
I0123 17:38:10.481568   832 master_component.cc:922] MasterComponent: start regularizing model pwt
I0123 17:38:10.611559   832 master_component.cc:948] MasterComponent: complete regularizing model pwt
I0123 17:38:10.611559   832 master_component.cc:1391] NormalizeModelArgs: pwt_target_name=pwt, nwt_source_name=nwt, rwt_source_name=rwt
I0123 17:38:10.611559   832 master_component.cc:952] MasterComponent: start normalizing model nwt
I0123 17:38:10.679184   832 master_component.cc:980] MasterComponent: complete normalizing model nwt
I0123 17:38:10.723184  5764 processor.cc:717] No data in processing queue, waiting...
I0123 17:38:10.743188  5124 processor.cc:717] No data in processing queue, waiting...
I0123 17:38:10.779183   832 master_component.cc:1415] DisposeModel rwt
I0123 17:38:10.787184   832 master_component.cc:1005] FitOffline: ItemsProcessed, num_items=1728, num_batches=18, token_weight=808522, token_weight_in_effect=808522
I0123 17:38:10.831187    76 c_interface.cc:559] Pass GetScoreValueArgs, score_name=^^^ItemsProcessedScore^^^ to MasterComponent::Request
I0123 17:38:10.831187    76 c_interface.cc:230] ArtmCopyRequestedMessage is copying 46 bytes...
I0123 17:38:10.831187   832 c_interface.cc:386] Pass FitOfflineMasterModelArgs, batch_filename_size=18, batch_weight_size=18, num_collection_passes=1 to void (__cdecl artm::core::MasterComponent::*)(class artm::FitOfflineMasterModelArgs const & __ptr64) __ptr64
I0123 17:38:10.831187   832 master_component.cc:1340] ProcessBatchesArgs: nwt_target_name=nwt, batch_filename_size=18, batch_size=0, batch_weight_size=18, pwt_source_name=pwt, num_document_passes=1, regularizer=(name:smoothing, tau:100000), class=(text:1), class=(author:1), reuse_theta=yes, opt_for_avx=yes, predict_class_id=
I0123 17:38:10.895185  5764 processor.cc:724] Processing queue has data, processing started
I0123 17:38:10.895185  5124 processor.cc:724] Processing queue has data, processing started
I0123 17:38:10.895185  5124 processor.cc:802] Processor: start processing batch a8da117f-0d33-45aa-b9f5-11d8cd74e61c into model nwt
I0123 17:38:10.895185  5764 processor.cc:802] Processor: start processing batch af0089a4-1eed-4f98-b001-0eae11a62ec3 into model nwt
I0123 17:38:10.899874  5764 processor.cc:898] Processor: complete processing batch af0089a4-1eed-4f98-b001-0eae11a62ec3 into model nwt
I0123 17:38:10.899874  5764 cuckoo_watch.h:45] 12ms in ProcessBatch(batches\aaaaaa.batch) [including 1ms in LoadMessage; 0ms in InitializeSparseNdw; 5ms in InferThetaAndUpdateNwtSparse; 3ms in CalculateScore(^^^ItemsProcessedScore^^^); ]
I0123 17:38:10.909868  5764 processor.cc:802] Processor: start processing batch b00c0a53-65f4-4eb0-acf6-b9bdca46a1ab into model nwt
I0123 17:38:10.909868  5124 processor.cc:898] Processor: complete processing batch a8da117f-0d33-45aa-b9f5-11d8cd74e61c into model nwt
I0123 17:38:10.909868  5124 cuckoo_watch.h:45] 20ms in ProcessBatch(batches\aaaaab.batch) [including 1ms in LoadMessage; 1ms in InitializeSparseNdw; 8ms in InferThetaAndUpdateNwtSparse; 7ms in CalculateScore(^^^ItemsProcessedScore^^^); ]
I0123 17:38:10.909868  5124 processor.cc:802] Processor: start processing batch e6b49e86-5681-4c7c-a7f2-fb68a516087c into model nwt
I0123 17:38:10.919863  5764 processor.cc:898] Processor: complete processing batch b00c0a53-65f4-4eb0-acf6-b9bdca46a1ab into model nwt
I0123 17:38:10.929863  5764 cuckoo_watch.h:45] 22ms in ProcessBatch(batches\aaaaac.batch) [including 1ms in LoadMessage; 1ms in InitializeSparseNdw; 10ms in InferThetaAndUpdateNwtSparse; 6ms in CalculateScore(^^^ItemsProcessedScore^^^); ]
I0123 17:38:10.929863  5764 processor.cc:802] Processor: start processing batch 1da754d7-078b-4ae1-a593-5505e6375a74 into model nwt
I0123 17:38:10.929863  5124 processor.cc:898] Processor: complete processing batch e6b49e86-5681-4c7c-a7f2-fb68a516087c into model nwt
I0123 17:38:10.929863  5124 cuckoo_watch.h:45] 19ms in ProcessBatch(batches\aaaaad.batch) [including 1ms in LoadMessage; 0ms in InitializeSparseNdw; 8ms in InferThetaAndUpdateNwtSparse; 6ms in CalculateScore(^^^ItemsProcessedScore^^^); ]
I0123 17:38:10.929863  5124 processor.cc:802] Processor: start processing batch 6216af89-e35a-453c-b4e9-76a26683de43 into model nwt
I0123 17:38:10.939864  5764 processor.cc:898] Processor: complete processing batch 1da754d7-078b-4ae1-a593-5505e6375a74 into model nwt
I0123 17:38:10.939864  5764 cuckoo_watch.h:45] 18ms in ProcessBatch(batches\aaaaae.batch) [including 1ms in LoadMessage; 0ms in InitializeSparseNdw; 8ms in InferThetaAndUpdateNwtSparse; 6ms in CalculateScore(^^^ItemsProcessedScore^^^); ]
I0123 17:38:10.949863  5764 processor.cc:802] Processor: start processing batch 7e407c9c-2713-4c52-b010-912fbdc69ad7 into model nwt
I0123 17:38:10.949863  5124 processor.cc:898] Processor: complete processing batch 6216af89-e35a-453c-b4e9-76a26683de43 into model nwt
I0123 17:38:10.949863  5124 cuckoo_watch.h:45] 20ms in ProcessBatch(batches\aaaaaf.batch) [including 1ms in LoadMessage; 1ms in InitializeSparseNdw; 9ms in InferThetaAndUpdateNwtSparse; 6ms in CalculateScore(^^^ItemsProcessedScore^^^); ]
I0123 17:38:10.949863  5124 processor.cc:802] Processor: start processing batch d9c620dc-cd01-40d1-a926-3513726b6fab into model nwt
I0123 17:38:10.969861  5124 processor.cc:898] Processor: complete processing batch d9c620dc-cd01-40d1-a926-3513726b6fab into model nwt
I0123 17:38:10.969861  5764 processor.cc:898] Processor: complete processing batch 7e407c9c-2713-4c52-b010-912fbdc69ad7 into model nwt
I0123 17:38:10.969861  5124 cuckoo_watch.h:45] 23ms in ProcessBatch(batches\aaaaah.batch) [including 1ms in LoadMessage; 1ms in InitializeSparseNdw; 10ms in InferThetaAndUpdateNwtSparse; 8ms in CalculateScore(^^^ItemsProcessedScore^^^); ]
I0123 17:38:10.979868  5764 cuckoo_watch.h:45] 31ms in ProcessBatch(batches\aaaaag.batch) [including 1ms in LoadMessage; 2ms in InitializeSparseNdw; 14ms in InferThetaAndUpdateNwtSparse; 10ms in CalculateScore(^^^ItemsProcessedScore^^^); ]
I0123 17:38:10.979868  5124 processor.cc:802] Processor: start processing batch 1a60f0a6-58f9-4dd4-88ea-2d57bd46c639 into model nwt
I0123 17:38:10.979868  5764 processor.cc:802] Processor: start processing batch 2c0730b4-9c41-4447-a289-692b3c74ed5d into model nwt
I0123 17:38:10.999861  5124 processor.cc:898] Processor: complete processing batch 1a60f0a6-58f9-4dd4-88ea-2d57bd46c639 into model nwt
I0123 17:38:10.999861  5124 cuckoo_watch.h:45] 21ms in ProcessBatch(batches\aaaaai.batch) [including 1ms in LoadMessage; 1ms in InitializeSparseNdw; 10ms in InferThetaAndUpdateNwtSparse; 6ms in CalculateScore(^^^ItemsProcessedScore^^^); ]
I0123 17:38:10.999861  5124 processor.cc:802] Processor: start processing batch 7db3e0ea-ac49-4668-b403-4065f44026d7 into model nwt
I0123 17:38:11.019862  5764 processor.cc:898] Processor: complete processing batch 2c0730b4-9c41-4447-a289-692b3c74ed5d into model nwt
I0123 17:38:11.019862  5764 cuckoo_watch.h:45] 40ms in ProcessBatch(batches\aaaaaj.batch) [including 2ms in LoadMessage; 2ms in InitializeSparseNdw; 19ms in InferThetaAndUpdateNwtSparse; 14ms in CalculateScore(^^^ItemsProcessedScore^^^); ]
I0123 17:38:11.019862  5764 processor.cc:802] Processor: start processing batch 0633910f-126e-4432-bcbf-21fc06e95042 into model nwt
I0123 17:38:11.079861  5124 processor.cc:898] Processor: complete processing batch 7db3e0ea-ac49-4668-b403-4065f44026d7 into model nwt
I0123 17:38:11.079861  5124 cuckoo_watch.h:45] 81ms in ProcessBatch(batches\aaaaak.batch) [including 4ms in LoadMessage; 5ms in InitializeSparseNdw; 38ms in InferThetaAndUpdateNwtSparse; 29ms in CalculateScore(^^^ItemsProcessedScore^^^); ]
I0123 17:38:11.079861  5124 processor.cc:802] Processor: start processing batch 38fd621b-51ed-40ab-b66f-c70dd7e7c17a into model nwt
I0123 17:38:11.089864  5764 processor.cc:898] Processor: complete processing batch 0633910f-126e-4432-bcbf-21fc06e95042 into model nwt
I0123 17:38:11.089864  5764 cuckoo_watch.h:45] 73ms in ProcessBatch(batches\aaaaal.batch) [including 3ms in LoadMessage; 5ms in InitializeSparseNdw; 36ms in InferThetaAndUpdateNwtSparse; 25ms in CalculateScore(^^^ItemsProcessedScore^^^); ]
I0123 17:38:11.089864  5764 processor.cc:802] Processor: start processing batch 807537fa-fef8-4bf3-88d3-b02aee5ce35f into model nwt
I0123 17:38:11.159865  5124 processor.cc:898] Processor: complete processing batch 38fd621b-51ed-40ab-b66f-c70dd7e7c17a into model nwt
I0123 17:38:11.159865  5764 processor.cc:898] Processor: complete processing batch 807537fa-fef8-4bf3-88d3-b02aee5ce35f into model nwt
I0123 17:38:11.159865  5124 cuckoo_watch.h:45] 81ms in ProcessBatch(batches\aaaaam.batch) [including 4ms in LoadMessage; 5ms in InitializeSparseNdw; 38ms in InferThetaAndUpdateNwtSparse; 27ms in CalculateScore(^^^ItemsProcessedScore^^^); ]
I0123 17:38:11.159865  5764 cuckoo_watch.h:45] 68ms in ProcessBatch(batches\aaaaan.batch) [including 3ms in LoadMessage; 4ms in InitializeSparseNdw; 31ms in InferThetaAndUpdateNwtSparse; 25ms in CalculateScore(^^^ItemsProcessedScore^^^); ]
I0123 17:38:11.159865  5124 processor.cc:802] Processor: start processing batch 0f61b463-bc47-48a5-a5a6-204a9c0453a5 into model nwt
I0123 17:38:11.159865  5764 processor.cc:802] Processor: start processing batch fd5be4b2-63f2-4830-8a5c-9cc17c620985 into model nwt
I0123 17:38:11.209870  5764 processor.cc:898] Processor: complete processing batch fd5be4b2-63f2-4830-8a5c-9cc17c620985 into model nwt
I0123 17:38:11.209870  5764 cuckoo_watch.h:45] 55ms in ProcessBatch(batches\aaaaap.batch) [including 3ms in LoadMessage; 4ms in InitializeSparseNdw; 26ms in InferThetaAndUpdateNwtSparse; 19ms in CalculateScore(^^^ItemsProcessedScore^^^); ]
I0123 17:38:11.219866  5764 processor.cc:802] Processor: start processing batch bb939d94-eff8-47fc-aef0-6d26d80d50f7 into model nwt
I0123 17:38:11.219866  5124 processor.cc:898] Processor: complete processing batch 0f61b463-bc47-48a5-a5a6-204a9c0453a5 into model nwt
I0123 17:38:11.219866  5124 cuckoo_watch.h:45] 62ms in ProcessBatch(batches\aaaaao.batch) [including 3ms in LoadMessage; 4ms in InitializeSparseNdw; 28ms in InferThetaAndUpdateNwtSparse; 21ms in CalculateScore(^^^ItemsProcessedScore^^^); ]
I0123 17:38:11.219866  5124 processor.cc:802] Processor: start processing batch 0e231d3d-dc30-4357-868b-f4840fee6919 into model nwt
I0123 17:38:11.219866  5124 processor.cc:898] Processor: complete processing batch 0e231d3d-dc30-4357-868b-f4840fee6919 into model nwt
