I0123 17:38:24.982129  5124 cuckoo_watch.h:45] 80ms in ProcessBatch(batches\aaaaam.batch) [including 4ms in LoadMessage; 5ms in InitializeSparseNdw; 39ms in InferThetaAndUpdateNwtSparse; 29ms in CalculateScore(^^^ItemsProcessedScore^^^); ]
I0123 17:38:24.992130  5124 processor.cc:802] Processor: start processing batch 0f61b463-bc47-48a5-a5a6-204a9c0453a5 into model nwt
I0123 17:38:24.992130  5764 processor.cc:898] Processor: complete processing batch 807537fa-fef8-4bf3-88d3-b02aee5ce35f into model nwt
I0123 17:38:24.992130  5764 cuckoo_watch.h:45] 65ms in ProcessBatch(batches\aaaaan.batch) [including 3ms in LoadMessage; 4ms in InitializeSparseNdw; 33ms in InferThetaAndUpdateNwtSparse; 21ms in CalculateScore(^^^ItemsProcessedScore^^^); ]
I0123 17:38:24.992130  5764 processor.cc:802] Processor: start processing batch fd5be4b2-63f2-4830-8a5c-9cc17c620985 into model nwt
I0123 17:38:25.042135  5124 processor.cc:898] Processor: complete processing batch 0f61b463-bc47-48a5-a5a6-204a9c0453a5 into model nwt
I0123 17:38:25.042135  5124 cuckoo_watch.h:45] 56ms in ProcessBatch(batches\aaaaao.batch) [including 3ms in LoadMessage; 3ms in InitializeSparseNdw; 27ms in InferThetaAndUpdateNwtSparse; 19ms in CalculateScore(^^^ItemsProcessedScore^^^); ]
I0123 17:38:25.042135  5124 processor.cc:802] Processor: start processing batch bb939d94-eff8-47fc-aef0-6d26d80d50f7 into model nwt
I0123 17:38:25.042135  5764 processor.cc:898] Processor: complete processing batch fd5be4b2-63f2-4830-8a5c-9cc17c620985 into model nwt
I0123 17:38:25.042135  5764 cuckoo_watch.h:45] 54ms in ProcessBatch(batches\aaaaap.batch) [including 2ms in LoadMessage; 2ms in InitializeSparseNdw; 26ms in InferThetaAndUpdateNwtSparse; 20ms in CalculateScore(^^^ItemsProcessedScore^^^); ]
I0123 17:38:25.042135  5764 processor.cc:802] Processor: start processing batch 0e231d3d-dc30-4357-868b-f4840fee6919 into model nwt
I0123 17:38:25.052137  5764 processor.cc:898] Processor: complete processing batch 0e231d3d-dc30-4357-868b-f4840fee6919 into model nwt
I0123 17:38:25.052137  5764 cuckoo_watch.h:45] 4ms in ProcessBatch(batches\aaaaar.batch) [including 0ms in LoadMessage; 0ms in InitializeSparseNdw; 1ms in InferThetaAndUpdateNwtSparse; 0ms in CalculateScore(^^^ItemsProcessedScore^^^); ]
I0123 17:38:25.052137  5124 processor.cc:898] Processor: complete processing batch bb939d94-eff8-47fc-aef0-6d26d80d50f7 into model nwt
I0123 17:38:25.052137  5124 cuckoo_watch.h:45] 14ms in ProcessBatch(batches\aaaaaq.batch) [including 1ms in LoadMessage; 0ms in InitializeSparseNdw; 7ms in InferThetaAndUpdateNwtSparse; 4ms in CalculateScore(^^^ItemsProcessedScore^^^); ]
I0123 17:38:25.082129   832 master_component.cc:1378] RegularizeModelArgs: rwt_target_name=rwt, pwt_source_name=pwt, nwt_source_name=nwt
I0123 17:38:25.082129   832 master_component.cc:922] MasterComponent: start regularizing model pwt
I0123 17:38:25.202136   832 master_component.cc:948] MasterComponent: complete regularizing model pwt
I0123 17:38:25.202136   832 master_component.cc:1391] NormalizeModelArgs: pwt_target_name=pwt, nwt_source_name=nwt, rwt_source_name=rwt
I0123 17:38:25.202136   832 master_component.cc:952] MasterComponent: start normalizing model nwt
I0123 17:38:25.302131   832 master_component.cc:980] MasterComponent: complete normalizing model nwt
I0123 17:38:25.362141  5764 processor.cc:717] No data in processing queue, waiting...
I0123 17:38:25.392144  5124 processor.cc:717] No data in processing queue, waiting...
I0123 17:38:25.392144   832 master_component.cc:1415] DisposeModel rwt
I0123 17:38:25.402138   832 master_component.cc:1005] FitOffline: ItemsProcessed, num_items=1728, num_batches=18, token_weight=808522, token_weight_in_effect=808522
I0123 17:38:25.432137    76 c_interface.cc:559] Pass GetScoreValueArgs, score_name=^^^ItemsProcessedScore^^^ to MasterComponent::Request
I0123 17:38:25.432137    76 c_interface.cc:230] ArtmCopyRequestedMessage is copying 46 bytes...
I0123 17:38:25.432137   832 c_interface.cc:386] Pass FitOfflineMasterModelArgs, batch_filename_size=18, batch_weight_size=18, num_collection_passes=1 to void (__cdecl artm::core::MasterComponent::*)(class artm::FitOfflineMasterModelArgs const & __ptr64) __ptr64
I0123 17:38:25.432137   832 master_component.cc:1340] ProcessBatchesArgs: nwt_target_name=nwt, batch_filename_size=18, batch_size=0, batch_weight_size=18, pwt_source_name=pwt, num_document_passes=1, regularizer=(name:smoothing, tau:100000), class=(text:1), class=(author:1), reuse_theta=yes, opt_for_avx=yes, predict_class_id=
I0123 17:38:25.482134  5764 processor.cc:724] Processing queue has data, processing started
I0123 17:38:25.482134  5764 processor.cc:802] Processor: start processing batch af0089a4-1eed-4f98-b001-0eae11a62ec3 into model nwt
I0123 17:38:25.492130  5124 processor.cc:724] Processing queue has data, processing started
I0123 17:38:25.492130  5764 processor.cc:898] Processor: complete processing batch af0089a4-1eed-4f98-b001-0eae11a62ec3 into model nwt
I0123 17:38:25.492130  5764 cuckoo_watch.h:45] 10ms in ProcessBatch(batches\aaaaaa.batch) [including 0ms in LoadMessage; 0ms in InitializeSparseNdw; 5ms in InferThetaAndUpdateNwtSparse; 2ms in CalculateScore(^^^ItemsProcessedScore^^^); ]
I0123 17:38:25.492130  5124 processor.cc:802] Processor: start processing batch a8da117f-0d33-45aa-b9f5-11d8cd74e61c into model nwt
I0123 17:38:25.492130  5764 processor.cc:802] Processor: start processing batch b00c0a53-65f4-4eb0-acf6-b9bdca46a1ab into model nwt
I0123 17:38:25.502130  5124 processor.cc:898] Processor: complete processing batch a8da117f-0d33-45aa-b9f5-11d8cd74e61c into model nwt
I0123 17:38:25.512135  5124 cuckoo_watch.h:45] 19ms in ProcessBatch(batches\aaaaab.batch) [including 1ms in LoadMessage; 0ms in InitializeSparseNdw; 8ms in InferThetaAndUpdateNwtSparse; 6ms in CalculateScore(^^^ItemsProcessedScore^^^); ]
I0123 17:38:25.512135  5764 processor.cc:898] Processor: complete processing batch b00c0a53-65f4-4eb0-acf6-b9bdca46a1ab into model nwt
I0123 17:38:25.512135  5764 cuckoo_watch.h:45] 19ms in ProcessBatch(batches\aaaaac.batch) [including 1ms in LoadMessage; 0ms in InitializeSparseNdw; 9ms in InferThetaAndUpdateNwtSparse; 6ms in CalculateScore(^^^ItemsProcessedScore^^^); ]
I0123 17:38:25.512135  5124 processor.cc:802] Processor: start processing batch e6b49e86-5681-4c7c-a7f2-fb68a516087c into model nwt
I0123 17:38:25.512135  5764 processor.cc:802] Processor: start processing batch 1da754d7-078b-4ae1-a593-5505e6375a74 into model nwt
I0123 17:38:25.532136  5764 processor.cc:898] Processor: complete processing batch 1da754d7-078b-4ae1-a593-5505e6375a74 into model nwt
I0123 17:38:25.532136  5764 cuckoo_watch.h:45] 21ms in ProcessBatch(batches\aaaaae.batch) [including 1ms in LoadMessage; 1ms in InitializeSparseNdw; 9ms in InferThetaAndUpdateNwtSparse; 6ms in CalculateScore(^^^ItemsProcessedScore^^^); ]
I0123 17:38:25.532136  5124 processor.cc:898] Processor: complete processing batch e6b49e86-5681-4c7c-a7f2-fb68a516087c into model nwt
I0123 17:38:25.532136  5124 cuckoo_watch.h:45] 23ms in ProcessBatch(batches\aaaaad.batch) [including 1ms in LoadMessage; 1ms in InitializeSparseNdw; 11ms in InferThetaAndUpdateNwtSparse; 7ms in CalculateScore(^^^ItemsProcessedScore^^^); ]
I0123 17:38:25.532136  5764 processor.cc:802] Processor: start processing batch 6216af89-e35a-453c-b4e9-76a26683de43 into model nwt
I0123 17:38:25.532136  5124 processor.cc:802] Processor: start processing batch 7e407c9c-2713-4c52-b010-912fbdc69ad7 into model nwt
I0123 17:38:25.552130  5764 processor.cc:898] Processor: complete processing batch 6216af89-e35a-453c-b4e9-76a26683de43 into model nwt
I0123 17:38:25.552130  5764 cuckoo_watch.h:45] 23ms in ProcessBatch(batches\aaaaaf.batch) [including 1ms in LoadMessage; 1ms in InitializeSparseNdw; 11ms in InferThetaAndUpdateNwtSparse; 7ms in CalculateScore(^^^ItemsProcessedScore^^^); ]
I0123 17:38:25.552130  5764 processor.cc:802] Processor: start processing batch d9c620dc-cd01-40d1-a926-3513726b6fab into model nwt
I0123 17:38:25.562132  5124 processor.cc:898] Processor: complete processing batch 7e407c9c-2713-4c52-b010-912fbdc69ad7 into model nwt
I0123 17:38:25.562132  5124 cuckoo_watch.h:45] 29ms in ProcessBatch(batches\aaaaag.batch) [including 1ms in LoadMessage; 1ms in InitializeSparseNdw; 13ms in InferThetaAndUpdateNwtSparse; 10ms in CalculateScore(^^^ItemsProcessedScore^^^); ]
I0123 17:38:25.562132  5124 processor.cc:802] Processor: start processing batch 1a60f0a6-58f9-4dd4-88ea-2d57bd46c639 into model nwt
I0123 17:38:25.582129  5124 processor.cc:898] Processor: complete processing batch 1a60f0a6-58f9-4dd4-88ea-2d57bd46c639 into model nwt
I0123 17:38:25.582129  5764 processor.cc:898] Processor: complete processing batch d9c620dc-cd01-40d1-a926-3513726b6fab into model nwt
I0123 17:38:25.582129  5124 cuckoo_watch.h:45] 21ms in ProcessBatch(batches\aaaaai.batch) [including 1ms in LoadMessage; 1ms in InitializeSparseNdw; 9ms in InferThetaAndUpdateNwtSparse; 6ms in CalculateScore(^^^ItemsProcessedScore^^^); ]
I0123 17:38:25.582129  5764 cuckoo_watch.h:45] 29ms in ProcessBatch(batches\aaaaah.batch) [including 1ms in LoadMessage; 1ms in InitializeSparseNdw; 14ms in InferThetaAndUpdateNwtSparse; 9ms in CalculateScore(^^^ItemsProcessedScore^^^); ]
I0123 17:38:25.582129  5124 processor.cc:802] Processor: start processing batch 2c0730b4-9c41-4447-a289-692b3c74ed5d into model nwt
I0123 17:38:25.592130  5764 processor.cc:802] Processor: start processing batch 7db3e0ea-ac49-4668-b403-4065f44026d7 into model nwt
I0123 17:38:25.622125  5124 processor.cc:898] Processor: complete processing batch 2c0730b4-9c41-4447-a289-692b3c74ed5d into model nwt
I0123 17:38:25.622125  5124 cuckoo_watch.h:45] 43ms in ProcessBatch(batches\aaaaaj.batch) [including 2ms in LoadMessage; 2ms in InitializeSparseNdw; 21ms in InferThetaAndUpdateNwtSparse; 14ms in CalculateScore(^^^ItemsProcessedScore^^^); ]
I0123 17:38:25.632127  5124 processor.cc:802] Processor: start processing batch 0633910f-126e-4432-bcbf-21fc06e95042 into model nwt
I0123 17:38:25.652127  5764 processor.cc:898] Processor: complete processing batch 7db3e0ea-ac49-4668-b403-4065f44026d7 into model nwt
I0123 17:38:25.652127  5764 cuckoo_watch.h:45] 73ms in ProcessBatch(batches\aaaaak.batch) [including 4ms in LoadMessage; 4ms in InitializeSparseNdw; 36ms in InferThetaAndUpdateNwtSparse; 25ms in CalculateScore(^^^ItemsProcessedScore^^^); ]
I0123 17:38:25.662132  5764 processor.cc:802] Processor: start processing batch 38fd621b-51ed-40ab-b66f-c70dd7e7c17a into model nwt
I0123 17:38:25.702126  5124 processor.cc:898] Processor: complete processing batch 0633910f-126e-4432-bcbf-21fc06e95042 into model nwt
I0123 17:38:25.702126  5124 cuckoo_watch.h:45] 74ms in ProcessBatch(batches\aaaaal.batch) [including 4ms in LoadMessage; 4ms in InitializeSparseNdw; 37ms in InferThetaAndUpdateNwtSparse; 25ms in CalculateScore(^^^ItemsProcessedScore^^^); ]
I0123 17:38:25.702126  5124 processor.cc:802] Processor: start processing batch 807537fa-fef8-4bf3-88d3-b02aee5ce35f into model nwt
I0123 17:38:25.732126  5764 processor.cc:898] Processor: complete processing batch 38fd621b-51ed-40ab-b66f-c70dd7e7c17a into model nwt
I0123 17:38:25.732126  5764 cuckoo_watch.h:45] 79ms in ProcessBatch(batches\aaaaam.batch) [including 4ms in LoadMessage; 5ms in InitializeSparseNdw; 40ms in InferThetaAndUpdateNwtSparse; 26ms in CalculateScore(^^^ItemsProcessedScore^^^); ]
I0123 17:38:25.742135  5764 processor.cc:802] Processor: start processing batch 0f61b463-bc47-48a5-a5a6-204a9c0453a5 into model nwt
I0123 17:38:25.772138  5124 processor.cc:898] Processor: complete processing batch 807537fa-fef8-4bf3-88d3-b02aee5ce35f into model nwt
I0123 17:38:25.772138  5124 cuckoo_watch.h:45] 76ms in ProcessBatch(batches\aaaaan.batch) [including 3ms in LoadMessage; 4ms in InitializeSparseNdw; 38ms in InferThetaAndUpdateNwtSparse; 27ms in CalculateScore(^^^ItemsProcessedScore^^^); ]
I0123 17:38:25.782135  5124 processor.cc:802] Processor: start processing batch fd5be4b2-63f2-4830-8a5c-9cc17c620985 into model nwt
I0123 17:38:25.802139  5764 processor.cc:898] Processor: complete processing batch 0f61b463-bc47-48a5-a5a6-204a9c0453a5 into model nwt
I0123 17:38:25.802139  5764 cuckoo_watch.h:45] 65ms in ProcessBatch(batches\aaaaao.batch) [including 3ms in LoadMessage; 5ms in InitializeSparseNdw; 33ms in InferThetaAndUpdateNwtSparse; 20ms in CalculateScore(^^^ItemsProcessedScore^^^); ]
I0123 17:38:25.802139  5764 processor.cc:802] Processor: start processing batch bb939d94-eff8-47fc-aef0-6d26d80d50f7 into model nwt
I0123 17:38:25.822134  5764 processor.cc:898] Processor: complete processing batch bb939d94-eff8-47fc-aef0-6d26d80d50f7 into model nwt
I0123 17:38:25.822134  5764 cuckoo_watch.h:45] 17ms in ProcessBatch(batches\aaaaaq.batch) [including 1ms in LoadMessage; 0ms in InitializeSparseNdw; 7ms in InferThetaAndUpdateNwtSparse; 5ms in CalculateScore(^^^ItemsProcessedScore^^^); ]
I0123 17:38:25.822134  5764 processor.cc:802] Processor: start processing batch 0e231d3d-dc30-4357-868b-f4840fee6919 into model nwt
I0123 17:38:25.822134  5764 processor.cc:898] Processor: complete processing batch 0e231d3d-dc30-4357-868b-f4840fee6919 into model nwt
I0123 17:38:25.822134  5764 cuckoo_watch.h:45] 4ms in ProcessBatch(batches\aaaaar.batch) [including 0ms in LoadMessage; 0ms in InitializeSparseNdw; 1ms in InferThetaAndUpdateNwtSparse; 0ms in CalculateScore(^^^ItemsProcessedScore^^^); ]
I0123 17:38:25.832144  5124 processor.cc:898] Processor: complete processing batch fd5be4b2-63f2-4830-8a5c-9cc17c620985 into model nwt
I0123 17:38:25.832144  5124 cuckoo_watch.h:45] 55ms in ProcessBatch(batches\aaaaap.batch) [including 2ms in LoadMessage; 3ms in InitializeSparseNdw; 27ms in InferThetaAndUpdateNwtSparse; 18ms in CalculateScore(^^^ItemsProcessedScore^^^); ]
I0123 17:38:25.842144   832 master_component.cc:1378] RegularizeModelArgs: rwt_target_name=rwt, pwt_source_name=pwt, nwt_source_name=nwt
I0123 17:38:25.842144   832 master_component.cc:922] MasterComponent: start regularizing model pwt
I0123 17:38:25.972131   832 master_component.cc:948] MasterComponent: complete regularizing model pwt
I0123 17:38:25.972131   832 master_component.cc:1391] NormalizeModelArgs: pwt_target_name=pwt, nwt_source_name=nwt, rwt_source_name=rwt
I0123 17:38:25.972131   832 master_component.cc:952] MasterComponent: start normalizing model nwt
I0123 17:38:26.062130   832 master_component.cc:980] MasterComponent: complete normalizing model nwt
I0123 17:38:26.072131  5764 processor.cc:717] No data in processing queue, waiting...
I0123 17:38:26.152124   832 master_component.cc:1415] DisposeModel rwt
I0123 17:38:26.162125  5124 processor.cc:717] No data in processing queue, waiting...
I0123 17:38:26.162125   832 master_component.cc:1005] FitOffline: ItemsProcessed, num_items=1728, num_batches=18, token_weight=808522, token_weight_in_effect=808522
I0123 17:38:26.212133    76 c_interface.cc:559] Pass GetScoreValueArgs, score_name=^^^ItemsProcessedScore^^^ to MasterComponent::Request
I0123 17:38:26.212133    76 c_interface.cc:230] ArtmCopyRequestedMessage is copying 46 bytes...
I0123 17:38:26.212133   832 c_interface.cc:386] Pass FitOfflineMasterModelArgs, batch_filename_size=18, batch_weight_size=18, num_collection_passes=1 to void (__cdecl artm::core::MasterComponent::*)(class artm::FitOfflineMasterModelArgs const & __ptr64) __ptr64
I0123 17:38:26.212133   832 master_component.cc:1340] ProcessBatchesArgs: nwt_target_name=nwt, batch_filename_size=18, batch_size=0, batch_weight_size=18, pwt_source_name=pwt, num_document_passes=1, regularizer=(name:smoothing, tau:100000), class=(text:1), class=(author:1), reuse_theta=yes, opt_for_avx=yes, predict_class_id=
I0123 17:38:26.262130  5764 processor.cc:724] Processing queue has data, processing started
I0123 17:38:26.262130  5764 processor.cc:802] Processor: start processing batch af0089a4-1eed-4f98-b001-0eae11a62ec3 into model nwt
I0123 17:38:26.272125  5764 processor.cc:898] Processor: complete processing batch af0089a4-1eed-4f98-b001-0eae11a62ec3 into model nwt
I0123 17:38:26.272125  5764 cuckoo_watch.h:45] 11ms in ProcessBatch(batches\aaaaaa.batch) [including 0ms in LoadMessage; 0ms in InitializeSparseNdw; 5ms in InferThetaAndUpdateNwtSparse; 3ms in CalculateScore(^^^ItemsProcessedScore^^^); ]
I0123 17:38:26.272125  5764 processor.cc:802] Processor: start processing batch a8da117f-0d33-45aa-b9f5-11d8cd74e61c into model nwt
I0123 17:38:26.282125  5124 processor.cc:724] Processing queue has data, processing started
I0123 17:38:26.282125  5124 processor.cc:802] Processor: start processing batch b00c0a53-65f4-4eb0-acf6-b9bdca46a1ab into model nwt
I0123 17:38:26.292129  5764 processor.cc:898] Processor: complete processing batch a8da117f-0d33-45aa-b9f5-11d8cd74e61c into model nwt
I0123 17:38:26.292129  5764 cuckoo_watch.h:45] 21ms in ProcessBatch(batches\aaaaab.batch) [including 1ms in LoadMessage; 0ms in InitializeSparseNdw; 9ms in InferThetaAndUpdateNwtSparse; 7ms in CalculateScore(^^^ItemsProcessedScore^^^); ]
I0123 17:38:26.292129  5764 processor.cc:802] Processor: start processing batch e6b49e86-5681-4c7c-a7f2-fb68a516087c into model nwt
I0123 17:38:26.302126  5124 processor.cc:898] Processor: complete processing batch b00c0a53-65f4-4eb0-acf6-b9bdca46a1ab into model nwt
I0123 17:38:26.302126  5124 cuckoo_watch.h:45] 20ms in ProcessBatch(batches\aaaaac.batch) [including 1ms in LoadMessage; 0ms in InitializeSparseNdw; 9ms in InferThetaAndUpdateNwtSparse; 6ms in CalculateScore(^^^ItemsProcessedScore^^^); ]
I0123 17:38:26.302126  5124 processor.cc:802] Processor: start processing batch 1da754d7-078b-4ae1-a593-5505e6375a74 into model nwt
I0123 17:38:26.312125  5764 processor.cc:898] Processor: complete processing batch e6b49e86-5681-4c7c-a7f2-fb68a516087c into model nwt
I0123 17:38:26.312125  5764 cuckoo_watch.h:45] 20ms in ProcessBatch(batches\aaaaad.batch) [including 1ms in LoadMessage; 0ms in InitializeSparseNdw; 10ms in InferThetaAndUpdateNwtSparse; 6ms in CalculateScore(^^^ItemsProcessedScore^^^); ]
I0123 17:38:26.312125  5764 processor.cc:802] Processor: start processing batch 6216af89-e35a-453c-b4e9-76a26683de43 into model nwt
I0123 17:38:26.312125  5124 processor.cc:898] Processor: complete processing batch 1da754d7-078b-4ae1-a593-5505e6375a74 into model nwt
I0123 17:38:26.312125  5124 cuckoo_watch.h:45] 16ms in ProcessBatch(batches\aaaaae.batch) [including 1ms in LoadMessage; 0ms in InitializeSparseNdw; 7ms in InferThetaAndUpdateNwtSparse; 5ms in CalculateScore(^^^ItemsProcessedScore^^^); ]
I0123 17:38:26.322129  5124 processor.cc:802] Processor: start processing batch 7e407c9c-2713-4c52-b010-912fbdc69ad7 into model nwt
I0123 17:38:26.332128  5764 processor.cc:898] Processor: complete processing batch 6216af89-e35a-453c-b4e9-76a26683de43 into model nwt
I0123 17:38:26.332128  5764 cuckoo_watch.h:45] 21ms in ProcessBatch(batches\aaaaaf.batch) [including 1ms in LoadMessage; 0ms in InitializeSparseNdw; 10ms in InferThetaAndUpdateNwtSparse; 7ms in CalculateScore(^^^ItemsProcessedScore^^^); ]
I0123 17:38:26.332128  5764 processor.cc:802] Processor: start processing batch d9c620dc-cd01-40d1-a926-3513726b6fab into model nwt
I0123 17:38:26.342126  5124 processor.cc:898] Processor: complete processing batch 7e407c9c-2713-4c52-b010-912fbdc69ad7 into model nwt
I0123 17:38:26.342126  5124 cuckoo_watch.h:45] 27ms in ProcessBatch(batches\aaaaag.batch) [including 1ms in LoadMessage; 1ms in InitializeSparseNdw; 13ms in InferThetaAndUpdateNwtSparse; 9ms in CalculateScore(^^^ItemsProcessedScore^^^); ]
I0123 17:38:26.342126  5124 processor.cc:802] Processor: start processing batch 1a60f0a6-58f9-4dd4-88ea-2d57bd46c639 into model nwt
I0123 17:38:26.362131  5764 processor.cc:898] Processor: complete processing batch d9c620dc-cd01-40d1-a926-3513726b6fab into model nwt
I0123 17:38:26.362131  5764 cuckoo_watch.h:45] 25ms in ProcessBatch(batches\aaaaah.batch) [including 1ms in LoadMessage; 1ms in InitializeSparseNdw; 12ms in InferThetaAndUpdateNwtSparse; 7ms in CalculateScore(^^^ItemsProcessedScore^^^); ]
I0123 17:38:26.362131  5764 processor.cc:802] Processor: start processing batch 2c0730b4-9c41-4447-a289-692b3c74ed5d into model nwt
I0123 17:38:26.362131  5124 processor.cc:898] Processor: complete processing batch 1a60f0a6-58f9-4dd4-88ea-2d57bd46c639 into model nwt
I0123 17:38:26.362131  5124 cuckoo_watch.h:45] 20ms in ProcessBatch(batches\aaaaai.batch) [including 1ms in LoadMessage; 0ms in InitializeSparseNdw; 9ms in InferThetaAndUpdateNwtSparse; 6ms in CalculateScore(^^^ItemsProcessedScore^^^); ]
I0123 17:38:26.372130  5124 processor.cc:802] Processor: start processing batch 7db3e0ea-ac49-4668-b403-4065f44026d7 into model nwt
I0123 17:38:26.402125  5764 processor.cc:898] Processor: complete processing batch 2c0730b4-9c41-4447-a289-692b3c74ed5d into model nwt
I0123 17:38:26.402125  5764 cuckoo_watch.h:45] 44ms in ProcessBatch(batches\aaaaaj.batch) [including 2ms in LoadMessage; 2ms in InitializeSparseNdw; 21ms in InferThetaAndUpdateNwtSparse; 15ms in CalculateScore(^^^ItemsProcessedScore^^^); ]
I0123 17:38:26.412127  5764 processor.cc:802] Processor: start processing batch 0633910f-126e-4432-bcbf-21fc06e95042 into model nwt
I0123 17:38:26.432127  5124 processor.cc:898] Processor: complete processing batch 7db3e0ea-ac49-4668-b403-4065f44026d7 into model nwt
I0123 17:38:26.432127  5124 cuckoo_watch.h:45] 73ms in ProcessBatch(batches\aaaaak.batch) [including 4ms in LoadMessage; 4ms in InitializeSparseNdw; 37ms in InferThetaAndUpdateNwtSparse; 25ms in CalculateScore(^^^ItemsProcessedScore^^^); ]
I0123 17:38:26.442128  5124 processor.cc:802] Processor: start processing batch 38fd621b-51ed-40ab-b66f-c70dd7e7c17a into model nwt
I0123 17:38:26.482125  5764 processor.cc:898] Processor: complete processing batch 0633910f-126e-4432-bcbf-21fc06e95042 into model nwt
I0123 17:38:26.482125  5764 cuckoo_watch.h:45] 79ms in ProcessBatch(batches\aaaaal.batch) [including 3ms in LoadMessage; 5ms in InitializeSparseNdw; 39ms in InferThetaAndUpdateNwtSparse; 28ms in CalculateScore(^^^ItemsProcessedScore^^^); ]
I0123 17:38:26.492127  5764 processor.cc:802] Processor: start processing batch 807537fa-fef8-4bf3-88d3-b02aee5ce35f into model nwt
I0123 17:38:26.512125  5124 processor.cc:898] Processor: complete processing batch 38fd621b-51ed-40ab-b66f-c70dd7e7c17a into model nwt
I0123 17:38:26.512125  5124 cuckoo_watch.h:45] 78ms in ProcessBatch(batches\aaaaam.batch) [including 4ms in LoadMessage; 5ms in InitializeSparseNdw; 39ms in InferThetaAndUpdateNwtSparse; 27ms in CalculateScore(^^^ItemsProcessedScore^^^); ]
I0123 17:38:26.522123  5124 processor.cc:802] Processor: start processing batch 0f61b463-bc47-48a5-a5a6-204a9c0453a5 into model nwt
I0123 17:38:26.552124  5764 processor.cc:898] Processor: complete processing batch 807537fa-fef8-4bf3-88d3-b02aee5ce35f into model nwt
I0123 17:38:26.552124  5764 cuckoo_watch.h:45] 72ms in ProcessBatch(batches\aaaaan.batch) [including 3ms in LoadMessage; 4ms in InitializeSparseNdw; 35ms in InferThetaAndUpdateNwtSparse; 25ms in CalculateScore(^^^ItemsProcessedScore^^^); ]
I0123 17:38:26.562127  5764 processor.cc:802] Processor: start processing batch fd5be4b2-63f2-4830-8a5c-9cc17c620985 into model nwt
I0123 17:38:26.572130  5124 processor.cc:898] Processor: complete processing batch 0f61b463-bc47-48a5-a5a6-204a9c0453a5 into model nwt
I0123 17:38:26.582128  5124 cuckoo_watch.h:45] 61ms in ProcessBatch(batches\aaaaao.batch) [including 3ms in LoadMessage; 3ms in InitializeSparseNdw; 30ms in InferThetaAndUpdateNwtSparse; 21ms in CalculateScore(^^^ItemsProcessedScore^^^); ]
I0123 17:38:26.582128  5124 processor.cc:802] Processor: start processing batch bb939d94-eff8-47fc-aef0-6d26d80d50f7 into model nwt
I0123 17:38:26.592125  5124 processor.cc:898] Processor: complete processing batch bb939d94-eff8-47fc-aef0-6d26d80d50f7 into model nwt
I0123 17:38:26.592125  5124 cuckoo_watch.h:45] 15ms in ProcessBatch(batches\aaaaaq.batch) [including 1ms in LoadMessage; 0ms in InitializeSparseNdw; 7ms in InferThetaAndUpdateNwtSparse; 4ms in CalculateScore(^^^ItemsProcessedScore^^^); ]
I0123 17:38:26.592125  5124 processor.cc:802] Processor: start processing batch 0e231d3d-dc30-4357-868b-f4840fee6919 into model nwt
I0123 17:38:26.592125  5124 processor.cc:898] Processor: complete processing batch 0e231d3d-dc30-4357-868b-f4840fee6919 into model nwt
I0123 17:38:26.592125  5124 cuckoo_watch.h:45] 4ms in ProcessBatch(batches\aaaaar.batch) [including 0ms in LoadMessage; 0ms in InitializeSparseNdw; 1ms in InferThetaAndUpdateNwtSparse; 0ms in CalculateScore(^^^ItemsProcessedScore^^^); ]
I0123 17:38:26.612125  5764 processor.cc:898] Processor: complete processing batch fd5be4b2-63f2-4830-8a5c-9cc17c620985 into model nwt
I0123 17:38:26.612125  5764 cuckoo_watch.h:45] 58ms in ProcessBatch(batches\aaaaap.batch) [including 3ms in LoadMessage; 3ms in InitializeSparseNdw; 29ms in InferThetaAndUpdateNwtSparse; 19ms in CalculateScore(^^^ItemsProcessedScore^^^); ]
I0123 17:38:26.622128   832 master_component.cc:1378] RegularizeModelArgs: rwt_target_name=rwt, pwt_source_name=pwt, nwt_source_name=nwt
I0123 17:38:26.622128   832 master_component.cc:922] MasterComponent: start regularizing model pwt
I0123 17:38:26.762125   832 master_component.cc:948] MasterComponent: complete regularizing model pwt
I0123 17:38:26.762125   832 master_component.cc:1391] NormalizeModelArgs: pwt_target_name=pwt, nwt_source_name=nwt, rwt_source_name=rwt
I0123 17:38:26.762125   832 master_component.cc:952] MasterComponent: start normalizing model nwt
I0123 17:38:26.792125  5124 processor.cc:717] No data in processing queue, waiting...
I0123 17:38:26.852124  5764 processor.cc:717] No data in processing queue, waiting...
I0123 17:38:26.852124   832 master_component.cc:980] MasterComponent: complete normalizing model nwt
I0123 17:38:26.942123   832 master_component.cc:1415] DisposeModel rwt
I0123 17:38:26.952124   832 master_component.cc:1005] FitOffline: ItemsProcessed, num_items=1728, num_batches=18, token_weight=808522, token_weight_in_effect=808522
I0123 17:38:26.992123    76 c_interface.cc:559] Pass GetScoreValueArgs, score_name=^^^ItemsProcessedScore^^^ to MasterComponent::Request
I0123 17:38:26.992123    76 c_interface.cc:230] ArtmCopyRequestedMessage is copying 46 bytes...
I0123 17:38:26.992123   832 c_interface.cc:386] Pass FitOfflineMasterModelArgs, batch_filename_size=18, batch_weight_size=18, num_collection_passes=1 to void (__cdecl artm::core::MasterComponent::*)(class artm::FitOfflineMasterModelArgs const & __ptr64) __ptr64
I0123 17:38:26.992123   832 master_component.cc:1340] ProcessBatchesArgs: nwt_target_name=nwt, batch_filename_size=18, batch_size=0, batch_weight_size=18, pwt_source_name=pwt, num_document_passes=1, regularizer=(name:smoothing, tau:100000), class=(text:1), class=(author:1), reuse_theta=yes, opt_for_avx=yes, predict_class_id=
I0123 17:38:27.052126  5124 processor.cc:724] Processing queue has data, processing started
I0123 17:38:27.052126  5764 processor.cc:724] Processing queue has data, processing started
I0123 17:38:27.052126  5124 processor.cc:802] Processor: start processing batch af0089a4-1eed-4f98-b001-0eae11a62ec3 into model nwt
I0123 17:38:27.052126  5764 processor.cc:802] Processor: start processing batch a8da117f-0d33-45aa-b9f5-11d8cd74e61c into model nwt
I0123 17:38:27.062124  5124 processor.cc:898] Processor: complete processing batch af0089a4-1eed-4f98-b001-0eae11a62ec3 into model nwt
I0123 17:38:27.062124  5124 cuckoo_watch.h:45] 11ms in ProcessBatch(batches\aaaaaa.batch) [including 0ms in LoadMessage; 0ms in InitializeSparseNdw; 5ms in InferThetaAndUpdateNwtSparse; 2ms in CalculateScore(^^^ItemsProcessedScore^^^); ]
I0123 17:38:27.062124  5124 processor.cc:802] Processor: start processing batch b00c0a53-65f4-4eb0-acf6-b9bdca46a1ab into model nwt
I0123 17:38:27.062124  5764 processor.cc:898] Processor: complete processing batch a8da117f-0d33-45aa-b9f5-11d8cd74e61c into model nwt
I0123 17:38:27.062124  5764 cuckoo_watch.h:45] 18ms in ProcessBatch(batches\aaaaab.batch) [including 1ms in LoadMessage; 0ms in InitializeSparseNdw; 8ms in InferThetaAndUpdateNwtSparse; 5ms in CalculateScore(^^^ItemsProcessedScore^^^); ]
I0123 17:38:27.072124  5764 processor.cc:802] Processor: start processing batch e6b49e86-5681-4c7c-a7f2-fb68a516087c into model nwt
I0123 17:38:27.082124  5124 processor.cc:898] Processor: complete processing batch b00c0a53-65f4-4eb0-acf6-b9bdca46a1ab into model nwt
I0123 17:38:27.082124  5124 cuckoo_watch.h:45] 21ms in ProcessBatch(batches\aaaaac.batch) [including 1ms in LoadMessage; 0ms in InitializeSparseNdw; 10ms in InferThetaAndUpdateNwtSparse; 6ms in CalculateScore(^^^ItemsProcessedScore^^^); ]
I0123 17:38:27.082124  5124 processor.cc:802] Processor: start processing batch 1da754d7-078b-4ae1-a593-5505e6375a74 into model nwt
I0123 17:38:27.092133  5764 processor.cc:898] Processor: complete processing batch e6b49e86-5681-4c7c-a7f2-fb68a516087c into model nwt
I0123 17:38:27.092133  5764 cuckoo_watch.h:45] 22ms in ProcessBatch(batches\aaaaad.batch) [including 1ms in LoadMessage; 1ms in InitializeSparseNdw; 10ms in InferThetaAndUpdateNwtSparse; 6ms in CalculateScore(^^^ItemsProcessedScore^^^); ]
I0123 17:38:27.092133  5764 processor.cc:802] Processor: start processing batch 6216af89-e35a-453c-b4e9-76a26683de43 into model nwt
I0123 17:38:27.102134  5124 processor.cc:898] Processor: complete processing batch 1da754d7-078b-4ae1-a593-5505e6375a74 into model nwt
I0123 17:38:27.102134  5124 cuckoo_watch.h:45] 21ms in ProcessBatch(batches\aaaaae.batch) [including 1ms in LoadMessage; 0ms in InitializeSparseNdw; 9ms in InferThetaAndUpdateNwtSparse; 7ms in CalculateScore(^^^ItemsProcessedScore^^^); ]
I0123 17:38:27.102134  5124 processor.cc:802] Processor: start processing batch 7e407c9c-2713-4c52-b010-912fbdc69ad7 into model nwt
I0123 17:38:27.112124  5764 processor.cc:898] Processor: complete processing batch 6216af89-e35a-453c-b4e9-76a26683de43 into model nwt
I0123 17:38:27.112124  5764 cuckoo_watch.h:45] 22ms in ProcessBatch(batches\aaaaaf.batch) [including 1ms in LoadMessage; 1ms in InitializeSparseNdw; 10ms in InferThetaAndUpdateNwtSparse; 7ms in CalculateScore(^^^ItemsProcessedScore^^^); ]
I0123 17:38:27.112124  5764 processor.cc:802] Processor: start processing batch d9c620dc-cd01-40d1-a926-3513726b6fab into model nwt
I0123 17:38:27.132122  5124 processor.cc:898] Processor: complete processing batch 7e407c9c-2713-4c52-b010-912fbdc69ad7 into model nwt
I0123 17:38:27.132122  5124 cuckoo_watch.h:45] 33ms in ProcessBatch(batches\aaaaag.batch) [including 1ms in LoadMessage; 1ms in InitializeSparseNdw; 15ms in InferThetaAndUpdateNwtSparse; 11ms in CalculateScore(^^^ItemsProcessedScore^^^); ]
I0123 17:38:27.132122  5764 processor.cc:898] Processor: complete processing batch d9c620dc-cd01-40d1-a926-3513726b6fab into model nwt
I0123 17:38:27.132122  5764 cuckoo_watch.h:45] 24ms in ProcessBatch(batches\aaaaah.batch) [including 1ms in LoadMessage; 1ms in InitializeSparseNdw; 11ms in InferThetaAndUpdateNwtSparse; 7ms in CalculateScore(^^^ItemsProcessedScore^^^); ]
I0123 17:38:27.142122  5124 processor.cc:802] Processor: start processing batch 1a60f0a6-58f9-4dd4-88ea-2d57bd46c639 into model nwt
I0123 17:38:27.142122  5764 processor.cc:802] Processor: start processing batch 2c0730b4-9c41-4447-a289-692b3c74ed5d into model nwt
I0123 17:38:27.152124  5124 processor.cc:898] Processor: complete processing batch 1a60f0a6-58f9-4dd4-88ea-2d57bd46c639 into model nwt
I0123 17:38:27.152124  5124 cuckoo_watch.h:45] 21ms in ProcessBatch(batches\aaaaai.batch) [including 1ms in LoadMessage; 1ms in InitializeSparseNdw; 10ms in InferThetaAndUpdateNwtSparse; 6ms in CalculateScore(^^^ItemsProcessedScore^^^); ]
I0123 17:38:27.162124  5124 processor.cc:802] Processor: start processing batch 7db3e0ea-ac49-4668-b403-4065f44026d7 into model nwt
I0123 17:38:27.172122  5764 processor.cc:898] Processor: complete processing batch 2c0730b4-9c41-4447-a289-692b3c74ed5d into model nwt
I0123 17:38:27.172122  5764 cuckoo_watch.h:45] 39ms in ProcessBatch(batches\aaaaaj.batch) [including 2ms in LoadMessage; 2ms in InitializeSparseNdw; 19ms in InferThetaAndUpdateNwtSparse; 13ms in CalculateScore(^^^ItemsProcessedScore^^^); ]
I0123 17:38:27.182121  5764 processor.cc:802] Processor: start processing batch 0633910f-126e-4432-bcbf-21fc06e95042 into model nwt
I0123 17:38:27.232120  5124 processor.cc:898] Processor: complete processing batch 7db3e0ea-ac49-4668-b403-4065f44026d7 into model nwt
I0123 17:38:27.232120  5124 cuckoo_watch.h:45] 77ms in ProcessBatch(batches\aaaaak.batch) [including 4ms in LoadMessage; 4ms in InitializeSparseNdw; 39ms in InferThetaAndUpdateNwtSparse; 26ms in CalculateScore(^^^ItemsProcessedScore^^^); ]
I0123 17:38:27.242120  5124 processor.cc:802] Processor: start processing batch 38fd621b-51ed-40ab-b66f-c70dd7e7c17a into model nwt
I0123 17:38:27.252120  5764 processor.cc:898] Processor: complete processing batch 0633910f-126e-4432-bcbf-21fc06e95042 into model nwt
I0123 17:38:27.252120  5764 cuckoo_watch.h:45] 75ms in ProcessBatch(batches\aaaaal.batch) [including 3ms in LoadMessage; 4ms in InitializeSparseNdw; 36ms in InferThetaAndUpdateNwtSparse; 24ms in CalculateScore(^^^ItemsProcessedScore^^^); ]
I0123 17:38:27.252120  5764 processor.cc:802] Processor: start processing batch 807537fa-fef8-4bf3-88d3-b02aee5ce35f into model nwt
I0123 17:38:27.312119  5124 processor.cc:898] Processor: complete processing batch 38fd621b-51ed-40ab-b66f-c70dd7e7c17a into model nwt
I0123 17:38:27.312119  5124 cuckoo_watch.h:45] 80ms in ProcessBatch(batches\aaaaam.batch) [including 4ms in LoadMessage; 5ms in InitializeSparseNdw; 40ms in InferThetaAndUpdateNwtSparse; 27ms in CalculateScore(^^^ItemsProcessedScore^^^); ]
I0123 17:38:27.312119  5764 processor.cc:898] Processor: complete processing batch 807537fa-fef8-4bf3-88d3-b02aee5ce35f into model nwt
I0123 17:38:27.312119  5764 cuckoo_watch.h:45] 64ms in ProcessBatch(batches\aaaaan.batch) [including 3ms in LoadMessage; 5ms in InitializeSparseNdw; 32ms in InferThetaAndUpdateNwtSparse; 22ms in CalculateScore(^^^ItemsProcessedScore^^^); ]
I0123 17:38:27.322120  5124 processor.cc:802] Processor: start processing batch 0f61b463-bc47-48a5-a5a6-204a9c0453a5 into model nwt
I0123 17:38:27.322120  5764 processor.cc:802] Processor: start processing batch fd5be4b2-63f2-4830-8a5c-9cc17c620985 into model nwt
I0123 17:38:27.362118  5764 processor.cc:898] Processor: complete processing batch fd5be4b2-63f2-4830-8a5c-9cc17c620985 into model nwt
I0123 17:38:27.362118  5764 cuckoo_watch.h:45] 50ms in ProcessBatch(batches\aaaaap.batch) [including 2ms in LoadMessage; 2ms in InitializeSparseNdw; 25ms in InferThetaAndUpdateNwtSparse; 17ms in CalculateScore(^^^ItemsProcessedScore^^^); ]
I0123 17:38:27.372117  5124 processor.cc:898] Processor: complete processing batch 0f61b463-bc47-48a5-a5a6-204a9c0453a5 into model nwt
I0123 17:38:27.372117  5124 cuckoo_watch.h:45] 54ms in ProcessBatch(batches\aaaaao.batch) [including 3ms in LoadMessage; 3ms in InitializeSparseNdw; 27ms in InferThetaAndUpdateNwtSparse; 18ms in CalculateScore(^^^ItemsProcessedScore^^^); ]
I0123 17:38:27.372117  5764 processor.cc:802] Processor: start processing batch bb939d94-eff8-47fc-aef0-6d26d80d50f7 into model nwt
I0123 17:38:27.372117  5124 processor.cc:802] Processor: start processing batch 0e231d3d-dc30-4357-868b-f4840fee6919 into model nwt
I0123 17:38:27.372117  5124 processor.cc:898] Processor: complete processing batch 0e231d3d-dc30-4357-868b-f4840fee6919 into model nwt
I0123 17:38:27.372117  5124 cuckoo_watch.h:45] 3ms in ProcessBatch(batches\aaaaar.batch) [including 0ms in LoadMessage; 0ms in InitializeSparseNdw; 1ms in InferThetaAndUpdateNwtSparse; 0ms in CalculateScore(^^^ItemsProcessedScore^^^); ]
I0123 17:38:27.382122  5764 processor.cc:898] Processor: complete processing batch bb939d94-eff8-47fc-aef0-6d26d80d50f7 into model nwt
I0123 17:38:27.382122  5764 cuckoo_watch.h:45] 14ms in ProcessBatch(batches\aaaaaq.batch) [including 1ms in LoadMessage; 0ms in InitializeSparseNdw; 6ms in InferThetaAndUpdateNwtSparse; 3ms in CalculateScore(^^^ItemsProcessedScore^^^); ]
I0123 17:38:27.402129   832 master_component.cc:1378] RegularizeModelArgs: rwt_target_name=rwt, pwt_source_name=pwt, nwt_source_name=nwt
I0123 17:38:27.402129   832 master_component.cc:922] MasterComponent: start regularizing model pwt
I0123 17:38:27.532119   832 master_component.cc:948] MasterComponent: complete regularizing model pwt
I0123 17:38:27.532119   832 master_component.cc:1391] NormalizeModelArgs: pwt_target_name=pwt, nwt_source_name=nwt, rwt_source_name=rwt
I0123 17:38:27.532119   832 master_component.cc:952] MasterComponent: start normalizing model nwt
I0123 17:38:27.632122   832 master_component.cc:980] MasterComponent: complete normalizing model nwt
I0123 17:38:27.662119  5124 processor.cc:717] No data in processing queue, waiting...
I0123 17:38:27.702119  5764 processor.cc:717] No data in processing queue, waiting...
I0123 17:38:27.722117   832 master_component.cc:1415] DisposeModel rwt
I0123 17:38:27.732125   832 master_component.cc:1005] FitOffline: ItemsProcessed, num_items=1728, num_batches=18, token_weight=808522, token_weight_in_effect=808522
I0123 17:38:27.772121    76 c_interface.cc:559] Pass GetScoreValueArgs, score_name=^^^ItemsProcessedScore^^^ to MasterComponent::Request
I0123 17:38:27.772121    76 c_interface.cc:230] ArtmCopyRequestedMessage is copying 46 bytes...
I0123 17:38:27.772121   832 c_interface.cc:386] Pass FitOfflineMasterModelArgs, batch_filename_size=18, batch_weight_size=18, num_collection_passes=1 to void (__cdecl artm::core::MasterComponent::*)(class artm::FitOfflineMasterModelArgs const & __ptr64) __ptr64
I0123 17:38:27.772121   832 master_component.cc:1340] ProcessBatchesArgs: nwt_target_name=nwt, batch_filename_size=18, batch_size=0, batch_weight_size=18, pwt_source_name=pwt, num_document_passes=1, regularizer=(name:smoothing, tau:100000), class=(text:1), class=(author:1), reuse_theta=yes, opt_for_avx=yes, predict_class_id=
I0123 17:38:27.832116  5124 processor.cc:724] Processing queue has data, processing started
I0123 17:38:27.832116  5764 processor.cc:724] Processing queue has data, processing started
I0123 17:38:27.832116  5764 processor.cc:802] Processor: start processing batch a8da117f-0d33-45aa-b9f5-11d8cd74e61c into model nwt
I0123 17:38:27.832116  5124 processor.cc:802] Processor: start processing batch af0089a4-1eed-4f98-b001-0eae11a62ec3 into model nwt
I0123 17:38:27.842123  5124 processor.cc:898] Processor: complete processing batch af0089a4-1eed-4f98-b001-0eae11a62ec3 into model nwt
I0123 17:38:27.842123  5124 cuckoo_watch.h:45] 12ms in ProcessBatch(batches\aaaaaa.batch) [including 0ms in LoadMessage; 0ms in InitializeSparseNdw; 6ms in InferThetaAndUpdateNwtSparse; 2ms in CalculateScore(^^^ItemsProcessedScore^^^); ]
I0123 17:38:27.842123  5124 processor.cc:802] Processor: start processing batch b00c0a53-65f4-4eb0-acf6-b9bdca46a1ab into model nwt
I0123 17:38:27.852126  5764 processor.cc:898] Processor: complete processing batch a8da117f-0d33-45aa-b9f5-11d8cd74e61c into model nwt
I0123 17:38:27.852126  5764 cuckoo_watch.h:45] 20ms in ProcessBatch(batches\aaaaab.batch) [including 1ms in LoadMessage; 1ms in InitializeSparseNdw; 10ms in InferThetaAndUpdateNwtSparse; 6ms in CalculateScore(^^^ItemsProcessedScore^^^); ]
I0123 17:38:27.852126  5764 processor.cc:802] Processor: start processing batch e6b49e86-5681-4c7c-a7f2-fb68a516087c into model nwt
I0123 17:38:27.862128  5124 processor.cc:898] Processor: complete processing batch b00c0a53-65f4-4eb0-acf6-b9bdca46a1ab into model nwt
I0123 17:38:27.862128  5124 cuckoo_watch.h:45] 21ms in ProcessBatch(batches\aaaaac.batch) [including 1ms in LoadMessage; 0ms in InitializeSparseNdw; 10ms in InferThetaAndUpdateNwtSparse; 6ms in CalculateScore(^^^ItemsProcessedScore^^^); ]
I0123 17:38:27.862128  5124 processor.cc:802] Processor: start processing batch 1da754d7-078b-4ae1-a593-5505e6375a74 into model nwt
I0123 17:38:27.872123  5764 processor.cc:898] Processor: complete processing batch e6b49e86-5681-4c7c-a7f2-fb68a516087c into model nwt
I0123 17:38:27.872123  5764 cuckoo_watch.h:45] 21ms in ProcessBatch(batches\aaaaad.batch) [including 1ms in LoadMessage; 1ms in InitializeSparseNdw; 10ms in InferThetaAndUpdateNwtSparse; 6ms in CalculateScore(^^^ItemsProcessedScore^^^); ]
I0123 17:38:27.872123  5764 processor.cc:802] Processor: start processing batch 6216af89-e35a-453c-b4e9-76a26683de43 into model nwt
I0123 17:38:27.882127  5124 processor.cc:898] Processor: complete processing batch 1da754d7-078b-4ae1-a593-5505e6375a74 into model nwt
I0123 17:38:27.882127  5124 cuckoo_watch.h:45] 20ms in ProcessBatch(batches\aaaaae.batch) [including 1ms in LoadMessage; 0ms in InitializeSparseNdw; 9ms in InferThetaAndUpdateNwtSparse; 6ms in CalculateScore(^^^ItemsProcessedScore^^^); ]
I0123 17:38:27.882127  5124 processor.cc:802] Processor: start processing batch 7e407c9c-2713-4c52-b010-912fbdc69ad7 into model nwt
I0123 17:38:27.892122  5764 processor.cc:898] Processor: complete processing batch 6216af89-e35a-453c-b4e9-76a26683de43 into model nwt
I0123 17:38:27.892122  5764 cuckoo_watch.h:45] 22ms in ProcessBatch(batches\aaaaaf.batch) [including 1ms in LoadMessage; 1ms in InitializeSparseNdw; 11ms in InferThetaAndUpdateNwtSparse; 7ms in CalculateScore(^^^ItemsProcessedScore^^^); ]
I0123 17:38:27.892122  5764 processor.cc:802] Processor: start processing batch d9c620dc-cd01-40d1-a926-3513726b6fab into model nwt
I0123 17:38:27.912123  5124 processor.cc:898] Processor: complete processing batch 7e407c9c-2713-4c52-b010-912fbdc69ad7 into model nwt
I0123 17:38:27.912123  5124 cuckoo_watch.h:45] 33ms in ProcessBatch(batches\aaaaag.batch) [including 1ms in LoadMessage; 1ms in InitializeSparseNdw; 17ms in InferThetaAndUpdateNwtSparse; 10ms in CalculateScore(^^^ItemsProcessedScore^^^); ]
I0123 17:38:27.922130  5124 processor.cc:802] Processor: start processing batch 1a60f0a6-58f9-4dd4-88ea-2d57bd46c639 into model nwt
I0123 17:38:27.922130  5764 processor.cc:898] Processor: complete processing batch d9c620dc-cd01-40d1-a926-3513726b6fab into model nwt
I0123 17:38:27.922130  5764 cuckoo_watch.h:45] 27ms in ProcessBatch(batches\aaaaah.batch) [including 1ms in LoadMessage; 1ms in InitializeSparseNdw; 13ms in InferThetaAndUpdateNwtSparse; 8ms in CalculateScore(^^^ItemsProcessedScore^^^); ]
I0123 17:38:27.922130  5764 processor.cc:802] Processor: start processing batch 2c0730b4-9c41-4447-a289-692b3c74ed5d into model nwt
I0123 17:38:27.942129  5124 processor.cc:898] Processor: complete processing batch 1a60f0a6-58f9-4dd4-88ea-2d57bd46c639 into model nwt
I0123 17:38:27.942129  5124 cuckoo_watch.h:45] 24ms in ProcessBatch(batches\aaaaai.batch) [including 1ms in LoadMessage; 1ms in InitializeSparseNdw; 12ms in InferThetaAndUpdateNwtSparse; 6ms in CalculateScore(^^^ItemsProcessedScore^^^); ]
I0123 17:38:27.942129  5124 processor.cc:802] Processor: start processing batch 7db3e0ea-ac49-4668-b403-4065f44026d7 into model nwt
I0123 17:38:27.962142  5764 processor.cc:898] Processor: complete processing batch 2c0730b4-9c41-4447-a289-692b3c74ed5d into model nwt
I0123 17:38:27.972131  5764 cuckoo_watch.h:45] 46ms in ProcessBatch(batches\aaaaaj.batch) [including 2ms in LoadMessage; 2ms in InitializeSparseNdw; 23ms in InferThetaAndUpdateNwtSparse; 15ms in CalculateScore(^^^ItemsProcessedScore^^^); ]
I0123 17:38:27.972131  5764 processor.cc:802] Processor: start processing batch 0633910f-126e-4432-bcbf-21fc06e95042 into model nwt
I0123 17:38:28.022128  5124 processor.cc:898] Processor: complete processing batch 7db3e0ea-ac49-4668-b403-4065f44026d7 into model nwt
I0123 17:38:28.022128  5124 cuckoo_watch.h:45] 85ms in ProcessBatch(batches\aaaaak.batch) [including 4ms in LoadMessage; 5ms in InitializeSparseNdw; 44ms in InferThetaAndUpdateNwtSparse; 28ms in CalculateScore(^^^ItemsProcessedScore^^^); ]
I0123 17:38:28.032130  5124 processor.cc:802] Processor: start processing batch 38fd621b-51ed-40ab-b66f-c70dd7e7c17a into model nwt
I0123 17:38:28.052116  5764 processor.cc:898] Processor: complete processing batch 0633910f-126e-4432-bcbf-21fc06e95042 into model nwt
I0123 17:38:28.052116  5764 cuckoo_watch.h:45] 82ms in ProcessBatch(batches\aaaaal.batch) [including 4ms in LoadMessage; 6ms in InitializeSparseNdw; 40ms in InferThetaAndUpdateNwtSparse; 27ms in CalculateScore(^^^ItemsProcessedScore^^^); ]
I0123 17:38:28.052116  5764 processor.cc:802] Processor: start processing batch 807537fa-fef8-4bf3-88d3-b02aee5ce35f into model nwt
I0123 17:38:28.112116  5124 processor.cc:898] Processor: complete processing batch 38fd621b-51ed-40ab-b66f-c70dd7e7c17a into model nwt
I0123 17:38:28.112116  5124 cuckoo_watch.h:45] 87ms in ProcessBatch(batches\aaaaam.batch) [including 4ms in LoadMessage; 5ms in InitializeSparseNdw; 44ms in InferThetaAndUpdateNwtSparse; 29ms in CalculateScore(^^^ItemsProcessedScore^^^); ]
I0123 17:38:28.122117  5124 processor.cc:802] Processor: start processing batch 0f61b463-bc47-48a5-a5a6-204a9c0453a5 into model nwt
I0123 17:38:28.122117  5764 processor.cc:898] Processor: complete processing batch 807537fa-fef8-4bf3-88d3-b02aee5ce35f into model nwt
I0123 17:38:28.122117  5764 cuckoo_watch.h:45] 72ms in ProcessBatch(batches\aaaaan.batch) [including 3ms in LoadMessage; 4ms in InitializeSparseNdw; 37ms in InferThetaAndUpdateNwtSparse; 23ms in CalculateScore(^^^ItemsProcessedScore^^^); ]
I0123 17:38:28.122117  5764 processor.cc:802] Processor: start processing batch fd5be4b2-63f2-4830-8a5c-9cc17c620985 into model nwt
I0123 17:38:28.172121  5124 processor.cc:898] Processor: complete processing batch 0f61b463-bc47-48a5-a5a6-204a9c0453a5 into model nwt
I0123 17:38:28.172121  5764 processor.cc:898] Processor: complete processing batch fd5be4b2-63f2-4830-8a5c-9cc17c620985 into model nwt
I0123 17:38:28.172121  5124 cuckoo_watch.h:45] 63ms in ProcessBatch(batches\aaaaao.batch) [including 3ms in LoadMessage; 3ms in InitializeSparseNdw; 32ms in InferThetaAndUpdateNwtSparse; 21ms in CalculateScore(^^^ItemsProcessedScore^^^); ]
I0123 17:38:28.172121  5764 cuckoo_watch.h:45] 54ms in ProcessBatch(batches\aaaaap.batch) [including 2ms in LoadMessage; 3ms in InitializeSparseNdw; 27ms in InferThetaAndUpdateNwtSparse; 18ms in CalculateScore(^^^ItemsProcessedScore^^^); ]
I0123 17:38:28.182119  5124 processor.cc:802] Processor: start processing batch bb939d94-eff8-47fc-aef0-6d26d80d50f7 into model nwt
I0123 17:38:28.182119  5764 processor.cc:802] Processor: start processing batch 0e231d3d-dc30-4357-868b-f4840fee6919 into model nwt
I0123 17:38:28.182119  5764 processor.cc:898] Processor: complete processing batch 0e231d3d-dc30-4357-868b-f4840fee6919 into model nwt
I0123 17:38:28.182119  5764 cuckoo_watch.h:45] 5ms in ProcessBatch(batches\aaaaar.batch) [including 0ms in LoadMessage; 0ms in InitializeSparseNdw; 1ms in InferThetaAndUpdateNwtSparse; 0ms in CalculateScore(^^^ItemsProcessedScore^^^); ]
I0123 17:38:28.192121  5124 processor.cc:898] Processor: complete processing batch bb939d94-eff8-47fc-aef0-6d26d80d50f7 into model nwt
I0123 17:38:28.192121  5124 cuckoo_watch.h:45] 15ms in ProcessBatch(batches\aaaaaq.batch) [including 1ms in LoadMessage; 0ms in InitializeSparseNdw; 7ms in InferThetaAndUpdateNwtSparse; 3ms in CalculateScore(^^^ItemsProcessedScore^^^); ]
I0123 17:38:28.202121   832 master_component.cc:1378] RegularizeModelArgs: rwt_target_name=rwt, pwt_source_name=pwt, nwt_source_name=nwt
I0123 17:38:28.202121   832 master_component.cc:922] MasterComponent: start regularizing model pwt
I0123 17:38:28.352123   832 master_component.cc:948] MasterComponent: complete regularizing model pwt
I0123 17:38:28.352123   832 master_component.cc:1391] NormalizeModelArgs: pwt_target_name=pwt, nwt_source_name=nwt, rwt_source_name=rwt
I0123 17:38:28.352123   832 master_component.cc:952] MasterComponent: start normalizing model nwt
I0123 17:38:28.442113  5764 processor.cc:717] No data in processing queue, waiting...
I0123 17:38:28.442113   832 master_component.cc:980] MasterComponent: complete normalizing model nwt
I0123 17:38:28.462116  5124 processor.cc:717] No data in processing queue, waiting...
I0123 17:38:28.542115   832 master_component.cc:1415] DisposeModel rwt
I0123 17:38:28.552119   832 master_component.cc:1005] FitOffline: ItemsProcessed, num_items=1728, num_batches=18, token_weight=808522, token_weight_in_effect=808522
I0123 17:38:28.592123    76 c_interface.cc:559] Pass GetScoreValueArgs, score_name=^^^ItemsProcessedScore^^^ to MasterComponent::Request
I0123 17:38:28.592123    76 c_interface.cc:230] ArtmCopyRequestedMessage is copying 46 bytes...
I0123 17:38:28.592123   832 c_interface.cc:386] Pass FitOfflineMasterModelArgs, batch_filename_size=18, batch_weight_size=18, num_collection_passes=1 to void (__cdecl artm::core::MasterComponent::*)(class artm::FitOfflineMasterModelArgs const & __ptr64) __ptr64
I0123 17:38:28.592123   832 master_component.cc:1340] ProcessBatchesArgs: nwt_target_name=nwt, batch_filename_size=18, batch_size=0, batch_weight_size=18, pwt_source_name=pwt, num_document_passes=1, regularizer=(name:smoothing, tau:100000), class=(text:1), class=(author:1), reuse_theta=yes, opt_for_avx=yes, predict_class_id=
I0123 17:38:28.662210  5764 processor.cc:724] Processing queue has data, processing started
I0123 17:38:28.662210  5124 processor.cc:724] Processing queue has data, processing started
I0123 17:38:28.662210  5124 processor.cc:802] Processor: start processing batch af0089a4-1eed-4f98-b001-0eae11a62ec3 into model nwt
I0123 17:38:28.662210  5764 processor.cc:802] Processor: start processing batch a8da117f-0d33-45aa-b9f5-11d8cd74e61c into model nwt
I0123 17:38:28.672116  5124 processor.cc:898] Processor: complete processing batch af0089a4-1eed-4f98-b001-0eae11a62ec3 into model nwt
