I0205 19:32:01.986980  4792 cuckoo_watch.h:45] 61ms in ProcessBatch(batches\aaaaan.batch) [including 3ms in LoadMessage; 3ms in InitializeSparseNdw; 30ms in InferThetaAndUpdateNwtSparse; 21ms in CalculateScore(^^^ItemsProcessedScore^^^); ]
I0205 19:32:01.986980  4792 processor.cc:802] Processor: start processing batch 00b6b95d-f70e-4c7c-939d-e1e71173bcec into model nwt
I0205 19:32:02.033854  5544 processor.cc:898] Processor: complete processing batch 8ba78a03-b2fc-438c-a06c-ed351f1d2340 into model nwt
I0205 19:32:02.033854  5544 cuckoo_watch.h:45] 52ms in ProcessBatch(batches\aaaaao.batch) [including 2ms in LoadMessage; 3ms in InitializeSparseNdw; 25ms in InferThetaAndUpdateNwtSparse; 18ms in CalculateScore(^^^ItemsProcessedScore^^^); ]
I0205 19:32:02.033854  5544 processor.cc:802] Processor: start processing batch e19d6e21-d8b1-43db-9892-c7ed588d8f31 into model nwt
I0205 19:32:02.033854  4792 processor.cc:898] Processor: complete processing batch 00b6b95d-f70e-4c7c-939d-e1e71173bcec into model nwt
I0205 19:32:02.033854  4792 cuckoo_watch.h:45] 47ms in ProcessBatch(batches\aaaaap.batch) [including 2ms in LoadMessage; 3ms in InitializeSparseNdw; 23ms in InferThetaAndUpdateNwtSparse; 16ms in CalculateScore(^^^ItemsProcessedScore^^^); ]
I0205 19:32:02.033854  4792 processor.cc:802] Processor: start processing batch 3a7910a9-6557-415a-b131-2b10295b1de7 into model nwt
I0205 19:32:02.033854  4792 processor.cc:898] Processor: complete processing batch 3a7910a9-6557-415a-b131-2b10295b1de7 into model nwt
I0205 19:32:02.033854  4792 cuckoo_watch.h:45] 3ms in ProcessBatch(batches\aaaaar.batch) [including 0ms in LoadMessage; 0ms in InitializeSparseNdw; 1ms in InferThetaAndUpdateNwtSparse; 0ms in CalculateScore(^^^ItemsProcessedScore^^^); ]
I0205 19:32:02.033854  5544 processor.cc:898] Processor: complete processing batch e19d6e21-d8b1-43db-9892-c7ed588d8f31 into model nwt
I0205 19:32:02.033854  5544 cuckoo_watch.h:45] 12ms in ProcessBatch(batches\aaaaaq.batch) [including 0ms in LoadMessage; 0ms in InitializeSparseNdw; 6ms in InferThetaAndUpdateNwtSparse; 3ms in CalculateScore(^^^ItemsProcessedScore^^^); ]
I0205 19:32:02.049484  8288 master_component.cc:1378] RegularizeModelArgs: rwt_target_name=rwt, pwt_source_name=pwt, nwt_source_name=nwt
I0205 19:32:02.049484  8288 master_component.cc:922] MasterComponent: start regularizing model pwt
I0205 19:32:02.158855  8288 master_component.cc:948] MasterComponent: complete regularizing model pwt
I0205 19:32:02.158855  8288 master_component.cc:1391] NormalizeModelArgs: pwt_target_name=pwt, nwt_source_name=nwt, rwt_source_name=rwt
I0205 19:32:02.158855  8288 master_component.cc:952] MasterComponent: start normalizing model nwt
I0205 19:32:02.236980  8288 master_component.cc:980] MasterComponent: complete normalizing model nwt
I0205 19:32:02.330730  8288 master_component.cc:1415] DisposeModel rwt
I0205 19:32:02.330730  8288 master_component.cc:1005] FitOffline: ItemsProcessed, num_items=1728, num_batches=18, token_weight=808522, token_weight_in_effect=808522
I0205 19:32:02.377612  5544 processor.cc:717] No data in processing queue, waiting...
I0205 19:32:02.377612  4792 processor.cc:717] No data in processing queue, waiting...
I0205 19:32:02.377612  2964 c_interface.cc:559] Pass GetScoreValueArgs, score_name=^^^ItemsProcessedScore^^^ to MasterComponent::Request
I0205 19:32:02.377612  2964 c_interface.cc:230] ArtmCopyRequestedMessage is copying 46 bytes...
I0205 19:32:02.377612  8288 c_interface.cc:386] Pass FitOfflineMasterModelArgs, batch_filename_size=18, batch_weight_size=18, num_collection_passes=1 to void (__cdecl artm::core::MasterComponent::*)(class artm::FitOfflineMasterModelArgs const & __ptr64) __ptr64
I0205 19:32:02.377612  8288 master_component.cc:1340] ProcessBatchesArgs: nwt_target_name=nwt, batch_filename_size=18, batch_size=0, batch_weight_size=18, pwt_source_name=pwt, num_document_passes=1, regularizer=(name:smoothing, tau:100000), class=(text:1), class=(author:1), reuse_theta=yes, opt_for_avx=yes, predict_class_id=
I0205 19:32:02.424479  4792 processor.cc:724] Processing queue has data, processing started
I0205 19:32:02.424479  5544 processor.cc:724] Processing queue has data, processing started
I0205 19:32:02.424479  5544 processor.cc:802] Processor: start processing batch e2dc69e7-834d-4bba-a2d4-e316a0a79bc2 into model nwt
I0205 19:32:02.424479  4792 processor.cc:802] Processor: start processing batch 748f5505-2a1b-40b4-a3f6-91065f9d141e into model nwt
I0205 19:32:02.424479  5544 processor.cc:898] Processor: complete processing batch e2dc69e7-834d-4bba-a2d4-e316a0a79bc2 into model nwt
I0205 19:32:02.424479  5544 cuckoo_watch.h:45] 10ms in ProcessBatch(batches\aaaaaa.batch) [including 0ms in LoadMessage; 0ms in InitializeSparseNdw; 4ms in InferThetaAndUpdateNwtSparse; 2ms in CalculateScore(^^^ItemsProcessedScore^^^); ]
I0205 19:32:02.424479  5544 processor.cc:802] Processor: start processing batch d2d6d9aa-d22d-40bf-abf4-3cf22a876fea into model nwt
I0205 19:32:02.440109  4792 processor.cc:898] Processor: complete processing batch 748f5505-2a1b-40b4-a3f6-91065f9d141e into model nwt
I0205 19:32:02.440109  4792 cuckoo_watch.h:45] 17ms in ProcessBatch(batches\aaaaab.batch) [including 1ms in LoadMessage; 0ms in InitializeSparseNdw; 8ms in InferThetaAndUpdateNwtSparse; 5ms in CalculateScore(^^^ItemsProcessedScore^^^); ]
I0205 19:32:02.440109  4792 processor.cc:802] Processor: start processing batch 86635375-db1e-4058-bb44-851848345408 into model nwt
I0205 19:32:02.440109  5544 processor.cc:898] Processor: complete processing batch d2d6d9aa-d22d-40bf-abf4-3cf22a876fea into model nwt
I0205 19:32:02.440109  5544 cuckoo_watch.h:45] 18ms in ProcessBatch(batches\aaaaac.batch) [including 1ms in LoadMessage; 0ms in InitializeSparseNdw; 8ms in InferThetaAndUpdateNwtSparse; 5ms in CalculateScore(^^^ItemsProcessedScore^^^); ]
I0205 19:32:02.440109  5544 processor.cc:802] Processor: start processing batch 5bddb803-bada-4df1-907f-fae98d319177 into model nwt
I0205 19:32:02.455729  4792 processor.cc:898] Processor: complete processing batch 86635375-db1e-4058-bb44-851848345408 into model nwt
I0205 19:32:02.455729  4792 cuckoo_watch.h:45] 17ms in ProcessBatch(batches\aaaaad.batch) [including 1ms in LoadMessage; 0ms in InitializeSparseNdw; 8ms in InferThetaAndUpdateNwtSparse; 5ms in CalculateScore(^^^ItemsProcessedScore^^^); ]
I0205 19:32:02.455729  4792 processor.cc:802] Processor: start processing batch 6e06f638-8f50-40da-b3ad-273ec97d65a9 into model nwt
I0205 19:32:02.455729  5544 processor.cc:898] Processor: complete processing batch 5bddb803-bada-4df1-907f-fae98d319177 into model nwt
I0205 19:32:02.455729  5544 cuckoo_watch.h:45] 15ms in ProcessBatch(batches\aaaaae.batch) [including 1ms in LoadMessage; 0ms in InitializeSparseNdw; 7ms in InferThetaAndUpdateNwtSparse; 5ms in CalculateScore(^^^ItemsProcessedScore^^^); ]
I0205 19:32:02.471354  5544 processor.cc:802] Processor: start processing batch 1ad84e68-5226-431d-a12b-c9cf06a28dc4 into model nwt
I0205 19:32:02.471354  4792 processor.cc:898] Processor: complete processing batch 6e06f638-8f50-40da-b3ad-273ec97d65a9 into model nwt
I0205 19:32:02.471354  4792 cuckoo_watch.h:45] 17ms in ProcessBatch(batches\aaaaaf.batch) [including 1ms in LoadMessage; 0ms in InitializeSparseNdw; 8ms in InferThetaAndUpdateNwtSparse; 6ms in CalculateScore(^^^ItemsProcessedScore^^^); ]
I0205 19:32:02.471354  4792 processor.cc:802] Processor: start processing batch 77811393-809b-4e5b-9aae-98c81f679903 into model nwt
I0205 19:32:02.486979  5544 processor.cc:898] Processor: complete processing batch 1ad84e68-5226-431d-a12b-c9cf06a28dc4 into model nwt
I0205 19:32:02.486979  5544 cuckoo_watch.h:45] 25ms in ProcessBatch(batches\aaaaag.batch) [including 1ms in LoadMessage; 1ms in InitializeSparseNdw; 12ms in InferThetaAndUpdateNwtSparse; 9ms in CalculateScore(^^^ItemsProcessedScore^^^); ]
I0205 19:32:02.486979  5544 processor.cc:802] Processor: start processing batch c24fc9f6-d8da-4c2e-b003-68d31fc1a3d6 into model nwt
I0205 19:32:02.486979  4792 processor.cc:898] Processor: complete processing batch 77811393-809b-4e5b-9aae-98c81f679903 into model nwt
I0205 19:32:02.486979  4792 cuckoo_watch.h:45] 22ms in ProcessBatch(batches\aaaaah.batch) [including 1ms in LoadMessage; 1ms in InitializeSparseNdw; 10ms in InferThetaAndUpdateNwtSparse; 7ms in CalculateScore(^^^ItemsProcessedScore^^^); ]
I0205 19:32:02.502606  4792 processor.cc:802] Processor: start processing batch 022f6f8d-6b9c-4c6c-8512-d1b06161856a into model nwt
I0205 19:32:02.502606  5544 processor.cc:898] Processor: complete processing batch c24fc9f6-d8da-4c2e-b003-68d31fc1a3d6 into model nwt
I0205 19:32:02.502606  5544 cuckoo_watch.h:45] 19ms in ProcessBatch(batches\aaaaai.batch) [including 1ms in LoadMessage; 0ms in InitializeSparseNdw; 8ms in InferThetaAndUpdateNwtSparse; 6ms in CalculateScore(^^^ItemsProcessedScore^^^); ]
I0205 19:32:02.518237  5544 processor.cc:802] Processor: start processing batch afbe6d56-c959-4631-969f-0ab0ce8c546e into model nwt
I0205 19:32:02.533859  4792 processor.cc:898] Processor: complete processing batch 022f6f8d-6b9c-4c6c-8512-d1b06161856a into model nwt
I0205 19:32:02.533859  4792 cuckoo_watch.h:45] 38ms in ProcessBatch(batches\aaaaaj.batch) [including 2ms in LoadMessage; 2ms in InitializeSparseNdw; 19ms in InferThetaAndUpdateNwtSparse; 12ms in CalculateScore(^^^ItemsProcessedScore^^^); ]
I0205 19:32:02.533859  4792 processor.cc:802] Processor: start processing batch f0a8b42f-221d-4d7b-ae14-ac09b791229c into model nwt
I0205 19:32:02.580734  5544 processor.cc:898] Processor: complete processing batch afbe6d56-c959-4631-969f-0ab0ce8c546e into model nwt
I0205 19:32:02.580734  5544 cuckoo_watch.h:45] 72ms in ProcessBatch(batches\aaaaak.batch) [including 4ms in LoadMessage; 4ms in InitializeSparseNdw; 36ms in InferThetaAndUpdateNwtSparse; 24ms in CalculateScore(^^^ItemsProcessedScore^^^); ]
I0205 19:32:02.580734  5544 processor.cc:802] Processor: start processing batch 9af87286-ffde-4713-a485-505d7d52e900 into model nwt
I0205 19:32:02.596360  4792 processor.cc:898] Processor: complete processing batch f0a8b42f-221d-4d7b-ae14-ac09b791229c into model nwt
I0205 19:32:02.596360  4792 cuckoo_watch.h:45] 67ms in ProcessBatch(batches\aaaaal.batch) [including 3ms in LoadMessage; 4ms in InitializeSparseNdw; 33ms in InferThetaAndUpdateNwtSparse; 23ms in CalculateScore(^^^ItemsProcessedScore^^^); ]
I0205 19:32:02.596360  4792 processor.cc:802] Processor: start processing batch 12d54851-7905-46ad-9935-b192b4b8a25b into model nwt
I0205 19:32:02.643232  5544 processor.cc:898] Processor: complete processing batch 9af87286-ffde-4713-a485-505d7d52e900 into model nwt
I0205 19:32:02.643232  5544 cuckoo_watch.h:45] 70ms in ProcessBatch(batches\aaaaam.batch) [including 3ms in LoadMessage; 4ms in InitializeSparseNdw; 35ms in InferThetaAndUpdateNwtSparse; 24ms in CalculateScore(^^^ItemsProcessedScore^^^); ]
I0205 19:32:02.658857  5544 processor.cc:802] Processor: start processing batch 8ba78a03-b2fc-438c-a06c-ed351f1d2340 into model nwt
I0205 19:32:02.658857  4792 processor.cc:898] Processor: complete processing batch 12d54851-7905-46ad-9935-b192b4b8a25b into model nwt
I0205 19:32:02.658857  4792 cuckoo_watch.h:45] 58ms in ProcessBatch(batches\aaaaan.batch) [including 3ms in LoadMessage; 3ms in InitializeSparseNdw; 28ms in InferThetaAndUpdateNwtSparse; 20ms in CalculateScore(^^^ItemsProcessedScore^^^); ]
I0205 19:32:02.658857  4792 processor.cc:802] Processor: start processing batch 00b6b95d-f70e-4c7c-939d-e1e71173bcec into model nwt
I0205 19:32:02.705730  5544 processor.cc:898] Processor: complete processing batch 8ba78a03-b2fc-438c-a06c-ed351f1d2340 into model nwt
I0205 19:32:02.705730  5544 cuckoo_watch.h:45] 51ms in ProcessBatch(batches\aaaaao.batch) [including 2ms in LoadMessage; 3ms in InitializeSparseNdw; 25ms in InferThetaAndUpdateNwtSparse; 17ms in CalculateScore(^^^ItemsProcessedScore^^^); ]
I0205 19:32:02.705730  4792 processor.cc:898] Processor: complete processing batch 00b6b95d-f70e-4c7c-939d-e1e71173bcec into model nwt
I0205 19:32:02.705730  5544 processor.cc:802] Processor: start processing batch e19d6e21-d8b1-43db-9892-c7ed588d8f31 into model nwt
I0205 19:32:02.705730  4792 cuckoo_watch.h:45] 46ms in ProcessBatch(batches\aaaaap.batch) [including 2ms in LoadMessage; 2ms in InitializeSparseNdw; 23ms in InferThetaAndUpdateNwtSparse; 16ms in CalculateScore(^^^ItemsProcessedScore^^^); ]
I0205 19:32:02.705730  4792 processor.cc:802] Processor: start processing batch 3a7910a9-6557-415a-b131-2b10295b1de7 into model nwt
I0205 19:32:02.705730  4792 processor.cc:898] Processor: complete processing batch 3a7910a9-6557-415a-b131-2b10295b1de7 into model nwt
I0205 19:32:02.705730  4792 cuckoo_watch.h:45] 3ms in ProcessBatch(batches\aaaaar.batch) [including 0ms in LoadMessage; 0ms in InitializeSparseNdw; 1ms in InferThetaAndUpdateNwtSparse; 0ms in CalculateScore(^^^ItemsProcessedScore^^^); ]
I0205 19:32:02.705730  5544 processor.cc:898] Processor: complete processing batch e19d6e21-d8b1-43db-9892-c7ed588d8f31 into model nwt
I0205 19:32:02.705730  5544 cuckoo_watch.h:45] 12ms in ProcessBatch(batches\aaaaaq.batch) [including 0ms in LoadMessage; 0ms in InitializeSparseNdw; 5ms in InferThetaAndUpdateNwtSparse; 3ms in CalculateScore(^^^ItemsProcessedScore^^^); ]
I0205 19:32:02.721364  8288 master_component.cc:1378] RegularizeModelArgs: rwt_target_name=rwt, pwt_source_name=pwt, nwt_source_name=nwt
I0205 19:32:02.721364  8288 master_component.cc:922] MasterComponent: start regularizing model pwt
I0205 19:32:02.830729  8288 master_component.cc:948] MasterComponent: complete regularizing model pwt
I0205 19:32:02.830729  8288 master_component.cc:1391] NormalizeModelArgs: pwt_target_name=pwt, nwt_source_name=nwt, rwt_source_name=rwt
I0205 19:32:02.830729  8288 master_component.cc:952] MasterComponent: start normalizing model nwt
I0205 19:32:02.908855  8288 master_component.cc:980] MasterComponent: complete normalizing model nwt
I0205 19:32:02.986985  8288 master_component.cc:1415] DisposeModel rwt
I0205 19:32:03.002609  8288 master_component.cc:1005] FitOffline: ItemsProcessed, num_items=1728, num_batches=18, token_weight=808522, token_weight_in_effect=808522
I0205 19:32:03.018234  4792 processor.cc:717] No data in processing queue, waiting...
I0205 19:32:03.018234  2964 c_interface.cc:559] Pass GetScoreValueArgs, score_name=^^^ItemsProcessedScore^^^ to MasterComponent::Request
I0205 19:32:03.018234  2964 c_interface.cc:230] ArtmCopyRequestedMessage is copying 46 bytes...
I0205 19:32:03.018234  8288 c_interface.cc:386] Pass FitOfflineMasterModelArgs, batch_filename_size=18, batch_weight_size=18, num_collection_passes=1 to void (__cdecl artm::core::MasterComponent::*)(class artm::FitOfflineMasterModelArgs const & __ptr64) __ptr64
I0205 19:32:03.018234  8288 master_component.cc:1340] ProcessBatchesArgs: nwt_target_name=nwt, batch_filename_size=18, batch_size=0, batch_weight_size=18, pwt_source_name=pwt, num_document_passes=1, regularizer=(name:smoothing, tau:100000), class=(text:1), class=(author:1), reuse_theta=yes, opt_for_avx=yes, predict_class_id=
I0205 19:32:03.033859  5544 processor.cc:717] No data in processing queue, waiting...
I0205 19:32:03.065109  5544 processor.cc:724] Processing queue has data, processing started
I0205 19:32:03.065109  4792 processor.cc:724] Processing queue has data, processing started
I0205 19:32:03.065109  5544 processor.cc:802] Processor: start processing batch e2dc69e7-834d-4bba-a2d4-e316a0a79bc2 into model nwt
I0205 19:32:03.065109  4792 processor.cc:802] Processor: start processing batch 748f5505-2a1b-40b4-a3f6-91065f9d141e into model nwt
I0205 19:32:03.065109  5544 processor.cc:898] Processor: complete processing batch e2dc69e7-834d-4bba-a2d4-e316a0a79bc2 into model nwt
I0205 19:32:03.065109  5544 cuckoo_watch.h:45] 10ms in ProcessBatch(batches\aaaaaa.batch) [including 0ms in LoadMessage; 0ms in InitializeSparseNdw; 4ms in InferThetaAndUpdateNwtSparse; 2ms in CalculateScore(^^^ItemsProcessedScore^^^); ]
I0205 19:32:03.065109  5544 processor.cc:802] Processor: start processing batch d2d6d9aa-d22d-40bf-abf4-3cf22a876fea into model nwt
I0205 19:32:03.080731  4792 processor.cc:898] Processor: complete processing batch 748f5505-2a1b-40b4-a3f6-91065f9d141e into model nwt
I0205 19:32:03.080731  4792 cuckoo_watch.h:45] 17ms in ProcessBatch(batches\aaaaab.batch) [including 1ms in LoadMessage; 0ms in InitializeSparseNdw; 8ms in InferThetaAndUpdateNwtSparse; 5ms in CalculateScore(^^^ItemsProcessedScore^^^); ]
I0205 19:32:03.080731  4792 processor.cc:802] Processor: start processing batch 86635375-db1e-4058-bb44-851848345408 into model nwt
I0205 19:32:03.080731  5544 processor.cc:898] Processor: complete processing batch d2d6d9aa-d22d-40bf-abf4-3cf22a876fea into model nwt
I0205 19:32:03.080731  5544 cuckoo_watch.h:45] 18ms in ProcessBatch(batches\aaaaac.batch) [including 1ms in LoadMessage; 0ms in InitializeSparseNdw; 8ms in InferThetaAndUpdateNwtSparse; 5ms in CalculateScore(^^^ItemsProcessedScore^^^); ]
I0205 19:32:03.080731  5544 processor.cc:802] Processor: start processing batch 5bddb803-bada-4df1-907f-fae98d319177 into model nwt
I0205 19:32:03.096356  4792 processor.cc:898] Processor: complete processing batch 86635375-db1e-4058-bb44-851848345408 into model nwt
I0205 19:32:03.096356  4792 cuckoo_watch.h:45] 17ms in ProcessBatch(batches\aaaaad.batch) [including 1ms in LoadMessage; 0ms in InitializeSparseNdw; 8ms in InferThetaAndUpdateNwtSparse; 5ms in CalculateScore(^^^ItemsProcessedScore^^^); ]
I0205 19:32:03.096356  4792 processor.cc:802] Processor: start processing batch 6e06f638-8f50-40da-b3ad-273ec97d65a9 into model nwt
I0205 19:32:03.096356  5544 processor.cc:898] Processor: complete processing batch 5bddb803-bada-4df1-907f-fae98d319177 into model nwt
I0205 19:32:03.096356  5544 cuckoo_watch.h:45] 15ms in ProcessBatch(batches\aaaaae.batch) [including 1ms in LoadMessage; 0ms in InitializeSparseNdw; 7ms in InferThetaAndUpdateNwtSparse; 5ms in CalculateScore(^^^ItemsProcessedScore^^^); ]
I0205 19:32:03.111985  5544 processor.cc:802] Processor: start processing batch 1ad84e68-5226-431d-a12b-c9cf06a28dc4 into model nwt
I0205 19:32:03.111985  4792 processor.cc:898] Processor: complete processing batch 6e06f638-8f50-40da-b3ad-273ec97d65a9 into model nwt
I0205 19:32:03.111985  4792 cuckoo_watch.h:45] 18ms in ProcessBatch(batches\aaaaaf.batch) [including 1ms in LoadMessage; 0ms in InitializeSparseNdw; 8ms in InferThetaAndUpdateNwtSparse; 6ms in CalculateScore(^^^ItemsProcessedScore^^^); ]
I0205 19:32:03.111985  4792 processor.cc:802] Processor: start processing batch 77811393-809b-4e5b-9aae-98c81f679903 into model nwt
I0205 19:32:03.127606  5544 processor.cc:898] Processor: complete processing batch 1ad84e68-5226-431d-a12b-c9cf06a28dc4 into model nwt
I0205 19:32:03.127606  5544 cuckoo_watch.h:45] 25ms in ProcessBatch(batches\aaaaag.batch) [including 1ms in LoadMessage; 1ms in InitializeSparseNdw; 12ms in InferThetaAndUpdateNwtSparse; 9ms in CalculateScore(^^^ItemsProcessedScore^^^); ]
I0205 19:32:03.127606  5544 processor.cc:802] Processor: start processing batch c24fc9f6-d8da-4c2e-b003-68d31fc1a3d6 into model nwt
I0205 19:32:03.127606  4792 processor.cc:898] Processor: complete processing batch 77811393-809b-4e5b-9aae-98c81f679903 into model nwt
I0205 19:32:03.127606  4792 cuckoo_watch.h:45] 21ms in ProcessBatch(batches\aaaaah.batch) [including 1ms in LoadMessage; 1ms in InitializeSparseNdw; 10ms in InferThetaAndUpdateNwtSparse; 6ms in CalculateScore(^^^ItemsProcessedScore^^^); ]
I0205 19:32:03.143231  4792 processor.cc:802] Processor: start processing batch 022f6f8d-6b9c-4c6c-8512-d1b06161856a into model nwt
I0205 19:32:03.143231  5544 processor.cc:898] Processor: complete processing batch c24fc9f6-d8da-4c2e-b003-68d31fc1a3d6 into model nwt
I0205 19:32:03.143231  5544 cuckoo_watch.h:45] 18ms in ProcessBatch(batches\aaaaai.batch) [including 1ms in LoadMessage; 0ms in InitializeSparseNdw; 8ms in InferThetaAndUpdateNwtSparse; 5ms in CalculateScore(^^^ItemsProcessedScore^^^); ]
I0205 19:32:03.158856  5544 processor.cc:802] Processor: start processing batch afbe6d56-c959-4631-969f-0ab0ce8c546e into model nwt
I0205 19:32:03.174480  4792 processor.cc:898] Processor: complete processing batch 022f6f8d-6b9c-4c6c-8512-d1b06161856a into model nwt
I0205 19:32:03.174480  4792 cuckoo_watch.h:45] 37ms in ProcessBatch(batches\aaaaaj.batch) [including 2ms in LoadMessage; 2ms in InitializeSparseNdw; 18ms in InferThetaAndUpdateNwtSparse; 12ms in CalculateScore(^^^ItemsProcessedScore^^^); ]
I0205 19:32:03.174480  4792 processor.cc:802] Processor: start processing batch f0a8b42f-221d-4d7b-ae14-ac09b791229c into model nwt
I0205 19:32:03.221354  5544 processor.cc:898] Processor: complete processing batch afbe6d56-c959-4631-969f-0ab0ce8c546e into model nwt
I0205 19:32:03.221354  5544 cuckoo_watch.h:45] 70ms in ProcessBatch(batches\aaaaak.batch) [including 3ms in LoadMessage; 4ms in InitializeSparseNdw; 35ms in InferThetaAndUpdateNwtSparse; 24ms in CalculateScore(^^^ItemsProcessedScore^^^); ]
I0205 19:32:03.221354  5544 processor.cc:802] Processor: start processing batch 9af87286-ffde-4713-a485-505d7d52e900 into model nwt
I0205 19:32:03.236981  4792 processor.cc:898] Processor: complete processing batch f0a8b42f-221d-4d7b-ae14-ac09b791229c into model nwt
I0205 19:32:03.236981  4792 cuckoo_watch.h:45] 67ms in ProcessBatch(batches\aaaaal.batch) [including 3ms in LoadMessage; 4ms in InitializeSparseNdw; 32ms in InferThetaAndUpdateNwtSparse; 23ms in CalculateScore(^^^ItemsProcessedScore^^^); ]
I0205 19:32:03.236981  4792 processor.cc:802] Processor: start processing batch 12d54851-7905-46ad-9935-b192b4b8a25b into model nwt
I0205 19:32:03.283855  5544 processor.cc:898] Processor: complete processing batch 9af87286-ffde-4713-a485-505d7d52e900 into model nwt
I0205 19:32:03.283855  5544 cuckoo_watch.h:45] 70ms in ProcessBatch(batches\aaaaam.batch) [including 3ms in LoadMessage; 4ms in InitializeSparseNdw; 35ms in InferThetaAndUpdateNwtSparse; 24ms in CalculateScore(^^^ItemsProcessedScore^^^); ]
I0205 19:32:03.299484  5544 processor.cc:802] Processor: start processing batch 8ba78a03-b2fc-438c-a06c-ed351f1d2340 into model nwt
I0205 19:32:03.299484  4792 processor.cc:898] Processor: complete processing batch 12d54851-7905-46ad-9935-b192b4b8a25b into model nwt
I0205 19:32:03.299484  4792 cuckoo_watch.h:45] 59ms in ProcessBatch(batches\aaaaan.batch) [including 3ms in LoadMessage; 3ms in InitializeSparseNdw; 29ms in InferThetaAndUpdateNwtSparse; 21ms in CalculateScore(^^^ItemsProcessedScore^^^); ]
I0205 19:32:03.299484  4792 processor.cc:802] Processor: start processing batch 00b6b95d-f70e-4c7c-939d-e1e71173bcec into model nwt
I0205 19:32:03.346355  5544 processor.cc:898] Processor: complete processing batch 8ba78a03-b2fc-438c-a06c-ed351f1d2340 into model nwt
I0205 19:32:03.346355  5544 cuckoo_watch.h:45] 51ms in ProcessBatch(batches\aaaaao.batch) [including 2ms in LoadMessage; 3ms in InitializeSparseNdw; 25ms in InferThetaAndUpdateNwtSparse; 17ms in CalculateScore(^^^ItemsProcessedScore^^^); ]
I0205 19:32:03.346355  5544 processor.cc:802] Processor: start processing batch e19d6e21-d8b1-43db-9892-c7ed588d8f31 into model nwt
I0205 19:32:03.346355  4792 processor.cc:898] Processor: complete processing batch 00b6b95d-f70e-4c7c-939d-e1e71173bcec into model nwt
I0205 19:32:03.346355  4792 cuckoo_watch.h:45] 46ms in ProcessBatch(batches\aaaaap.batch) [including 2ms in LoadMessage; 2ms in InitializeSparseNdw; 23ms in InferThetaAndUpdateNwtSparse; 15ms in CalculateScore(^^^ItemsProcessedScore^^^); ]
I0205 19:32:03.346355  4792 processor.cc:802] Processor: start processing batch 3a7910a9-6557-415a-b131-2b10295b1de7 into model nwt
I0205 19:32:03.346355  4792 processor.cc:898] Processor: complete processing batch 3a7910a9-6557-415a-b131-2b10295b1de7 into model nwt
I0205 19:32:03.346355  4792 cuckoo_watch.h:45] 3ms in ProcessBatch(batches\aaaaar.batch) [including 0ms in LoadMessage; 0ms in InitializeSparseNdw; 1ms in InferThetaAndUpdateNwtSparse; 0ms in CalculateScore(^^^ItemsProcessedScore^^^); ]
I0205 19:32:03.346355  5544 processor.cc:898] Processor: complete processing batch e19d6e21-d8b1-43db-9892-c7ed588d8f31 into model nwt
I0205 19:32:03.346355  5544 cuckoo_watch.h:45] 12ms in ProcessBatch(batches\aaaaaq.batch) [including 0ms in LoadMessage; 0ms in InitializeSparseNdw; 5ms in InferThetaAndUpdateNwtSparse; 3ms in CalculateScore(^^^ItemsProcessedScore^^^); ]
I0205 19:32:03.361984  8288 master_component.cc:1378] RegularizeModelArgs: rwt_target_name=rwt, pwt_source_name=pwt, nwt_source_name=nwt
I0205 19:32:03.361984  8288 master_component.cc:922] MasterComponent: start regularizing model pwt
I0205 19:32:03.471361  8288 master_component.cc:948] MasterComponent: complete regularizing model pwt
I0205 19:32:03.471361  8288 master_component.cc:1391] NormalizeModelArgs: pwt_target_name=pwt, nwt_source_name=nwt, rwt_source_name=rwt
I0205 19:32:03.471361  8288 master_component.cc:952] MasterComponent: start normalizing model nwt
I0205 19:32:03.549481  8288 master_component.cc:980] MasterComponent: complete normalizing model nwt
I0205 19:32:03.643234  8288 master_component.cc:1415] DisposeModel rwt
I0205 19:32:03.643234  8288 master_component.cc:1005] FitOffline: ItemsProcessed, num_items=1728, num_batches=18, token_weight=808522, token_weight_in_effect=808522
I0205 19:32:03.658859  2964 c_interface.cc:559] Pass GetScoreValueArgs, score_name=^^^ItemsProcessedScore^^^ to MasterComponent::Request
I0205 19:32:03.658859  2964 c_interface.cc:230] ArtmCopyRequestedMessage is copying 46 bytes...
I0205 19:32:03.658859  8288 c_interface.cc:386] Pass FitOfflineMasterModelArgs, batch_filename_size=18, batch_weight_size=18, num_collection_passes=1 to void (__cdecl artm::core::MasterComponent::*)(class artm::FitOfflineMasterModelArgs const & __ptr64) __ptr64
I0205 19:32:03.658859  8288 master_component.cc:1340] ProcessBatchesArgs: nwt_target_name=nwt, batch_filename_size=18, batch_size=0, batch_weight_size=18, pwt_source_name=pwt, num_document_passes=1, regularizer=(name:smoothing, tau:100000), class=(text:1), class=(author:1), reuse_theta=yes, opt_for_avx=yes, predict_class_id=
I0205 19:32:03.705737  5544 processor.cc:802] Processor: start processing batch e2dc69e7-834d-4bba-a2d4-e316a0a79bc2 into model nwt
I0205 19:32:03.705737  4792 processor.cc:802] Processor: start processing batch 748f5505-2a1b-40b4-a3f6-91065f9d141e into model nwt
I0205 19:32:03.705737  5544 processor.cc:898] Processor: complete processing batch e2dc69e7-834d-4bba-a2d4-e316a0a79bc2 into model nwt
I0205 19:32:03.705737  5544 cuckoo_watch.h:45] 10ms in ProcessBatch(batches\aaaaaa.batch) [including 0ms in LoadMessage; 0ms in InitializeSparseNdw; 4ms in InferThetaAndUpdateNwtSparse; 2ms in CalculateScore(^^^ItemsProcessedScore^^^); ]
I0205 19:32:03.705737  5544 processor.cc:802] Processor: start processing batch d2d6d9aa-d22d-40bf-abf4-3cf22a876fea into model nwt
I0205 19:32:03.721359  4792 processor.cc:898] Processor: complete processing batch 748f5505-2a1b-40b4-a3f6-91065f9d141e into model nwt
I0205 19:32:03.721359  4792 cuckoo_watch.h:45] 17ms in ProcessBatch(batches\aaaaab.batch) [including 1ms in LoadMessage; 0ms in InitializeSparseNdw; 8ms in InferThetaAndUpdateNwtSparse; 5ms in CalculateScore(^^^ItemsProcessedScore^^^); ]
I0205 19:32:03.721359  4792 processor.cc:802] Processor: start processing batch 86635375-db1e-4058-bb44-851848345408 into model nwt
I0205 19:32:03.721359  5544 processor.cc:898] Processor: complete processing batch d2d6d9aa-d22d-40bf-abf4-3cf22a876fea into model nwt
I0205 19:32:03.721359  5544 cuckoo_watch.h:45] 18ms in ProcessBatch(batches\aaaaac.batch) [including 1ms in LoadMessage; 0ms in InitializeSparseNdw; 9ms in InferThetaAndUpdateNwtSparse; 6ms in CalculateScore(^^^ItemsProcessedScore^^^); ]
I0205 19:32:03.736982  5544 processor.cc:802] Processor: start processing batch 5bddb803-bada-4df1-907f-fae98d319177 into model nwt
I0205 19:32:03.736982  4792 processor.cc:898] Processor: complete processing batch 86635375-db1e-4058-bb44-851848345408 into model nwt
I0205 19:32:03.736982  4792 cuckoo_watch.h:45] 18ms in ProcessBatch(batches\aaaaad.batch) [including 1ms in LoadMessage; 0ms in InitializeSparseNdw; 8ms in InferThetaAndUpdateNwtSparse; 5ms in CalculateScore(^^^ItemsProcessedScore^^^); ]
I0205 19:32:03.736982  4792 processor.cc:802] Processor: start processing batch 6e06f638-8f50-40da-b3ad-273ec97d65a9 into model nwt
I0205 19:32:03.736982  5544 processor.cc:898] Processor: complete processing batch 5bddb803-bada-4df1-907f-fae98d319177 into model nwt
I0205 19:32:03.736982  5544 cuckoo_watch.h:45] 15ms in ProcessBatch(batches\aaaaae.batch) [including 1ms in LoadMessage; 0ms in InitializeSparseNdw; 7ms in InferThetaAndUpdateNwtSparse; 5ms in CalculateScore(^^^ItemsProcessedScore^^^); ]
I0205 19:32:03.752609  5544 processor.cc:802] Processor: start processing batch 1ad84e68-5226-431d-a12b-c9cf06a28dc4 into model nwt
I0205 19:32:03.752609  4792 processor.cc:898] Processor: complete processing batch 6e06f638-8f50-40da-b3ad-273ec97d65a9 into model nwt
I0205 19:32:03.752609  4792 cuckoo_watch.h:45] 18ms in ProcessBatch(batches\aaaaaf.batch) [including 1ms in LoadMessage; 0ms in InitializeSparseNdw; 8ms in InferThetaAndUpdateNwtSparse; 5ms in CalculateScore(^^^ItemsProcessedScore^^^); ]
I0205 19:32:03.752609  4792 processor.cc:802] Processor: start processing batch 77811393-809b-4e5b-9aae-98c81f679903 into model nwt
I0205 19:32:03.768232  5544 processor.cc:898] Processor: complete processing batch 1ad84e68-5226-431d-a12b-c9cf06a28dc4 into model nwt
I0205 19:32:03.768232  5544 cuckoo_watch.h:45] 25ms in ProcessBatch(batches\aaaaag.batch) [including 1ms in LoadMessage; 1ms in InitializeSparseNdw; 12ms in InferThetaAndUpdateNwtSparse; 9ms in CalculateScore(^^^ItemsProcessedScore^^^); ]
I0205 19:32:03.768232  5544 processor.cc:802] Processor: start processing batch c24fc9f6-d8da-4c2e-b003-68d31fc1a3d6 into model nwt
I0205 19:32:03.768232  4792 processor.cc:898] Processor: complete processing batch 77811393-809b-4e5b-9aae-98c81f679903 into model nwt
I0205 19:32:03.768232  4792 cuckoo_watch.h:45] 21ms in ProcessBatch(batches\aaaaah.batch) [including 1ms in LoadMessage; 1ms in InitializeSparseNdw; 10ms in InferThetaAndUpdateNwtSparse; 6ms in CalculateScore(^^^ItemsProcessedScore^^^); ]
I0205 19:32:03.783857  4792 processor.cc:802] Processor: start processing batch 022f6f8d-6b9c-4c6c-8512-d1b06161856a into model nwt
I0205 19:32:03.783857  5544 processor.cc:898] Processor: complete processing batch c24fc9f6-d8da-4c2e-b003-68d31fc1a3d6 into model nwt
I0205 19:32:03.783857  5544 cuckoo_watch.h:45] 18ms in ProcessBatch(batches\aaaaai.batch) [including 1ms in LoadMessage; 0ms in InitializeSparseNdw; 9ms in InferThetaAndUpdateNwtSparse; 6ms in CalculateScore(^^^ItemsProcessedScore^^^); ]
I0205 19:32:03.799482  5544 processor.cc:802] Processor: start processing batch afbe6d56-c959-4631-969f-0ab0ce8c546e into model nwt
I0205 19:32:03.815112  4792 processor.cc:898] Processor: complete processing batch 022f6f8d-6b9c-4c6c-8512-d1b06161856a into model nwt
I0205 19:32:03.815112  4792 cuckoo_watch.h:45] 38ms in ProcessBatch(batches\aaaaaj.batch) [including 2ms in LoadMessage; 2ms in InitializeSparseNdw; 19ms in InferThetaAndUpdateNwtSparse; 13ms in CalculateScore(^^^ItemsProcessedScore^^^); ]
I0205 19:32:03.815112  4792 processor.cc:802] Processor: start processing batch f0a8b42f-221d-4d7b-ae14-ac09b791229c into model nwt
I0205 19:32:03.861981  5544 processor.cc:898] Processor: complete processing batch afbe6d56-c959-4631-969f-0ab0ce8c546e into model nwt
I0205 19:32:03.861981  5544 cuckoo_watch.h:45] 71ms in ProcessBatch(batches\aaaaak.batch) [including 3ms in LoadMessage; 4ms in InitializeSparseNdw; 35ms in InferThetaAndUpdateNwtSparse; 24ms in CalculateScore(^^^ItemsProcessedScore^^^); ]
I0205 19:32:03.861981  5544 processor.cc:802] Processor: start processing batch 9af87286-ffde-4713-a485-505d7d52e900 into model nwt
I0205 19:32:03.877607  4792 processor.cc:898] Processor: complete processing batch f0a8b42f-221d-4d7b-ae14-ac09b791229c into model nwt
I0205 19:32:03.877607  4792 cuckoo_watch.h:45] 67ms in ProcessBatch(batches\aaaaal.batch) [including 3ms in LoadMessage; 4ms in InitializeSparseNdw; 33ms in InferThetaAndUpdateNwtSparse; 23ms in CalculateScore(^^^ItemsProcessedScore^^^); ]
I0205 19:32:03.877607  4792 processor.cc:802] Processor: start processing batch 12d54851-7905-46ad-9935-b192b4b8a25b into model nwt
I0205 19:32:03.924481  5544 processor.cc:898] Processor: complete processing batch 9af87286-ffde-4713-a485-505d7d52e900 into model nwt
I0205 19:32:03.924481  5544 cuckoo_watch.h:45] 71ms in ProcessBatch(batches\aaaaam.batch) [including 3ms in LoadMessage; 4ms in InitializeSparseNdw; 36ms in InferThetaAndUpdateNwtSparse; 24ms in CalculateScore(^^^ItemsProcessedScore^^^); ]
I0205 19:32:03.940106  5544 processor.cc:802] Processor: start processing batch 8ba78a03-b2fc-438c-a06c-ed351f1d2340 into model nwt
I0205 19:32:03.940106  4792 processor.cc:898] Processor: complete processing batch 12d54851-7905-46ad-9935-b192b4b8a25b into model nwt
I0205 19:32:03.940106  4792 cuckoo_watch.h:45] 59ms in ProcessBatch(batches\aaaaan.batch) [including 3ms in LoadMessage; 3ms in InitializeSparseNdw; 29ms in InferThetaAndUpdateNwtSparse; 20ms in CalculateScore(^^^ItemsProcessedScore^^^); ]
I0205 19:32:03.940106  4792 processor.cc:802] Processor: start processing batch 00b6b95d-f70e-4c7c-939d-e1e71173bcec into model nwt
I0205 19:32:03.986981  5544 processor.cc:898] Processor: complete processing batch 8ba78a03-b2fc-438c-a06c-ed351f1d2340 into model nwt
I0205 19:32:03.986981  5544 cuckoo_watch.h:45] 51ms in ProcessBatch(batches\aaaaao.batch) [including 2ms in LoadMessage; 3ms in InitializeSparseNdw; 25ms in InferThetaAndUpdateNwtSparse; 17ms in CalculateScore(^^^ItemsProcessedScore^^^); ]
I0205 19:32:03.986981  5544 processor.cc:802] Processor: start processing batch e19d6e21-d8b1-43db-9892-c7ed588d8f31 into model nwt
I0205 19:32:03.986981  4792 processor.cc:898] Processor: complete processing batch 00b6b95d-f70e-4c7c-939d-e1e71173bcec into model nwt
I0205 19:32:03.986981  4792 cuckoo_watch.h:45] 46ms in ProcessBatch(batches\aaaaap.batch) [including 2ms in LoadMessage; 2ms in InitializeSparseNdw; 22ms in InferThetaAndUpdateNwtSparse; 16ms in CalculateScore(^^^ItemsProcessedScore^^^); ]
I0205 19:32:03.986981  4792 processor.cc:802] Processor: start processing batch 3a7910a9-6557-415a-b131-2b10295b1de7 into model nwt
I0205 19:32:03.986981  4792 processor.cc:898] Processor: complete processing batch 3a7910a9-6557-415a-b131-2b10295b1de7 into model nwt
I0205 19:32:03.986981  4792 cuckoo_watch.h:45] 3ms in ProcessBatch(batches\aaaaar.batch) [including 0ms in LoadMessage; 0ms in InitializeSparseNdw; 1ms in InferThetaAndUpdateNwtSparse; 0ms in CalculateScore(^^^ItemsProcessedScore^^^); ]
I0205 19:32:03.986981  5544 processor.cc:898] Processor: complete processing batch e19d6e21-d8b1-43db-9892-c7ed588d8f31 into model nwt
I0205 19:32:03.986981  5544 cuckoo_watch.h:45] 12ms in ProcessBatch(batches\aaaaaq.batch) [including 0ms in LoadMessage; 0ms in InitializeSparseNdw; 5ms in InferThetaAndUpdateNwtSparse; 3ms in CalculateScore(^^^ItemsProcessedScore^^^); ]
I0205 19:32:04.002609  8288 master_component.cc:1378] RegularizeModelArgs: rwt_target_name=rwt, pwt_source_name=pwt, nwt_source_name=nwt
I0205 19:32:04.002609  8288 master_component.cc:922] MasterComponent: start regularizing model pwt
I0205 19:32:04.111986  8288 master_component.cc:948] MasterComponent: complete regularizing model pwt
I0205 19:32:04.111986  8288 master_component.cc:1391] NormalizeModelArgs: pwt_target_name=pwt, nwt_source_name=nwt, rwt_source_name=rwt
I0205 19:32:04.111986  8288 master_component.cc:952] MasterComponent: start normalizing model nwt
I0205 19:32:04.190114  8288 master_component.cc:980] MasterComponent: complete normalizing model nwt
I0205 19:32:04.268235  8288 master_component.cc:1415] DisposeModel rwt
I0205 19:32:04.283860  5544 processor.cc:717] No data in processing queue, waiting...
I0205 19:32:04.283860  8288 master_component.cc:1005] FitOffline: ItemsProcessed, num_items=1728, num_batches=18, token_weight=808522, token_weight_in_effect=808522
I0205 19:32:04.299487  4792 processor.cc:717] No data in processing queue, waiting...
I0205 19:32:04.299487  2964 c_interface.cc:559] Pass GetScoreValueArgs, score_name=^^^ItemsProcessedScore^^^ to MasterComponent::Request
I0205 19:32:04.299487  2964 c_interface.cc:230] ArtmCopyRequestedMessage is copying 46 bytes...
I0205 19:32:04.299487  8288 c_interface.cc:386] Pass FitOfflineMasterModelArgs, batch_filename_size=18, batch_weight_size=18, num_collection_passes=1 to void (__cdecl artm::core::MasterComponent::*)(class artm::FitOfflineMasterModelArgs const & __ptr64) __ptr64
I0205 19:32:04.299487  8288 master_component.cc:1340] ProcessBatchesArgs: nwt_target_name=nwt, batch_filename_size=18, batch_size=0, batch_weight_size=18, pwt_source_name=pwt, num_document_passes=1, regularizer=(name:smoothing, tau:100000), class=(text:1), class=(author:1), reuse_theta=yes, opt_for_avx=yes, predict_class_id=
I0205 19:32:04.361986  5544 processor.cc:724] Processing queue has data, processing started
I0205 19:32:04.361986  4792 processor.cc:724] Processing queue has data, processing started
I0205 19:32:04.361986  5544 processor.cc:802] Processor: start processing batch e2dc69e7-834d-4bba-a2d4-e316a0a79bc2 into model nwt
I0205 19:32:04.361986  4792 processor.cc:802] Processor: start processing batch 748f5505-2a1b-40b4-a3f6-91065f9d141e into model nwt
I0205 19:32:04.361986  5544 processor.cc:898] Processor: complete processing batch e2dc69e7-834d-4bba-a2d4-e316a0a79bc2 into model nwt
I0205 19:32:04.361986  5544 cuckoo_watch.h:45] 10ms in ProcessBatch(batches\aaaaaa.batch) [including 0ms in LoadMessage; 0ms in InitializeSparseNdw; 4ms in InferThetaAndUpdateNwtSparse; 2ms in CalculateScore(^^^ItemsProcessedScore^^^); ]
I0205 19:32:04.361986  5544 processor.cc:802] Processor: start processing batch d2d6d9aa-d22d-40bf-abf4-3cf22a876fea into model nwt
I0205 19:32:04.377642  4792 processor.cc:898] Processor: complete processing batch 748f5505-2a1b-40b4-a3f6-91065f9d141e into model nwt
I0205 19:32:04.377642  4792 cuckoo_watch.h:45] 17ms in ProcessBatch(batches\aaaaab.batch) [including 1ms in LoadMessage; 0ms in InitializeSparseNdw; 8ms in InferThetaAndUpdateNwtSparse; 5ms in CalculateScore(^^^ItemsProcessedScore^^^); ]
I0205 19:32:04.377642  4792 processor.cc:802] Processor: start processing batch 86635375-db1e-4058-bb44-851848345408 into model nwt
I0205 19:32:04.377642  5544 processor.cc:898] Processor: complete processing batch d2d6d9aa-d22d-40bf-abf4-3cf22a876fea into model nwt
I0205 19:32:04.377642  5544 cuckoo_watch.h:45] 19ms in ProcessBatch(batches\aaaaac.batch) [including 1ms in LoadMessage; 0ms in InitializeSparseNdw; 9ms in InferThetaAndUpdateNwtSparse; 6ms in CalculateScore(^^^ItemsProcessedScore^^^); ]
I0205 19:32:04.393239  5544 processor.cc:802] Processor: start processing batch 5bddb803-bada-4df1-907f-fae98d319177 into model nwt
I0205 19:32:04.393239  4792 processor.cc:898] Processor: complete processing batch 86635375-db1e-4058-bb44-851848345408 into model nwt
I0205 19:32:04.393239  4792 cuckoo_watch.h:45] 18ms in ProcessBatch(batches\aaaaad.batch) [including 1ms in LoadMessage; 0ms in InitializeSparseNdw; 8ms in InferThetaAndUpdateNwtSparse; 5ms in CalculateScore(^^^ItemsProcessedScore^^^); ]
I0205 19:32:04.393239  4792 processor.cc:802] Processor: start processing batch 6e06f638-8f50-40da-b3ad-273ec97d65a9 into model nwt
I0205 19:32:04.393239  5544 processor.cc:898] Processor: complete processing batch 5bddb803-bada-4df1-907f-fae98d319177 into model nwt
I0205 19:32:04.393239  5544 cuckoo_watch.h:45] 15ms in ProcessBatch(batches\aaaaae.batch) [including 1ms in LoadMessage; 0ms in InitializeSparseNdw; 7ms in InferThetaAndUpdateNwtSparse; 5ms in CalculateScore(^^^ItemsProcessedScore^^^); ]
I0205 19:32:04.408867  5544 processor.cc:802] Processor: start processing batch 1ad84e68-5226-431d-a12b-c9cf06a28dc4 into model nwt
I0205 19:32:04.408867  4792 processor.cc:898] Processor: complete processing batch 6e06f638-8f50-40da-b3ad-273ec97d65a9 into model nwt
I0205 19:32:04.408867  4792 cuckoo_watch.h:45] 18ms in ProcessBatch(batches\aaaaaf.batch) [including 1ms in LoadMessage; 0ms in InitializeSparseNdw; 8ms in InferThetaAndUpdateNwtSparse; 6ms in CalculateScore(^^^ItemsProcessedScore^^^); ]
I0205 19:32:04.408867  4792 processor.cc:802] Processor: start processing batch 77811393-809b-4e5b-9aae-98c81f679903 into model nwt
I0205 19:32:04.424489  4792 processor.cc:898] Processor: complete processing batch 77811393-809b-4e5b-9aae-98c81f679903 into model nwt
I0205 19:32:04.424489  4792 cuckoo_watch.h:45] 22ms in ProcessBatch(batches\aaaaah.batch) [including 1ms in LoadMessage; 1ms in InitializeSparseNdw; 11ms in InferThetaAndUpdateNwtSparse; 7ms in CalculateScore(^^^ItemsProcessedScore^^^); ]
I0205 19:32:04.440111  4792 processor.cc:802] Processor: start processing batch c24fc9f6-d8da-4c2e-b003-68d31fc1a3d6 into model nwt
I0205 19:32:04.440111  5544 processor.cc:898] Processor: complete processing batch 1ad84e68-5226-431d-a12b-c9cf06a28dc4 into model nwt
I0205 19:32:04.440111  5544 cuckoo_watch.h:45] 37ms in ProcessBatch(batches\aaaaag.batch) [including 2ms in LoadMessage; 2ms in InitializeSparseNdw; 18ms in InferThetaAndUpdateNwtSparse; 12ms in CalculateScore(^^^ItemsProcessedScore^^^); ]
I0205 19:32:04.440111  5544 processor.cc:802] Processor: start processing batch 022f6f8d-6b9c-4c6c-8512-d1b06161856a into model nwt
I0205 19:32:04.455734  4792 processor.cc:898] Processor: complete processing batch c24fc9f6-d8da-4c2e-b003-68d31fc1a3d6 into model nwt
I0205 19:32:04.455734  4792 cuckoo_watch.h:45] 19ms in ProcessBatch(batches\aaaaai.batch) [including 1ms in LoadMessage; 0ms in InitializeSparseNdw; 9ms in InferThetaAndUpdateNwtSparse; 5ms in CalculateScore(^^^ItemsProcessedScore^^^); ]
I0205 19:32:04.455734  4792 processor.cc:802] Processor: start processing batch afbe6d56-c959-4631-969f-0ab0ce8c546e into model nwt
I0205 19:32:04.471359  5544 processor.cc:898] Processor: complete processing batch 022f6f8d-6b9c-4c6c-8512-d1b06161856a into model nwt
I0205 19:32:04.471359  5544 cuckoo_watch.h:45] 37ms in ProcessBatch(batches\aaaaaj.batch) [including 2ms in LoadMessage; 2ms in InitializeSparseNdw; 18ms in InferThetaAndUpdateNwtSparse; 12ms in CalculateScore(^^^ItemsProcessedScore^^^); ]
I0205 19:32:04.486984  5544 processor.cc:802] Processor: start processing batch f0a8b42f-221d-4d7b-ae14-ac09b791229c into model nwt
I0205 19:32:04.518244  4792 processor.cc:898] Processor: complete processing batch afbe6d56-c959-4631-969f-0ab0ce8c546e into model nwt
I0205 19:32:04.518244  4792 cuckoo_watch.h:45] 72ms in ProcessBatch(batches\aaaaak.batch) [including 3ms in LoadMessage; 4ms in InitializeSparseNdw; 35ms in InferThetaAndUpdateNwtSparse; 26ms in CalculateScore(^^^ItemsProcessedScore^^^); ]
I0205 19:32:04.533859  4792 processor.cc:802] Processor: start processing batch 9af87286-ffde-4713-a485-505d7d52e900 into model nwt
I0205 19:32:04.549484  5544 processor.cc:898] Processor: complete processing batch f0a8b42f-221d-4d7b-ae14-ac09b791229c into model nwt
I0205 19:32:04.549484  5544 cuckoo_watch.h:45] 72ms in ProcessBatch(batches\aaaaal.batch) [including 3ms in LoadMessage; 4ms in InitializeSparseNdw; 37ms in InferThetaAndUpdateNwtSparse; 24ms in CalculateScore(^^^ItemsProcessedScore^^^); ]
I0205 19:32:04.549484  5544 processor.cc:802] Processor: start processing batch 12d54851-7905-46ad-9935-b192b4b8a25b into model nwt
I0205 19:32:04.596359  4792 processor.cc:898] Processor: complete processing batch 9af87286-ffde-4713-a485-505d7d52e900 into model nwt
I0205 19:32:04.596359  4792 cuckoo_watch.h:45] 72ms in ProcessBatch(batches\aaaaam.batch) [including 3ms in LoadMessage; 4ms in InitializeSparseNdw; 37ms in InferThetaAndUpdateNwtSparse; 24ms in CalculateScore(^^^ItemsProcessedScore^^^); ]
I0205 19:32:04.596359  4792 processor.cc:802] Processor: start processing batch 8ba78a03-b2fc-438c-a06c-ed351f1d2340 into model nwt
I0205 19:32:04.611984  5544 processor.cc:898] Processor: complete processing batch 12d54851-7905-46ad-9935-b192b4b8a25b into model nwt
I0205 19:32:04.611984  5544 cuckoo_watch.h:45] 60ms in ProcessBatch(batches\aaaaan.batch) [including 3ms in LoadMessage; 3ms in InitializeSparseNdw; 30ms in InferThetaAndUpdateNwtSparse; 21ms in CalculateScore(^^^ItemsProcessedScore^^^); ]
I0205 19:32:04.611984  5544 processor.cc:802] Processor: start processing batch 00b6b95d-f70e-4c7c-939d-e1e71173bcec into model nwt
I0205 19:32:04.643234  4792 processor.cc:898] Processor: complete processing batch 8ba78a03-b2fc-438c-a06c-ed351f1d2340 into model nwt
I0205 19:32:04.643234  4792 cuckoo_watch.h:45] 51ms in ProcessBatch(batches\aaaaao.batch) [including 2ms in LoadMessage; 3ms in InitializeSparseNdw; 25ms in InferThetaAndUpdateNwtSparse; 17ms in CalculateScore(^^^ItemsProcessedScore^^^); ]
I0205 19:32:04.643234  4792 processor.cc:802] Processor: start processing batch e19d6e21-d8b1-43db-9892-c7ed588d8f31 into model nwt
I0205 19:32:04.658861  5544 processor.cc:898] Processor: complete processing batch 00b6b95d-f70e-4c7c-939d-e1e71173bcec into model nwt
I0205 19:32:04.658861  5544 cuckoo_watch.h:45] 47ms in ProcessBatch(batches\aaaaap.batch) [including 2ms in LoadMessage; 2ms in InitializeSparseNdw; 23ms in InferThetaAndUpdateNwtSparse; 16ms in CalculateScore(^^^ItemsProcessedScore^^^); ]
I0205 19:32:04.658861  5544 processor.cc:802] Processor: start processing batch 3a7910a9-6557-415a-b131-2b10295b1de7 into model nwt
I0205 19:32:04.658861  5544 processor.cc:898] Processor: complete processing batch 3a7910a9-6557-415a-b131-2b10295b1de7 into model nwt
I0205 19:32:04.658861  5544 cuckoo_watch.h:45] 3ms in ProcessBatch(batches\aaaaar.batch) [including 0ms in LoadMessage; 0ms in InitializeSparseNdw; 1ms in InferThetaAndUpdateNwtSparse; 0ms in CalculateScore(^^^ItemsProcessedScore^^^); ]
I0205 19:32:04.658861  4792 processor.cc:898] Processor: complete processing batch e19d6e21-d8b1-43db-9892-c7ed588d8f31 into model nwt
I0205 19:32:04.658861  4792 cuckoo_watch.h:45] 12ms in ProcessBatch(batches\aaaaaq.batch) [including 0ms in LoadMessage; 0ms in InitializeSparseNdw; 6ms in InferThetaAndUpdateNwtSparse; 3ms in CalculateScore(^^^ItemsProcessedScore^^^); ]
I0205 19:32:04.674486  8288 master_component.cc:1378] RegularizeModelArgs: rwt_target_name=rwt, pwt_source_name=pwt, nwt_source_name=nwt
I0205 19:32:04.674486  8288 master_component.cc:922] MasterComponent: start regularizing model pwt
I0205 19:32:04.783861  8288 master_component.cc:948] MasterComponent: complete regularizing model pwt
I0205 19:32:04.783861  8288 master_component.cc:1391] NormalizeModelArgs: pwt_target_name=pwt, nwt_source_name=nwt, rwt_source_name=rwt
I0205 19:32:04.783861  8288 master_component.cc:952] MasterComponent: start normalizing model nwt
I0205 19:32:04.861986  8288 master_component.cc:980] MasterComponent: complete normalizing model nwt
I0205 19:32:04.955739  8288 master_component.cc:1415] DisposeModel rwt
I0205 19:32:04.955739  8288 master_component.cc:1005] FitOffline: ItemsProcessed, num_items=1728, num_batches=18, token_weight=808522, token_weight_in_effect=808522
I0205 19:32:04.986987  5544 processor.cc:717] No data in processing queue, waiting...
I0205 19:32:04.986987  4792 processor.cc:717] No data in processing queue, waiting...
I0205 19:32:05.002612  2964 c_interface.cc:559] Pass GetScoreValueArgs, score_name=^^^ItemsProcessedScore^^^ to MasterComponent::Request
I0205 19:32:05.002612  2964 c_interface.cc:230] ArtmCopyRequestedMessage is copying 46 bytes...
I0205 19:32:05.002612  8288 c_interface.cc:386] Pass FitOfflineMasterModelArgs, batch_filename_size=18, batch_weight_size=18, num_collection_passes=1 to void (__cdecl artm::core::MasterComponent::*)(class artm::FitOfflineMasterModelArgs const & __ptr64) __ptr64
I0205 19:32:05.002612  8288 master_component.cc:1340] ProcessBatchesArgs: nwt_target_name=nwt, batch_filename_size=18, batch_size=0, batch_weight_size=18, pwt_source_name=pwt, num_document_passes=1, regularizer=(name:smoothing, tau:100000), class=(text:1), class=(author:1), reuse_theta=yes, opt_for_avx=yes, predict_class_id=
I0205 19:32:05.049489  4792 processor.cc:724] Processing queue has data, processing started
I0205 19:32:05.049489  5544 processor.cc:724] Processing queue has data, processing started
I0205 19:32:05.049489  4792 processor.cc:802] Processor: start processing batch e2dc69e7-834d-4bba-a2d4-e316a0a79bc2 into model nwt
I0205 19:32:05.049489  5544 processor.cc:802] Processor: start processing batch 748f5505-2a1b-40b4-a3f6-91065f9d141e into model nwt
I0205 19:32:05.049489  4792 processor.cc:898] Processor: complete processing batch e2dc69e7-834d-4bba-a2d4-e316a0a79bc2 into model nwt
I0205 19:32:05.049489  4792 cuckoo_watch.h:45] 10ms in ProcessBatch(batches\aaaaaa.batch) [including 0ms in LoadMessage; 0ms in InitializeSparseNdw; 4ms in InferThetaAndUpdateNwtSparse; 2ms in CalculateScore(^^^ItemsProcessedScore^^^); ]
I0205 19:32:05.049489  4792 processor.cc:802] Processor: start processing batch d2d6d9aa-d22d-40bf-abf4-3cf22a876fea into model nwt
I0205 19:32:05.065110  5544 processor.cc:898] Processor: complete processing batch 748f5505-2a1b-40b4-a3f6-91065f9d141e into model nwt
I0205 19:32:05.065110  5544 cuckoo_watch.h:45] 17ms in ProcessBatch(batches\aaaaab.batch) [including 1ms in LoadMessage; 0ms in InitializeSparseNdw; 8ms in InferThetaAndUpdateNwtSparse; 5ms in CalculateScore(^^^ItemsProcessedScore^^^); ]
I0205 19:32:05.065110  5544 processor.cc:802] Processor: start processing batch 86635375-db1e-4058-bb44-851848345408 into model nwt
